2026-08-21 11:00:25 | ERROR    | Error 10148, reqId 334: OrderId 334 that needs to be cancelled cannot be cancelled, state: Cancelled.
2026-08-21 11:01:05 | ERROR    | Error 10147, reqId 334: OrderId 334 that needs to be cancelled is not found.
2026-08-21 12:50:30 | ERROR    | Error 10148, reqId 338: OrderId 338 that needs to be cancelled cannot be cancelled, state: Cancelled.
2026-08-21 12:51:06 | ERROR    | Error 10147, reqId 338: OrderId 338 that needs to be cancelled is not found.
2026-08-21 14:00:22 | ERROR    | Error 10148, reqId 341: OrderId 341 that needs to be cancelled cannot be cancelled, state: PendingCancel.
2026-08-21 14:00:22 | WARNING  | Canceled order: Trade(contract=Contract(secType='FUT', conId=649180671, symbol='ES', lastTradeDateOrContractMonth='20260918', multiplier='50', exchange='CME', currency='USD', localSymbol='ESU6', tradingClass='ES'), order=Order(orderId=341, clientId=11, permId=1334293430, action='SELL', totalQuantity=1.0, orderType='LMT', lmtPrice=7707.5, auxPrice=0.0, tif='DAY', ocaGroup='exit_339_1787332566', ocaType=1), orderStatus=OrderStatus(orderId=341, status='Cancelled', filled=0.0, remaining=1.0, avgFillPrice=0.0, permId=1334293430, parentId=0, lastFillPrice=0.0, clientId=11, whyHeld='', mktCapPrice=0.0), fills=[], log=[TradeLogEntry(time=datetime.datetime(2026, 8, 21, 17, 16, 6, 475406, tzinfo=datetime.timezone.utc), status='PendingSubmit', message='', errorCode=0), TradeLogEntry(time=datetime.datetime(2026, 8, 21, 17, 16, 6, 538684, tzinfo=datetime.timezone.utc), status='PreSubmitted', message='', errorCode=0), TradeLogEntry(time=datetime.datetime(2026, 8, 21, 17, 16, 7, 535640, tzinfo=datetime.timezone.utc), status='Submitted', message='', errorCode=0), TradeLogEntry(time=datetime.datetime(2026, 8, 21, 18, 0, 22, 736300, tzinfo=datetime.timezone.utc), status='PreSubmitted', message='', errorCode=0), TradeLogEntry(time=datetime.datetime(2026, 8, 21, 18, 0, 22, 747583, tzinfo=datetime.timezone.utc), status='PendingCancel', message='', errorCode=0), TradeLogEntry(time=datetime.datetime(2026, 8, 21, 18, 0, 22, 753812, tzinfo=datetime.timezone.utc), status='PendingCancel', message='', errorCode=0), TradeLogEntry(time=datetime.datetime(2026, 8, 21, 18, 0, 22, 765202, tzinfo=datetime.timezone.utc), status='Cancelled', message='Error 10148, reqId 341: OrderId 341 that needs to be cancelled cannot be cancelled, state: PendingCancel.', errorCode=10148)], advancedError='')
2026-08-21 14:01:06 | ERROR    | Error 10147, reqId 341: OrderId 341 that needs to be cancelled is not found.
2026-08-21 14:59:53 | ERROR    | Error 10148, reqId 344: OrderId 344 that needs to be cancelled cannot be cancelled, state: Cancelled.
2026-08-21 15:00:05 | ERROR    | Error 10147, reqId 344: OrderId 344 that needs to be cancelled is not found.
Regime: trending_bearish
  🗺️  Grid: 0.100% | 🔺 7684.75 🔻 7681.75
  📡 RSI: 43.8 | MACD: -2.50 | ATR: 4.20
  📊 Filled: 0 | Pending: 0
  💰 Daily P&L: $+0.00

[2026-08-21 08:38] O:7686.50 H:7687.00 L:7683.75 C:7685.25 V:3891.0
  📈 Trend: strong_bearish | 🌍 Regime: trending_bearish
  🗺️  Grid: 0.100% | 🔺 7687.00 🔻 7682.50
  📡 RSI: 49.1 | MACD: -2.44 | ATR: 4.07
  📊 Filled: 0 | Pending: 0
  💰 Daily P&L: $+0.00

[2026-08-21 08:39] O:7685.25 H:7686.50 L:7681.25 C:7686.25 V:5083.0
  📈 Trend: strong_bearish | 🌍 Regime: trending_bearish
  🗺️  Grid: 0.100% | 🔺 7687.00 🔻 7683.75
  📡 RSI: 49.1 | MACD: -2.29 | ATR: 4.32
  📊 Filled: 0 | Pending: 0
  💰 Daily P&L: $+0.00

[2026-08-21 08:40] O:7686.25 H:7687.75 L:7685.25 C:7685.75 V:4642.0
  📈 Trend: strong_bearish | 🌍 Regime: trending_bearish
  🗺️  Grid: 0.100% | 🔺 7686.50 🔻 7681.25
  📡 RSI: 35.2 | MACD: -2.18 | ATR: 4.04
  📊 Filled: 0 | Pending: 0
  💰 Daily P&L: $+0.00

[2026-08-21 08:41] O:7685.75 H:7688.25 L:7685.25 C:7686.00 V:3944.0
  📈 Trend: strong_bearish | 🌍 Regime: trending_bearish
  🗺️  Grid: 0.100% | 🔺 7687.75 🔻 7685.25
  📡 RSI: 29.6 | MACD: -2.05 | ATR: 4.02
  📊 Filled: 0 | Pending: 0
  💰 Daily P&L: $+0.00

[2026-08-21 08:42] O:7685.75 H:7688.00 L:7685.25 C:7685.25 V:2800.0
  📈 Trend: strong_bearish | 🌍 Regime: trending_bearish
  🗺️  Grid: 0.100% | 🔺 7688.25 🔻 7685.25
  📡 RSI: 23.1 | MACD: -1.99 | ATR: 3.89
  📊 Filled: 0 | Pending: 0
  💰 Daily P&L: $+0.00

[2026-08-21 08:43] O:7685.25 H:7685.50 L:7683.00 C:7683.50 V:2782.0
  📈 Trend: strong_bearish | 🌍 Regime: trending_bearish
  🗺️  Grid: 0.100% | 🔺 7688.00 🔻 7685.25
  📡 RSI: 30.5 | MACD: -2.06 | ATR: 3.52
  📊 Filled: 0 | Pending: 0
  💰 Daily P&L: $+0.00

[2026-08-21 08:44] O:7683.50 H:7687.50 L:7682.75 C:7686.50 V:2547.0
  📈 Trend: strong_bearish | 🌍 Regime: trending_bearish
  🗺️  Grid: 0.100% | 🔺 7685.50 🔻 7683.00
  📡 RSI: 43.5 | MACD: -1.85 | ATR: 3.62
  📊 Filled: 0 | Pending: 0
  💰 Daily P&L: $+0.00

[2026-08-21 08:45] O:7686.50 H:7689.50 L:7685.25 C:7686.50 V:4038.0
  📈 Trend: strong_bearish | 🌍 Regime: trending_bearish
  🗺️  Grid: 0.100% | 🔺 7687.50 🔻 7682.75
  📡 RSI: 47.6 | MACD: -1.66 | ATR: 3.54
  📊 Filled: 0 | Pending: 0
  💰 Daily P&L: $+0.00

[2026-08-21 08:46] O:7686.50 H:7688.50 L:7685.25 C:7687.25 V:3452.0
  📈 Trend: strong_bearish | 🌍 Regime: trending_bearish
  🗺️  Grid: 0.100% | 🔺 7689.50 🔻 7685.25
  📡 RSI: 54.1 | MACD: -1.44 | ATR: 3.46
  📊 Filled: 0 | Pending: 0
  💰 Daily P&L: $+0.00

[2026-08-21 08:47] O:7687.25 H:7688.00 L:7683.25 C:7685.25 V:3466.0
  📈 Trend: strong_bearish | 🌍 Regime: trending_bearish
  🗺️  Grid: 0.100% | 🔺 7688.50 🔻 7685.25
  📡 RSI: 50.0 | MACD: -1.40 | ATR: 3.59
  📊 Filled: 0 | Pending: 0
  💰 Daily P&L: $+0.00

[2026-08-21 08:48] O:7685.25 H:7686.75 L:7682.50 C:7682.75 V:3105.0
  📈 Trend: strong_bearish | 🌍 Regime: trending_bearish
  🗺️  Grid: 0.100% | 🔺 7688.00 🔻 7683.25
  📡 RSI: 47.8 | MACD: -1.56 | ATR: 3.62
  📊 Filled: 0 | Pending: 0
  💰 Daily P&L: $+0.00

[2026-08-21 08:49] O:7682.75 H:7685.25 L:7682.00 C:7685.00 V:4712.0
  📈 Trend: strong_bearish | 🌍 Regime: trending_bearish
  🗺️  Grid: 0.100% | 🔺 7686.75 🔻 7682.50
  📡 RSI: 54.5 | MACD: -1.49 | ATR: 3.66
  📊 Filled: 0 | Pending: 0
  💰 Daily P&L: $+0.00

[2026-08-21 08:50] O:7685.00 H:7687.75 L:7684.25 C:7685.50 V:3019.0
  📈 Trend: strong_bearish | 🌍 Regime: trending_bearish
  🗺️  Grid: 0.100% | 🔺 7685.25 🔻 7682.00
  📡 RSI: 52.7 | MACD: -1.37 | ATR: 3.70
  📊 Filled: 0 | Pending: 0
  💰 Daily P&L: $+0.00

[2026-08-21 08:51] O:7685.50 H:7686.75 L:7682.25 C:7683.25 V:2658.0
  📈 Trend: strong_bearish | 🌍 Regime: trending_bearish
  🗺️  Grid: 0.100% | 🔺 7687.75 🔻 7684.25
  📡 RSI: 41.3 | MACD: -1.45 | ATR: 3.70
  📊 Filled: 0 | Pending: 0
  💰 Daily P&L: $+0.00

[2026-08-21 08:52] O:7683.25 H:7683.25 L:7680.25 C:7680.50 V:3372.0
  📈 Trend: strong_bearish | 🌍 Regime: trending_bearish
  🗺️  Grid: 0.100% | 🔺 7686.75 🔻 7682.25
  📡 RSI: 38.3 | MACD: -1.71 | ATR: 3.68
  📊 Filled: 0 | Pending: 0
  💰 Daily P&L: $+0.00

[2026-08-21 08:53] O:7680.50 H:7682.50 L:7679.25 C:7679.50 V:3380.0
  📈 Trend: strong_bearish | 🌍 Regime: trending_bearish
  🗺️  Grid: 0.100% | 🔺 7683.25 🔻 7680.25
  📡 RSI: 33.3 | MACD: -1.97 | ATR: 3.54
  📊 Filled: 0 | Pending: 0
  💰 Daily P&L: $+0.00

[2026-08-21 08:54] O:7679.50 H:7680.00 L:7676.75 C:7679.50 V:5073.0
  📈 Trend: strong_bearish | 🌍 Regime: trending_bearish
  🗺️  Grid: 0.100% | 🔺 7682.50 🔻 7679.25
  📡 RSI: 34.2 | MACD: -2.16 | ATR: 3.59
  📊 Filled: 0 | Pending: 0
  💰 Daily P&L: $+0.00

[2026-08-21 08:55] O:7679.50 H:7681.75 L:7679.00 C:7679.50 V:5182.0
  📈 Trend: strong_bearish | 🌍 Regime: trending_bearish
  🗺️  Grid: 0.100% | 🔺 7680.00 🔻 7676.75
  📡 RSI: 33.3 | MACD: -2.28 | ATR: 3.57
  📊 Filled: 0 | Pending: 0
  💰 Daily P&L: $+0.00

[2026-08-21 08:56] O:7679.25 H:7683.75 L:7679.00 C:7682.25 V:3212.0
  📈 Trend: strong_bearish | 🌍 Regime: trending_bearish
  🗺️  Grid: 0.100% | 🔺 7681.75 🔻 7679.00
  📡 RSI: 43.0 | MACD: -2.13 | ATR: 3.71
  📊 Filled: 0 | Pending: 0
  💰 Daily P&L: $+0.00

[2026-08-21 08:57] O:7682.50 H:7682.75 L:7679.75 C:7681.00 V:2242.0
  📈 Trend: strong_bearish | 🌍 Regime: trending_bearish
  🗺️  Grid: 0.100% | 🔺 7683.75 🔻 7679.00
  📡 RSI: 44.0 | MACD: -2.08 | ATR: 3.75
  📊 Filled: 0 | Pending: 0
  💰 Daily P&L: $+0.00

[2026-08-21 08:58] O:7680.75 H:7681.25 L:7678.00 C:7680.00 V:2604.0
  📈 Trend: strong_bearish | 🌍 Regime: trending_bearish
  🗺️  Grid: 0.100% | 🔺 7682.75 🔻 7679.75
  📡 RSI: 32.9 | MACD: -2.11 | ATR: 3.64
  📊 Filled: 0 | Pending: 0
  💰 Daily P&L: $+0.00

[2026-08-21 08:59] O:7680.00 H:7683.25 L:7679.50 C:7680.50 V:3069.0
  📈 Trend: strong_bearish | 🌍 Regime: trending_bearish
  🗺️  Grid: 0.100% | 🔺 7681.25 🔻 7678.00
  📡 RSI: 34.6 | MACD: -2.06 | ATR: 3.61
  📊 Filled: 0 | Pending: 0
  💰 Daily P&L: $+0.00

[2026-08-21 09:00] O:7680.50 H:7684.75 L:7680.50 C:7683.75 V:4551.0
  📈 Trend: strong_bearish | 🌍 Regime: trending_bearish
  🗺️  Grid: 0.100% | 🔺 7683.25 🔻 7679.50
  📡 RSI: 42.0 | MACD: -1.74 | ATR: 3.68
  📊 Filled: 0 | Pending: 0
  💰 Daily P&L: $+0.00

[2026-08-21 09:01] O:7683.50 H:7684.75 L:7682.50 C:7683.75 V:3214.0
  📈 Trend: strong_bearish | 🌍 Regime: trending_bearish
  🗺️  Grid: 0.100% | 🔺 7684.75 🔻 7680.50
  📡 RSI: 46.2 | MACD: -1.47 | ATR: 3.50
  📊 Filled: 0 | Pending: 0
  💰 Daily P&L: $+0.00

[2026-08-21 09:02] O:7683.75 H:7684.00 L:7680.75 C:7681.50 V:2884.0
  📈 Trend: strong_bearish | 🌍 Regime: trending_bearish
  🗺️  Grid: 0.100% | 🔺 7684.75 🔻 7682.50
  📡 RSI: 46.8 | MACD: -1.42 | ATR: 3.43
  📊 Filled: 0 | Pending: 0
  💰 Daily P&L: $+0.00

[2026-08-21 09:03] O:7681.25 H:7684.25 L:7680.75 C:7682.50 V:2820.0
  📈 Trend: strong_bearish | 🌍 Regime: trending_bearish
  🗺️  Grid: 0.100% | 🔺 7684.00 🔻 7680.75
  📡 RSI: 43.2 | MACD: -1.29 | ATR: 3.45
  📊 Filled: 0 | Pending: 0
  💰 Daily P&L: $+0.00

[2026-08-21 09:04] O:7682.50 H:7685.00 L:7682.25 C:7684.75 V:3157.0
  📈 Trend: strong_bearish | 🌍 Regime: trending_bearish
  🗺️  Grid: 0.100% | 🔺 7684.25 🔻 7680.75
  📡 RSI: 48.1 | MACD: -0.99 | ATR: 3.39
  📊 Filled: 0 | Pending: 0
  💰 Daily P&L: $+0.00

[2026-08-21 09:05] O:7684.50 H:7688.50 L:7684.50 C:7688.25 V:4654.0
  📈 Trend: strong_bearish (raw: moderate_bearish) | 🌍 Regime: trending_bearish
  🗺️  Grid: 0.100% | 🔺 7685.00 🔻 7682.25
  📡 RSI: 61.6 | MACD: -0.46 | ATR: 3.36
  📊 Filled: 0 | Pending: 0
  💰 Daily P&L: $+0.00

[2026-08-21 09:06] O:7688.25 H:7690.75 L:7687.25 C:7688.75 V:4868.0
  📈 Trend: strong_bearish (raw: moderate_bearish) | 🌍 Regime: trending_bearish
  🗺️  Grid: 0.100% | 🔺 7688.50 🔻 7684.50
  📡 RSI: 71.4 | MACD: -0.01 | ATR: 3.39
  📊 Filled: 0 | Pending: 0
  💰 Daily P&L: $+0.00

[2026-08-21 09:07] O:7689.00 H:7689.50 L:7687.00 C:7687.50 V:3350.0
  📈 Trend: strong_bearish (raw: moderate_bullish) | 🌍 Regime: trending_bullish
  🗺️  Grid: 0.100% | 🔺 7690.75 🔻 7687.25
  📡 RSI: 70.5 | MACD: 0.25 | ATR: 3.34
  📊 Filled: 0 | Pending: 0
  🔴 Pullback SHORT | RSI 71.4→70.5 turning down in strong_bearish
  📤 Limit SELL 1 @ 7686.00 submitted (ID: 332)
  ⬇️ SHORT ORDER @ 7686.00 | Size: 1.00 | SL: 7695.00 | TP: 7672.50 [1cts]
     Reason: Grid Short (strong_bearish, RSI: 70.5)
  🔬 SHADOW [short trending]: 🟥 ROBUST WOULD BLOCK (1 filter)
       MACD=BLOCK (+0.25 vs -0.01, Δ+0.26) | 5m=PASS (1m=strong_bearish, 5m=sideways)
     ⏳ Order 332 PENDING - awaiting fill confirmation
  💰 Daily P&L: $+0.00
  📋 Order 332 status: PreSubmitted
  ✅ Fill: SLD 1.0 @ 7687.0
  📋 Order 332 status: Filled
  📤 Stop-Market BUY 1 @ 7695.00 submitted (ID: 333) [OCA:exit_332_1787321346]
  📋 Order 333 status: PreSubmitted
  📤 Limit BUY 1 @ 7676.25 submitted (ID: 334) [OCA:exit_332_1787321346]
  ✅ FILL CONFIRMED: SHORT @ 7687.00 (order 332)
     📊 Bracket placed: SL #333 @ 7695.00 | TP #334 @ 7676.25
     Trail activates @ +7.5 pts

[2026-08-21 09:08] O:7687.75 H:7689.50 L:7686.75 C:7689.25 V:2684.0
  📈 Trend: strong_bearish (raw: moderate_bullish) | 🌍 Regime: ranging
  🗺️  Grid: 0.100% | 🔺 7689.50 🔻 7687.00
  📡 RSI: 72.9 | MACD: 0.59 | ATR: 3.30
  📊 Filled: 1 | Pending: 0
  📍 SHORT @ 7687.00 | SL: 7695.00 | TP: 7676.25 | P&L: $-112.50
  💰 Daily P&L: $+0.00
  📋 Order 334 status: PreSubmitted
  📋 Order 334 status: Submitted

[2026-08-21 09:09] O:7689.00 H:7689.75 L:7686.75 C:7687.75 V:1782.0
  📈 Trend: moderate_bullish | 🌍 Regime: ranging
  🗺️  Grid: 0.100% | 🔺 7689.50 🔻 7686.75
  📡 RSI: 68.1 | MACD: 0.73 | ATR: 3.32
  📊 Filled: 1 | Pending: 0
  📍 SHORT @ 7687.00 | SL: 7695.00 | TP: 7676.25 | P&L: $-37.50
  💰 Daily P&L: $+0.00

[2026-08-21 09:10] O:7687.75 H:7690.00 L:7686.25 C:7689.25 V:2781.0
  📈 Trend: moderate_bullish | 🌍 Regime: ranging
  🗺️  Grid: 0.100% | 🔺 7689.75 🔻 7686.75
  📡 RSI: 66.3 | MACD: 0.95 | ATR: 3.25
  📊 Filled: 1 | Pending: 0
  📍 SHORT @ 7687.00 | SL: 7695.00 | TP: 7676.25 | P&L: $-112.50
  💰 Daily P&L: $+0.00

[2026-08-21 09:11] O:7689.00 H:7689.00 L:7686.75 C:7688.00 V:1974.0
  📈 Trend: moderate_bullish | 🌍 Regime: ranging
  🗺️  Grid: 0.100% | 🔺 7690.00 🔻 7686.25
  📡 RSI: 66.3 | MACD: 1.01 | ATR: 3.21
  📊 Filled: 1 | Pending: 0
  📍 SHORT @ 7687.00 | SL: 7695.00 | TP: 7676.25 | P&L: $-50.00
  💰 Daily P&L: $+0.00

[2026-08-21 09:12] O:7688.00 H:7688.25 L:7684.50 C:7685.25 V:2675.0
  📈 Trend: moderate_bullish | 🌍 Regime: ranging
  🗺️  Grid: 0.100% | 🔺 7689.00 🔻 7686.75
  📡 RSI: 61.3 | MACD: 0.83 | ATR: 3.25
  📊 Filled: 1 | Pending: 0
  📍 SHORT @ 7687.00 | SL: 7695.00 | TP: 7676.25 | P&L: $+87.50
  💰 Daily P&L: $+0.00

[2026-08-21 09:13] O:7685.25 H:7686.00 L:7682.50 C:7684.00 V:3260.0
  📈 Trend: moderate_bullish | 🌍 Regime: ranging
  🗺️  Grid: 0.100% | 🔺 7688.25 🔻 7684.50
  📡 RSI: 57.3 | MACD: 0.58 | ATR: 3.23
  📊 Filled: 1 | Pending: 0
  📍 SHORT @ 7687.00 | SL: 7695.00 | TP: 7676.25 | P&L: $+150.00
  💰 Daily P&L: $+0.00

[2026-08-21 09:14] O:7684.00 H:7684.50 L:7681.00 C:7682.25 V:3787.0
  📈 Trend: moderate_bullish (raw: moderate_bearish) | 🌍 Regime: ranging
  🗺️  Grid: 0.100% | 🔺 7686.00 🔻 7682.50
  📡 RSI: 46.7 | MACD: 0.23 | ATR: 3.18
  📊 Filled: 1 | Pending: 0
  📍 SHORT @ 7687.00 | SL: 7695.00 | TP: 7676.25 | P&L: $+237.50
  💰 Daily P&L: $+0.00

[2026-08-21 09:15] O:7682.50 H:7685.00 L:7682.25 C:7684.50 V:3512.0
  📈 Trend: moderate_bullish (raw: moderate_bearish) | 🌍 Regime: ranging
  🗺️  Grid: 0.100% | 🔺 7684.50 🔻 7681.00
  📡 RSI: 51.5 | MACD: 0.14 | ATR: 3.21
  📊 Filled: 1 | Pending: 0
  📍 SHORT @ 7687.00 | SL: 7695.00 | TP: 7676.25 | P&L: $+125.00
  💰 Daily P&L: $+0.00

[2026-08-21 09:16] O:7684.75 H:7685.75 L:7681.75 C:7685.50 V:2726.0
  📈 Trend: moderate_bearish | 🌍 Regime: ranging
  🗺️  Grid: 0.100% | 🔺 7685.00 🔻 7682.25
  📡 RSI: 58.5 | MACD: 0.15 | ATR: 3.27
  📊 Filled: 1 | Pending: 0
  📍 SHORT @ 7687.00 | SL: 7695.00 | TP: 7676.25 | P&L: $+75.00
  💰 Daily P&L: $+0.00

[2026-08-21 09:17] O:7685.50 H:7686.00 L:7682.00 C:7683.50 V:2176.0
  📈 Trend: moderate_bearish (raw: moderate_bullish) | 🌍 Regime: ranging
  🗺️  Grid: 0.100% | 🔺 7685.75 🔻 7681.75
  📡 RSI: 52.0 | MACD: -0.01 | ATR: 3.30
  📊 Filled: 1 | Pending: 0
  📍 SHORT @ 7687.00 | SL: 7695.00 | TP: 7676.25 | P&L: $+175.00
  💰 Daily P&L: $+0.00

[2026-08-21 09:18] O:7683.50 H:7684.25 L:7682.50 C:7682.75 V:2040.0
  📈 Trend: moderate_bearish (raw: moderate_bullish) | 🌍 Regime: ranging
  🗺️  Grid: 0.100% | 🔺 7686.00 🔻 7682.00
  📡 RSI: 45.7 | MACD: -0.19 | ATR: 3.23
  📊 Filled: 1 | Pending: 0
  📍 SHORT @ 7687.00 | SL: 7695.00 | TP: 7676.25 | P&L: $+212.50
  💰 Daily P&L: $+0.00

[2026-08-21 09:19] O:7682.75 H:7683.50 L:7681.00 C:7681.75 V:2025.0
  📈 Trend: moderate_bearish (raw: strong_bearish) | 🌍 Regime: ranging
  🗺️  Grid: 0.100% | 🔺 7684.25 🔻 7682.50
  📡 RSI: 34.1 | MACD: -0.41 | ATR: 3.12
  📊 Filled: 1 | Pending: 0
  📍 SHORT @ 7687.00 | SL: 7695.00 | TP: 7676.25 | P&L: $+262.50
  💰 Daily P&L: $+0.00

[2026-08-21 09:20] O:7681.50 H:7682.75 L:7680.75 C:7682.25 V:2498.0
  📈 Trend: moderate_bearish (raw: strong_bearish) | 🌍 Regime: ranging
  🗺️  Grid: 0.100% | 🔺 7683.50 🔻 7681.00
  📡 RSI: 34.1 | MACD: -0.54 | ATR: 3.02
  📊 Filled: 1 | Pending: 0
  📍 SHORT @ 7687.00 | SL: 7695.00 | TP: 7676.25 | P&L: $+237.50
  💰 Daily P&L: $+0.00

[2026-08-21 09:21] O:7682.25 H:7682.50 L:7680.00 C:7682.00 V:2684.0
  📈 Trend: moderate_bearish (raw: moderate_bullish) | 🌍 Regime: ranging
  🗺️  Grid: 0.100% | 🔺 7682.75 🔻 7680.75
  📡 RSI: 35.9 | MACD: -0.66 | ATR: 3.02
  📊 Filled: 1 | Pending: 0
  📍 SHORT @ 7687.00 | SL: 7695.00 | TP: 7676.25 | P&L: $+250.00
  💰 Daily P&L: $+0.00

[2026-08-21 09:22] O:7682.00 H:7687.25 L:7681.75 C:7686.50 V:3028.0
  📈 Trend: moderate_bearish (raw: moderate_bullish) | 🌍 Regime: ranging
  🗺️  Grid: 0.100% | 🔺 7682.50 🔻 7680.00
  📡 RSI: 43.8 | MACD: -0.38 | ATR: 3.21
  📊 Filled: 1 | Pending: 0
  📍 SHORT @ 7687.00 | SL: 7695.00 | TP: 7676.25 | P&L: $+25.00
  💰 Daily P&L: $+0.00

[2026-08-21 09:23] O:7686.50 H:7686.50 L:7683.50 C:7686.00 V:2612.0
  📈 Trend: moderate_bullish | 🌍 Regime: ranging
  🗺️  Grid: 0.100% | 🔺 7687.25 🔻 7681.75
  📡 RSI: 45.9 | MACD: -0.20 | ATR: 3.21
  📊 Filled: 1 | Pending: 0
  📍 SHORT @ 7687.00 | SL: 7695.00 | TP: 7676.25 | P&L: $+50.00
  💰 Daily P&L: $+0.00

[2026-08-21 09:24] O:7685.75 H:7687.50 L:7682.25 C:7683.00 V:3170.0
  📈 Trend: moderate_bullish (raw: strong_bearish) | 🌍 Regime: ranging
  🗺️  Grid: 0.100% | 🔺 7686.50 🔻 7683.50
  📡 RSI: 36.3 | MACD: -0.29 | ATR: 3.32
  📊 Filled: 1 | Pending: 0
  📍 SHORT @ 7687.00 | SL: 7695.00 | TP: 7676.25 | P&L: $+200.00
  💰 Daily P&L: $+0.00

[2026-08-21 09:25] O:7683.00 H:7685.75 L:7682.50 C:7685.25 V:2672.0
  📈 Trend: moderate_bullish (raw: moderate_bearish) | 🌍 Regime: ranging
  🗺️  Grid: 0.100% | 🔺 7687.50 🔻 7682.25
  📡 RSI: 44.2 | MACD: -0.18 | ATR: 3.38
  📊 Filled: 1 | Pending: 0
  📍 SHORT @ 7687.00 | SL: 7695.00 | TP: 7676.25 | P&L: $+87.50
  💰 Daily P&L: $+0.00

[2026-08-21 09:26] O:7685.00 H:7685.75 L:7684.00 C:7684.75 V:2754.0
  📈 Trend: moderate_bullish (raw: moderate_bearish) | 🌍 Regime: ranging
  🗺️  Grid: 0.100% | 🔺 7685.75 🔻 7682.50
  📡 RSI: 48.8 | MACD: -0.14 | ATR: 3.23
  📊 Filled: 1 | Pending: 0
  📍 SHORT @ 7687.00 | SL: 7695.00 | TP: 7676.25 | P&L: $+112.50
  💰 Daily P&L: $+0.00

[2026-08-21 09:27] O:7684.75 H:7686.25 L:7684.00 C:7684.75 V:3241.0
  📈 Trend: moderate_bearish | 🌍 Regime: ranging
  🗺️  Grid: 0.100% | 🔺 7685.75 🔻 7684.00
  📡 RSI: 51.9 | MACD: -0.10 | ATR: 3.14
  📊 Filled: 1 | Pending: 0
  📍 SHORT @ 7687.00 | SL: 7695.00 | TP: 7676.25 | P&L: $+112.50
  💰 Daily P&L: $+0.00

[2026-08-21 09:28] O:7684.50 H:7686.50 L:7684.00 C:7685.25 V:2644.0
  📈 Trend: moderate_bearish | 🌍 Regime: ranging
  🗺️  Grid: 0.100% | 🔺 7686.25 🔻 7684.00
  📡 RSI: 57.9 | MACD: -0.03 | ATR: 3.07
  📊 Filled: 1 | Pending: 0
  📍 SHORT @ 7687.00 | SL: 7695.00 | TP: 7676.25 | P&L: $+87.50
  💰 Daily P&L: $+0.00

[2026-08-21 09:29] O:7685.50 H:7685.50 L:7681.25 C:7681.75 V:2661.0
  📈 Trend: moderate_bearish (raw: strong_bearish) | 🌍 Regime: ranging
  🗺️  Grid: 0.100% | 🔺 7686.50 🔻 7684.00
  📡 RSI: 43.2 | MACD: -0.25 | ATR: 3.18
  📊 Filled: 1 | Pending: 0
  📍 SHORT @ 7687.00 | SL: 7695.00 | TP: 7676.25 | P&L: $+262.50
  💰 Daily P&L: $+0.00

[2026-08-21 09:30] O:7681.75 H:7684.00 L:7681.50 C:7683.00 V:2583.0
  📈 Trend: moderate_bearish (raw: strong_bearish) | 🌍 Regime: ranging
  🗺️  Grid: 0.100% | 🔺 7685.50 🔻 7681.25
  📡 RSI: 43.9 | MACD: -0.32 | ATR: 3.07
  📊 Filled: 1 | Pending: 0
  📍 SHORT @ 7687.00 | SL: 7695.00 | TP: 7676.25 | P&L: $+200.00
  💰 Daily P&L: $+0.00

[2026-08-21 09:31] O:7682.75 H:7684.00 L:7682.25 C:7683.75 V:3584.0
  📈 Trend: strong_bearish | 🌍 Regime: ranging
  🗺️  Grid: 0.100% | 🔺 7684.00 🔻 7681.50
  📡 RSI: 50.6 | MACD: -0.32 | ATR: 2.91
  📊 Filled: 1 | Pending: 0
  📍 SHORT @ 7687.00 | SL: 7695.00 | TP: 7676.25 | P&L: $+162.50
  💰 Daily P&L: $+0.00

[2026-08-21 09:32] O:7683.75 H:7683.75 L:7681.00 C:7682.75 V:2681.0
  📈 Trend: strong_bearish | 🌍 Regime: ranging
  🗺️  Grid: 0.100% | 🔺 7684.00 🔻 7682.25
  📡 RSI: 50.0 | MACD: -0.39 | ATR: 2.98
  📊 Filled: 1 | Pending: 0
  📍 SHORT @ 7687.00 | SL: 7695.00 | TP: 7676.25 | P&L: $+212.50
  💰 Daily P&L: $+0.00

[2026-08-21 09:33] O:7682.50 H:7683.50 L:7681.25 C:7681.25 V:1863.0
  📈 Trend: strong_bearish | 🌍 Regime: ranging
  🗺️  Grid: 0.100% | 🔺 7683.75 🔻 7681.00
  📡 RSI: 48.8 | MACD: -0.56 | ATR: 2.96
  📊 Filled: 1 | Pending: 0
  📍 SHORT @ 7687.00 | SL: 7695.00 | TP: 7676.25 | P&L: $+287.50
  💰 Daily P&L: $+0.00

[2026-08-21 09:34] O:7681.25 H:7683.00 L:7680.00 C:7680.25 V:2833.0
  📈 Trend: strong_bearish | 🌍 Regime: ranging
  🗺️  Grid: 0.100% | 🔺 7683.50 🔻 7681.25
  📡 RSI: 45.1 | MACD: -0.76 | ATR: 3.04
  📊 Filled: 1 | Pending: 0
  📍 SHORT @ 7687.00 | SL: 7695.00 | TP: 7676.25 | P&L: $+337.50
  💰 Daily P&L: $+0.00

[2026-08-21 09:35] O:7680.25 H:7680.50 L:7678.50 C:7678.75 V:3190.0
  📈 Trend: strong_bearish | 🌍 Regime: ranging
  🗺️  Grid: 0.100% | 🔺 7683.00 🔻 7680.00
  📡 RSI: 42.5 | MACD: -1.04 | ATR: 3.00
  📊 Filled: 1 | Pending: 0
  📍 SHORT @ 7687.00 | SL: 7695.00 | TP: 7676.25 | P&L: $+412.50
  💰 Daily P&L: $+0.00

[2026-08-21 09:36] O:7678.75 H:7680.25 L:7677.75 C:7678.00 V:3592.0
  📈 Trend: strong_bearish | 🌍 Regime: ranging
  🗺️  Grid: 0.100% | 🔺 7680.50 🔻 7678.50
  📡 RSI: 26.4 | MACD: -1.30 | ATR: 2.79
  📊 Filled: 1 | Pending: 0
  📍 SHORT @ 7687.00 | SL: 7695.00 | TP: 7676.25 | P&L: $+450.00
  💰 Daily P&L: $+0.00

[2026-08-21 09:37] O:7678.00 H:7679.50 L:7677.50 C:7678.00 V:2422.0
  📈 Trend: strong_bearish | 🌍 Regime: ranging
  🗺️  Grid: 0.100% | 🔺 7680.25 🔻 7677.75
  📡 RSI: 27.1 | MACD: -1.49 | ATR: 2.71
  📊 Filled: 1 | Pending: 0
  📍 SHORT @ 7687.00 | SL: 7695.00 | TP: 7676.25 | P&L: $+450.00
  💰 Daily P&L: $+0.00

[2026-08-21 09:38] O:7678.00 H:7680.75 L:7678.00 C:7680.75 V:2338.0
  📈 Trend: strong_bearish | 🌍 Regime: ranging
  🗺️  Grid: 0.100% | 🔺 7679.50 🔻 7677.50
  📡 RSI: 43.5 | MACD: -1.40 | ATR: 2.54
  📊 Filled: 1 | Pending: 0
  📍 SHORT @ 7687.00 | SL: 7695.00 | TP: 7676.25 | P&L: $+312.50
  💰 Daily P&L: $+0.00

[2026-08-21 09:39] O:7681.00 H:7681.75 L:7678.50 C:7678.75 V:2547.0
  📈 Trend: strong_bearish | 🌍 Regime: ranging
  🗺️  Grid: 0.100% | 🔺 7680.75 🔻 7678.00
  📡 RSI: 30.9 | MACD: -1.48 | ATR: 2.54
  📊 Filled: 1 | Pending: 0
  📍 SHORT @ 7687.00 | SL: 7695.00 | TP: 7676.25 | P&L: $+412.50
  💰 Daily P&L: $+0.00

[2026-08-21 09:40] O:7678.75 H:7681.25 L:7678.50 C:7680.50 V:2078.0
  📈 Trend: strong_bearish | 🌍 Regime: ranging
  🗺️  Grid: 0.100% | 🔺 7681.75 🔻 7678.50
  📡 RSI: 38.4 | MACD: -1.38 | ATR: 2.61
  📊 Filled: 1 | Pending: 0
  📍 SHORT @ 7687.00 | SL: 7695.00 | TP: 7676.25 | P&L: $+325.00
  💰 Daily P&L: $+0.00

[2026-08-21 09:41] O:7680.25 H:7680.50 L:7677.25 C:7677.75 V:1479.0
  📈 Trend: strong_bearish | 🌍 Regime: ranging
  🗺️  Grid: 0.100% | 🔺 7681.25 🔻 7678.50
  📡 RSI: 33.3 | MACD: -1.51 | ATR: 2.68
  📊 Filled: 1 | Pending: 0
  📍 SHORT @ 7687.00 | SL: 7695.00 | TP: 7676.25 | P&L: $+462.50
  💰 Daily P&L: $+0.00

[2026-08-21 09:42] O:7677.50 H:7679.50 L:7677.25 C:7679.00 V:1618.0
  📈 Trend: strong_bearish | 🌍 Regime: ranging
  🗺️  Grid: 0.100% | 🔺 7680.50 🔻 7677.25
  📡 RSI: 35.6 | MACD: -1.49 | ATR: 2.66
  📊 Filled: 1 | Pending: 0
  📍 SHORT @ 7687.00 | SL: 7695.00 | TP: 7676.25 | P&L: $+400.00
  💰 Daily P&L: $+0.00

[2026-08-21 09:43] O:7678.75 H:7684.00 L:7678.75 C:7683.00 V:3821.0
  📈 Trend: strong_bearish | 🌍 Regime: ranging
  🗺️  Grid: 0.100% | 🔺 7679.50 🔻 7677.25
  📡 RSI: 52.8 | MACD: -1.14 | ATR: 2.73
  📊 Filled: 1 | Pending: 0
  📍 SHORT @ 7687.00 | SL: 7695.00 | TP: 7676.25 | P&L: $+200.00
  💰 Daily P&L: $+0.00

[2026-08-21 09:44] O:7682.75 H:7683.00 L:7680.50 C:7681.50 V:1998.0
  📈 Trend: strong_bearish | 🌍 Regime: ranging
  🗺️  Grid: 0.100% | 🔺 7684.00 🔻 7678.75
  📡 RSI: 46.7 | MACD: -0.97 | ATR: 2.73
  📊 Filled: 1 | Pending: 0
  📍 SHORT @ 7687.00 | SL: 7695.00 | TP: 7676.25 | P&L: $+275.00
  💰 Daily P&L: $+0.00

[2026-08-21 09:45] O:7681.50 H:7682.75 L:7680.75 C:7682.50 V:2304.0
  📈 Trend: strong_bearish | 🌍 Regime: trending_bearish
  🗺️  Grid: 0.100% | 🔺 7683.00 🔻 7680.50
  📡 RSI: 47.3 | MACD: -0.75 | ATR: 2.75
  📊 Filled: 1 | Pending: 0
  📍 SHORT @ 7687.00 | SL: 7695.00 | TP: 7676.25 | P&L: $+225.00
  💰 Daily P&L: $+0.00

[2026-08-21 09:46] O:7682.25 H:7685.00 L:7682.25 C:7684.25 V:2492.0
  📈 Trend: strong_bearish | 🌍 Regime: trending_bearish
  🗺️  Grid: 0.100% | 🔺 7682.75 🔻 7680.75
  📡 RSI: 53.2 | MACD: -0.43 | ATR: 2.75
  📊 Filled: 1 | Pending: 0
  📍 SHORT @ 7687.00 | SL: 7695.00 | TP: 7676.25 | P&L: $+137.50
  💰 Daily P&L: $+0.00

[2026-08-21 09:47] O:7684.50 H:7684.75 L:7681.25 C:7682.25 V:2773.0
  📈 Trend: strong_bearish | 🌍 Regime: trending_bearish
  🗺️  Grid: 0.100% | 🔺 7685.00 🔻 7682.25
  📡 RSI: 52.1 | MACD: -0.33 | ATR: 2.84
  📊 Filled: 1 | Pending: 0
  📍 SHORT @ 7687.00 | SL: 7695.00 | TP: 7676.25 | P&L: $+237.50
  💰 Daily P&L: $+0.00

[2026-08-21 09:48] O:7682.50 H:7684.50 L:7682.50 C:7684.25 V:1615.0
  📈 Trend: strong_bearish (raw: moderate_bearish) | 🌍 Regime: trending_bearish
  🗺️  Grid: 0.100% | 🔺 7684.75 🔻 7681.25
  📡 RSI: 58.0 | MACD: -0.09 | ATR: 2.79
  📊 Filled: 1 | Pending: 0
  📍 SHORT @ 7687.00 | SL: 7695.00 | TP: 7676.25 | P&L: $+137.50
  💰 Daily P&L: $+0.00

[2026-08-21 09:49] O:7684.25 H:7686.25 L:7683.75 C:7685.75 V:2065.0
  📈 Trend: strong_bearish (raw: moderate_bullish) | 🌍 Regime: trending_bullish
  🗺️  Grid: 0.100% | 🔺 7684.50 🔻 7682.50
  📡 RSI: 64.0 | MACD: 0.22 | ATR: 2.82
  📊 Filled: 1 | Pending: 0
  📍 SHORT @ 7687.00 | SL: 7695.00 | TP: 7676.25 | P&L: $+62.50
  💰 Daily P&L: $+0.00

[2026-08-21 09:50] O:7685.75 H:7687.00 L:7684.75 C:7685.50 V:1925.0
  📈 Trend: strong_bearish (raw: moderate_bullish) | 🌍 Regime: trending_bullish
  🗺️  Grid: 0.100% | 🔺 7686.25 🔻 7683.75
  📡 RSI: 65.3 | MACD: 0.44 | ATR: 2.80
  📊 Filled: 1 | Pending: 0
  📍 SHORT @ 7687.00 | SL: 7695.00 | TP: 7676.25 | P&L: $+75.00
  💰 Daily P&L: $+0.00

[2026-08-21 09:51] O:7685.50 H:7686.25 L:7684.25 C:7685.25 V:1738.0
  📈 Trend: moderate_bullish | 🌍 Regime: trending_bullish
  🗺️  Grid: 0.100% | 🔺 7687.00 🔻 7684.75
  📡 RSI: 64.6 | MACD: 0.58 | ATR: 2.80
  📊 Filled: 1 | Pending: 0
  📍 SHORT @ 7687.00 | SL: 7695.00 | TP: 7676.25 | P&L: $+87.50
  💰 Daily P&L: $+0.00

[2026-08-21 09:52] O:7685.25 H:7688.50 L:7684.25 C:7686.75 V:2962.0
  📈 Trend: moderate_bullish | 🌍 Regime: trending_bullish
  🗺️  Grid: 0.100% | 🔺 7686.25 🔻 7684.25
  📡 RSI: 62.8 | MACD: 0.81 | ATR: 2.91
  📊 Filled: 1 | Pending: 0
  📍 SHORT @ 7687.00 | SL: 7695.00 | TP: 7676.25 | P&L: $+12.50
  💰 Daily P&L: $+0.00

[2026-08-21 09:53] O:7686.75 H:7688.25 L:7686.25 C:7686.25 V:1903.0
  📈 Trend: moderate_bullish | 🌍 Regime: trending_bullish
  🗺️  Grid: 0.100% | 🔺 7688.50 🔻 7684.25
  📡 RSI: 67.0 | MACD: 0.94 | ATR: 2.82
  📊 Filled: 1 | Pending: 0
  📍 SHORT @ 7687.00 | SL: 7695.00 | TP: 7676.25 | P&L: $+37.50
  💰 Daily P&L: $+0.00

[2026-08-21 09:54] O:7686.25 H:7687.00 L:7684.00 C:7686.00 V:2326.0
  📈 Trend: moderate_bullish | 🌍 Regime: trending_bullish
  🗺️  Grid: 0.100% | 🔺 7688.25 🔻 7686.25
  📡 RSI: 63.4 | MACD: 1.01 | ATR: 2.84
  📊 Filled: 1 | Pending: 0
  📍 SHORT @ 7687.00 | SL: 7695.00 | TP: 7676.25 | P&L: $+50.00
  💰 Daily P&L: $+0.00

[2026-08-21 09:55] O:7685.75 H:7689.25 L:7685.00 C:7689.00 V:2241.0
  📈 Trend: moderate_bullish | 🌍 Regime: trending_bullish
  🗺️  Grid: 0.100% | 🔺 7687.00 🔻 7684.00
  📡 RSI: 77.1 | MACD: 1.29 | ATR: 2.91
  📊 Filled: 1 | Pending: 0
  📍 SHORT @ 7687.00 | SL: 7695.00 | TP: 7676.25 | P&L: $-100.00
  💰 Daily P&L: $+0.00

[2026-08-21 09:56] O:7689.00 H:7691.25 L:7688.00 C:7691.00 V:2754.0
  📈 Trend: moderate_bullish | 🌍 Regime: trending_bullish
  🗺️  Grid: 0.100% | 🔺 7689.25 🔻 7685.00
  📡 RSI: 77.9 | MACD: 1.66 | ATR: 2.98
  📊 Filled: 1 | Pending: 0
  📍 SHORT @ 7687.00 | SL: 7695.00 | TP: 7676.25 | P&L: $-200.00
  💰 Daily P&L: $+0.00

[2026-08-21 09:57] O:7691.00 H:7692.25 L:7690.00 C:7691.00 V:3011.0
  📈 Trend: moderate_bullish (raw: strong_bullish) | 🌍 Regime: ranging
  🗺️  Grid: 0.100% | 🔺 7691.25 🔻 7688.00
  📡 RSI: 72.9 | MACD: 1.93 | ATR: 2.77
  📊 Filled: 1 | Pending: 0
  📍 SHORT @ 7687.00 | SL: 7695.00 | TP: 7676.25 | P&L: $-200.00
  💰 Daily P&L: $+0.00

[2026-08-21 09:58] O:7691.00 H:7692.50 L:7690.50 C:7692.00 V:2367.0
  📈 Trend: moderate_bullish (raw: strong_bullish) | 🌍 Regime: ranging
  🗺️  Grid: 0.100% | 🔺 7692.25 🔻 7690.00
  📡 RSI: 80.9 | MACD: 2.20 | ATR: 2.73
  📊 Filled: 1 | Pending: 0
  📍 SHORT @ 7687.00 | SL: 7695.00 | TP: 7676.25 | P&L: $-250.00
  💰 Daily P&L: $+0.00

[2026-08-21 09:59] O:7692.25 H:7694.25 L:7692.00 C:7693.50 V:3190.0
  📈 Trend: strong_bullish | 🌍 Regime: ranging
  🗺️  Grid: 0.100% | 🔺 7692.50 🔻 7690.50
  📡 RSI: 81.4 | MACD: 2.50 | ATR: 2.75
  📊 Filled: 1 | Pending: 0
  📍 SHORT @ 7687.00 | SL: 7695.00 | TP: 7676.25 | P&L: $-325.00
  💰 Daily P&L: $+0.00
  📋 Order 334 status: PreSubmitted
  📋 Order 334 status: PendingCancel
  ✅ Fill: BOT 1.0 @ 7695.75
  📋 Order 333 status: Filled
  📋 Order 334 status: PendingCancel
  🛡️ OCA backup: cancelling sibling order 334 immediately after 333 filled
  📋 Order 334 status: Cancelled

[2026-08-21 10:00] O:7693.75 H:7697.25 L:7692.75 C:7696.00 V:6365.0
  📈 Trend: strong_bullish | 🌍 Regime: ranging
  🗺️  Grid: 0.100% | 🔺 7694.25 🔻 7692.00
  📡 RSI: 82.2 | MACD: 2.91 | ATR: 2.88
  📊 Filled: 1 | Pending: 0
  📍 SHORT @ 7687.00 | SL: 7695.00 | TP: 7676.25 | P&L: $-450.00
  ❌ EXIT SHORT @ 7695.75 | Stop Loss
     P&L: -8.75 pts ($-437.50) | Daily: $-437.50
  ⚠️ POSITION MISMATCH after exit: broker=1, bot expects=0
  🛟 Flattening stray 1 contract(s) with SELL to restore expected exposure
  📤 Market SELL 1 contracts submitted (ID: 335)
  📋 Order 335 status: PreSubmitted
  ✅ Fill: SLD 1.0 @ 7696.25
  📋 Order 335 status: Filled
  ⏸️ Cooldown: 2 bar(s) remaining after exit
  💰 Daily P&L: $-437.50

[2026-08-21 10:01] O:7696.25 H:7697.00 L:7693.25 C:7694.00 V:4241.0
  📈 Trend: strong_bullish | 🌍 Regime: ranging
  🗺️  Grid: 0.100% | 🔺 7697.25 🔻 7692.75
  📡 RSI: 82.2 | MACD: 3.04 | ATR: 2.89
  📊 Filled: 0 | Pending: 0
  ⏸️ Cooldown: 1 bar(s) remaining after exit
  💰 Daily P&L: $-437.50

[2026-08-21 10:02] O:7694.00 H:7695.00 L:7692.75 C:7693.25 V:2586.0
  📈 Trend: strong_bullish | 🌍 Regime: ranging
  🗺️  Grid: 0.100% | 🔺 7697.00 🔻 7693.25
  📡 RSI: 76.5 | MACD: 3.05 | ATR: 2.89
  📊 Filled: 0 | Pending: 0
  💰 Daily P&L: $-437.50

[2026-08-21 10:03] O:7693.50 H:7697.75 L:7693.25 C:7697.00 V:2194.0
  📈 Trend: strong_bullish | 🌍 Regime: ranging
  🗺️  Grid: 0.100% | 🔺 7695.00 🔻 7692.75
  📡 RSI: 79.2 | MACD: 3.32 | ATR: 3.04
  📊 Filled: 0 | Pending: 0
  💰 Daily P&L: $-437.50

[2026-08-21 10:04] O:7697.25 H:7699.75 L:7696.75 C:7698.00 V:4008.0
  📈 Trend: strong_bullish | 🌍 Regime: ranging
  🗺️  Grid: 0.100% | 🔺 7697.75 🔻 7693.25
  📡 RSI: 81.2 | MACD: 3.57 | ATR: 3.09
  📊 Filled: 0 | Pending: 0
  💰 Daily P&L: $-437.50

[2026-08-21 10:05] O:7698.00 H:7698.75 L:7695.50 C:7697.00 V:5060.0
  📈 Trend: strong_bullish | 🌍 Regime: ranging
  🗺️  Grid: 0.100% | 🔺 7699.75 🔻 7696.75
  📡 RSI: 78.3 | MACD: 3.65 | ATR: 3.18
  📊 Filled: 0 | Pending: 0
  💰 Daily P&L: $-437.50

[2026-08-21 10:06] O:7697.00 H:7699.50 L:7696.75 C:7697.25 V:2640.0
  📈 Trend: strong_bullish | 🌍 Regime: ranging
  🗺️  Grid: 0.100% | 🔺 7698.75 🔻 7695.50
  📡 RSI: 76.9 | MACD: 3.68 | ATR: 3.07
  📊 Filled: 0 | Pending: 0
  💰 Daily P&L: $-437.50

[2026-08-21 10:07] O:7697.50 H:7698.75 L:7696.50 C:7697.00 V:1811.0
  📈 Trend: strong_bullish | 🌍 Regime: ranging
  🗺️  Grid: 0.100% | 🔺 7699.50 🔻 7696.75
  📡 RSI: 77.9 | MACD: 3.65 | ATR: 3.09
  📊 Filled: 0 | Pending: 0
  💰 Daily P&L: $-437.50

[2026-08-21 10:08] O:7696.75 H:7697.75 L:7696.00 C:7696.25 V:1371.0
  📈 Trend: strong_bullish | 🌍 Regime: ranging
  🗺️  Grid: 0.100% | 🔺 7698.75 🔻 7696.50
  📡 RSI: 75.9 | MACD: 3.53 | ATR: 3.00
  📊 Filled: 0 | Pending: 0
  💰 Daily P&L: $-437.50

[2026-08-21 10:09] O:7696.25 H:7696.50 L:7693.25 C:7693.75 V:2920.0
  📈 Trend: strong_bullish (raw: moderate_bullish) | 🌍 Regime: ranging
  🗺️  Grid: 0.100% | 🔺 7697.75 🔻 7696.00
  📡 RSI: 62.3 | MACD: 3.19 | ATR: 2.93
  📊 Filled: 0 | Pending: 0
  💰 Daily P&L: $-437.50

[2026-08-21 10:10] O:7693.75 H:7694.50 L:7693.25 C:7693.50 V:1722.0
  📈 Trend: strong_bullish (raw: moderate_bullish) | 🌍 Regime: ranging
  🗺️  Grid: 0.100% | 🔺 7696.50 🔻 7693.25
  📡 RSI: 57.1 | MACD: 2.87 | ATR: 2.79
  📊 Filled: 0 | Pending: 0
  💰 Daily P&L: $-437.50

[2026-08-21 10:11] O:7693.50 H:7696.00 L:7693.50 C:7695.00 V:1900.0
  📈 Trend: moderate_bullish | 🌍 Regime: ranging
  🗺️  Grid: 0.100% | 🔺 7694.50 🔻 7693.25
  📡 RSI: 60.5 | MACD: 2.70 | ATR: 2.80
  📊 Filled: 0 | Pending: 0
  💰 Daily P&L: $-437.50

[2026-08-21 10:12] O:7695.25 H:7695.75 L:7693.75 C:7694.75 V:1176.0
  📈 Trend: moderate_bullish | 🌍 Regime: ranging
  🗺️  Grid: 0.100% | 🔺 7696.00 🔻 7693.50
  📡 RSI: 57.5 | MACD: 2.52 | ATR: 2.80
  📊 Filled: 0 | Pending: 0
  💰 Daily P&L: $-437.50

[2026-08-21 10:13] O:7694.75 H:7695.25 L:7693.50 C:7694.75 V:2263.0
  📈 Trend: moderate_bullish | 🌍 Regime: ranging
  🗺️  Grid: 0.100% | 🔺 7695.75 🔻 7693.75
  📡 RSI: 53.7 | MACD: 2.35 | ATR: 2.77
  📊 Filled: 0 | Pending: 0
  💰 Daily P&L: $-437.50

[2026-08-21 10:14] O:7694.75 H:7695.00 L:7692.25 C:7692.50 V:1976.0
  📈 Trend: moderate_bullish | 🌍 Regime: ranging
  🗺️  Grid: 0.100% | 🔺 7695.25 🔻 7693.50
  📡 RSI: 39.4 | MACD: 2.01 | ATR: 2.64
  📊 Filled: 0 | Pending: 0
  💰 Daily P&L: $-437.50

[2026-08-21 10:15] O:7692.50 H:7695.00 L:7692.25 C:7693.25 V:2128.0
  📈 Trend: moderate_bullish | 🌍 Regime: ranging
  🗺️  Grid: 0.100% | 🔺 7695.00 🔻 7692.25
  📡 RSI: 47.5 | MACD: 1.79 | ATR: 2.57
  📊 Filled: 0 | Pending: 0
  💰 Daily P&L: $-437.50

[2026-08-21 10:16] O:7693.25 H:7693.75 L:7691.50 C:7691.50 V:2078.0
  📈 Trend: moderate_bullish | 🌍 Regime: ranging
  🗺️  Grid: 0.100% | 🔺 7695.00 🔻 7692.25
  📡 RSI: 44.6 | MACD: 1.45 | ATR: 2.57
  📊 Filled: 0 | Pending: 0
  💰 Daily P&L: $-437.50

[2026-08-21 10:17] O:7691.50 H:7692.75 L:7691.25 C:7692.00 V:1813.0
  📈 Trend: moderate_bullish (raw: moderate_bearish) | 🌍 Regime: ranging
  🗺️  Grid: 0.100% | 🔺 7693.75 🔻 7691.50
  📡 RSI: 30.8 | MACD: 1.20 | ATR: 2.36
  📊 Filled: 0 | Pending: 0
  💰 Daily P&L: $-437.50

[2026-08-21 10:18] O:7692.00 H:7693.25 L:7691.25 C:7691.25 V:1588.0
  📈 Trend: moderate_bullish (raw: moderate_bearish) | 🌍 Regime: ranging
  🗺️  Grid: 0.100% | 🔺 7692.75 🔻 7691.25
  📡 RSI: 23.5 | MACD: 0.94 | ATR: 2.29
  📊 Filled: 0 | Pending: 0
  💰 Daily P&L: $-437.50

[2026-08-21 10:19] O:7691.25 H:7692.25 L:7690.75 C:7691.50 V:1744.0
  📈 Trend: moderate_bearish | 🌍 Regime: ranging
  🗺️  Grid: 0.100% | 🔺 7693.25 🔻 7691.25
  📡 RSI: 27.1 | MACD: 0.74 | ATR: 2.16
  📊 Filled: 0 | Pending: 0
  💰 Daily P&L: $-437.50

[2026-08-21 10:20] O:7691.25 H:7692.50 L:7690.50 C:7690.75 V:2283.0
  📈 Trend: moderate_bearish | 🌍 Regime: ranging
  🗺️  Grid: 0.100% | 🔺 7692.25 🔻 7690.75
  📡 RSI: 24.0 | MACD: 0.52 | ATR: 2.11
  📊 Filled: 0 | Pending: 0
  💰 Daily P&L: $-437.50

[2026-08-21 10:21] O:7690.50 H:7692.50 L:7689.75 C:7692.00 V:2156.0
  📈 Trend: moderate_bearish | 🌍 Regime: ranging
  🗺️  Grid: 0.100% | 🔺 7692.50 🔻 7690.50
  📡 RSI: 31.5 | MACD: 0.44 | ATR: 2.14
  📊 Filled: 0 | Pending: 0
  💰 Daily P&L: $-437.50

[2026-08-21 10:22] O:7692.00 H:7694.00 L:7692.00 C:7693.50 V:2269.0
  📈 Trend: moderate_bearish | 🌍 Regime: ranging
  🗺️  Grid: 0.100% | 🔺 7692.50 🔻 7689.75
  📡 RSI: 40.4 | MACD: 0.49 | ATR: 2.16
  📊 Filled: 0 | Pending: 0
  💰 Daily P&L: $-437.50

[2026-08-21 10:23] O:7693.50 H:7693.75 L:7692.75 C:7693.50 V:1044.0
  📈 Trend: moderate_bearish | 🌍 Regime: ranging
  🗺️  Grid: 0.100% | 🔺 7694.00 🔻 7692.00
  📡 RSI: 48.9 | MACD: 0.53 | ATR: 2.00
  📊 Filled: 0 | Pending: 0
  💰 Daily P&L: $-437.50

[2026-08-21 10:24] O:7693.50 H:7693.75 L:7689.50 C:7690.50 V:1665.0
  📈 Trend: moderate_bearish | 🌍 Regime: ranging
  🗺️  Grid: 0.100% | 🔺 7693.75 🔻 7692.75
  📡 RSI: 39.7 | MACD: 0.31 | ATR: 2.21
  📊 Filled: 0 | Pending: 0
  💰 Daily P&L: $-437.50

[2026-08-21 10:25] O:7690.25 H:7691.00 L:7689.50 C:7690.25 V:1771.0
  📈 Trend: moderate_bearish | 🌍 Regime: ranging
  🗺️  Grid: 0.100% | 🔺 7693.75 🔻 7689.50
  📡 RSI: 32.1 | MACD: 0.11 | ATR: 2.14
  📊 Filled: 0 | Pending: 0
  💰 Daily P&L: $-437.50

[2026-08-21 10:26] O:7690.25 H:7692.75 L:7689.75 C:7692.75 V:1879.0
  📈 Trend: moderate_bearish | 🌍 Regime: ranging
  🗺️  Grid: 0.100% | 🔺 7691.00 🔻 7689.50
  📡 RSI: 43.5 | MACD: 0.16 | ATR: 2.21
  📊 Filled: 0 | Pending: 0
  💰 Daily P&L: $-437.50

[2026-08-21 10:27] O:7692.50 H:7694.00 L:7692.00 C:7693.50 V:1938.0
  📈 Trend: moderate_bearish | 🌍 Regime: ranging
  🗺️  Grid: 0.100% | 🔺 7692.75 🔻 7689.75
  📡 RSI: 46.2 | MACD: 0.25 | ATR: 2.23
  📊 Filled: 0 | Pending: 0
  💰 Daily P&L: $-437.50

[2026-08-21 10:28] O:7693.50 H:7695.50 L:7692.75 C:7695.00 V:2122.0
  📈 Trend: moderate_bearish (raw: moderate_bullish) | 🌍 Regime: ranging
  🗺️  Grid: 0.100% | 🔺 7694.00 🔻 7692.00
  📡 RSI: 58.1 | MACD: 0.44 | ATR: 2.23
  📊 Filled: 0 | Pending: 0
  💰 Daily P&L: $-437.50

[2026-08-21 10:29] O:7695.00 H:7695.25 L:7694.00 C:7694.75 V:1475.0
  📈 Trend: moderate_bearish (raw: strong_bullish) | 🌍 Regime: ranging
  🗺️  Grid: 0.100% | 🔺 7695.50 🔻 7692.75
  📡 RSI: 55.0 | MACD: 0.57 | ATR: 2.12
  📊 Filled: 0 | Pending: 0
  💰 Daily P&L: $-437.50

[2026-08-21 10:30] O:7694.75 H:7695.50 L:7693.75 C:7694.25 V:2656.0
  📈 Trend: moderate_bearish (raw: moderate_bullish) | 🌍 Regime: ranging
  🗺️  Grid: 0.100% | 🔺 7695.25 🔻 7694.00
  📡 RSI: 60.0 | MACD: 0.62 | ATR: 2.09
  📊 Filled: 0 | Pending: 0
  💰 Daily P&L: $-437.50

[2026-08-21 10:31] O:7694.00 H:7695.25 L:7693.50 C:7694.25 V:2072.0
  📈 Trend: moderate_bearish (raw: strong_bullish) | 🌍 Regime: ranging
  🗺️  Grid: 0.100% | 🔺 7695.50 🔻 7693.75
  📡 RSI: 58.5 | MACD: 0.65 | ATR: 2.11
  📊 Filled: 0 | Pending: 0
  💰 Daily P&L: $-437.50

[2026-08-21 10:32] O:7694.25 H:7697.25 L:7694.00 C:7697.25 V:2664.0
  📈 Trend: moderate_bearish (raw: strong_bullish) | 🌍 Regime: ranging
  🗺️  Grid: 0.100% | 🔺 7695.25 🔻 7693.50
  📡 RSI: 69.4 | MACD: 0.91 | ATR: 2.20
  📊 Filled: 0 | Pending: 0
  💰 Daily P&L: $-437.50

[2026-08-21 10:33] O:7697.25 H:7698.00 L:7696.75 C:7697.75 V:1922.0
  📈 Trend: strong_bullish | 🌍 Regime: ranging
  🗺️  Grid: 0.100% | 🔺 7697.25 🔻 7694.00
  📡 RSI: 69.8 | MACD: 1.14 | ATR: 2.18
  📊 Filled: 0 | Pending: 0
  💰 Daily P&L: $-437.50

[2026-08-21 10:34] O:7697.75 H:7700.25 L:7697.50 C:7700.00 V:4577.0
  📈 Trend: strong_bullish | 🌍 Regime: ranging
  🗺️  Grid: 0.100% | 🔺 7698.00 🔻 7696.75
  📡 RSI: 76.8 | MACD: 1.49 | ATR: 2.23
  📊 Filled: 0 | Pending: 0
  💰 Daily P&L: $-437.50

[2026-08-21 10:35] O:7700.00 H:7700.75 L:7699.75 C:7700.50 V:2949.0
  📈 Trend: strong_bullish | 🌍 Regime: ranging
  🗺️  Grid: 0.100% | 🔺 7700.25 🔻 7697.50
  📡 RSI: 75.8 | MACD: 1.78 | ATR: 2.11
  📊 Filled: 0 | Pending: 0
  💰 Daily P&L: $-437.50

[2026-08-21 10:36] O:7700.50 H:7703.00 L:7700.50 C:7702.25 V:2610.0
  📈 Trend: strong_bullish | 🌍 Regime: ranging
  🗺️  Grid: 0.100% | 🔺 7700.75 🔻 7699.75
  📡 RSI: 76.1 | MACD: 2.13 | ATR: 2.14
  📊 Filled: 0 | Pending: 0
  💰 Daily P&L: $-437.50

[2026-08-21 10:37] O:7702.50 H:7704.75 L:7701.50 C:7701.50 V:3457.0
  📈 Trend: strong_bullish | 🌍 Regime: ranging
  🗺️  Grid: 0.100% | 🔺 7703.00 🔻 7700.50
  📡 RSI: 72.9 | MACD: 2.32 | ATR: 2.30
  📊 Filled: 0 | Pending: 0
  💰 Daily P&L: $-437.50

[2026-08-21 10:38] O:7701.50 H:7702.50 L:7700.75 C:7701.75 V:2640.0
  📈 Trend: strong_bullish | 🌍 Regime: ranging
  🗺️  Grid: 0.100% | 🔺 7704.75 🔻 7701.50
  📡 RSI: 88.1 | MACD: 2.47 | ATR: 2.12
  📊 Filled: 0 | Pending: 0
  💰 Daily P&L: $-437.50

[2026-08-21 10:39] O:7701.75 H:7706.00 L:7701.75 C:7705.75 V:3711.0
  📈 Trend: strong_bullish | 🌍 Regime: ranging
  🗺️  Grid: 0.100% | 🔺 7702.50 🔻 7700.75
  📡 RSI: 91.9 | MACD: 2.87 | ATR: 2.32
  📊 Filled: 0 | Pending: 0
  💰 Daily P&L: $-437.50

[2026-08-21 10:40] O:7706.00 H:7708.00 L:7704.75 C:7707.75 V:4004.0
  📈 Trend: strong_bullish | 🌍 Regime: ranging
  🗺️  Grid: 0.100% | 🔺 7706.00 🔻 7701.75
  📡 RSI: 91.7 | MACD: 3.31 | ATR: 2.34
  📊 Filled: 0 | Pending: 0
  💰 Daily P&L: $-437.50

[2026-08-21 10:41] O:7707.75 H:7709.75 L:7707.50 C:7709.00 V:3509.0
  📈 Trend: strong_bullish | 🌍 Regime: ranging
  🗺️  Grid: 0.100% | 🔺 7708.00 🔻 7704.75
  📡 RSI: 91.9 | MACD: 3.72 | ATR: 2.36
  📊 Filled: 0 | Pending: 0
  💰 Daily P&L: $-437.50

[2026-08-21 10:42] O:7709.25 H:7709.50 L:7707.00 C:7707.25 V:3346.0
  📈 Trend: strong_bullish | 🌍 Regime: ranging
  🗺️  Grid: 0.100% | 🔺 7709.75 🔻 7707.50
  📡 RSI: 82.7 | MACD: 3.86 | ATR: 2.34
  📊 Filled: 0 | Pending: 0
  💰 Daily P&L: $-437.50

[2026-08-21 10:43] O:7707.00 H:7708.25 L:7706.25 C:7707.00 V:3249.0
  📈 Trend: strong_bullish | 🌍 Regime: ranging
  🗺️  Grid: 0.100% | 🔺 7709.50 🔻 7707.00
  📡 RSI: 82.7 | MACD: 3.90 | ATR: 2.39
  📊 Filled: 0 | Pending: 0
  💰 Daily P&L: $-437.50

[2026-08-21 10:44] O:7707.00 H:7708.75 L:7706.75 C:7708.50 V:1910.0
  📈 Trend: strong_bullish | 🌍 Regime: ranging
  🗺️  Grid: 0.100% | 🔺 7708.25 🔻 7706.25
  📡 RSI: 86.1 | MACD: 4.01 | ATR: 2.41
  📊 Filled: 0 | Pending: 0
  💰 Daily P&L: $-437.50

[2026-08-21 10:45] O:7708.50 H:7710.00 L:7708.50 C:7708.50 V:4290.0
  📈 Trend: strong_bullish | 🌍 Regime: ranging
  🗺️  Grid: 0.100% | 🔺 7708.75 🔻 7706.75
  📡 RSI: 86.1 | MACD: 4.05 | ATR: 2.39
  📊 Filled: 0 | Pending: 0
  💰 Daily P&L: $-437.50

[2026-08-21 10:46] O:7708.75 H:7709.25 L:7707.50 C:7708.50 V:2175.0
  📈 Trend: strong_bullish | 🌍 Regime: ranging
  🗺️  Grid: 0.100% | 🔺 7710.00 🔻 7708.50
  📡 RSI: 83.6 | MACD: 4.04 | ATR: 2.29
  📊 Filled: 0 | Pending: 0
  💰 Daily P&L: $-437.50

[2026-08-21 10:47] O:7708.75 H:7709.00 L:7707.50 C:7707.75 V:1351.0
  📈 Trend: strong_bullish | 🌍 Regime: ranging
  🗺️  Grid: 0.100% | 🔺 7709.25 🔻 7707.50
  📡 RSI: 79.4 | MACD: 3.92 | ATR: 2.30
  📊 Filled: 0 | Pending: 0
  💰 Daily P&L: $-437.50

[2026-08-21 10:48] O:7707.75 H:7708.25 L:7705.25 C:7705.25 V:4584.0
  📈 Trend: strong_bullish | 🌍 Regime: ranging
  🗺️  Grid: 0.100% | 🔺 7709.00 🔻 7707.50
  📡 RSI: 65.2 | MACD: 3.59 | ATR: 2.32
  📊 Filled: 0 | Pending: 0
  💰 Daily P&L: $-437.50

[2026-08-21 10:49] O:7705.25 H:7706.00 L:7704.75 C:7705.50 V:1536.0
  📈 Trend: strong_bullish | 🌍 Regime: trending_bullish
  🗺️  Grid: 0.100% | 🔺 7708.25 🔻 7705.25
  📡 RSI: 64.7 | MACD: 3.30 | ATR: 2.34
  📊 Filled: 0 | Pending: 0
  💰 Daily P&L: $-437.50

[2026-08-21 10:50] O:7705.50 H:7710.00 L:7705.50 C:7709.25 V:3823.0
  📈 Trend: strong_bullish | 🌍 Regime: trending_bullish
  🗺️  Grid: 0.100% | 🔺 7706.00 🔻 7704.75
  📡 RSI: 68.4 | MACD: 3.34 | ATR: 2.48
  📊 Filled: 0 | Pending: 0
  💰 Daily P&L: $-437.50

[2026-08-21 10:51] O:7709.25 H:7711.50 L:7709.00 C:7710.75 V:2908.0
  📈 Trend: strong_bullish | 🌍 Regime: trending_bullish
  🗺️  Grid: 0.100% | 🔺 7710.00 🔻 7705.50
  📡 RSI: 73.4 | MACD: 3.45 | ATR: 2.43
  📊 Filled: 0 | Pending: 0
  💰 Daily P&L: $-437.50

[2026-08-21 10:52] O:7710.75 H:7713.00 L:7710.75 C:7712.75 V:2705.0
  📈 Trend: strong_bullish | 🌍 Regime: trending_bullish
  🗺️  Grid: 0.100% | 🔺 7711.50 🔻 7709.00
  📡 RSI: 75.6 | MACD: 3.66 | ATR: 2.46
  📊 Filled: 0 | Pending: 0
  💰 Daily P&L: $-437.50

[2026-08-21 10:53] O:7712.75 H:7714.00 L:7712.00 C:7713.25 V:2555.0
  📈 Trend: strong_bullish | 🌍 Regime: trending_bullish
  🗺️  Grid: 0.100% | 🔺 7713.00 🔻 7710.75
  📡 RSI: 70.8 | MACD: 3.82 | ATR: 2.30
  📊 Filled: 0 | Pending: 0
  💰 Daily P&L: $-437.50

[2026-08-21 10:54] O:7713.25 H:7713.75 L:7712.00 C:7712.25 V:1951.0
  📈 Trend: strong_bullish | 🌍 Regime: trending_bullish
  🗺️  Grid: 0.100% | 🔺 7714.00 🔻 7712.00
  📡 RSI: 63.2 | MACD: 3.82 | ATR: 2.20
  📊 Filled: 0 | Pending: 0
  💰 Daily P&L: $-437.50

[2026-08-21 10:55] O:7712.25 H:7712.50 L:7710.25 C:7711.00 V:2258.0
  📈 Trend: strong_bullish | 🌍 Regime: trending_bullish
  🗺️  Grid: 0.100% | 🔺 7713.75 🔻 7712.00
  📡 RSI: 55.9 | MACD: 3.68 | ATR: 2.20
  📊 Filled: 0 | Pending: 0
  💰 Daily P&L: $-437.50

[2026-08-21 10:56] O:7711.00 H:7711.00 L:7709.00 C:7709.00 V:2551.0
  📈 Trend: strong_bullish | 🌍 Regime: trending_bullish
  🗺️  Grid: 0.100% | 🔺 7712.50 🔻 7710.25
  📡 RSI: 55.1 | MACD: 3.37 | ATR: 2.16
  📊 Filled: 0 | Pending: 0
  💰 Daily P&L: $-437.50

[2026-08-21 10:57] O:7709.00 H:7709.25 L:7707.25 C:7707.75 V:2083.0
  📈 Trend: strong_bullish | 🌍 Regime: trending_bullish
  🗺️  Grid: 0.100% | 🔺 7711.00 🔻 7709.00
  📡 RSI: 52.1 | MACD: 2.99 | ATR: 2.16
  📊 Filled: 0 | Pending: 0
  💰 Daily P&L: $-437.50

[2026-08-21 10:58] O:7707.75 H:7708.00 L:7706.75 C:7707.50 V:1929.0
  📈 Trend: strong_bullish | 🌍 Regime: trending_bullish
  🗺️  Grid: 0.100% | 🔺 7709.25 🔻 7707.25
  📡 RSI: 47.1 | MACD: 2.64 | ATR: 2.11
  📊 Filled: 0 | Pending: 0
  💰 Daily P&L: $-437.50

[2026-08-21 10:59] O:7707.50 H:7707.75 L:7706.00 C:7707.25 V:2170.0
  📈 Trend: strong_bullish (raw: moderate_bullish) | 🌍 Regime: trending_bullish
  🗺️  Grid: 0.100% | 🔺 7708.00 🔻 7706.75
  📡 RSI: 46.4 | MACD: 2.31 | ATR: 2.12
  📊 Filled: 0 | Pending: 0
  💰 Daily P&L: $-437.50

[2026-08-21 11:00] O:7707.50 H:7708.75 L:7705.25 C:7705.75 V:3603.0
  📈 Trend: strong_bullish (raw: moderate_bullish) | 🌍 Regime: trending_bullish
  🗺️  Grid: 0.100% | 🔺 7707.75 🔻 7706.00
  📡 RSI: 42.7 | MACD: 1.91 | ATR: 2.25
  📊 Filled: 0 | Pending: 0
  💰 Daily P&L: $-437.50

[2026-08-21 11:01] O:7705.75 H:7706.75 L:7705.00 C:7705.50 V:1643.0
  📈 Trend: moderate_bullish | 🌍 Regime: trending_bullish
  🗺️  Grid: 0.100% | 🔺 7708.75 🔻 7705.25
  📡 RSI: 43.8 | MACD: 1.55 | ATR: 2.27
  📊 Filled: 0 | Pending: 0
  💰 Daily P&L: $-437.50

[2026-08-21 11:02] O:7705.50 H:7705.75 L:7703.25 C:7704.00 V:2560.0
  📈 Trend: moderate_bullish | 🌍 Regime: trending_bullish
  🗺️  Grid: 0.100% | 🔺 7706.75 🔻 7705.00
  📡 RSI: 46.4 | MACD: 1.13 | ATR: 2.23
  📊 Filled: 0 | Pending: 0
  💰 Daily P&L: $-437.50

[2026-08-21 11:03] O:7703.75 H:7705.00 L:7703.75 C:7704.00 V:1513.0
  📈 Trend: moderate_bullish | 🌍 Regime: trending_bullish
  🗺️  Grid: 0.100% | 🔺 7705.75 🔻 7703.25
  📡 RSI: 45.6 | MACD: 0.79 | ATR: 2.23
  📊 Filled: 0 | Pending: 0
  💰 Daily P&L: $-437.50

[2026-08-21 11:04] O:7704.00 H:7704.75 L:7701.50 C:7702.75 V:2499.0
  📈 Trend: moderate_bullish | 🌍 Regime: trending_bullish
  🗺️  Grid: 0.100% | 🔺 7705.00 🔻 7703.75
  📡 RSI: 27.6 | MACD: 0.42 | ATR: 2.14
  📊 Filled: 0 | Pending: 0
  💰 Daily P&L: $-437.50

[2026-08-21 11:05] O:7702.75 H:7703.00 L:7700.75 C:7701.50 V:3397.0
  📈 Trend: moderate_bullish | 🌍 Regime: trending_bullish
  🗺️  Grid: 0.100% | 🔺 7704.75 🔻 7701.50
  📡 RSI: 17.5 | MACD: 0.02 | ATR: 2.12
  📊 Filled: 0 | Pending: 0
  💰 Daily P&L: $-437.50

[2026-08-21 11:06] O:7701.50 H:7702.25 L:7699.25 C:7700.00 V:3460.0
  📈 Trend: moderate_bullish | 🌍 Regime: trending_bullish
  🗺️  Grid: 0.100% | 🔺 7703.00 🔻 7700.75
  📡 RSI: 3.6 | MACD: -0.41 | ATR: 2.18
  📊 Filled: 0 | Pending: 0
  💰 Daily P&L: $-437.50

[2026-08-21 11:07] O:7700.25 H:7701.75 L:7699.75 C:7701.00 V:2557.0
  📈 Trend: moderate_bullish | 🌍 Regime: trending_bullish
  🗺️  Grid: 0.100% | 🔺 7702.25 🔻 7699.25
  📡 RSI: 7.0 | MACD: -0.67 | ATR: 2.18
  📊 Filled: 0 | Pending: 0
  🟢 Pullback LONG | RSI 3.6→7.0 turning up in moderate_bullish
  📤 Limit BUY 1 @ 7702.50 submitted (ID: 336)
  📋 Order 336 status: PreSubmitted
  ⬆️ LONG ORDER @ 7702.50 | Size: 1.00 | SL: 7693.50 | TP: 7716.00 [1cts]
     Reason: Grid Long (moderate_bullish, RSI: 7.0)
  🔬 SHADOW [long trending]: 🟥 ROBUST WOULD BLOCK (1 filter)
       MACD=BLOCK (-0.67 vs -0.41, Δ-0.25) | 5m=PASS (1m=moderate_bullish, 5m=sideways)
     ⏳ Order 336 PENDING - awaiting fill confirmation
  💰 Daily P&L: $-437.50
  ✅ Fill: BOT 1.0 @ 7701.25
  📋 Order 336 status: Filled
  📤 Stop-Market SELL 1 @ 7693.25 submitted (ID: 337) [OCA:exit_336_1787328545]
  📋 Order 337 status: PreSubmitted
  📤 Limit SELL 1 @ 7712.00 submitted (ID: 338) [OCA:exit_336_1787328545]
  📋 Order 338 status: PreSubmitted
  ✅ FILL CONFIRMED: LONG @ 7701.25 (order 336)
     📊 Bracket placed: SL #337 @ 7693.25 | TP #338 @ 7712.00
     Trail activates @ +7.5 pts

[2026-08-21 11:08] O:7701.00 H:7701.75 L:7700.50 C:7701.25 V:2200.0
  📈 Trend: moderate_bullish | 🌍 Regime: trending_bullish
  🗺️  Grid: 0.100% | 🔺 7701.75 🔻 7699.75
  📡 RSI: 9.3 | MACD: -0.84 | ATR: 2.14
  📊 Filled: 1 | Pending: 0
  📍 LONG @ 7701.25 | SL: 7693.25 | TP: 7712.00 | P&L: $+0.00
  💰 Daily P&L: $-437.50
  📋 Order 338 status: Submitted

[2026-08-21 11:09] O:7701.00 H:7701.50 L:7698.00 C:7698.50 V:1959.0
  📈 Trend: moderate_bullish | 🌍 Regime: trending_bullish
  🗺️  Grid: 0.100% | 🔺 7701.75 🔻 7700.50
  📡 RSI: 8.3 | MACD: -1.18 | ATR: 2.23
  📊 Filled: 1 | Pending: 0
  📍 LONG @ 7701.25 | SL: 7693.25 | TP: 7712.00 | P&L: $-137.50
  💰 Daily P&L: $-437.50

[2026-08-21 11:10] O:7698.50 H:7700.00 L:7698.00 C:7699.50 V:2246.0
  📈 Trend: moderate_bullish | 🌍 Regime: trending_bullish
  🗺️  Grid: 0.100% | 🔺 7701.50 🔻 7698.00
  📡 RSI: 16.1 | MACD: -1.36 | ATR: 2.23
  📊 Filled: 1 | Pending: 0
  📍 LONG @ 7701.25 | SL: 7693.25 | TP: 7712.00 | P&L: $-87.50
  💰 Daily P&L: $-437.50

[2026-08-21 11:11] O:7699.75 H:7701.00 L:7699.00 C:7699.50 V:2955.0
  📈 Trend: moderate_bullish | 🌍 Regime: trending_bullish
  🗺️  Grid: 0.100% | 🔺 7700.00 🔻 7698.00
  📡 RSI: 17.6 | MACD: -1.48 | ATR: 2.23
  📊 Filled: 1 | Pending: 0
  📍 LONG @ 7701.25 | SL: 7693.25 | TP: 7712.00 | P&L: $-87.50
  💰 Daily P&L: $-437.50

[2026-08-21 11:12] O:7699.25 H:7699.75 L:7698.00 C:7699.00 V:1439.0
  📈 Trend: moderate_bullish | 🌍 Regime: trending_bullish
  🗺️  Grid: 0.100% | 🔺 7701.00 🔻 7699.00
  📡 RSI: 17.3 | MACD: -1.60 | ATR: 2.27
  📊 Filled: 1 | Pending: 0
  📍 LONG @ 7701.25 | SL: 7693.25 | TP: 7712.00 | P&L: $-112.50
  💰 Daily P&L: $-437.50

[2026-08-21 11:13] O:7699.25 H:7700.25 L:7699.25 C:7699.50 V:1315.0
  📈 Trend: moderate_bullish | 🌍 Regime: trending_bullish
  🗺️  Grid: 0.100% | 🔺 7699.75 🔻 7698.00
  📡 RSI: 20.8 | MACD: -1.63 | ATR: 2.23
  📊 Filled: 1 | Pending: 0
  📍 LONG @ 7701.25 | SL: 7693.25 | TP: 7712.00 | P&L: $-87.50
  💰 Daily P&L: $-437.50

[2026-08-21 11:14] O:7699.75 H:7699.75 L:7697.50 C:7697.50 V:2409.0
  📈 Trend: moderate_bullish (raw: strong_bearish) | 🌍 Regime: trending_bearish
  🗺️  Grid: 0.100% | 🔺 7700.25 🔻 7699.25
  📡 RSI: 20.0 | MACD: -1.80 | ATR: 2.14
  📊 Filled: 1 | Pending: 0
  📍 LONG @ 7701.25 | SL: 7693.25 | TP: 7712.00 | P&L: $-187.50
  💰 Daily P&L: $-437.50

[2026-08-21 11:15] O:7697.50 H:7699.00 L:7696.75 C:7698.75 V:2479.0
  📈 Trend: moderate_bullish (raw: strong_bearish) | 🌍 Regime: ranging
  🗺️  Grid: 0.100% | 🔺 7699.75 🔻 7697.50
  📡 RSI: 27.1 | MACD: -1.81 | ATR: 2.18
  📊 Filled: 1 | Pending: 0
  📍 LONG @ 7701.25 | SL: 7693.25 | TP: 7712.00 | P&L: $-125.00
  💰 Daily P&L: $-437.50

[2026-08-21 11:16] O:7698.75 H:7700.50 L:7698.00 C:7699.75 V:2067.0
  📈 Trend: strong_bearish | 🌍 Regime: ranging
  🗺️  Grid: 0.100% | 🔺 7699.00 🔻 7696.75
  📡 RSI: 35.1 | MACD: -1.72 | ATR: 2.18
  📊 Filled: 1 | Pending: 0
  📍 LONG @ 7701.25 | SL: 7693.25 | TP: 7712.00 | P&L: $-75.00
  💰 Daily P&L: $-437.50

[2026-08-21 11:17] O:7699.75 H:7700.50 L:7698.75 C:7699.50 V:1297.0
  📈 Trend: strong_bearish | 🌍 Regime: ranging
  🗺️  Grid: 0.100% | 🔺 7700.50 🔻 7698.00
  📡 RSI: 34.5 | MACD: -1.65 | ATR: 2.21
  📊 Filled: 1 | Pending: 0
  📍 LONG @ 7701.25 | SL: 7693.25 | TP: 7712.00 | P&L: $-87.50
  💰 Daily P&L: $-437.50

[2026-08-21 11:18] O:7699.50 H:7699.50 L:7696.50 C:7696.75 V:1388.0
  📈 Trend: strong_bearish | 🌍 Regime: ranging
  🗺️  Grid: 0.100% | 🔺 7700.50 🔻 7698.75
  📡 RSI: 31.2 | MACD: -1.80 | ATR: 2.20
  📊 Filled: 1 | Pending: 0
  📍 LONG @ 7701.25 | SL: 7693.25 | TP: 7712.00 | P&L: $-225.00
  💰 Daily P&L: $-437.50

[2026-08-21 11:19] O:7696.50 H:7697.00 L:7694.25 C:7695.50 V:3054.0
  📈 Trend: strong_bearish | 🌍 Regime: trending_bearish
  🗺️  Grid: 0.100% | 🔺 7699.50 🔻 7696.50
  📡 RSI: 31.2 | MACD: -1.99 | ATR: 2.23
  📊 Filled: 1 | Pending: 0
  📍 LONG @ 7701.25 | SL: 7693.25 | TP: 7712.00 | P&L: $-287.50
  💰 Daily P&L: $-437.50

[2026-08-21 11:20] O:7695.25 H:7695.50 L:7693.75 C:7695.00 V:1825.0
  📈 Trend: strong_bearish | 🌍 Regime: trending_bearish
  🗺️  Grid: 0.100% | 🔺 7697.00 🔻 7694.25
  📡 RSI: 33.3 | MACD: -2.16 | ATR: 2.14
  📊 Filled: 1 | Pending: 0
  📍 LONG @ 7701.25 | SL: 7693.25 | TP: 7712.00 | P&L: $-312.50
  💰 Daily P&L: $-437.50

[2026-08-21 11:21] O:7694.75 H:7705.75 L:7694.50 C:7698.00 V:15549.0
  📈 Trend: strong_bearish | 🌍 Regime: trending_bearish
  🗺️  Grid: 0.100% | 🔺 7695.50 🔻 7693.75
  📡 RSI: 41.2 | MACD: -2.03 | ATR: 2.80
  📊 Filled: 1 | Pending: 0
  📍 LONG @ 7701.25 | SL: 7693.25 | TP: 7712.00 | P&L: $-162.50
  💰 Daily P&L: $-437.50

[2026-08-21 11:22] O:7698.00 H:7699.00 L:7696.25 C:7697.50 V:3245.0
  📈 Trend: strong_bearish | 🌍 Regime: trending_bearish
  🗺️  Grid: 0.100% | 🔺 7705.75 🔻 7694.50
  📡 RSI: 39.1 | MACD: -1.94 | ATR: 2.91
  📊 Filled: 1 | Pending: 0
  📍 LONG @ 7701.25 | SL: 7693.25 | TP: 7712.00 | P&L: $-187.50
  💰 Daily P&L: $-437.50

[2026-08-21 11:23] O:7697.50 H:7697.75 L:7696.00 C:7697.75 V:1864.0
  📈 Trend: strong_bearish | 🌍 Regime: trending_bearish
  🗺️  Grid: 0.100% | 🔺 7699.00 🔻 7696.25
  📡 RSI: 47.5 | MACD: -1.83 | ATR: 2.79
  📊 Filled: 1 | Pending: 0
  📍 LONG @ 7701.25 | SL: 7693.25 | TP: 7712.00 | P&L: $-175.00
  💰 Daily P&L: $-437.50

[2026-08-21 11:24] O:7697.75 H:7698.00 L:7696.50 C:7697.25 V:1376.0
  📈 Trend: strong_bearish (raw: moderate_bearish) | 🌍 Regime: trending_bearish
  🗺️  Grid: 0.100% | 🔺 7697.75 🔻 7696.00
  📡 RSI: 42.1 | MACD: -1.76 | ATR: 2.75
  📊 Filled: 1 | Pending: 0
  📍 LONG @ 7701.25 | SL: 7693.25 | TP: 7712.00 | P&L: $-200.00
  💰 Daily P&L: $-437.50

[2026-08-21 11:25] O:7697.25 H:7698.75 L:7697.00 C:7697.75 V:1432.0
  📈 Trend: strong_bearish (raw: moderate_bearish) | 🌍 Regime: ranging
  🗺️  Grid: 0.100% | 🔺 7698.00 🔻 7696.50
  📡 RSI: 44.1 | MACD: -1.65 | ATR: 2.73
  📊 Filled: 1 | Pending: 0
  📍 LONG @ 7701.25 | SL: 7693.25 | TP: 7712.00 | P&L: $-175.00
  💰 Daily P&L: $-437.50

[2026-08-21 11:26] O:7697.50 H:7698.00 L:7696.50 C:7697.50 V:1102.0
  📈 Trend: moderate_bearish | 🌍 Regime: ranging
  🗺️  Grid: 0.100% | 🔺 7698.75 🔻 7697.00
  📡 RSI: 44.8 | MACD: -1.56 | ATR: 2.71
  📊 Filled: 1 | Pending: 0
  📍 LONG @ 7701.25 | SL: 7693.25 | TP: 7712.00 | P&L: $-187.50
  💰 Daily P&L: $-437.50

[2026-08-21 11:27] O:7697.25 H:7699.50 L:7697.25 C:7699.25 V:1519.0
  📈 Trend: moderate_bearish | 🌍 Regime: ranging
  🗺️  Grid: 0.100% | 🔺 7698.00 🔻 7696.50
  📡 RSI: 49.2 | MACD: -1.34 | ATR: 2.79
  📊 Filled: 1 | Pending: 0
  📍 LONG @ 7701.25 | SL: 7693.25 | TP: 7712.00 | P&L: $-100.00
  💰 Daily P&L: $-437.50

[2026-08-21 11:28] O:7699.50 H:7701.25 L:7699.50 C:7700.25 V:1922.0
  📈 Trend: moderate_bearish (raw: moderate_bullish) | 🌍 Regime: ranging
  🗺️  Grid: 0.100% | 🔺 7699.50 🔻 7697.25
  📡 RSI: 59.3 | MACD: -1.06 | ATR: 2.77
  📊 Filled: 1 | Pending: 0
  📍 LONG @ 7701.25 | SL: 7693.25 | TP: 7712.00 | P&L: $-50.00
  💰 Daily P&L: $-437.50

[2026-08-21 11:29] O:7700.00 H:7700.50 L:7699.50 C:7700.50 V:780.0
  📈 Trend: moderate_bearish (raw: moderate_bullish) | 🌍 Regime: ranging
  🗺️  Grid: 0.100% | 🔺 7701.25 🔻 7699.50
  📡 RSI: 56.4 | MACD: -0.82 | ATR: 2.68
  📊 Filled: 1 | Pending: 0
  📍 LONG @ 7701.25 | SL: 7693.25 | TP: 7712.00 | P&L: $-37.50
  💰 Daily P&L: $-437.50

[2026-08-21 11:30] O:7700.50 H:7700.50 L:7698.25 C:7699.50 V:2133.0
  📈 Trend: moderate_bearish | 🌍 Regime: ranging
  🗺️  Grid: 0.100% | 🔺 7700.50 🔻 7699.50
  📡 RSI: 49.1 | MACD: -0.70 | ATR: 2.66
  📊 Filled: 1 | Pending: 0
  📍 LONG @ 7701.25 | SL: 7693.25 | TP: 7712.00 | P&L: $-87.50
  💰 Daily P&L: $-437.50

[2026-08-21 11:31] O:7699.50 H:7699.75 L:7696.50 C:7696.50 V:1659.0
  📈 Trend: moderate_bearish | 🌍 Regime: ranging
  🗺️  Grid: 0.100% | 🔺 7700.50 🔻 7698.25
  📡 RSI: 40.9 | MACD: -0.83 | ATR: 2.77
  📊 Filled: 1 | Pending: 0
  📍 LONG @ 7701.25 | SL: 7693.25 | TP: 7712.00 | P&L: $-237.50
  💰 Daily P&L: $-437.50

[2026-08-21 11:32] O:7696.75 H:7698.25 L:7696.50 C:7698.00 V:1234.0
  📈 Trend: moderate_bearish | 🌍 Regime: ranging
  🗺️  Grid: 0.100% | 🔺 7699.75 🔻 7696.50
  📡 RSI: 54.1 | MACD: -0.81 | ATR: 2.68
  📊 Filled: 1 | Pending: 0
  📍 LONG @ 7701.25 | SL: 7693.25 | TP: 7712.00 | P&L: $-162.50
  💰 Daily P&L: $-437.50

[2026-08-21 11:33] O:7697.75 H:7698.25 L:7697.50 C:7698.00 V:752.0
  📈 Trend: moderate_bearish (raw: moderate_bullish) | 🌍 Regime: ranging
  🗺️  Grid: 0.100% | 🔺 7698.25 🔻 7696.50
  📡 RSI: 58.9 | MACD: -0.79 | ATR: 2.54
  📊 Filled: 1 | Pending: 0
  📍 LONG @ 7701.25 | SL: 7693.25 | TP: 7712.00 | P&L: $-162.50
  💰 Daily P&L: $-437.50

[2026-08-21 11:34] O:7697.75 H:7698.00 L:7695.50 C:7695.50 V:1275.0
  📈 Trend: moderate_bearish | 🌍 Regime: ranging
  🗺️  Grid: 0.100% | 🔺 7698.25 🔻 7697.50
  📡 RSI: 51.6 | MACD: -0.95 | ATR: 2.59
  📊 Filled: 1 | Pending: 0
  📍 LONG @ 7701.25 | SL: 7693.25 | TP: 7712.00 | P&L: $-287.50
  💰 Daily P&L: $-437.50

[2026-08-21 11:35] O:7695.50 H:7696.50 L:7695.50 C:7696.25 V:1329.0
  📈 Trend: moderate_bearish | 🌍 Regime: ranging
  🗺️  Grid: 0.100% | 🔺 7698.00 🔻 7695.50
  📡 RSI: 43.6 | MACD: -1.02 | ATR: 1.86
  📊 Filled: 1 | Pending: 0
  📍 LONG @ 7701.25 | SL: 7693.25 | TP: 7712.00 | P&L: $-250.00
  💰 Daily P&L: $-437.50

[2026-08-21 11:36] O:7696.00 H:7698.00 L:7696.00 C:7697.75 V:1193.0
  📈 Trend: moderate_bearish | 🌍 Regime: ranging
  🗺️  Grid: 0.100% | 🔺 7696.50 🔻 7695.50
  📡 RSI: 50.8 | MACD: -0.93 | ATR: 1.80
  📊 Filled: 1 | Pending: 0
  📍 LONG @ 7701.25 | SL: 7693.25 | TP: 7712.00 | P&L: $-175.00
  💰 Daily P&L: $-437.50

[2026-08-21 11:37] O:7697.75 H:7698.75 L:7697.00 C:7697.50 V:1077.0
  📈 Trend: moderate_bearish (raw: moderate_bullish) | 🌍 Regime: ranging
  🗺️  Grid: 0.100% | 🔺 7698.00 🔻 7696.00
  📡 RSI: 49.2 | MACD: -0.88 | ATR: 1.80
  📊 Filled: 1 | Pending: 0
  📍 LONG @ 7701.25 | SL: 7693.25 | TP: 7712.00 | P&L: $-187.50
  💰 Daily P&L: $-437.50

[2026-08-21 11:38] O:7697.50 H:7699.50 L:7697.50 C:7699.50 V:943.0
  📈 Trend: moderate_bearish (raw: moderate_bullish) | 🌍 Regime: ranging
  🗺️  Grid: 0.100% | 🔺 7698.75 🔻 7697.00
  📡 RSI: 56.9 | MACD: -0.67 | ATR: 1.84
  📊 Filled: 1 | Pending: 0
  📍 LONG @ 7701.25 | SL: 7693.25 | TP: 7712.00 | P&L: $-87.50
  💰 Daily P&L: $-437.50

[2026-08-21 11:39] O:7699.25 H:7701.00 L:7699.00 C:7700.75 V:1277.0
  📈 Trend: moderate_bullish | 🌍 Regime: ranging
  🗺️  Grid: 0.100% | 🔺 7699.50 🔻 7697.50
  📡 RSI: 58.8 | MACD: -0.39 | ATR: 1.86
  📊 Filled: 1 | Pending: 0
  📍 LONG @ 7701.25 | SL: 7693.25 | TP: 7712.00 | P&L: $-25.00
  💰 Daily P&L: $-437.50

[2026-08-21 11:40] O:7700.75 H:7701.00 L:7699.25 C:7699.75 V:1473.0
  📈 Trend: moderate_bullish | 🌍 Regime: ranging
  🗺️  Grid: 0.100% | 🔺 7701.00 🔻 7699.00
  📡 RSI: 56.3 | MACD: -0.25 | ATR: 1.88
  📊 Filled: 1 | Pending: 0
  📍 LONG @ 7701.25 | SL: 7693.25 | TP: 7712.00 | P&L: $-75.00
  💰 Daily P&L: $-437.50

[2026-08-21 11:41] O:7699.75 H:7700.75 L:7699.25 C:7699.50 V:946.0
  📈 Trend: moderate_bullish | 🌍 Regime: ranging
  🗺️  Grid: 0.100% | 🔺 7701.00 🔻 7699.25
  📡 RSI: 50.8 | MACD: -0.16 | ATR: 1.82
  📊 Filled: 1 | Pending: 0
  📍 LONG @ 7701.25 | SL: 7693.25 | TP: 7712.00 | P&L: $-87.50
  💰 Daily P&L: $-437.50

[2026-08-21 11:42] O:7699.75 H:7700.50 L:7699.50 C:7700.00 V:521.0
  📈 Trend: moderate_bullish | 🌍 Regime: ranging
  🗺️  Grid: 0.100% | 🔺 7700.75 🔻 7699.25
  📡 RSI: 49.2 | MACD: -0.05 | ATR: 1.75
  📊 Filled: 1 | Pending: 0
  📍 LONG @ 7701.25 | SL: 7693.25 | TP: 7712.00 | P&L: $-62.50
  💰 Daily P&L: $-437.50

[2026-08-21 11:43] O:7700.00 H:7700.00 L:7698.00 C:7699.00 V:1591.0
  📈 Trend: moderate_bullish | 🌍 Regime: ranging
  🗺️  Grid: 0.100% | 🔺 7700.50 🔻 7699.50
  📡 RSI: 45.5 | MACD: -0.04 | ATR: 1.82
  📊 Filled: 1 | Pending: 0
  📍 LONG @ 7701.25 | SL: 7693.25 | TP: 7712.00 | P&L: $-112.50
  💰 Daily P&L: $-437.50

[2026-08-21 11:44] O:7699.00 H:7699.25 L:7698.50 C:7699.00 V:600.0
  📈 Trend: moderate_bullish | 🌍 Regime: ranging
  🗺️  Grid: 0.100% | 🔺 7700.00 🔻 7698.00
  📡 RSI: 48.4 | MACD: -0.03 | ATR: 1.71
  📊 Filled: 1 | Pending: 0
  📍 LONG @ 7701.25 | SL: 7693.25 | TP: 7712.00 | P&L: $-112.50
  💰 Daily P&L: $-437.50

[2026-08-21 11:45] O:7699.00 H:7699.00 L:7696.00 C:7697.00 V:2000.0
  📈 Trend: moderate_bullish (raw: moderate_bearish) | 🌍 Regime: ranging
  🗺️  Grid: 0.100% | 🔺 7699.25 🔻 7698.50
  📡 RSI: 51.7 | MACD: -0.18 | ATR: 1.70
  📊 Filled: 1 | Pending: 0
  📍 LONG @ 7701.25 | SL: 7693.25 | TP: 7712.00 | P&L: $-212.50
  💰 Daily P&L: $-437.50

[2026-08-21 11:46] O:7697.00 H:7698.25 L:7696.75 C:7697.00 V:859.0
  📈 Trend: moderate_bullish (raw: strong_bearish) | 🌍 Regime: ranging
  🗺️  Grid: 0.100% | 🔺 7699.00 🔻 7696.00
  📡 RSI: 46.2 | MACD: -0.30 | ATR: 1.68
  📊 Filled: 1 | Pending: 0
  📍 LONG @ 7701.25 | SL: 7693.25 | TP: 7712.00 | P&L: $-212.50
  💰 Daily P&L: $-437.50

[2026-08-21 11:47] O:7697.00 H:7697.25 L:7696.75 C:7697.25 V:632.0
  📈 Trend: moderate_bullish (raw: strong_bearish) | 🌍 Regime: ranging
  🗺️  Grid: 0.100% | 🔺 7698.25 🔻 7696.75
  📡 RSI: 47.2 | MACD: -0.37 | ATR: 1.66
  📊 Filled: 1 | Pending: 0
  📍 LONG @ 7701.25 | SL: 7693.25 | TP: 7712.00 | P&L: $-200.00
  💰 Daily P&L: $-437.50

[2026-08-21 11:48] O:7697.00 H:7697.75 L:7696.75 C:7697.25 V:837.0
  📈 Trend: strong_bearish | 🌍 Regime: ranging
  🗺️  Grid: 0.100% | 🔺 7697.25 🔻 7696.75
  📡 RSI: 58.1 | MACD: -0.42 | ATR: 1.55
  📊 Filled: 1 | Pending: 0
  📍 LONG @ 7701.25 | SL: 7693.25 | TP: 7712.00 | P&L: $-200.00
  💰 Daily P&L: $-437.50

[2026-08-21 11:49] O:7697.50 H:7698.25 L:7696.50 C:7696.75 V:889.0
  📈 Trend: strong_bearish | 🌍 Regime: ranging
  🗺️  Grid: 0.100% | 🔺 7697.75 🔻 7696.75
  📡 RSI: 52.4 | MACD: -0.49 | ATR: 1.61
  📊 Filled: 1 | Pending: 0
  📍 LONG @ 7701.25 | SL: 7693.25 | TP: 7712.00 | P&L: $-225.00
  💰 Daily P&L: $-437.50
  📋 Order 338 status: PreSubmitted
  📋 Order 338 status: PendingCancel
  ✅ Fill: SLD 1.0 @ 7693.25
  📋 Order 337 status: Filled
  📋 Order 338 status: PendingCancel
  🛡️ OCA backup: cancelling sibling order 338 immediately after 337 filled
  📋 Order 338 status: Cancelled

[2026-08-21 11:50] O:7696.75 H:7697.00 L:7693.00 C:7694.00 V:2994.0
  📈 Trend: strong_bearish | 🌍 Regime: ranging
  🗺️  Grid: 0.100% | 🔺 7698.25 🔻 7696.50
  📡 RSI: 34.0 | MACD: -0.76 | ATR: 1.75
  📊 Filled: 1 | Pending: 0
  📍 LONG @ 7701.25 | SL: 7693.25 | TP: 7712.00 | P&L: $-362.50
  ❌ EXIT LONG @ 7693.25 | Stop Loss
     P&L: -8.00 pts ($-400.00) | Daily: $-837.50
  ⏸️ Cooldown: 2 bar(s) remaining after exit
  💰 Daily P&L: $-837.50

[2026-08-21 11:51] O:7694.00 H:7695.00 L:7693.75 C:7694.50 V:1325.0
  📈 Trend: strong_bearish | 🌍 Regime: ranging
  🗺️  Grid: 0.100% | 🔺 7697.00 🔻 7693.00
  📡 RSI: 37.5 | MACD: -0.93 | ATR: 1.71
  📊 Filled: 0 | Pending: 0
  ⏸️ Cooldown: 1 bar(s) remaining after exit
  💰 Daily P&L: $-837.50

[2026-08-21 11:52] O:7694.25 H:7695.25 L:7694.00 C:7694.75 V:1192.0
  📈 Trend: strong_bearish | 🌍 Regime: ranging
  🗺️  Grid: 0.100% | 🔺 7695.00 🔻 7693.75
  📡 RSI: 26.8 | MACD: -1.03 | ATR: 1.66
  📊 Filled: 0 | Pending: 0
  💰 Daily P&L: $-837.50

[2026-08-21 11:53] O:7695.00 H:7695.25 L:7694.50 C:7695.00 V:573.0
  📈 Trend: strong_bearish | 🌍 Regime: ranging
  🗺️  Grid: 0.100% | 🔺 7695.25 🔻 7694.00
  📡 RSI: 18.9 | MACD: -1.07 | ATR: 1.57
  📊 Filled: 0 | Pending: 0
  💰 Daily P&L: $-837.50

[2026-08-21 11:54] O:7694.75 H:7696.00 L:7694.75 C:7695.25 V:1174.0
  📈 Trend: strong_bearish | 🌍 Regime: ranging
  🗺️  Grid: 0.100% | 🔺 7695.25 🔻 7694.50
  📡 RSI: 23.5 | MACD: -1.07 | ATR: 1.54
  📊 Filled: 0 | Pending: 0
  💰 Daily P&L: $-837.50

[2026-08-21 11:55] O:7695.25 H:7696.25 L:7694.50 C:7695.75 V:1385.0
  📈 Trend: strong_bearish | 🌍 Regime: ranging
  🗺️  Grid: 0.100% | 🔺 7696.00 🔻 7694.75
  📡 RSI: 28.6 | MACD: -1.02 | ATR: 1.55
  📊 Filled: 0 | Pending: 0
  💰 Daily P&L: $-837.50

[2026-08-21 11:56] O:7695.50 H:7696.50 L:7695.00 C:7695.25 V:924.0
  📈 Trend: strong_bearish | 🌍 Regime: ranging
  🗺️  Grid: 0.100% | 🔺 7696.25 🔻 7694.50
  📡 RSI: 22.9 | MACD: -1.01 | ATR: 1.59
  📊 Filled: 0 | Pending: 0
  💰 Daily P&L: $-837.50

[2026-08-21 11:57] O:7695.25 H:7698.00 L:7695.00 C:7697.75 V:1212.0
  📈 Trend: strong_bearish (raw: moderate_bearish) | 🌍 Regime: ranging
  🗺️  Grid: 0.100% | 🔺 7696.50 🔻 7695.00
  📡 RSI: 43.9 | MACD: -0.79 | ATR: 1.66
  📊 Filled: 0 | Pending: 0
  💰 Daily P&L: $-837.50

[2026-08-21 11:58] O:7697.75 H:7699.50 L:7697.25 C:7699.25 V:1342.0
  📈 Trend: strong_bearish (raw: moderate_bearish) | 🌍 Regime: ranging
  🗺️  Grid: 0.100% | 🔺 7698.00 🔻 7695.00
  📡 RSI: 51.1 | MACD: -0.49 | ATR: 1.77
  📊 Filled: 0 | Pending: 0
  💰 Daily P&L: $-837.50

[2026-08-21 11:59] O:7699.25 H:7699.25 L:7698.00 C:7699.00 V:900.0
  📈 Trend: moderate_bearish | 🌍 Regime: ranging
  🗺️  Grid: 0.100% | 🔺 7699.50 🔻 7697.25
  📡 RSI: 60.0 | MACD: -0.27 | ATR: 1.64
  📊 Filled: 0 | Pending: 0
  💰 Daily P&L: $-837.50

[2026-08-21 12:00] O:7699.25 H:7700.00 L:7698.50 C:7699.00 V:1546.0
  📈 Trend: moderate_bearish | 🌍 Regime: ranging
  🗺️  Grid: 0.100% | 🔺 7699.25 🔻 7698.00
  📡 RSI: 60.0 | MACD: -0.10 | ATR: 1.64
  📊 Filled: 0 | Pending: 0
  💰 Daily P&L: $-837.50

[2026-08-21 12:01] O:7698.75 H:7699.25 L:7698.00 C:7698.75 V:1303.0
  📈 Trend: moderate_bearish (raw: moderate_bullish) | 🌍 Regime: ranging
  🗺️  Grid: 0.100% | 🔺 7700.00 🔻 7698.50
  📡 RSI: 57.5 | MACD: 0.02 | ATR: 1.70
  📊 Filled: 0 | Pending: 0
  💰 Daily P&L: $-837.50

[2026-08-21 12:02] O:7699.00 H:7699.50 L:7697.50 C:7698.00 V:1718.0
  📈 Trend: moderate_bearish (raw: moderate_bullish) | 🌍 Regime: ranging
  🗺️  Grid: 0.100% | 🔺 7699.25 🔻 7698.00
  📡 RSI: 53.5 | MACD: 0.06 | ATR: 1.77
  📊 Filled: 0 | Pending: 0
  💰 Daily P&L: $-837.50

[2026-08-21 12:03] O:7698.00 H:7699.00 L:7697.50 C:7698.50 V:935.0
  📈 Trend: moderate_bullish | 🌍 Regime: ranging
  🗺️  Grid: 0.100% | 🔺 7699.50 🔻 7697.50
  📡 RSI: 58.1 | MACD: 0.12 | ATR: 1.75
  📊 Filled: 0 | Pending: 0
  💰 Daily P&L: $-837.50

[2026-08-21 12:04] O:7698.25 H:7698.75 L:7698.00 C:7698.00 V:643.0
  📈 Trend: moderate_bullish (raw: strong_bullish) | 🌍 Regime: ranging
  🗺️  Grid: 0.100% | 🔺 7699.00 🔻 7697.50
  📡 RSI: 73.5 | MACD: 0.13 | ATR: 1.52
  📊 Filled: 0 | Pending: 0
  💰 Daily P&L: $-837.50

[2026-08-21 12:05] O:7698.00 H:7698.50 L:7696.75 C:7698.50 V:821.0
  📈 Trend: moderate_bullish (raw: strong_bullish) | 🌍 Regime: ranging
  🗺️  Grid: 0.100% | 🔺 7698.75 🔻 7698.00
  📡 RSI: 73.5 | MACD: 0.18 | ATR: 1.55
  📊 Filled: 0 | Pending: 0
  💰 Daily P&L: $-837.50

[2026-08-21 12:06] O:7698.50 H:7698.75 L:7696.75 C:7698.50 V:985.0
  📈 Trend: strong_bullish | 🌍 Regime: ranging
  🗺️  Grid: 0.100% | 🔺 7698.50 🔻 7696.75
  📡 RSI: 72.7 | MACD: 0.21 | ATR: 1.61
  📊 Filled: 0 | Pending: 0
  💰 Daily P&L: $-837.50

[2026-08-21 12:07] O:7698.50 H:7699.50 L:7697.75 C:7697.75 V:922.0
  📈 Trend: strong_bullish | 🌍 Regime: ranging
  🗺️  Grid: 0.100% | 🔺 7698.75 🔻 7696.75
  📡 RSI: 65.7 | MACD: 0.18 | ATR: 1.68
  📊 Filled: 0 | Pending: 0
  💰 Daily P&L: $-837.50

[2026-08-21 12:08] O:7698.00 H:7699.75 L:7697.75 C:7699.75 V:1348.0
  📈 Trend: strong_bullish | 🌍 Regime: ranging
  🗺️  Grid: 0.100% | 🔺 7699.50 🔻 7697.75
  📡 RSI: 71.4 | MACD: 0.31 | ATR: 1.73
  📊 Filled: 0 | Pending: 0
  💰 Daily P&L: $-837.50

[2026-08-21 12:09] O:7699.75 H:7700.75 L:7698.50 C:7699.00 V:2105.0
  📈 Trend: strong_bullish | 🌍 Regime: ranging
  🗺️  Grid: 0.100% | 🔺 7699.75 🔻 7697.75
  📡 RSI: 65.1 | MACD: 0.34 | ATR: 1.77
  📊 Filled: 0 | Pending: 0
  💰 Daily P&L: $-837.50

[2026-08-21 12:10] O:7699.00 H:7699.00 L:7697.25 C:7697.25 V:847.0
  📈 Trend: strong_bullish | 🌍 Regime: ranging
  🗺️  Grid: 0.100% | 🔺 7700.75 🔻 7698.50
  📡 RSI: 58.3 | MACD: 0.23 | ATR: 1.79
  📊 Filled: 0 | Pending: 0
  💰 Daily P&L: $-837.50

[2026-08-21 12:11] O:7697.25 H:7697.75 L:7696.25 C:7696.75 V:746.0
  📈 Trend: strong_bullish (raw: moderate_bullish) | 🌍 Regime: ranging
  🗺️  Grid: 0.100% | 🔺 7699.00 🔻 7697.25
  📡 RSI: 45.0 | MACD: 0.10 | ATR: 1.68
  📊 Filled: 0 | Pending: 0
  💰 Daily P&L: $-837.50

[2026-08-21 12:12] O:7697.00 H:7697.50 L:7696.50 C:7697.00 V:504.0
  📈 Trend: strong_bullish (raw: moderate_bullish) | 🌍 Regime: ranging
  🗺️  Grid: 0.100% | 🔺 7697.75 🔻 7696.25
  📡 RSI: 37.1 | MACD: 0.02 | ATR: 1.59
  📊 Filled: 0 | Pending: 0
  💰 Daily P&L: $-837.50

[2026-08-21 12:13] O:7697.00 H:7697.25 L:7696.50 C:7696.50 V:641.0
  📈 Trend: strong_bullish | 🌍 Regime: ranging
  🗺️  Grid: 0.100% | 🔺 7697.50 🔻 7696.50
  📡 RSI: 36.1 | MACD: -0.09 | ATR: 1.55
  📊 Filled: 0 | Pending: 0
  💰 Daily P&L: $-837.50

[2026-08-21 12:14] O:7696.50 H:7697.50 L:7696.00 C:7697.50 V:759.0
  📈 Trend: strong_bullish | 🌍 Regime: ranging
  🗺️  Grid: 0.100% | 🔺 7697.25 🔻 7696.50
  📡 RSI: 42.5 | MACD: -0.09 | ATR: 1.55
  📊 Filled: 0 | Pending: 0
  🟢 Pullback LONG | RSI 36.1→42.5 turning up in strong_bullish
  📤 Limit BUY 1 @ 7699.00 submitted (ID: 339)
  📋 Order 339 status: PreSubmitted
  ✅ Fill: BOT 1.0 @ 7696.75
  📋 Order 339 status: Filled
  ⬆️ LONG ORDER @ 7699.00 | Size: 1.00 | SL: 7690.00 | TP: 7712.50 [1cts]
     Reason: Grid Long (strong_bullish, RSI: 42.5)
  🔬 SHADOW [long trending]: 🟥 ROBUST WOULD BLOCK (1 filter)
       MACD=BLOCK (-0.09 vs -0.09, Δ-0.00) | 5m=PASS (1m=strong_bullish, 5m=sideways)
     ⏳ Order 339 PENDING - awaiting fill confirmation
  💰 Daily P&L: $-837.50
  📤 Stop-Market SELL 1 @ 7688.75 submitted (ID: 340) [OCA:exit_339_1787332566]
  📋 Order 340 status: PreSubmitted
  📤 Limit SELL 1 @ 7707.50 submitted (ID: 341) [OCA:exit_339_1787332566]
  📋 Order 341 status: PreSubmitted
  ✅ FILL CONFIRMED: LONG @ 7696.75 (order 339)
     📊 Bracket placed: SL #340 @ 7688.75 | TP #341 @ 7707.50
     Trail activates @ +7.5 pts

[2026-08-21 12:15] O:7697.25 H:7698.25 L:7696.00 C:7698.00 V:1255.0
  📈 Trend: strong_bullish | 🌍 Regime: ranging
  🗺️  Grid: 0.100% | 🔺 7697.50 🔻 7696.00
  📡 RSI: 46.3 | MACD: -0.05 | ATR: 1.62
  📊 Filled: 1 | Pending: 0
  📍 LONG @ 7696.75 | SL: 7688.75 | TP: 7707.50 | P&L: $+62.50
  💰 Daily P&L: $-837.50
  📋 Order 341 status: Submitted

[2026-08-21 12:16] O:7698.00 H:7698.00 L:7697.00 C:7697.50 V:747.0
  📈 Trend: strong_bullish (raw: moderate_bullish) | 🌍 Regime: ranging
  🗺️  Grid: 0.100% | 🔺 7698.25 🔻 7696.00
  📡 RSI: 47.5 | MACD: -0.06 | ATR: 1.55
  📊 Filled: 1 | Pending: 0
  📍 LONG @ 7696.75 | SL: 7688.75 | TP: 7707.50 | P&L: $+37.50
  💰 Daily P&L: $-837.50

[2026-08-21 12:17] O:7697.75 H:7698.25 L:7696.50 C:7696.75 V:650.0
  📈 Trend: strong_bullish (raw: moderate_bullish) | 🌍 Regime: ranging
  🗺️  Grid: 0.100% | 🔺 7698.00 🔻 7697.00
  📡 RSI: 41.5 | MACD: -0.13 | ATR: 1.57
  📊 Filled: 1 | Pending: 0
  📍 LONG @ 7696.75 | SL: 7688.75 | TP: 7707.50 | P&L: $+0.00
  💰 Daily P&L: $-837.50

[2026-08-21 12:18] O:7696.50 H:7697.00 L:7696.25 C:7696.25 V:673.0
  📈 Trend: moderate_bullish | 🌍 Regime: ranging
  🗺️  Grid: 0.100% | 🔺 7698.25 🔻 7696.50
  📡 RSI: 41.5 | MACD: -0.22 | ATR: 1.57
  📊 Filled: 1 | Pending: 0
  📍 LONG @ 7696.75 | SL: 7688.75 | TP: 7707.50 | P&L: $-25.00
  💰 Daily P&L: $-837.50

[2026-08-21 12:19] O:7696.25 H:7697.25 L:7696.00 C:7696.50 V:827.0
  📈 Trend: moderate_bullish | 🌍 Regime: ranging
  🗺️  Grid: 0.100% | 🔺 7697.00 🔻 7696.25
  📡 RSI: 40.0 | MACD: -0.27 | ATR: 1.54
  📊 Filled: 1 | Pending: 0
  📍 LONG @ 7696.75 | SL: 7688.75 | TP: 7707.50 | P&L: $-12.50
  💰 Daily P&L: $-837.50

[2026-08-21 12:20] O:7696.50 H:7697.00 L:7694.50 C:7695.50 V:1448.0
  📈 Trend: moderate_bullish | 🌍 Regime: ranging
  🗺️  Grid: 0.100% | 🔺 7697.25 🔻 7696.00
  📡 RSI: 36.4 | MACD: -0.38 | ATR: 1.57
  📊 Filled: 1 | Pending: 0
  📍 LONG @ 7696.75 | SL: 7688.75 | TP: 7707.50 | P&L: $-62.50
  💰 Daily P&L: $-837.50

[2026-08-21 12:21] O:7695.50 H:7695.75 L:7694.25 C:7694.75 V:1014.0
  📈 Trend: moderate_bullish (raw: strong_bearish) | 🌍 Regime: ranging
  🗺️  Grid: 0.100% | 🔺 7697.00 🔻 7694.50
  📡 RSI: 36.4 | MACD: -0.53 | ATR: 1.55
  📊 Filled: 1 | Pending: 0
  📍 LONG @ 7696.75 | SL: 7688.75 | TP: 7707.50 | P&L: $-100.00
  💰 Daily P&L: $-837.50

[2026-08-21 12:22] O:7694.75 H:7695.00 L:7692.25 C:7693.50 V:1854.0
  📈 Trend: moderate_bullish (raw: strong_bearish) | 🌍 Regime: ranging
  🗺️  Grid: 0.100% | 🔺 7695.75 🔻 7694.25
  📡 RSI: 19.5 | MACD: -0.73 | ATR: 1.61
  📊 Filled: 1 | Pending: 0
  📍 LONG @ 7696.75 | SL: 7688.75 | TP: 7707.50 | P&L: $-162.50
  💰 Daily P&L: $-837.50

[2026-08-21 12:23] O:7693.25 H:7693.75 L:7692.75 C:7693.50 V:1253.0
  📈 Trend: strong_bearish | 🌍 Regime: ranging
  🗺️  Grid: 0.100% | 🔺 7695.00 🔻 7692.25
  📡 RSI: 21.1 | MACD: -0.89 | ATR: 1.52
  📊 Filled: 1 | Pending: 0
  📍 LONG @ 7696.75 | SL: 7688.75 | TP: 7707.50 | P&L: $-162.50
  💰 Daily P&L: $-837.50

[2026-08-21 12:24] O:7693.25 H:7694.25 L:7692.50 C:7694.00 V:1633.0
  📈 Trend: strong_bearish | 🌍 Regime: ranging
  🗺️  Grid: 0.100% | 🔺 7693.75 🔻 7692.75
  📡 RSI: 30.3 | MACD: -0.96 | ATR: 1.52
  📊 Filled: 1 | Pending: 0
  📍 LONG @ 7696.75 | SL: 7688.75 | TP: 7707.50 | P&L: $-137.50
  💰 Daily P&L: $-837.50

[2026-08-21 12:25] O:7693.75 H:7694.00 L:7692.50 C:7693.00 V:1053.0
  📈 Trend: strong_bearish | 🌍 Regime: ranging
  🗺️  Grid: 0.100% | 🔺 7694.25 🔻 7692.50
  📡 RSI: 28.6 | MACD: -1.08 | ATR: 1.52
  📊 Filled: 1 | Pending: 0
  📍 LONG @ 7696.75 | SL: 7688.75 | TP: 7707.50 | P&L: $-187.50
  💰 Daily P&L: $-837.50

[2026-08-21 12:26] O:7693.00 H:7694.50 L:7692.25 C:7692.75 V:1065.0
  📈 Trend: strong_bearish | 🌍 Regime: ranging
  🗺️  Grid: 0.100% | 🔺 7694.00 🔻 7692.50
  📡 RSI: 25.7 | MACD: -1.19 | ATR: 1.61
  📊 Filled: 1 | Pending: 0
  📍 LONG @ 7696.75 | SL: 7688.75 | TP: 7707.50 | P&L: $-200.00
  💰 Daily P&L: $-837.50

[2026-08-21 12:27] O:7692.75 H:7693.75 L:7692.50 C:7693.75 V:883.0
  📈 Trend: strong_bearish | 🌍 Regime: ranging
  🗺️  Grid: 0.100% | 🔺 7694.50 🔻 7692.25
  📡 RSI: 35.1 | MACD: -1.18 | ATR: 1.64
  📊 Filled: 1 | Pending: 0
  📍 LONG @ 7696.75 | SL: 7688.75 | TP: 7707.50 | P&L: $-150.00
  💰 Daily P&L: $-837.50

[2026-08-21 12:28] O:7693.50 H:7695.75 L:7693.50 C:7695.00 V:1575.0
  📈 Trend: strong_bearish | 🌍 Regime: ranging
  🗺️  Grid: 0.100% | 🔺 7693.75 🔻 7692.50
  📡 RSI: 36.8 | MACD: -1.05 | ATR: 1.70
  📊 Filled: 1 | Pending: 0
  📍 LONG @ 7696.75 | SL: 7688.75 | TP: 7707.50 | P&L: $-87.50
  💰 Daily P&L: $-837.50

[2026-08-21 12:29] O:7695.25 H:7695.50 L:7693.50 C:7693.50 V:938.0
  📈 Trend: strong_bearish | 🌍 Regime: ranging
  🗺️  Grid: 0.100% | 🔺 7695.75 🔻 7693.50
  📡 RSI: 28.6 | MACD: -1.07 | ATR: 1.68
  📊 Filled: 1 | Pending: 0
  📍 LONG @ 7696.75 | SL: 7688.75 | TP: 7707.50 | P&L: $-162.50
  💰 Daily P&L: $-837.50

[2026-08-21 12:30] O:7693.75 H:7694.50 L:7693.00 C:7693.50 V:1728.0
  📈 Trend: strong_bearish | 🌍 Regime: ranging
  🗺️  Grid: 0.100% | 🔺 7695.50 🔻 7693.50
  📡 RSI: 30.0 | MACD: -1.06 | ATR: 1.71
  📊 Filled: 1 | Pending: 0
  📍 LONG @ 7696.75 | SL: 7688.75 | TP: 7707.50 | P&L: $-162.50
  💰 Daily P&L: $-837.50

[2026-08-21 12:31] O:7693.75 H:7694.00 L:7692.75 C:7693.00 V:909.0
  📈 Trend: strong_bearish | 🌍 Regime: ranging
  🗺️  Grid: 0.100% | 🔺 7694.50 🔻 7693.00
  📡 RSI: 30.8 | MACD: -1.09 | ATR: 1.68
  📊 Filled: 1 | Pending: 0
  📍 LONG @ 7696.75 | SL: 7688.75 | TP: 7707.50 | P&L: $-187.50
  💰 Daily P&L: $-837.50

[2026-08-21 12:32] O:7693.25 H:7693.50 L:7692.25 C:7692.75 V:1197.0
  📈 Trend: strong_bearish | 🌍 Regime: ranging
  🗺️  Grid: 0.100% | 🔺 7694.00 🔻 7692.75
  📡 RSI: 31.6 | MACD: -1.12 | ATR: 1.71
  📊 Filled: 1 | Pending: 0
  📍 LONG @ 7696.75 | SL: 7688.75 | TP: 7707.50 | P&L: $-200.00
  💰 Daily P&L: $-837.50

[2026-08-21 12:33] O:7692.75 H:7693.50 L:7692.00 C:7693.00 V:1278.0
  📈 Trend: strong_bearish | 🌍 Regime: ranging
  🗺️  Grid: 0.100% | 🔺 7693.50 🔻 7692.25
  📡 RSI: 31.6 | MACD: -1.11 | ATR: 1.73
  📊 Filled: 1 | Pending: 0
  📍 LONG @ 7696.75 | SL: 7688.75 | TP: 7707.50 | P&L: $-187.50
  💰 Daily P&L: $-837.50

[2026-08-21 12:34] O:7693.25 H:7693.25 L:7690.75 C:7690.75 V:1501.0
  📈 Trend: strong_bearish | 🌍 Regime: ranging
  🗺️  Grid: 0.100% | 🔺 7693.50 🔻 7692.00
  📡 RSI: 27.9 | MACD: -1.27 | ATR: 1.73
  📊 Filled: 1 | Pending: 0
  📍 LONG @ 7696.75 | SL: 7688.75 | TP: 7707.50 | P&L: $-300.00
  💰 Daily P&L: $-837.50

[2026-08-21 12:35] O:7690.50 H:7691.50 L:7690.25 C:7691.00 V:1574.0
  📈 Trend: strong_bearish | 🌍 Regime: ranging
  🗺️  Grid: 0.100% | 🔺 7693.25 🔻 7690.75
  📡 RSI: 31.7 | MACD: -1.35 | ATR: 1.71
  📊 Filled: 1 | Pending: 0
  📍 LONG @ 7696.75 | SL: 7688.75 | TP: 7707.50 | P&L: $-287.50
  💰 Daily P&L: $-837.50

[2026-08-21 12:36] O:7691.00 H:7693.00 L:7690.75 C:7692.75 V:1250.0
  📈 Trend: strong_bearish | 🌍 Regime: trending_bearish
  🗺️  Grid: 0.100% | 🔺 7691.50 🔻 7690.25
  📡 RSI: 46.5 | MACD: -1.27 | ATR: 1.68
  📊 Filled: 1 | Pending: 0
  📍 LONG @ 7696.75 | SL: 7688.75 | TP: 7707.50 | P&L: $-200.00
  💰 Daily P&L: $-837.50

[2026-08-21 12:37] O:7693.00 H:7693.50 L:7691.75 C:7691.75 V:1262.0
  📈 Trend: strong_bearish | 🌍 Regime: trending_bearish
  🗺️  Grid: 0.100% | 🔺 7693.00 🔻 7690.75
  📡 RSI: 42.6 | MACD: -1.27 | ATR: 1.73
  📊 Filled: 1 | Pending: 0
  📍 LONG @ 7696.75 | SL: 7688.75 | TP: 7707.50 | P&L: $-250.00
  💰 Daily P&L: $-837.50

[2026-08-21 12:38] O:7691.75 H:7692.00 L:7691.00 C:7691.25 V:1168.0
  📈 Trend: strong_bearish | 🌍 Regime: trending_bearish
  🗺️  Grid: 0.100% | 🔺 7693.50 🔻 7691.75
  📡 RSI: 38.3 | MACD: -1.29 | ATR: 1.68
  📊 Filled: 1 | Pending: 0
  📍 LONG @ 7696.75 | SL: 7688.75 | TP: 7707.50 | P&L: $-275.00
  💰 Daily P&L: $-837.50

[2026-08-21 12:39] O:7691.25 H:7692.00 L:7690.75 C:7691.00 V:1190.0
  📈 Trend: strong_bearish | 🌍 Regime: trending_bearish
  🗺️  Grid: 0.100% | 🔺 7692.00 🔻 7691.00
  📡 RSI: 40.9 | MACD: -1.32 | ATR: 1.66
  📊 Filled: 1 | Pending: 0
  📍 LONG @ 7696.75 | SL: 7688.75 | TP: 7707.50 | P&L: $-287.50
  💰 Daily P&L: $-837.50

[2026-08-21 12:40] O:7691.25 H:7691.50 L:7690.00 C:7690.25 V:1197.0
  📈 Trend: strong_bearish | 🌍 Regime: trending_bearish
  🗺️  Grid: 0.100% | 🔺 7692.00 🔻 7690.75
  📡 RSI: 39.1 | MACD: -1.38 | ATR: 1.61
  📊 Filled: 1 | Pending: 0
  📍 LONG @ 7696.75 | SL: 7688.75 | TP: 7707.50 | P&L: $-325.00
  💰 Daily P&L: $-837.50

[2026-08-21 12:41] O:7690.25 H:7692.50 L:7690.25 C:7692.25 V:1242.0
  📈 Trend: strong_bearish | 🌍 Regime: trending_bearish
  🗺️  Grid: 0.100% | 🔺 7691.50 🔻 7690.00
  📡 RSI: 44.0 | MACD: -1.26 | ATR: 1.68
  📊 Filled: 1 | Pending: 0
  📍 LONG @ 7696.75 | SL: 7688.75 | TP: 7707.50 | P&L: $-225.00
  💰 Daily P&L: $-837.50

[2026-08-21 12:42] O:7692.00 H:7692.50 L:7691.50 C:7691.75 V:1014.0
  📈 Trend: strong_bearish | 🌍 Regime: trending_bearish
  🗺️  Grid: 0.100% | 🔺 7692.50 🔻 7690.25
  📡 RSI: 36.2 | MACD: -1.18 | ATR: 1.59
  📊 Filled: 1 | Pending: 0
  📍 LONG @ 7696.75 | SL: 7688.75 | TP: 7707.50 | P&L: $-250.00
  💰 Daily P&L: $-837.50

[2026-08-21 12:43] O:7691.75 H:7692.25 L:7691.00 C:7691.25 V:638.0
  📈 Trend: strong_bearish | 🌍 Regime: trending_bearish
  🗺️  Grid: 0.100% | 🔺 7692.50 🔻 7691.50
  📡 RSI: 39.5 | MACD: -1.15 | ATR: 1.54
  📊 Filled: 1 | Pending: 0
  📍 LONG @ 7696.75 | SL: 7688.75 | TP: 7707.50 | P&L: $-275.00
  💰 Daily P&L: $-837.50

[2026-08-21 12:44] O:7691.25 H:7692.25 L:7690.75 C:7692.00 V:1152.0
  📈 Trend: strong_bearish | 🌍 Regime: trending_bearish
  🗺️  Grid: 0.100% | 🔺 7692.25 🔻 7691.00
  📡 RSI: 43.5 | MACD: -1.06 | ATR: 1.54
  📊 Filled: 1 | Pending: 0
  📍 LONG @ 7696.75 | SL: 7688.75 | TP: 7707.50 | P&L: $-237.50
  💰 Daily P&L: $-837.50

[2026-08-21 12:45] O:7692.25 H:7693.25 L:7691.25 C:7691.50 V:1688.0
  📈 Trend: strong_bearish | 🌍 Regime: trending_bearish
  🗺️  Grid: 0.100% | 🔺 7692.25 🔻 7690.75
  📡 RSI: 43.5 | MACD: -1.01 | ATR: 1.59
  📊 Filled: 1 | Pending: 0
  📍 LONG @ 7696.75 | SL: 7688.75 | TP: 7707.50 | P&L: $-262.50
  💰 Daily P&L: $-837.50

[2026-08-21 12:46] O:7691.75 H:7692.75 L:7691.25 C:7692.75 V:865.0
  📈 Trend: strong_bearish | 🌍 Regime: trending_bearish
  🗺️  Grid: 0.100% | 🔺 7693.25 🔻 7691.25
  📡 RSI: 50.0 | MACD: -0.86 | ATR: 1.61
  📊 Filled: 1 | Pending: 0
  📍 LONG @ 7696.75 | SL: 7688.75 | TP: 7707.50 | P&L: $-200.00
  💰 Daily P&L: $-837.50

[2026-08-21 12:47] O:7692.75 H:7693.75 L:7692.25 C:7693.00 V:1640.0
  📈 Trend: strong_bearish | 🌍 Regime: trending_bearish
  🗺️  Grid: 0.100% | 🔺 7692.75 🔻 7691.25
  📡 RSI: 50.0 | MACD: -0.71 | ATR: 1.61
  📊 Filled: 1 | Pending: 0
  📍 LONG @ 7696.75 | SL: 7688.75 | TP: 7707.50 | P&L: $-187.50
  💰 Daily P&L: $-837.50

[2026-08-21 12:48] O:7693.25 H:7694.25 L:7692.75 C:7692.75 V:957.0
  📈 Trend: strong_bearish | 🌍 Regime: trending_bearish
  🗺️  Grid: 0.100% | 🔺 7693.75 🔻 7692.25
  📡 RSI: 59.5 | MACD: -0.61 | ATR: 1.54
  📊 Filled: 1 | Pending: 0
  📍 LONG @ 7696.75 | SL: 7688.75 | TP: 7707.50 | P&L: $-200.00
  💰 Daily P&L: $-837.50

[2026-08-21 12:49] O:7692.75 H:7692.75 L:7691.50 C:7692.25 V:799.0
  📈 Trend: strong_bearish | 🌍 Regime: trending_bearish
  🗺️  Grid: 0.100% | 🔺 7694.25 🔻 7692.75
  📡 RSI: 55.8 | MACD: -0.56 | ATR: 1.54
  📊 Filled: 1 | Pending: 0
  📍 LONG @ 7696.75 | SL: 7688.75 | TP: 7707.50 | P&L: $-225.00
  💰 Daily P&L: $-837.50

[2026-08-21 12:50] O:7692.50 H:7692.75 L:7691.00 C:7692.50 V:1407.0
  📈 Trend: strong_bearish | 🌍 Regime: trending_bearish
  🗺️  Grid: 0.100% | 🔺 7692.75 🔻 7691.50
  📡 RSI: 48.6 | MACD: -0.50 | ATR: 1.50
  📊 Filled: 1 | Pending: 0
  📍 LONG @ 7696.75 | SL: 7688.75 | TP: 7707.50 | P&L: $-212.50
  💰 Daily P&L: $-837.50

[2026-08-21 12:51] O:7692.50 H:7693.00 L:7691.25 C:7691.50 V:1119.0
  📈 Trend: strong_bearish | 🌍 Regime: trending_bearish
  🗺️  Grid: 0.100% | 🔺 7692.75 🔻 7691.00
  📡 RSI: 48.6 | MACD: -0.52 | ATR: 1.50
  📊 Filled: 1 | Pending: 0
  📍 LONG @ 7696.75 | SL: 7688.75 | TP: 7707.50 | P&L: $-262.50
  💰 Daily P&L: $-837.50

[2026-08-21 12:52] O:7691.25 H:7692.00 L:7690.50 C:7690.75 V:1406.0
  📈 Trend: strong_bearish | 🌍 Regime: trending_bearish
  🗺️  Grid: 0.100% | 🔺 7693.00 🔻 7691.25
  📡 RSI: 47.4 | MACD: -0.60 | ATR: 1.54
  📊 Filled: 1 | Pending: 0
  📍 LONG @ 7696.75 | SL: 7688.75 | TP: 7707.50 | P&L: $-300.00
  💰 Daily P&L: $-837.50

[2026-08-21 12:53] O:7690.50 H:7692.50 L:7690.25 C:7692.25 V:859.0
  📈 Trend: strong_bearish (raw: moderate_bearish) | 🌍 Regime: trending_bearish
  🗺️  Grid: 0.100% | 🔺 7692.00 🔻 7690.50
  📡 RSI: 55.8 | MACD: -0.53 | ATR: 1.61
  📊 Filled: 1 | Pending: 0
  📍 LONG @ 7696.75 | SL: 7688.75 | TP: 7707.50 | P&L: $-225.00
  💰 Daily P&L: $-837.50

[2026-08-21 12:54] O:7692.25 H:7692.50 L:7691.00 C:7691.25 V:624.0
  📈 Trend: strong_bearish (raw: moderate_bearish) | 🌍 Regime: trending_bearish
  🗺️  Grid: 0.100% | 🔺 7692.50 🔻 7690.25
  📡 RSI: 54.5 | MACD: -0.55 | ATR: 1.61
  📊 Filled: 1 | Pending: 0
  📍 LONG @ 7696.75 | SL: 7688.75 | TP: 7707.50 | P&L: $-275.00
  💰 Daily P&L: $-837.50

[2026-08-21 12:55] O:7691.00 H:7691.25 L:7689.75 C:7690.75 V:1416.0
  📈 Trend: strong_bearish | 🌍 Regime: trending_bearish
  🗺️  Grid: 0.100% | 🔺 7692.50 🔻 7691.00
  📡 RSI: 42.1 | MACD: -0.60 | ATR: 1.55
  📊 Filled: 1 | Pending: 0
  📍 LONG @ 7696.75 | SL: 7688.75 | TP: 7707.50 | P&L: $-300.00
  💰 Daily P&L: $-837.50

[2026-08-21 12:56] O:7690.75 H:7691.00 L:7690.00 C:7690.50 V:968.0
  📈 Trend: strong_bearish | 🌍 Regime: trending_bearish
  🗺️  Grid: 0.100% | 🔺 7691.25 🔻 7689.75
  📡 RSI: 43.2 | MACD: -0.65 | ATR: 1.55
  📊 Filled: 1 | Pending: 0
  📍 LONG @ 7696.75 | SL: 7688.75 | TP: 7707.50 | P&L: $-312.50
  💰 Daily P&L: $-837.50

[2026-08-21 12:57] O:7690.75 H:7691.00 L:7690.00 C:7690.50 V:789.0
  📈 Trend: strong_bearish | 🌍 Regime: trending_bearish
  🗺️  Grid: 0.100% | 🔺 7691.00 🔻 7690.00
  📡 RSI: 45.7 | MACD: -0.68 | ATR: 1.54
  📊 Filled: 1 | Pending: 0
  📍 LONG @ 7696.75 | SL: 7688.75 | TP: 7707.50 | P&L: $-312.50
  💰 Daily P&L: $-837.50

[2026-08-21 12:58] O:7690.50 H:7691.00 L:7690.25 C:7690.50 V:661.0
  📈 Trend: strong_bearish | 🌍 Regime: trending_bearish
  🗺️  Grid: 0.100% | 🔺 7691.00 🔻 7690.00
  📡 RSI: 40.6 | MACD: -0.70 | ATR: 1.48
  📊 Filled: 1 | Pending: 0
  📍 LONG @ 7696.75 | SL: 7688.75 | TP: 7707.50 | P&L: $-312.50
  💰 Daily P&L: $-837.50

[2026-08-21 12:59] O:7690.50 H:7690.75 L:7689.50 C:7689.50 V:1312.0
  📈 Trend: strong_bearish | 🌍 Regime: trending_bearish
  🗺️  Grid: 0.100% | 🔺 7691.00 🔻 7690.25
  📡 RSI: 38.2 | MACD: -0.78 | ATR: 1.43
  📊 Filled: 1 | Pending: 0
  📍 LONG @ 7696.75 | SL: 7688.75 | TP: 7707.50 | P&L: $-362.50
  💰 Daily P&L: $-837.50
  📋 Order 341 status: PreSubmitted
  📋 Order 341 status: PendingCancel
  ✅ Fill: SLD 1.0 @ 7688.75
  📋 Order 340 status: Filled
  📋 Order 341 status: PendingCancel
  🛡️ OCA backup: cancelling sibling order 341 immediately after 340 filled
  📋 Order 341 status: Cancelled

[2026-08-21 13:00] O:7689.75 H:7691.50 L:7688.75 C:7691.25 V:2089.0
  📈 Trend: strong_bearish | 🌍 Regime: trending_bearish
  🗺️  Grid: 0.100% | 🔺 7690.75 🔻 7689.50
  📡 RSI: 41.7 | MACD: -0.70 | ATR: 1.52
  📊 Filled: 1 | Pending: 0
  📍 LONG @ 7696.75 | SL: 7688.75 | TP: 7707.50 | P&L: $-275.00
  ❌ EXIT LONG @ 7688.75 | Stop Loss
     P&L: -8.00 pts ($-400.00) | Daily: $-1,237.50
  ⏸️ Cooldown: 2 bar(s) remaining after exit
  💰 Daily P&L: $-1,237.50

[2026-08-21 13:01] O:7691.25 H:7691.75 L:7690.00 C:7690.00 V:1298.0
  📈 Trend: strong_bearish | 🌍 Regime: trending_bearish
  🗺️  Grid: 0.100% | 🔺 7691.50 🔻 7688.75
  📡 RSI: 35.0 | MACD: -0.73 | ATR: 1.54
  📊 Filled: 0 | Pending: 0
  ⏸️ Cooldown: 1 bar(s) remaining after exit
  💰 Daily P&L: $-1,237.50

[2026-08-21 13:02] O:7690.00 H:7691.50 L:7689.75 C:7691.50 V:1077.0
  📈 Trend: strong_bearish (raw: moderate_bearish) | 🌍 Regime: trending_bearish
  🗺️  Grid: 0.100% | 🔺 7691.75 🔻 7690.00
  📡 RSI: 44.4 | MACD: -0.62 | ATR: 1.55
  📊 Filled: 0 | Pending: 0
  💰 Daily P&L: $-1,237.50

[2026-08-21 13:03] O:7691.50 H:7692.75 L:7691.25 C:7692.50 V:1312.0
  📈 Trend: strong_bearish (raw: moderate_bearish) | 🌍 Regime: ranging
  🗺️  Grid: 0.100% | 🔺 7691.50 🔻 7689.75
  📡 RSI: 51.1 | MACD: -0.45 | ATR: 1.57
  📊 Filled: 0 | Pending: 0
  💰 Daily P&L: $-1,237.50

[2026-08-21 13:04] O:7692.25 H:7692.50 L:7691.75 C:7692.00 V:570.0
  📈 Trend: moderate_bearish | 🌍 Regime: ranging
  🗺️  Grid: 0.100% | 🔺 7692.75 🔻 7691.25
  📡 RSI: 47.9 | MACD: -0.36 | ATR: 1.50
  📊 Filled: 0 | Pending: 0
  💰 Daily P&L: $-1,237.50

[2026-08-21 13:05] O:7692.00 H:7692.25 L:7690.25 C:7690.50 V:979.0
  📈 Trend: moderate_bearish (raw: strong_bearish) | 🌍 Regime: ranging
  🗺️  Grid: 0.100% | 🔺 7692.50 🔻 7691.75
  📡 RSI: 46.0 | MACD: -0.39 | ATR: 1.52
  📊 Filled: 0 | Pending: 0
  💰 Daily P&L: $-1,237.50

[2026-08-21 13:06] O:7690.75 H:7690.75 L:7689.25 C:7689.50 V:994.0
  📈 Trend: moderate_bearish (raw: strong_bearish) | 🌍 Regime: ranging
  🗺️  Grid: 0.100% | 🔺 7692.25 🔻 7690.25
  📡 RSI: 45.1 | MACD: -0.50 | ATR: 1.52
  📊 Filled: 0 | Pending: 0
  💰 Daily P&L: $-1,237.50

[2026-08-21 13:07] O:7689.50 H:7689.75 L:7688.25 C:7689.25 V:1459.0
  📈 Trend: strong_bearish | 🌍 Regime: ranging
  🗺️  Grid: 0.100% | 🔺 7690.75 🔻 7689.25
  📡 RSI: 37.0 | MACD: -0.60 | ATR: 1.46
  📊 Filled: 0 | Pending: 0
  💰 Daily P&L: $-1,237.50

[2026-08-21 13:08] O:7689.25 H:7689.50 L:7688.75 C:7689.50 V:731.0
  📈 Trend: strong_bearish | 🌍 Regime: ranging
  🗺️  Grid: 0.100% | 🔺 7689.75 🔻 7688.25
  📡 RSI: 41.9 | MACD: -0.65 | ATR: 1.41
  📊 Filled: 0 | Pending: 0
  💰 Daily P&L: $-1,237.50

[2026-08-21 13:09] O:7689.50 H:7689.50 L:7688.25 C:7688.25 V:740.0
  📈 Trend: strong_bearish | 🌍 Regime: ranging
  🗺️  Grid: 0.100% | 🔺 7689.50 🔻 7688.75
  📡 RSI: 39.1 | MACD: -0.78 | ATR: 1.39
  📊 Filled: 0 | Pending: 0
  💰 Daily P&L: $-1,237.50

[2026-08-21 13:10] O:7688.25 H:7689.25 L:7688.00 C:7688.50 V:1592.0
  📈 Trend: strong_bearish | 🌍 Regime: ranging
  🗺️  Grid: 0.100% | 🔺 7689.50 🔻 7688.25
  📡 RSI: 41.3 | MACD: -0.85 | ATR: 1.41
  📊 Filled: 0 | Pending: 0
  💰 Daily P&L: $-1,237.50

[2026-08-21 13:11] O:7688.50 H:7689.25 L:7688.25 C:7688.75 V:797.0
  📈 Trend: strong_bearish | 🌍 Regime: ranging
  🗺️  Grid: 0.100% | 🔺 7689.25 🔻 7688.00
  📡 RSI: 42.6 | MACD: -0.88 | ATR: 1.41
  📊 Filled: 0 | Pending: 0
  💰 Daily P&L: $-1,237.50

[2026-08-21 13:12] O:7688.75 H:7690.75 L:7688.75 C:7690.50 V:1078.0
  📈 Trend: strong_bearish | 🌍 Regime: ranging
  🗺️  Grid: 0.100% | 🔺 7689.25 🔻 7688.25
  📡 RSI: 50.0 | MACD: -0.75 | ATR: 1.50
  📊 Filled: 0 | Pending: 0
  💰 Daily P&L: $-1,237.50

[2026-08-21 13:13] O:7690.50 H:7690.50 L:7689.25 C:7689.50 V:826.0
  📈 Trend: strong_bearish | 🌍 Regime: ranging
  🗺️  Grid: 0.100% | 🔺 7690.75 🔻 7688.75
  📡 RSI: 50.0 | MACD: -0.72 | ATR: 1.50
  📊 Filled: 0 | Pending: 0
  💰 Daily P&L: $-1,237.50

[2026-08-21 13:14] O:7689.75 H:7689.75 L:7688.25 C:7688.50 V:763.0
  📈 Trend: strong_bearish | 🌍 Regime: ranging
  🗺️  Grid: 0.100% | 🔺 7690.50 🔻 7689.25
  📡 RSI: 39.2 | MACD: -0.77 | ATR: 1.41
  📊 Filled: 0 | Pending: 0
  💰 Daily P&L: $-1,237.50

[2026-08-21 13:15] O:7688.50 H:7689.50 L:7688.50 C:7688.75 V:869.0
  📈 Trend: strong_bearish | 🌍 Regime: ranging
  🗺️  Grid: 0.100% | 🔺 7689.75 🔻 7688.25
  📡 RSI: 44.7 | MACD: -0.78 | ATR: 1.36
  📊 Filled: 0 | Pending: 0
  💰 Daily P&L: $-1,237.50

[2026-08-21 13:16] O:7688.50 H:7689.25 L:7688.25 C:7688.75 V:831.0
  📈 Trend: strong_bearish | 🌍 Regime: ranging
  🗺️  Grid: 0.100% | 🔺 7689.50 🔻 7688.50
  📡 RSI: 36.6 | MACD: -0.78 | ATR: 1.30
  📊 Filled: 0 | Pending: 0
  💰 Daily P&L: $-1,237.50

[2026-08-21 13:17] O:7688.75 H:7689.25 L:7688.50 C:7688.50 V:535.0
  📈 Trend: strong_bearish | 🌍 Regime: ranging
  🗺️  Grid: 0.100% | 🔺 7689.25 🔻 7688.25
  📡 RSI: 28.9 | MACD: -0.79 | ATR: 1.25
  📊 Filled: 0 | Pending: 0
