2026-08-18 11:54:05 | ERROR    | Error 10147, reqId 245: OrderId 245 that needs to be cancelled is not found.
Logging to: es_bot_20260818_113042.log

============================================================
🔁 MODE: TREND PULLBACK
   • 10 contract(s) max
   • No directional bias — longs and shorts, same logic
   • Entry: RSI dip/bounce turning back toward the trend
   • SL: 1.5x ATR | TP: 2.0x ATR | No trailing stop
   • Not yet validated out-of-sample — shadow-log before trusting live
============================================================
✓ Connected to IBKR (paper) - clientId=11
✓ Front-month contract: ESU6 expiry=20260918

============================================================
Loading historical data for indicator warm-up...
============================================================
→ Fetching historical bars (1 D, 1 min)...
✓ Loaded 1051 historical bars

Processing 1051 historical bars...

Indicators ready!
  Bars loaded: 1051
  Last price: 7719.25
  Trend: moderate_bearish
  RSI: 53.2
  ATR: 2.39
  MACD: -0.59 / Signal: -1.19
  MA: 7716.91 / 7719.95 / 7727.15

------------------------------------------------------------
Account Value: $1,008,209.02
Buying Power: $3,326,067.48
Current Position: 10 contracts
------------------------------------------------------------

============================================================
Starting live 1-minute bar stream...
Strategy is now ACTIVE (PULLBACK mode)
============================================================

→ Subscribed to 5-second real-time bars (aggregating to 1 min)

[2026-08-18 10:30] O:7719.25 H:7721.00 L:7719.25 C:7721.00 V:1502.0
  📈 Trend: sideways (raw: moderate_bearish) | 🌍 Regime: trending_bearish
  🗺️  Grid: 0.100% | 🔺 7719.50 🔻 7717.00
  📡 RSI: 65.6 | MACD: -0.26 | ATR: 2.34
  📊 Filled: 0 | Pending: 0
  💰 Daily P&L: $+0.00

[2026-08-18 10:31] O:7720.75 H:7721.75 L:7718.75 C:7719.25 V:5633.0
  📈 Trend: sideways (raw: moderate_bearish) | 🌍 Regime: trending_bearish
  🗺️  Grid: 0.100% | 🔺 7721.00 🔻 7719.25
  📡 RSI: 55.6 | MACD: -0.13 | ATR: 2.43
  📊 Filled: 0 | Pending: 0
  💰 Daily P&L: $+0.00

[2026-08-18 10:32] O:7719.25 H:7720.75 L:7717.25 C:7717.75 V:2180.0
  📈 Trend: moderate_bearish | 🌍 Regime: trending_bearish
  🗺️  Grid: 0.100% | 🔺 7721.75 🔻 7718.75
  📡 RSI: 60.3 | MACD: -0.15 | ATR: 2.39
  📊 Filled: 0 | Pending: 0
  💰 Daily P&L: $+0.00

[2026-08-18 10:33] O:7717.75 H:7719.25 L:7717.25 C:7719.25 V:2805.0
  📈 Trend: moderate_bearish | 🌍 Regime: trending_bearish
  🗺️  Grid: 0.100% | 🔺 7720.75 🔻 7717.25
  📡 RSI: 65.1 | MACD: -0.05 | ATR: 2.41
  📊 Filled: 0 | Pending: 0
  💰 Daily P&L: $+0.00

[2026-08-18 10:34] O:7719.00 H:7720.50 L:7718.00 C:7718.75 V:2458.0
  📈 Trend: moderate_bearish | 🌍 Regime: trending_bearish
  🗺️  Grid: 0.100% | 🔺 7719.25 🔻 7717.25
  📡 RSI: 62.5 | MACD: -0.00 | ATR: 2.45
  📊 Filled: 0 | Pending: 0
  🔴 Pullback SHORT | RSI 65.1→62.5 turning down in moderate_bearish
  📤 Limit SELL 10 @ 7717.25 submitted (ID: 243)
  📋 Order 243 status: PreSubmitted
  ✅ Fill: SLD 10.0 @ 7718.5
  📋 Order 243 status: Filled
  ⬇️ SHORT ORDER @ 7717.25 | Size: 1.00 | SL: 7721.00 | TP: 7712.25 [10cts]
     Reason: Grid Short (moderate_bearish, RSI: 62.5)
  🔬 SHADOW [short trending]: 🟥 ROBUST WOULD BLOCK (1 filter)
       MACD=BLOCK (-0.00 vs -0.05, Δ+0.04) | 5m=PASS (1m=moderate_bearish, 5m=sideways)
     ⏳ Order 243 PENDING - awaiting fill confirmation
  💰 Daily P&L: $+0.00
  📤 Stop-Limit BUY 10 @ stop:7726.50 / lmt:7730.50 submitted (ID: 244) [OCA:exit_243_1787067366]
  📋 Order 244 status: PreSubmitted
  📤 Limit BUY 10 @ 7713.50 submitted (ID: 245) [OCA:exit_243_1787067366]
  📋 Order 245 status: PreSubmitted
  ✅ FILL CONFIRMED: SHORT @ 7718.50 (order 243)
     📊 Bracket placed: SL #244 @ 7726.50 | TP #245 @ 7713.50
     Trail activates @ +7.5 pts

[2026-08-18 10:35] O:7719.00 H:7719.00 L:7716.50 C:7717.25 V:2437.0
  📈 Trend: moderate_bearish | 🌍 Regime: trending_bearish
  🗺️  Grid: 0.100% | 🔺 7720.50 🔻 7718.00
  📡 RSI: 54.5 | MACD: -0.09 | ATR: 2.41
  📊 Filled: 1 | Pending: 0
  📍 SHORT @ 7718.50 | SL: 7726.50 | TP: 7713.50 | P&L: $+625.00
  💰 Daily P&L: $+0.00
  📋 Order 245 status: Submitted

[2026-08-18 10:36] O:7717.00 H:7718.00 L:7716.00 C:7717.50 V:1706.0
  📈 Trend: moderate_bearish (raw: strong_bearish) | 🌍 Regime: trending_bearish
  🗺️  Grid: 0.100% | 🔺 7719.00 🔻 7716.50
  📡 RSI: 52.4 | MACD: -0.13 | ATR: 2.41
  📊 Filled: 1 | Pending: 0
  📍 SHORT @ 7718.50 | SL: 7726.50 | TP: 7713.50 | P&L: $+500.00
  💰 Daily P&L: $+0.00

[2026-08-18 10:37] O:7717.50 H:7718.25 L:7717.00 C:7717.75 V:1069.0
  📈 Trend: moderate_bearish | 🌍 Regime: trending_bearish
  🗺️  Grid: 0.100% | 🔺 7718.00 🔻 7716.00
  📡 RSI: 57.6 | MACD: -0.15 | ATR: 2.38
  📊 Filled: 1 | Pending: 0
  📍 SHORT @ 7718.50 | SL: 7726.50 | TP: 7713.50 | P&L: $+375.00
  💰 Daily P&L: $+0.00

[2026-08-18 10:38] O:7717.50 H:7719.00 L:7717.50 C:7718.75 V:1484.0
  📈 Trend: moderate_bearish | 🌍 Regime: trending_bearish
  🗺️  Grid: 0.100% | 🔺 7718.25 🔻 7717.00
  📡 RSI: 62.3 | MACD: -0.08 | ATR: 2.34
  📊 Filled: 1 | Pending: 0
  📍 SHORT @ 7718.50 | SL: 7726.50 | TP: 7713.50 | P&L: $-125.00
  💰 Daily P&L: $+0.00

[2026-08-18 10:39] O:7718.50 H:7719.00 L:7717.50 C:7718.25 V:889.0
  📈 Trend: moderate_bearish | 🌍 Regime: trending_bearish
  🗺️  Grid: 0.100% | 🔺 7719.00 🔻 7717.50
  📡 RSI: 56.1 | MACD: -0.06 | ATR: 2.27
  📊 Filled: 1 | Pending: 0
  📍 SHORT @ 7718.50 | SL: 7726.50 | TP: 7713.50 | P&L: $+125.00
  💰 Daily P&L: $+0.00

[2026-08-18 10:40] O:7718.25 H:7719.50 L:7716.75 C:7719.25 V:1741.0
  📈 Trend: moderate_bearish (raw: moderate_bullish) | 🌍 Regime: ranging
  🗺️  Grid: 0.100% | 🔺 7719.00 🔻 7717.50
  📡 RSI: 59.0 | MACD: 0.03 | ATR: 2.34
  📊 Filled: 1 | Pending: 0
  📍 SHORT @ 7718.50 | SL: 7726.50 | TP: 7713.50 | P&L: $-375.00
  💰 Daily P&L: $+0.00

[2026-08-18 10:41] O:7719.25 H:7721.50 L:7718.75 C:7721.50 V:2239.0
  📈 Trend: moderate_bearish (raw: moderate_bullish) | 🌍 Regime: ranging
  🗺️  Grid: 0.100% | 🔺 7719.50 🔻 7716.75
  📡 RSI: 58.3 | MACD: 0.28 | ATR: 2.29
  📊 Filled: 1 | Pending: 0
  📍 SHORT @ 7718.50 | SL: 7726.50 | TP: 7713.50 | P&L: $-1,500.00
  💰 Daily P&L: $+0.00

[2026-08-18 10:42] O:7721.50 H:7722.75 L:7719.75 C:7720.25 V:2182.0
  📈 Trend: moderate_bullish | 🌍 Regime: ranging
  🗺️  Grid: 0.100% | 🔺 7721.50 🔻 7718.75
  📡 RSI: 55.6 | MACD: 0.38 | ATR: 2.32
  📊 Filled: 1 | Pending: 0
  📍 SHORT @ 7718.50 | SL: 7726.50 | TP: 7713.50 | P&L: $-875.00
  💰 Daily P&L: $+0.00

[2026-08-18 10:43] O:7720.50 H:7721.25 L:7719.50 C:7719.50 V:1369.0
  📈 Trend: moderate_bullish (raw: strong_bullish) | 🌍 Regime: ranging
  🗺️  Grid: 0.100% | 🔺 7722.75 🔻 7719.75
  📡 RSI: 50.8 | MACD: 0.39 | ATR: 2.27
  📊 Filled: 1 | Pending: 0
  📍 SHORT @ 7718.50 | SL: 7726.50 | TP: 7713.50 | P&L: $-500.00
  💰 Daily P&L: $+0.00

[2026-08-18 10:44] O:7719.50 H:7721.00 L:7719.25 C:7720.50 V:1153.0
  📈 Trend: moderate_bullish (raw: strong_bullish) | 🌍 Regime: ranging
  🗺️  Grid: 0.100% | 🔺 7721.25 🔻 7719.50
  📡 RSI: 48.3 | MACD: 0.47 | ATR: 2.27
  📊 Filled: 1 | Pending: 0
  📍 SHORT @ 7718.50 | SL: 7726.50 | TP: 7713.50 | P&L: $-1,000.00
  💰 Daily P&L: $+0.00

[2026-08-18 10:45] O:7720.75 H:7723.00 L:7720.75 C:7723.00 V:1704.0
  📈 Trend: strong_bullish | 🌍 Regime: ranging
  🗺️  Grid: 0.100% | 🔺 7721.00 🔻 7719.25
  📡 RSI: 61.9 | MACD: 0.73 | ATR: 2.23
  📊 Filled: 1 | Pending: 0
  📍 SHORT @ 7718.50 | SL: 7726.50 | TP: 7713.50 | P&L: $-2,250.00
  💰 Daily P&L: $+0.00

[2026-08-18 10:46] O:7723.25 H:7724.00 L:7722.00 C:7724.00 V:1885.0
  📈 Trend: strong_bullish | 🌍 Regime: ranging
  🗺️  Grid: 0.100% | 🔺 7723.00 🔻 7720.75
  📡 RSI: 70.5 | MACD: 1.00 | ATR: 2.12
  📊 Filled: 1 | Pending: 0
  📍 SHORT @ 7718.50 | SL: 7726.50 | TP: 7713.50 | P&L: $-2,750.00
  💰 Daily P&L: $+0.00

[2026-08-18 10:47] O:7724.00 H:7725.00 L:7723.75 C:7724.50 V:2139.0
  📈 Trend: strong_bullish | 🌍 Regime: ranging
  🗺️  Grid: 0.100% | 🔺 7724.00 🔻 7722.00
  📡 RSI: 68.4 | MACD: 1.25 | ATR: 2.07
  📊 Filled: 1 | Pending: 0
  📍 SHORT @ 7718.50 | SL: 7726.50 | TP: 7713.50 | P&L: $-3,000.00
  💰 Daily P&L: $+0.00

[2026-08-18 10:48] O:7724.75 H:7725.50 L:7723.25 C:7723.75 V:1866.0
  📈 Trend: strong_bullish | 🌍 Regime: ranging
  🗺️  Grid: 0.100% | 🔺 7725.00 🔻 7723.75
  📡 RSI: 67.2 | MACD: 1.36 | ATR: 2.05
  📊 Filled: 1 | Pending: 0
  📍 SHORT @ 7718.50 | SL: 7726.50 | TP: 7713.50 | P&L: $-2,625.00
  💰 Daily P&L: $+0.00

[2026-08-18 10:49] O:7723.75 H:7725.25 L:7723.25 C:7724.00 V:1413.0
  📈 Trend: strong_bullish | 🌍 Regime: ranging
  🗺️  Grid: 0.100% | 🔺 7725.50 🔻 7723.25
  📡 RSI: 75.5 | MACD: 1.46 | ATR: 2.02
  📊 Filled: 1 | Pending: 0
  📍 SHORT @ 7718.50 | SL: 7726.50 | TP: 7713.50 | P&L: $-2,750.00
  💰 Daily P&L: $+0.00

[2026-08-18 10:50] O:7724.00 H:7724.00 L:7720.75 C:7721.25 V:2015.0
  📈 Trend: strong_bullish | 🌍 Regime: ranging
  🗺️  Grid: 0.100% | 🔺 7725.25 🔻 7723.25
  📡 RSI: 61.9 | MACD: 1.30 | ATR: 2.11
  📊 Filled: 1 | Pending: 0
  📍 SHORT @ 7718.50 | SL: 7726.50 | TP: 7713.50 | P&L: $-1,375.00
  💰 Daily P&L: $+0.00

[2026-08-18 10:51] O:7721.25 H:7722.75 L:7720.75 C:7722.25 V:1224.0
  📈 Trend: strong_bullish | 🌍 Regime: ranging
  🗺️  Grid: 0.100% | 🔺 7724.00 🔻 7720.75
  📡 RSI: 63.6 | MACD: 1.24 | ATR: 2.16
  📊 Filled: 1 | Pending: 0
  📍 SHORT @ 7718.50 | SL: 7726.50 | TP: 7713.50 | P&L: $-1,875.00
  💰 Daily P&L: $+0.00

[2026-08-18 10:52] O:7722.25 H:7724.50 L:7722.00 C:7724.50 V:2002.0
  📈 Trend: strong_bullish | 🌍 Regime: ranging
  🗺️  Grid: 0.100% | 🔺 7722.75 🔻 7720.75
  📡 RSI: 66.2 | MACD: 1.36 | ATR: 2.23
  📊 Filled: 1 | Pending: 0
  📍 SHORT @ 7718.50 | SL: 7726.50 | TP: 7713.50 | P&L: $-3,000.00
  💰 Daily P&L: $+0.00
  📋 Order 245 status: PreSubmitted
  📋 Order 245 status: PendingCancel
  ✅ Fill: BOT 10.0 @ 7726.5
  📋 Order 244 status: Filled
  📋 Order 245 status: Cancelled

[2026-08-18 10:53] O:7724.50 H:7726.50 L:7724.00 C:7724.50 V:2268.0
  📈 Trend: strong_bullish | 🌍 Regime: ranging
  🗺️  Grid: 0.100% | 🔺 7724.50 🔻 7722.00
  📡 RSI: 68.1 | MACD: 1.43 | ATR: 2.30
  📊 Filled: 1 | Pending: 0
  📍 SHORT @ 7718.50 | SL: 7726.50 | TP: 7713.50 | P&L: $-3,000.00
  ❌ EXIT SHORT @ 7726.50 | Stop Loss
     P&L: -8.00 pts ($-4,000.00) | Daily: $-4,000.00
  ⚠️ POSITION MISMATCH after exit: broker=10, bot expects=0
  🛟 Flattening stray 10 contract(s) with SELL to restore expected exposure
  📤 Market SELL 10 contracts submitted (ID: 246)
  📋 Order 246 status: PreSubmitted
  ✅ Fill: SLD 8.0 @ 7724.75
  📋 Order 246 status: PreSubmitted
  📋 Order 246 status: Submitted
  ✅ Fill: SLD 1.0 @ 7717.25
  📋 Order 246 status: Submitted
  ⏸️ Cooldown: 2 bar(s) remaining after exit
  💰 Daily P&L: $-4,000.00
  ✅ Fill: SLD 1.0 @ 7717.25
  📋 Order 246 status: Filled

[2026-08-18 10:54] O:7724.50 H:7725.75 L:7724.50 C:7724.75 V:1561.0
  📈 Trend: strong_bullish | 🌍 Regime: ranging
  🗺️  Grid: 0.100% | 🔺 7726.50 🔻 7724.00
  📡 RSI: 66.7 | MACD: 1.50 | ATR: 2.20
  📊 Filled: 0 | Pending: 0
  🛑 MAX DAILY LOSS REACHED - Closing all positions

[2026-08-18 10:55] O:7724.75 H:7725.00 L:7723.50 C:7723.75 V:1388.0
  📈 Trend: strong_bullish | 🌍 Regime: ranging
  🗺️  Grid: 0.100% | 🔺 7725.75 🔻 7724.50
  📡 RSI: 57.4 | MACD: 1.45 | ATR: 2.11
  📊 Filled: 0 | Pending: 0
  🛑 MAX DAILY LOSS REACHED - Closing all positions

[2026-08-18 10:56] O:7723.75 H:7724.00 L:7722.25 C:7722.75 V:1606.0
  📈 Trend: strong_bullish | 🌍 Regime: ranging
  🗺️  Grid: 0.100% | 🔺 7725.00 🔻 7723.50
  📡 RSI: 58.3 | MACD: 1.32 | ATR: 2.02
  📊 Filled: 0 | Pending: 0
  🛑 MAX DAILY LOSS REACHED - Closing all positions

[2026-08-18 10:57] O:7722.75 H:7722.75 L:7720.75 C:7721.00 V:1532.0
  📈 Trend: strong_bullish (raw: moderate_bullish) | 🌍 Regime: ranging
  🗺️  Grid: 0.100% | 🔺 7724.00 🔻 7722.25
  📡 RSI: 54.7 | MACD: 1.06 | ATR: 2.04
  📊 Filled: 0 | Pending: 0
  🛑 MAX DAILY LOSS REACHED - Closing all positions

[2026-08-18 10:58] O:7721.25 H:7721.75 L:7720.50 C:7721.00 V:1341.0
  📈 Trend: strong_bullish (raw: moderate_bullish) | 🌍 Regime: ranging
  🗺️  Grid: 0.100% | 🔺 7722.75 🔻 7720.75
  📡 RSI: 51.7 | MACD: 0.84 | ATR: 2.00
  📊 Filled: 0 | Pending: 0
  🛑 MAX DAILY LOSS REACHED - Closing all positions

[2026-08-18 10:59] O:7721.00 H:7723.50 L:7720.75 C:7723.25 V:1331.0
  📈 Trend: moderate_bullish | 🌍 Regime: ranging
  🗺️  Grid: 0.100% | 🔺 7721.75 🔻 7720.50
  📡 RSI: 50.8 | MACD: 0.84 | ATR: 2.02
  📊 Filled: 0 | Pending: 0
  🛑 MAX DAILY LOSS REACHED - Closing all positions

[2026-08-18 11:00] O:7723.25 H:7725.50 L:7722.50 C:7724.50 V:2380.0
  📈 Trend: moderate_bullish | 🌍 Regime: ranging
  🗺️  Grid: 0.100% | 🔺 7723.50 🔻 7720.75
  📡 RSI: 51.7 | MACD: 0.93 | ATR: 2.09
  📊 Filled: 0 | Pending: 0
  🛑 MAX DAILY LOSS REACHED - Closing all positions

[2026-08-18 11:01] O:7724.75 H:7725.00 L:7723.50 C:7723.75 V:1672.0
  📈 Trend: moderate_bullish | 🌍 Regime: ranging
  🗺️  Grid: 0.100% | 🔺 7725.50 🔻 7722.50
  📡 RSI: 47.5 | MACD: 0.94 | ATR: 2.11
  📊 Filled: 0 | Pending: 0
  🛑 MAX DAILY LOSS REACHED - Closing all positions

[2026-08-18 11:02] O:7723.75 H:7725.75 L:7723.75 C:7725.25 V:1364.0
  📈 Trend: moderate_bullish (raw: strong_bullish) | 🌍 Regime: ranging
  🗺️  Grid: 0.100% | 🔺 7725.00 🔻 7723.50
  📡 RSI: 54.7 | MACD: 1.05 | ATR: 2.09
  📊 Filled: 0 | Pending: 0
  🛑 MAX DAILY LOSS REACHED - Closing all positions

[2026-08-18 11:03] O:7725.00 H:7726.00 L:7724.50 C:7725.00 V:2534.0
  📈 Trend: moderate_bullish (raw: strong_bullish) | 🌍 Regime: ranging
  🗺️  Grid: 0.100% | 🔺 7725.75 🔻 7723.75
  📡 RSI: 53.1 | MACD: 1.10 | ATR: 2.05
  📊 Filled: 0 | Pending: 0
  🛑 MAX DAILY LOSS REACHED - Closing all positions

[2026-08-18 11:04] O:7725.25 H:7726.25 L:7725.00 C:7725.50 V:1220.0
  📈 Trend: strong_bullish | 🌍 Regime: ranging
  🗺️  Grid: 0.100% | 🔺 7726.00 🔻 7724.50
  📡 RSI: 65.5 | MACD: 1.17 | ATR: 1.91
  📊 Filled: 0 | Pending: 0
  🛑 MAX DAILY LOSS REACHED - Closing all positions

[2026-08-18 11:05] O:7725.25 H:7727.00 L:7724.75 C:7726.00 V:1958.0
  📈 Trend: strong_bullish | 🌍 Regime: ranging
  🗺️  Grid: 0.100% | 🔺 7726.25 🔻 7725.00
  📡 RSI: 64.2 | MACD: 1.25 | ATR: 1.93
  📊 Filled: 0 | Pending: 0
  🛑 MAX DAILY LOSS REACHED - Closing all positions

[2026-08-18 11:06] O:7725.75 H:7725.75 L:7723.50 C:7723.75 V:1236.0
  📈 Trend: strong_bullish (raw: moderate_bullish) | 🌍 Regime: ranging
  🗺️  Grid: 0.100% | 🔺 7727.00 🔻 7724.75
  📡 RSI: 47.2 | MACD: 1.12 | ATR: 1.93
  📊 Filled: 0 | Pending: 0
  🛑 MAX DAILY LOSS REACHED - Closing all positions

[2026-08-18 11:07] O:7723.75 H:7725.00 L:7722.00 C:7724.75 V:3775.0
  📈 Trend: strong_bullish (raw: moderate_bullish) | 🌍 Regime: ranging
  🗺️  Grid: 0.100% | 🔺 7725.75 🔻 7723.50
  📡 RSI: 50.9 | MACD: 1.09 | ATR: 1.96
  📊 Filled: 0 | Pending: 0
  🛑 MAX DAILY LOSS REACHED - Closing all positions

[2026-08-18 11:08] O:7724.75 H:7725.50 L:7723.75 C:7724.50 V:1628.0
  📈 Trend: moderate_bullish | 🌍 Regime: ranging
  🗺️  Grid: 0.100% | 🔺 7725.00 🔻 7722.00
  📡 RSI: 49.1 | MACD: 1.03 | ATR: 2.00
  📊 Filled: 0 | Pending: 0
  🛑 MAX DAILY LOSS REACHED - Closing all positions

[2026-08-18 11:09] O:7724.50 H:7724.50 L:7723.00 C:7723.50 V:1668.0
  📈 Trend: moderate_bullish | 🌍 Regime: ranging
  🗺️  Grid: 0.100% | 🔺 7725.50 🔻 7723.75
  📡 RSI: 49.1 | MACD: 0.89 | ATR: 2.00
  📊 Filled: 0 | Pending: 0
  🛑 MAX DAILY LOSS REACHED - Closing all positions

[2026-08-18 11:10] O:7723.50 H:7725.75 L:7723.50 C:7725.25 V:1531.0
  📈 Trend: moderate_bullish | 🌍 Regime: ranging
  🗺️  Grid: 0.100% | 🔺 7724.50 🔻 7723.00
  📡 RSI: 58.3 | MACD: 0.91 | ATR: 2.04
  📊 Filled: 0 | Pending: 0
  🛑 MAX DAILY LOSS REACHED - Closing all positions

[2026-08-18 11:11] O:7725.25 H:7726.75 L:7724.75 C:7726.50 V:1812.0
  📈 Trend: moderate_bullish | 🌍 Regime: ranging
  🗺️  Grid: 0.100% | 🔺 7725.75 🔻 7723.50
  📡 RSI: 69.0 | MACD: 1.02 | ATR: 2.04
  📊 Filled: 0 | Pending: 0
  🛑 MAX DAILY LOSS REACHED - Closing all positions

[2026-08-18 11:12] O:7726.25 H:7727.00 L:7725.50 C:7726.50 V:1626.0
  📈 Trend: moderate_bullish (raw: strong_bullish) | 🌍 Regime: ranging
  🗺️  Grid: 0.100% | 🔺 7726.75 🔻 7724.75
  📡 RSI: 69.0 | MACD: 1.09 | ATR: 2.05
  📊 Filled: 0 | Pending: 0
  🛑 MAX DAILY LOSS REACHED - Closing all positions

[2026-08-18 11:13] O:7726.25 H:7727.25 L:7725.75 C:7726.50 V:1443.0
  📈 Trend: moderate_bullish (raw: strong_bullish) | 🌍 Regime: ranging
  🗺️  Grid: 0.100% | 🔺 7727.00 🔻 7725.50
  📡 RSI: 63.3 | MACD: 1.13 | ATR: 1.96
  📊 Filled: 0 | Pending: 0
  🛑 MAX DAILY LOSS REACHED - Closing all positions

[2026-08-18 11:14] O:7726.50 H:7727.00 L:7725.25 C:7725.50 V:1339.0
  📈 Trend: strong_bullish | 🌍 Regime: ranging
  🗺️  Grid: 0.100% | 🔺 7727.25 🔻 7725.75
  📡 RSI: 54.2 | MACD: 1.07 | ATR: 1.88
  📊 Filled: 0 | Pending: 0
  🛑 MAX DAILY LOSS REACHED - Closing all positions

[2026-08-18 11:15] O:7725.25 H:7726.25 L:7723.75 C:7724.00 V:1474.0
  📈 Trend: strong_bullish (raw: moderate_bullish) | 🌍 Regime: ranging
  🗺️  Grid: 0.100% | 🔺 7727.00 🔻 7725.25
  📡 RSI: 51.0 | MACD: 0.89 | ATR: 1.95
  📊 Filled: 0 | Pending: 0
  🛑 MAX DAILY LOSS REACHED - Closing all positions

[2026-08-18 11:16] O:7724.25 H:7724.75 L:7723.50 C:7723.50 V:2107.0
  📈 Trend: strong_bullish (raw: moderate_bullish) | 🌍 Regime: ranging
  🗺️  Grid: 0.100% | 🔺 7726.25 🔻 7723.75
  📡 RSI: 42.6 | MACD: 0.70 | ATR: 1.89
  📊 Filled: 0 | Pending: 0
  🛑 MAX DAILY LOSS REACHED - Closing all positions

[2026-08-18 11:17] O:7723.50 H:7724.25 L:7723.00 C:7724.00 V:1204.0
  📈 Trend: moderate_bullish | 🌍 Regime: ranging
  🗺️  Grid: 0.100% | 🔺 7724.75 🔻 7723.50
  📡 RSI: 45.8 | MACD: 0.59 | ATR: 1.88
  📊 Filled: 0 | Pending: 0
  🛑 MAX DAILY LOSS REACHED - Closing all positions

[2026-08-18 11:18] O:7724.25 H:7724.25 L:7722.25 C:7722.50 V:1266.0
  📈 Trend: moderate_bullish (raw: moderate_bearish) | 🌍 Regime: ranging
  🗺️  Grid: 0.100% | 🔺 7724.25 🔻 7723.00
  📡 RSI: 38.5 | MACD: 0.37 | ATR: 1.93
  📊 Filled: 0 | Pending: 0
  🛑 MAX DAILY LOSS REACHED - Closing all positions

[2026-08-18 11:19] O:7722.50 H:7723.00 L:7722.25 C:7723.00 V:1065.0
  📈 Trend: moderate_bullish (raw: moderate_bearish) | 🌍 Regime: ranging
  🗺️  Grid: 0.100% | 🔺 7724.25 🔻 7722.25
  📡 RSI: 38.5 | MACD: 0.24 | ATR: 1.82
  📊 Filled: 0 | Pending: 0
  🛑 MAX DAILY LOSS REACHED - Closing all positions

[2026-08-18 11:20] O:7723.00 H:7725.75 L:7723.00 C:7724.75 V:1797.0
  📈 Trend: moderate_bullish | 🌍 Regime: ranging
  🗺️  Grid: 0.100% | 🔺 7723.00 🔻 7722.25
  📡 RSI: 54.0 | MACD: 0.27 | ATR: 1.84
  📊 Filled: 0 | Pending: 0
  🛑 MAX DAILY LOSS REACHED - Closing all positions

[2026-08-18 11:21] O:7725.00 H:7727.00 L:7724.75 C:7726.50 V:1523.0
  📈 Trend: moderate_bullish | 🌍 Regime: ranging
  🗺️  Grid: 0.100% | 🔺 7725.75 🔻 7723.00
  📡 RSI: 56.6 | MACD: 0.43 | ATR: 1.79
  📊 Filled: 0 | Pending: 0
  🛑 MAX DAILY LOSS REACHED - Closing all positions

[2026-08-18 11:22] O:7726.50 H:7728.75 L:7725.75 C:7727.75 V:3372.0
  📈 Trend: moderate_bullish (raw: strong_bullish) | 🌍 Regime: ranging
  🗺️  Grid: 0.100% | 🔺 7727.00 🔻 7724.75
  📡 RSI: 61.4 | MACD: 0.65 | ATR: 1.88
  📊 Filled: 0 | Pending: 0
  🛑 MAX DAILY LOSS REACHED - Closing all positions

[2026-08-18 11:23] O:7727.75 H:7727.75 L:7725.25 C:7727.00 V:1991.0
  📈 Trend: moderate_bullish (raw: strong_bullish) | 🌍 Regime: ranging
  🗺️  Grid: 0.100% | 🔺 7728.75 🔻 7725.75
  📡 RSI: 62.5 | MACD: 0.76 | ATR: 1.95
  📊 Filled: 0 | Pending: 0
  🛑 MAX DAILY LOSS REACHED - Closing all positions

[2026-08-18 11:24] O:7727.00 H:7727.00 L:7725.00 C:7726.50 V:1150.0
  📈 Trend: strong_bullish | 🌍 Regime: ranging
  🗺️  Grid: 0.100% | 🔺 7727.75 🔻 7725.25
  📡 RSI: 54.9 | MACD: 0.79 | ATR: 1.93
  📊 Filled: 0 | Pending: 0
  🛑 MAX DAILY LOSS REACHED - Closing all positions

[2026-08-18 11:25] O:7726.50 H:7726.75 L:7725.00 C:7726.50 V:963.0
  📈 Trend: strong_bullish | 🌍 Regime: ranging
  🗺️  Grid: 0.100% | 🔺 7727.00 🔻 7725.00
  📡 RSI: 50.0 | MACD: 0.81 | ATR: 1.91
  📊 Filled: 0 | Pending: 0
  🛑 MAX DAILY LOSS REACHED - Closing all positions

[2026-08-18 11:26] O:7726.75 H:7727.25 L:7724.75 C:7724.75 V:2041.0
  📈 Trend: strong_bullish (raw: moderate_bearish) | 🌍 Regime: ranging
  🗺️  Grid: 0.100% | 🔺 7726.75 🔻 7725.00
  📡 RSI: 43.4 | MACD: 0.67 | ATR: 1.98
  📊 Filled: 0 | Pending: 0
  🛑 MAX DAILY LOSS REACHED - Closing all positions

[2026-08-18 11:27] O:7724.75 H:7724.75 L:7722.75 C:7722.75 V:1670.0
  📈 Trend: strong_bullish (raw: moderate_bearish) | 🌍 Regime: ranging
  🗺️  Grid: 0.100% | 🔺 7727.25 🔻 7724.75
  📡 RSI: 37.7 | MACD: 0.40 | ATR: 2.02
  📊 Filled: 0 | Pending: 0
  🛑 MAX DAILY LOSS REACHED - Closing all positions

[2026-08-18 11:28] O:7723.00 H:7723.00 L:7721.50 C:7721.75 V:1761.0
  📈 Trend: moderate_bearish | 🌍 Regime: ranging
  🗺️  Grid: 0.100% | 🔺 7724.75 🔻 7722.75
  📡 RSI: 37.7 | MACD: 0.10 | ATR: 2.00
  📊 Filled: 0 | Pending: 0
  🛑 MAX DAILY LOSS REACHED - Closing all positions

[2026-08-18 11:29] O:7721.75 H:7722.25 L:7721.25 C:7721.75 V:1487.0
  📈 Trend: moderate_bearish (raw: strong_bearish) | 🌍 Regime: ranging
  🗺️  Grid: 0.100% | 🔺 7723.00 🔻 7721.50
  📡 RSI: 41.8 | MACD: -0.13 | ATR: 1.89
  📊 Filled: 0 | Pending: 0
  🛑 MAX DAILY LOSS REACHED - Closing all positions

[2026-08-18 11:30] O:7721.75 H:7723.25 L:7720.75 C:7722.00 V:2303.0
  📈 Trend: moderate_bearish (raw: strong_bearish) | 🌍 Regime: ranging
  🗺️  Grid: 0.100% | 🔺 7722.25 🔻 7721.25
  📡 RSI: 44.4 | MACD: -0.29 | ATR: 1.98
  📊 Filled: 0 | Pending: 0
  🛑 MAX DAILY LOSS REACHED - Closing all positions

[2026-08-18 11:31] O:7722.25 H:7722.50 L:7720.50 C:7721.25 V:1447.0
  📈 Trend: strong_bearish | 🌍 Regime: ranging
  🗺️  Grid: 0.100% | 🔺 7723.25 🔻 7720.75
  📡 RSI: 40.0 | MACD: -0.48 | ATR: 2.04
  📊 Filled: 0 | Pending: 0
  🛑 MAX DAILY LOSS REACHED - Closing all positions

[2026-08-18 11:32] O:7721.25 H:7723.00 L:7720.75 C:7723.00 V:1549.0
  📈 Trend: strong_bearish | 🌍 Regime: ranging
  🗺️  Grid: 0.100% | 🔺 7722.50 🔻 7720.50
  📡 RSI: 51.8 | MACD: -0.48 | ATR: 2.05
  📊 Filled: 0 | Pending: 0
  🛑 MAX DAILY LOSS REACHED - Closing all positions

[2026-08-18 11:33] O:7723.00 H:7723.00 L:7722.00 C:7722.00 V:1110.0
  📈 Trend: strong_bearish (raw: moderate_bullish) | 🌍 Regime: ranging
  🗺️  Grid: 0.100% | 🔺 7723.00 🔻 7720.75
  📡 RSI: 46.6 | MACD: -0.55 | ATR: 2.07
  📊 Filled: 0 | Pending: 0
  🛑 MAX DAILY LOSS REACHED - Closing all positions

[2026-08-18 11:34] O:7722.25 H:7724.00 L:7722.00 C:7723.00 V:1410.0
  📈 Trend: strong_bearish | 🌍 Regime: ranging
  🗺️  Grid: 0.100% | 🔺 7723.00 🔻 7722.00
  📡 RSI: 43.6 | MACD: -0.52 | ATR: 2.02
  📊 Filled: 0 | Pending: 0
  🛑 MAX DAILY LOSS REACHED - Closing all positions

[2026-08-18 11:35] O:7723.00 H:7723.25 L:7721.50 C:7722.50 V:1106.0
  📈 Trend: strong_bearish | 🌍 Regime: ranging
  🗺️  Grid: 0.100% | 🔺 7724.00 🔻 7722.00
  📡 RSI: 34.0 | MACD: -0.53 | ATR: 1.98
  📊 Filled: 0 | Pending: 0
  🛑 MAX DAILY LOSS REACHED - Closing all positions

[2026-08-18 11:36] O:7722.50 H:7722.75 L:7721.75 C:7722.00 V:886.0
  📈 Trend: strong_bearish | 🌍 Regime: ranging
  🗺️  Grid: 0.100% | 🔺 7723.25 🔻 7721.50
  📡 RSI: 25.5 | MACD: -0.58 | ATR: 1.84
  📊 Filled: 0 | Pending: 0
  🛑 MAX DAILY LOSS REACHED - Closing all positions

[2026-08-18 11:37] O:7722.25 H:7723.75 L:7721.75 C:7723.00 V:1514.0
  📈 Trend: strong_bearish (raw: moderate_bullish) | 🌍 Regime: ranging
  🗺️  Grid: 0.100% | 🔺 7722.75 🔻 7721.75
  📡 RSI: 33.3 | MACD: -0.52 | ATR: 1.80
  📊 Filled: 0 | Pending: 0
  🛑 MAX DAILY LOSS REACHED - Closing all positions

[2026-08-18 11:38] O:7723.25 H:7725.00 L:7723.25 C:7724.25 V:1934.0
  📈 Trend: strong_bearish (raw: moderate_bullish) | 🌍 Regime: ranging
  🗺️  Grid: 0.100% | 🔺 7723.75 🔻 7721.75
  📡 RSI: 41.2 | MACD: -0.38 | ATR: 1.80
  📊 Filled: 0 | Pending: 0
  🛑 MAX DAILY LOSS REACHED - Closing all positions

[2026-08-18 11:39] O:7724.50 H:7725.50 L:7724.00 C:7724.25 V:1584.0
  📈 Trend: strong_bearish (raw: moderate_bearish) | 🌍 Regime: ranging
  🗺️  Grid: 0.100% | 🔺 7725.00 🔻 7723.25
  📡 RSI: 41.2 | MACD: -0.26 | ATR: 1.79
  📊 Filled: 0 | Pending: 0
  🛑 MAX DAILY LOSS REACHED - Closing all positions

[2026-08-18 11:40] O:7724.25 H:7725.75 L:7724.00 C:7724.75 V:1843.0
  📈 Trend: strong_bearish (raw: moderate_bearish) | 🌍 Regime: ranging
  🗺️  Grid: 0.100% | 🔺 7725.50 🔻 7724.00
  📡 RSI: 50.0 | MACD: -0.12 | ATR: 1.73
  📊 Filled: 0 | Pending: 0
  🛑 MAX DAILY LOSS REACHED - Closing all positions

[2026-08-18 11:41] O:7724.75 H:7724.75 L:7723.50 C:7724.50 V:1067.0
  📈 Trend: moderate_bearish | 🌍 Regime: ranging
  🗺️  Grid: 0.100% | 🔺 7725.75 🔻 7724.00
  📡 RSI: 59.0 | MACD: -0.03 | ATR: 1.68
  📊 Filled: 0 | Pending: 0
  🛑 MAX DAILY LOSS REACHED - Closing all positions

[2026-08-18 11:42] O:7724.50 H:7725.00 L:7723.00 C:7723.50 V:942.0
  📈 Trend: moderate_bearish | 🌍 Regime: ranging
  🗺️  Grid: 0.100% | 🔺 7724.75 🔻 7723.50
  📡 RSI: 59.0 | MACD: -0.04 | ATR: 1.71
  📊 Filled: 0 | Pending: 0
  🛑 MAX DAILY LOSS REACHED - Closing all positions

[2026-08-18 11:43] O:7723.50 H:7723.50 L:7721.75 C:7722.50 V:1381.0
  📈 Trend: moderate_bearish | 🌍 Regime: ranging
  🗺️  Grid: 0.100% | 🔺 7725.00 🔻 7723.00
  📡 RSI: 53.5 | MACD: -0.13 | ATR: 1.77
  📊 Filled: 0 | Pending: 0
  🛑 MAX DAILY LOSS REACHED - Closing all positions
→ Real-time bars cancelled
✓ Disconnected from IBKR
