Logging to: es_bot_20260814_132431.log

============================================================
🔁 MODE: TREND PULLBACK
   • 10 contract(s) max
   • No directional bias — longs and shorts, same logic
   • Entry: RSI dip/bounce turning back toward the trend
   • SL: 1.5x ATR | TP: 2.0x ATR | No trailing stop
   • Not yet validated out-of-sample — shadow-log before trusting live
============================================================
✓ Connected to IBKR (paper) - clientId=11
✓ Front-month contract: ESU6 expiry=20260918

============================================================
Loading historical data for indicator warm-up...
============================================================
→ Fetching historical bars (1 D, 1 min)...
✓ Loaded 1165 historical bars

Processing 1165 historical bars...

Indicators ready!
  Bars loaded: 1165
  Last price: 7800.75
  Trend: moderate_bearish
  RSI: 47.6
  ATR: 1.62
  MACD: -0.05 / Signal: -0.11
  MA: 7801.66 / 7802.34 / 7808.38

------------------------------------------------------------
Account Value: $1,010,226.78
Buying Power: $3,346,702.74
Current Position: -10 contracts
------------------------------------------------------------

============================================================
Starting live 1-minute bar stream...
Strategy is now ACTIVE (PULLBACK mode)
============================================================

→ Subscribed to 5-second real-time bars (aggregating to 1 min)

[2026-08-14 12:24] O:7800.75 H:7801.00 L:7799.75 C:7800.75 V:831.0
  📈 Trend: sideways (raw: strong_bearish) | 🌍 Regime: trending_bearish
  🗺️  Grid: 0.100% | 🔺 7802.50 🔻 7800.75
  📡 RSI: 40.5 | MACD: -0.13 | ATR: 1.50
  📊 Filled: 0 | Pending: 0
  💰 Daily P&L: $+0.00

[2026-08-14 12:25] O:7800.50 H:7800.50 L:7799.00 C:7799.75 V:1339.0
  📈 Trend: sideways (raw: strong_bearish) | 🌍 Regime: trending_bearish
  🗺️  Grid: 0.100% | 🔺 7801.00 🔻 7799.75
  📡 RSI: 36.6 | MACD: -0.27 | ATR: 1.45
  📊 Filled: 0 | Pending: 0
  💰 Daily P&L: $+0.00

[2026-08-14 12:26] O:7799.75 H:7800.25 L:7798.75 C:7800.00 V:1616.0
  📈 Trend: strong_bearish | 🌍 Regime: trending_bearish
  🗺️  Grid: 0.100% | 🔺 7800.50 🔻 7799.00
  📡 RSI: 40.0 | MACD: -0.35 | ATR: 1.45
  📊 Filled: 0 | Pending: 0
  💰 Daily P&L: $+0.00

[2026-08-14 12:27] O:7800.25 H:7800.25 L:7799.50 C:7800.25 V:1040.0
  📈 Trend: strong_bearish | 🌍 Regime: trending_bearish
  🗺️  Grid: 0.100% | 🔺 7800.25 🔻 7798.75
  📡 RSI: 36.8 | MACD: -0.39 | ATR: 1.43
  📊 Filled: 0 | Pending: 0
  💰 Daily P&L: $+0.00

[2026-08-14 12:28] O:7800.25 H:7800.75 L:7799.75 C:7800.25 V:862.0
  📈 Trend: strong_bearish | 🌍 Regime: trending_bearish
  🗺️  Grid: 0.100% | 🔺 7800.25 🔻 7799.50
  📡 RSI: 37.8 | MACD: -0.42 | ATR: 1.45
  📊 Filled: 0 | Pending: 0
  💰 Daily P&L: $+0.00

[2026-08-14 12:29] O:7800.25 H:7800.50 L:7799.25 C:7799.75 V:943.0
  📈 Trend: strong_bearish | 🌍 Regime: trending_bearish
  🗺️  Grid: 0.100% | 🔺 7800.75 🔻 7799.75
  📡 RSI: 46.7 | MACD: -0.48 | ATR: 1.32
  📊 Filled: 0 | Pending: 0
  💰 Daily P&L: $+0.00

[2026-08-14 12:30] O:7800.00 H:7801.00 L:7799.75 C:7799.75 V:1491.0
  📈 Trend: strong_bearish | 🌍 Regime: trending_bearish
  🗺️  Grid: 0.100% | 🔺 7800.50 🔻 7799.25
  📡 RSI: 36.0 | MACD: -0.52 | ATR: 1.32
  📊 Filled: 0 | Pending: 0
  💰 Daily P&L: $+0.00

[2026-08-14 12:31] O:7800.00 H:7800.75 L:7799.50 C:7800.75 V:1528.0
  📈 Trend: strong_bearish | 🌍 Regime: trending_bearish
  🗺️  Grid: 0.100% | 🔺 7801.00 🔻 7799.75
  📡 RSI: 40.7 | MACD: -0.46 | ATR: 1.34
  📊 Filled: 0 | Pending: 0
  💰 Daily P&L: $+0.00

[2026-08-14 12:32] O:7800.50 H:7802.00 L:7800.25 C:7801.50 V:1364.0
  📈 Trend: strong_bearish | 🌍 Regime: trending_bearish
  🗺️  Grid: 0.100% | 🔺 7800.75 🔻 7799.50
  📡 RSI: 46.7 | MACD: -0.36 | ATR: 1.38
  📊 Filled: 0 | Pending: 0
  💰 Daily P&L: $+0.00

[2026-08-14 12:33] O:7801.50 H:7801.50 L:7800.25 C:7800.50 V:791.0
  📈 Trend: strong_bearish | 🌍 Regime: trending_bearish
  🗺️  Grid: 0.100% | 🔺 7802.00 🔻 7800.25
  📡 RSI: 39.4 | MACD: -0.35 | ATR: 1.38
  📊 Filled: 0 | Pending: 0
  💰 Daily P&L: $+0.00

[2026-08-14 12:34] O:7800.25 H:7800.75 L:7799.50 C:7800.50 V:625.0
  📈 Trend: strong_bearish (raw: moderate_bearish) | 🌍 Regime: trending_bearish
  🗺️  Grid: 0.100% | 🔺 7801.50 🔻 7800.25
  📡 RSI: 41.9 | MACD: -0.34 | ATR: 1.36
  📊 Filled: 0 | Pending: 0
  💰 Daily P&L: $+0.00

[2026-08-14 12:35] O:7800.25 H:7800.50 L:7799.50 C:7800.25 V:725.0
  📈 Trend: strong_bearish | 🌍 Regime: trending_bearish
  🗺️  Grid: 0.100% | 🔺 7800.75 🔻 7799.50
  📡 RSI: 32.1 | MACD: -0.34 | ATR: 1.29
  📊 Filled: 0 | Pending: 0
  💰 Daily P&L: $+0.00

[2026-08-14 12:36] O:7800.25 H:7800.50 L:7798.75 C:7799.25 V:702.0
  📈 Trend: strong_bearish | 🌍 Regime: trending_bearish
  🗺️  Grid: 0.100% | 🔺 7800.50 🔻 7799.50
  📡 RSI: 31.0 | MACD: -0.43 | ATR: 1.34
  📊 Filled: 0 | Pending: 0
  💰 Daily P&L: $+0.00

[2026-08-14 12:37] O:7799.25 H:7799.25 L:7796.50 C:7797.25 V:2826.0
  📈 Trend: strong_bearish | 🌍 Regime: trending_bearish
  🗺️  Grid: 0.100% | 🔺 7800.50 🔻 7798.75
  📡 RSI: 28.1 | MACD: -0.64 | ATR: 1.41
  📊 Filled: 0 | Pending: 0
  💰 Daily P&L: $+0.00

[2026-08-14 12:38] O:7797.00 H:7797.50 L:7796.50 C:7797.25 V:2546.0
  📈 Trend: strong_bearish | 🌍 Regime: trending_bearish
  🗺️  Grid: 0.100% | 🔺 7799.25 🔻 7796.50
  📡 RSI: 28.1 | MACD: -0.81 | ATR: 1.39
  📊 Filled: 0 | Pending: 0
  💰 Daily P&L: $+0.00

[2026-08-14 12:39] O:7797.00 H:7798.25 L:7796.50 C:7797.75 V:1025.0
  📈 Trend: strong_bearish | 🌍 Regime: trending_bearish
  🗺️  Grid: 0.100% | 🔺 7797.50 🔻 7796.50
  📡 RSI: 36.7 | MACD: -0.89 | ATR: 1.39
  📊 Filled: 0 | Pending: 0
  💰 Daily P&L: $+0.00

[2026-08-14 12:40] O:7797.50 H:7798.75 L:7796.75 C:7798.25 V:1093.0
  📈 Trend: strong_bearish | 🌍 Regime: trending_bearish
  🗺️  Grid: 0.100% | 🔺 7798.25 🔻 7796.50
  📡 RSI: 38.7 | MACD: -0.90 | ATR: 1.43
  📊 Filled: 0 | Pending: 0
  💰 Daily P&L: $+0.00

[2026-08-14 12:41] O:7798.50 H:7798.75 L:7797.00 C:7797.75 V:993.0
  📈 Trend: strong_bearish | 🌍 Regime: trending_bearish
  🗺️  Grid: 0.100% | 🔺 7798.75 🔻 7796.75
  📡 RSI: 34.4 | MACD: -0.94 | ATR: 1.50
  📊 Filled: 0 | Pending: 0
  💰 Daily P&L: $+0.00

[2026-08-14 12:42] O:7797.50 H:7798.00 L:7797.00 C:7797.25 V:960.0
  📈 Trend: strong_bearish | 🌍 Regime: trending_bearish
  🗺️  Grid: 0.100% | 🔺 7798.75 🔻 7797.00
  📡 RSI: 32.4 | MACD: -1.00 | ATR: 1.50
  📊 Filled: 0 | Pending: 0
  💰 Daily P&L: $+0.00

[2026-08-14 12:43] O:7797.25 H:7798.00 L:7797.00 C:7797.25 V:612.0
  📈 Trend: strong_bearish | 🌍 Regime: trending_bearish
  🗺️  Grid: 0.100% | 🔺 7798.00 🔻 7797.00
  📡 RSI: 34.4 | MACD: -1.03 | ATR: 1.48
  📊 Filled: 0 | Pending: 0
  💰 Daily P&L: $+0.00

[2026-08-14 12:44] O:7797.25 H:7798.50 L:7797.25 C:7798.25 V:732.0
  📈 Trend: strong_bearish | 🌍 Regime: trending_bearish
  🗺️  Grid: 0.100% | 🔺 7798.00 🔻 7797.00
  📡 RSI: 41.7 | MACD: -0.97 | ATR: 1.48
  📊 Filled: 0 | Pending: 0
  💰 Daily P&L: $+0.00

[2026-08-14 12:45] O:7798.25 H:7799.50 L:7797.75 C:7798.25 V:1699.0
  📈 Trend: strong_bearish | 🌍 Regime: trending_bearish
  🗺️  Grid: 0.100% | 🔺 7798.50 🔻 7797.25
  📡 RSI: 34.4 | MACD: -0.91 | ATR: 1.52
  📊 Filled: 0 | Pending: 0
  💰 Daily P&L: $+0.00

[2026-08-14 12:46] O:7798.00 H:7799.50 L:7798.00 C:7799.25 V:992.0
  📈 Trend: strong_bearish | 🌍 Regime: trending_bearish
  🗺️  Grid: 0.100% | 🔺 7799.50 🔻 7797.75
  📡 RSI: 36.4 | MACD: -0.77 | ATR: 1.50
  📊 Filled: 0 | Pending: 0
  💰 Daily P&L: $+0.00

[2026-08-14 12:47] O:7799.25 H:7799.50 L:7798.50 C:7799.50 V:545.0
  📈 Trend: strong_bearish | 🌍 Regime: trending_bearish
  🗺️  Grid: 0.100% | 🔺 7799.50 🔻 7798.00
  📡 RSI: 43.3 | MACD: -0.64 | ATR: 1.48
  📊 Filled: 0 | Pending: 0
  💰 Daily P&L: $+0.00

[2026-08-14 12:48] O:7799.25 H:7799.25 L:7798.25 C:7798.50 V:1206.0
  📈 Trend: strong_bearish | 🌍 Regime: trending_bearish
  🗺️  Grid: 0.100% | 🔺 7799.50 🔻 7798.50
  📡 RSI: 38.2 | MACD: -0.60 | ATR: 1.48
  📊 Filled: 0 | Pending: 0
  💰 Daily P&L: $+0.00

[2026-08-14 12:49] O:7798.50 H:7798.75 L:7797.50 C:7798.25 V:1261.0
  📈 Trend: strong_bearish | 🌍 Regime: trending_bearish
  🗺️  Grid: 0.100% | 🔺 7799.25 🔻 7798.25
  📡 RSI: 38.2 | MACD: -0.59 | ATR: 1.50
  📊 Filled: 0 | Pending: 0
  💰 Daily P&L: $+0.00

[2026-08-14 12:50] O:7798.25 H:7798.50 L:7796.75 C:7797.50 V:1249.0
  📈 Trend: strong_bearish | 🌍 Regime: trending_bearish
  🗺️  Grid: 0.100% | 🔺 7798.75 🔻 7797.50
  📡 RSI: 39.4 | MACD: -0.63 | ATR: 1.50
  📊 Filled: 0 | Pending: 0
  💰 Daily P&L: $+0.00

[2026-08-14 12:51] O:7797.50 H:7798.75 L:7797.25 C:7798.50 V:729.0
  📈 Trend: strong_bearish | 🌍 Regime: trending_bearish
  🗺️  Grid: 0.100% | 🔺 7798.50 🔻 7796.75
  📡 RSI: 58.6 | MACD: -0.57 | ATR: 1.41
  📊 Filled: 0 | Pending: 0
  💰 Daily P&L: $+0.00

[2026-08-14 12:52] O:7798.50 H:7799.50 L:7798.25 C:7799.00 V:764.0
  📈 Trend: strong_bearish | 🌍 Regime: trending_bearish
  🗺️  Grid: 0.100% | 🔺 7798.75 🔻 7797.25
  📡 RSI: 61.3 | MACD: -0.49 | ATR: 1.43
  📊 Filled: 0 | Pending: 0
  💰 Daily P&L: $+0.00

[2026-08-14 12:53] O:7799.00 H:7800.25 L:7799.00 C:7800.25 V:1033.0
  📈 Trend: strong_bearish | 🌍 Regime: trending_bearish
  🗺️  Grid: 0.100% | 🔺 7799.50 🔻 7798.25
  📡 RSI: 64.7 | MACD: -0.31 | ATR: 1.39
  📊 Filled: 0 | Pending: 0
  💰 Daily P&L: $+0.00

[2026-08-14 12:54] O:7800.25 H:7800.50 L:7799.50 C:7800.00 V:673.0
  📈 Trend: strong_bearish | 🌍 Regime: trending_bearish
  🗺️  Grid: 0.100% | 🔺 7800.25 🔻 7799.00
  📡 RSI: 60.6 | MACD: -0.19 | ATR: 1.32
  📊 Filled: 0 | Pending: 0
  💰 Daily P&L: $+0.00

[2026-08-14 12:55] O:7799.75 H:7800.00 L:7798.75 C:7799.25 V:964.0
  📈 Trend: strong_bearish | 🌍 Regime: trending_bearish
  🗺️  Grid: 0.100% | 🔺 7800.50 🔻 7799.50
  📡 RSI: 58.8 | MACD: -0.15 | ATR: 1.29
  📊 Filled: 0 | Pending: 0
  💰 Daily P&L: $+0.00

[2026-08-14 12:56] O:7799.25 H:7800.50 L:7799.25 C:7800.25 V:558.0
  📈 Trend: strong_bearish (raw: moderate_bearish) | 🌍 Regime: trending_bearish
  🗺️  Grid: 0.100% | 🔺 7800.00 🔻 7798.75
  📡 RSI: 66.7 | MACD: -0.04 | ATR: 1.30
  📊 Filled: 0 | Pending: 0
  💰 Daily P&L: $+0.00

[2026-08-14 12:57] O:7800.50 H:7801.50 L:7800.00 C:7800.75 V:1063.0
  📈 Trend: strong_bearish (raw: moderate_bullish) | 🌍 Regime: trending_bullish
  🗺️  Grid: 0.100% | 🔺 7800.50 🔻 7799.25
  📡 RSI: 68.4 | MACD: 0.08 | ATR: 1.34
  📊 Filled: 0 | Pending: 0
  💰 Daily P&L: $+0.00

[2026-08-14 12:58] O:7800.75 H:7801.25 L:7800.50 C:7800.50 V:544.0
  📈 Trend: strong_bearish (raw: moderate_bullish) | 🌍 Regime: trending_bullish
  🗺️  Grid: 0.100% | 🔺 7801.50 🔻 7800.00
  📡 RSI: 62.9 | MACD: 0.16 | ATR: 1.30
  📊 Filled: 0 | Pending: 0
  💰 Daily P&L: $+0.00

[2026-08-14 12:59] O:7800.50 H:7801.00 L:7800.25 C:7800.50 V:668.0
  📈 Trend: moderate_bullish | 🌍 Regime: trending_bullish
  🗺️  Grid: 0.100% | 🔺 7801.25 🔻 7800.50
  📡 RSI: 62.9 | MACD: 0.22 | ATR: 1.23
  📊 Filled: 0 | Pending: 0
  💰 Daily P&L: $+0.00

[2026-08-14 13:00] O:7800.50 H:7801.00 L:7799.50 C:7800.00 V:1333.0
  📈 Trend: moderate_bullish | 🌍 Regime: trending_bullish
  🗺️  Grid: 0.100% | 🔺 7801.00 🔻 7800.25
  📡 RSI: 54.5 | MACD: 0.23 | ATR: 1.23
  📊 Filled: 0 | Pending: 0
  💰 Daily P&L: $+0.00

[2026-08-14 13:01] O:7800.00 H:7801.00 L:7800.00 C:7800.50 V:1006.0
  📈 Trend: moderate_bullish | 🌍 Regime: trending_bullish
  🗺️  Grid: 0.100% | 🔺 7801.00 🔻 7799.50
  📡 RSI: 55.9 | MACD: 0.27 | ATR: 1.23
  📊 Filled: 0 | Pending: 0
  💰 Daily P&L: $+0.00

[2026-08-14 13:02] O:7800.50 H:7803.25 L:7800.50 C:7802.75 V:1947.0
  📈 Trend: moderate_bullish | 🌍 Regime: trending_bullish
  🗺️  Grid: 0.100% | 🔺 7801.00 🔻 7800.00
  📡 RSI: 71.8 | MACD: 0.47 | ATR: 1.34
  📊 Filled: 0 | Pending: 0
  💰 Daily P&L: $+0.00

[2026-08-14 13:03] O:7803.00 H:7803.50 L:7802.25 C:7802.50 V:1197.0
  📈 Trend: moderate_bullish | 🌍 Regime: trending_bullish
  🗺️  Grid: 0.100% | 🔺 7803.25 🔻 7800.50
  📡 RSI: 71.8 | MACD: 0.61 | ATR: 1.34
  📊 Filled: 0 | Pending: 0
  💰 Daily P&L: $+0.00

[2026-08-14 13:04] O:7802.50 H:7803.00 L:7802.25 C:7802.50 V:609.0
  📈 Trend: moderate_bullish | 🌍 Regime: trending_bullish
  🗺️  Grid: 0.100% | 🔺 7803.50 🔻 7802.25
  📡 RSI: 77.8 | MACD: 0.71 | ATR: 1.27
  📊 Filled: 0 | Pending: 0
  💰 Daily P&L: $+0.00

[2026-08-14 13:05] O:7802.50 H:7803.00 L:7802.00 C:7802.75 V:793.0
  📈 Trend: moderate_bullish (raw: strong_bullish) | 🌍 Regime: ranging
  🗺️  Grid: 0.100% | 🔺 7803.00 🔻 7802.25
  📡 RSI: 75.8 | MACD: 0.80 | ATR: 1.23
  📊 Filled: 0 | Pending: 0
  💰 Daily P&L: $+0.00

[2026-08-14 13:06] O:7802.50 H:7803.75 L:7801.75 C:7801.75 V:1741.0
  📈 Trend: moderate_bullish (raw: strong_bullish) | 🌍 Regime: ranging
  🗺️  Grid: 0.100% | 🔺 7803.00 🔻 7802.00
  📡 RSI: 65.7 | MACD: 0.79 | ATR: 1.29
  📊 Filled: 0 | Pending: 0
  💰 Daily P&L: $+0.00

[2026-08-14 13:07] O:7801.75 H:7803.00 L:7801.75 C:7802.25 V:1247.0
  📈 Trend: strong_bullish | 🌍 Regime: ranging
  🗺️  Grid: 0.100% | 🔺 7803.75 🔻 7801.75
  📡 RSI: 62.5 | MACD: 0.80 | ATR: 1.29
  📊 Filled: 0 | Pending: 0
  💰 Daily P&L: $+0.00

[2026-08-14 13:08] O:7802.50 H:7804.25 L:7802.50 C:7803.00 V:1298.0
  📈 Trend: strong_bullish | 🌍 Regime: ranging
  🗺️  Grid: 0.100% | 🔺 7803.00 🔻 7801.75
  📡 RSI: 67.6 | MACD: 0.87 | ATR: 1.36
  📊 Filled: 0 | Pending: 0
  💰 Daily P&L: $+0.00

[2026-08-14 13:09] O:7803.00 H:7804.25 L:7802.75 C:7804.00 V:1227.0
  📈 Trend: strong_bullish | 🌍 Regime: ranging
  🗺️  Grid: 0.100% | 🔺 7804.25 🔻 7802.50
  📡 RSI: 77.1 | MACD: 0.99 | ATR: 1.38
  📊 Filled: 0 | Pending: 0
  💰 Daily P&L: $+0.00

[2026-08-14 13:10] O:7804.00 H:7805.00 L:7803.25 C:7804.50 V:1010.0
  📈 Trend: strong_bullish | 🌍 Regime: ranging
  🗺️  Grid: 0.100% | 🔺 7804.25 🔻 7802.75
  📡 RSI: 75.8 | MACD: 1.11 | ATR: 1.41
  📊 Filled: 0 | Pending: 0
  💰 Daily P&L: $+0.00

[2026-08-14 13:11] O:7804.50 H:7805.00 L:7803.75 C:7804.25 V:832.0
  📈 Trend: strong_bullish | 🌍 Regime: ranging
  🗺️  Grid: 0.100% | 🔺 7805.00 🔻 7803.25
  📡 RSI: 71.9 | MACD: 1.17 | ATR: 1.39
  📊 Filled: 0 | Pending: 0
  💰 Daily P&L: $+0.00

[2026-08-14 13:12] O:7804.25 H:7804.75 L:7803.75 C:7804.75 V:950.0
  📈 Trend: strong_bullish | 🌍 Regime: ranging
  🗺️  Grid: 0.100% | 🔺 7805.00 🔻 7803.75
  📡 RSI: 75.8 | MACD: 1.25 | ATR: 1.41
  📊 Filled: 0 | Pending: 0
  💰 Daily P&L: $+0.00

[2026-08-14 13:13] O:7804.75 H:7805.50 L:7804.50 C:7805.25 V:1230.0
  📈 Trend: strong_bullish | 🌍 Regime: ranging
  🗺️  Grid: 0.100% | 🔺 7804.75 🔻 7803.75
  📡 RSI: 77.1 | MACD: 1.34 | ATR: 1.43
  📊 Filled: 0 | Pending: 0
  💰 Daily P&L: $+0.00

[2026-08-14 13:14] O:7805.00 H:7805.25 L:7803.75 C:7804.00 V:957.0
  📈 Trend: strong_bullish | 🌍 Regime: ranging
  🗺️  Grid: 0.100% | 🔺 7805.50 🔻 7804.50
  📡 RSI: 71.1 | MACD: 1.29 | ATR: 1.43
  📊 Filled: 0 | Pending: 0
  💰 Daily P&L: $+0.00

[2026-08-14 13:15] O:7804.25 H:7805.50 L:7804.00 C:7805.25 V:972.0
  📈 Trend: strong_bullish | 🌍 Regime: ranging
  🗺️  Grid: 0.100% | 🔺 7805.25 🔻 7803.75
  📡 RSI: 73.2 | MACD: 1.34 | ATR: 1.46
  📊 Filled: 0 | Pending: 0
  💰 Daily P&L: $+0.00

[2026-08-14 13:16] O:7805.50 H:7805.75 L:7805.00 C:7805.50 V:863.0
  📈 Trend: strong_bullish | 🌍 Regime: ranging
  🗺️  Grid: 0.100% | 🔺 7805.50 🔻 7804.00
  📡 RSI: 66.7 | MACD: 1.38 | ATR: 1.32
  📊 Filled: 0 | Pending: 0
  💰 Daily P&L: $+0.00

[2026-08-14 13:17] O:7805.75 H:7805.75 L:7804.75 C:7805.00 V:862.0
  📈 Trend: strong_bullish | 🌍 Regime: trending_bullish
  🗺️  Grid: 0.100% | 🔺 7805.75 🔻 7805.00
  📡 RSI: 64.7 | MACD: 1.35 | ATR: 1.30
  📊 Filled: 0 | Pending: 0
  💰 Daily P&L: $+0.00

[2026-08-14 13:18] O:7805.00 H:7805.75 L:7804.75 C:7805.25 V:574.0
  📈 Trend: strong_bullish | 🌍 Regime: trending_bullish
  🗺️  Grid: 0.100% | 🔺 7805.75 🔻 7804.75
  📡 RSI: 65.7 | MACD: 1.34 | ATR: 1.32
  📊 Filled: 0 | Pending: 0
  💰 Daily P&L: $+0.00

[2026-08-14 13:19] O:7805.25 H:7805.25 L:7803.75 C:7804.50 V:891.0
  📈 Trend: strong_bullish | 🌍 Regime: trending_bullish
  🗺️  Grid: 0.100% | 🔺 7805.75 🔻 7804.75
  📡 RSI: 59.5 | MACD: 1.26 | ATR: 1.36
  📊 Filled: 0 | Pending: 0
  💰 Daily P&L: $+0.00

[2026-08-14 13:20] O:7804.75 H:7804.75 L:7803.25 C:7804.00 V:911.0
  📈 Trend: strong_bullish (raw: moderate_bullish) | 🌍 Regime: trending_bullish
  🗺️  Grid: 0.100% | 🔺 7805.25 🔻 7803.75
  📡 RSI: 62.9 | MACD: 1.13 | ATR: 1.32
  📊 Filled: 0 | Pending: 0
  💰 Daily P&L: $+0.00

[2026-08-14 13:21] O:7804.25 H:7805.75 L:7804.25 C:7805.25 V:805.0
  📈 Trend: strong_bullish (raw: moderate_bullish) | 🌍 Regime: ranging
  🗺️  Grid: 0.100% | 🔺 7804.75 🔻 7803.25
  📡 RSI: 65.8 | MACD: 1.13 | ATR: 1.36
  📊 Filled: 0 | Pending: 0
  💰 Daily P&L: $+0.00

[2026-08-14 13:22] O:7805.25 H:7805.75 L:7804.50 C:7805.00 V:679.0
  📈 Trend: moderate_bullish | 🌍 Regime: ranging
  🗺️  Grid: 0.100% | 🔺 7805.75 🔻 7804.25
  📡 RSI: 61.1 | MACD: 1.09 | ATR: 1.30
  📊 Filled: 0 | Pending: 0
  💰 Daily P&L: $+0.00

[2026-08-14 13:23] O:7805.25 H:7805.25 L:7804.25 C:7804.50 V:589.0
  📈 Trend: moderate_bullish | 🌍 Regime: ranging
  🗺️  Grid: 0.100% | 🔺 7805.75 🔻 7804.50
  📡 RSI: 52.9 | MACD: 1.00 | ATR: 1.27
  📊 Filled: 0 | Pending: 0
  💰 Daily P&L: $+0.00

[2026-08-14 13:24] O:7804.50 H:7805.25 L:7804.25 C:7804.50 V:573.0
  📈 Trend: moderate_bullish | 🌍 Regime: ranging
  🗺️  Grid: 0.100% | 🔺 7805.25 🔻 7804.25
  📡 RSI: 50.0 | MACD: 0.93 | ATR: 1.21
  📊 Filled: 0 | Pending: 0
  💰 Daily P&L: $+0.00

[2026-08-14 13:25] O:7804.25 H:7805.00 L:7804.25 C:7804.75 V:335.0
  📈 Trend: moderate_bullish | 🌍 Regime: trending_bullish
  🗺️  Grid: 0.100% | 🔺 7805.25 🔻 7804.25
  📡 RSI: 53.1 | MACD: 0.88 | ATR: 1.18
  📊 Filled: 0 | Pending: 0
  💰 Daily P&L: $+0.00

[2026-08-14 13:26] O:7804.75 H:7805.50 L:7804.00 C:7804.00 V:742.0
  📈 Trend: moderate_bullish | 🌍 Regime: trending_bullish
  🗺️  Grid: 0.100% | 🔺 7805.00 🔻 7804.25
  📡 RSI: 45.5 | MACD: 0.77 | ATR: 1.21
  📊 Filled: 0 | Pending: 0
  💰 Daily P&L: $+0.00

[2026-08-14 13:27] O:7804.00 H:7804.25 L:7803.25 C:7803.25 V:1001.0
  📈 Trend: moderate_bullish | 🌍 Regime: trending_bullish
  🗺️  Grid: 0.100% | 🔺 7805.50 🔻 7804.00
  📡 RSI: 38.2 | MACD: 0.61 | ATR: 1.21
  📊 Filled: 0 | Pending: 0
  💰 Daily P&L: $+0.00

[2026-08-14 13:28] O:7803.25 H:7803.25 L:7801.50 C:7801.50 V:1680.0
  📈 Trend: moderate_bullish (raw: moderate_bearish) | 🌍 Regime: trending_bearish
  🗺️  Grid: 0.100% | 🔺 7804.25 🔻 7803.25
  📡 RSI: 36.1 | MACD: 0.35 | ATR: 1.23
  📊 Filled: 0 | Pending: 0
  💰 Daily P&L: $+0.00

[2026-08-14 13:29] O:7801.50 H:7802.75 L:7801.50 C:7801.75 V:1048.0
  📈 Trend: moderate_bullish (raw: moderate_bearish) | 🌍 Regime: ranging
  🗺️  Grid: 0.100% | 🔺 7803.25 🔻 7801.50
  📡 RSI: 28.1 | MACD: 0.15 | ATR: 1.21
  📊 Filled: 0 | Pending: 0
  💰 Daily P&L: $+0.00

[2026-08-14 13:30] O:7801.75 H:7803.75 L:7801.75 C:7802.50 V:1999.0
  📈 Trend: moderate_bearish | 🌍 Regime: ranging
  🗺️  Grid: 0.100% | 🔺 7802.75 🔻 7801.50
  📡 RSI: 32.4 | MACD: 0.06 | ATR: 1.30
  📊 Filled: 0 | Pending: 0
  💰 Daily P&L: $+0.00

[2026-08-14 13:31] O:7802.50 H:7802.75 L:7802.00 C:7802.00 V:1113.0
  📈 Trend: moderate_bearish (raw: strong_bearish) | 🌍 Regime: ranging
  🗺️  Grid: 0.100% | 🔺 7803.75 🔻 7801.75
  📡 RSI: 32.4 | MACD: -0.06 | ATR: 1.29
  📊 Filled: 0 | Pending: 0
  💰 Daily P&L: $+0.00

[2026-08-14 13:32] O:7802.00 H:7802.00 L:7801.00 C:7801.75 V:1606.0
  📈 Trend: moderate_bearish (raw: strong_bearish) | 🌍 Regime: ranging
  🗺️  Grid: 0.100% | 🔺 7802.75 🔻 7802.00
  📡 RSI: 29.4 | MACD: -0.16 | ATR: 1.29
  📊 Filled: 0 | Pending: 0
  💰 Daily P&L: $+0.00

[2026-08-14 13:33] O:7801.75 H:7802.25 L:7801.25 C:7801.50 V:678.0
  📈 Trend: strong_bearish | 🌍 Regime: ranging
  🗺️  Grid: 0.100% | 🔺 7802.00 🔻 7801.00
  📡 RSI: 31.2 | MACD: -0.27 | ATR: 1.25
  📊 Filled: 0 | Pending: 0
  💰 Daily P&L: $+0.00

[2026-08-14 13:34] O:7801.50 H:7801.75 L:7800.50 C:7801.50 V:1314.0
  📈 Trend: strong_bearish | 🌍 Regime: ranging
  🗺️  Grid: 0.100% | 🔺 7802.25 🔻 7801.25
  📡 RSI: 33.3 | MACD: -0.34 | ATR: 1.23
  📊 Filled: 0 | Pending: 0
  💰 Daily P&L: $+0.00

[2026-08-14 13:35] O:7801.50 H:7801.75 L:7800.75 C:7800.75 V:943.0
  📈 Trend: strong_bearish | 🌍 Regime: ranging
  🗺️  Grid: 0.100% | 🔺 7801.75 🔻 7800.50
  📡 RSI: 17.9 | MACD: -0.46 | ATR: 1.18
  📊 Filled: 0 | Pending: 0
  💰 Daily P&L: $+0.00

[2026-08-14 13:36] O:7800.75 H:7801.75 L:7800.75 C:7801.00 V:543.0
  📈 Trend: strong_bearish | 🌍 Regime: ranging
  🗺️  Grid: 0.100% | 🔺 7801.75 🔻 7800.75
  📡 RSI: 21.4 | MACD: -0.53 | ATR: 1.16
  📊 Filled: 0 | Pending: 0
  💰 Daily P&L: $+0.00

[2026-08-14 13:37] O:7801.00 H:7802.00 L:7801.00 C:7802.00 V:805.0
  📈 Trend: strong_bearish | 🌍 Regime: ranging
  🗺️  Grid: 0.100% | 🔺 7801.75 🔻 7800.75
  📡 RSI: 33.3 | MACD: -0.49 | ATR: 1.16
  📊 Filled: 0 | Pending: 0
  💰 Daily P&L: $+0.00

[2026-08-14 13:38] O:7802.25 H:7802.75 L:7801.25 C:7802.25 V:994.0
  📈 Trend: strong_bearish | 🌍 Regime: ranging
  🗺️  Grid: 0.100% | 🔺 7802.00 🔻 7801.00
  📡 RSI: 35.5 | MACD: -0.44 | ATR: 1.20
  📊 Filled: 0 | Pending: 0
  💰 Daily P&L: $+0.00

[2026-08-14 13:39] O:7802.25 H:7802.75 L:7802.25 C:7802.25 V:542.0
  📈 Trend: strong_bearish | 🌍 Regime: ranging
  🗺️  Grid: 0.100% | 🔺 7802.75 🔻 7801.25
  📡 RSI: 33.3 | MACD: -0.40 | ATR: 1.18
  📊 Filled: 0 | Pending: 0
  💰 Daily P&L: $+0.00

[2026-08-14 13:40] O:7802.50 H:7803.75 L:7802.00 C:7803.50 V:1152.0
  📈 Trend: strong_bearish (raw: moderate_bearish) | 🌍 Regime: ranging
  🗺️  Grid: 0.100% | 🔺 7802.75 🔻 7802.25
  📡 RSI: 46.9 | MACD: -0.26 | ATR: 1.20
  📊 Filled: 0 | Pending: 0
  💰 Daily P&L: $+0.00

[2026-08-14 13:41] O:7803.50 H:7804.50 L:7803.50 C:7804.00 V:1140.0
  📈 Trend: strong_bearish (raw: moderate_bearish) | 🌍 Regime: ranging
  🗺️  Grid: 0.100% | 🔺 7803.75 🔻 7802.00
  📡 RSI: 54.8 | MACD: -0.10 | ATR: 1.20
  📊 Filled: 0 | Pending: 0
  💰 Daily P&L: $+0.00

[2026-08-14 13:42] O:7804.00 H:7804.50 L:7803.50 C:7804.50 V:864.0
  📈 Trend: strong_bearish | 🌍 Regime: ranging
  🗺️  Grid: 0.100% | 🔺 7804.50 🔻 7803.50
  📡 RSI: 73.1 | MACD: 0.06 | ATR: 1.14
  📊 Filled: 0 | Pending: 0
  💰 Daily P&L: $+0.00

[2026-08-14 13:43] O:7804.50 H:7804.75 L:7804.25 C:7804.25 V:657.0
  📈 Trend: strong_bearish | 🌍 Regime: ranging
  🗺️  Grid: 0.100% | 🔺 7804.50 🔻 7803.50
  📡 RSI: 69.2 | MACD: 0.16 | ATR: 1.09
  📊 Filled: 0 | Pending: 0
  💰 Daily P&L: $+0.00

[2026-08-14 13:44] O:7804.25 H:7805.25 L:7804.25 C:7804.50 V:890.0
  📈 Trend: strong_bearish | 🌍 Regime: ranging
  🗺️  Grid: 0.100% | 🔺 7804.75 🔻 7804.25
  📡 RSI: 66.7 | MACD: 0.26 | ATR: 1.02
  📊 Filled: 0 | Pending: 0
  💰 Daily P&L: $+0.00

[2026-08-14 13:45] O:7804.75 H:7804.75 L:7803.75 C:7804.00 V:722.0
  📈 Trend: strong_bearish (raw: moderate_bullish) | 🌍 Regime: ranging
  🗺️  Grid: 0.100% | 🔺 7805.25 🔻 7804.25
  📡 RSI: 66.7 | MACD: 0.30 | ATR: 1.04
  📊 Filled: 0 | Pending: 0
  💰 Daily P&L: $+0.00

[2026-08-14 13:46] O:7803.75 H:7803.75 L:7802.75 C:7803.50 V:946.0
  📈 Trend: strong_bearish (raw: strong_bullish) | 🌍 Regime: ranging
  🗺️  Grid: 0.100% | 🔺 7804.75 🔻 7803.75
  📡 RSI: 64.0 | MACD: 0.28 | ATR: 1.05
  📊 Filled: 0 | Pending: 0
  💰 Daily P&L: $+0.00

[2026-08-14 13:47] O:7803.50 H:7805.00 L:7803.25 C:7804.00 V:852.0
  📈 Trend: strong_bearish (raw: strong_bullish) | 🌍 Regime: ranging
  🗺️  Grid: 0.100% | 🔺 7803.75 🔻 7802.75
  📡 RSI: 69.2 | MACD: 0.31 | ATR: 1.11
  📊 Filled: 0 | Pending: 0
  💰 Daily P&L: $+0.00

[2026-08-14 13:48] O:7804.25 H:7804.50 L:7803.75 C:7804.00 V:255.0
  📈 Trend: strong_bullish | 🌍 Regime: ranging
  🗺️  Grid: 0.100% | 🔺 7805.00 🔻 7803.25
  📡 RSI: 69.2 | MACD: 0.32 | ATR: 1.07
  📊 Filled: 0 | Pending: 0
  💰 Daily P&L: $+0.00

[2026-08-14 13:49] O:7804.00 H:7805.25 L:7804.00 C:7805.25 V:713.0
  📈 Trend: strong_bullish | 🌍 Regime: ranging
  🗺️  Grid: 0.100% | 🔺 7804.50 🔻 7803.75
  📡 RSI: 82.1 | MACD: 0.43 | ATR: 1.09
  📊 Filled: 0 | Pending: 0
  💰 Daily P&L: $+0.00

[2026-08-14 13:50] O:7805.25 H:7807.25 L:7805.00 C:7807.00 V:2153.0
  📈 Trend: strong_bullish | 🌍 Regime: ranging
  🗺️  Grid: 0.100% | 🔺 7805.25 🔻 7804.00
  📡 RSI: 85.3 | MACD: 0.65 | ATR: 1.18
  📊 Filled: 0 | Pending: 0
  💰 Daily P&L: $+0.00

[2026-08-14 13:51] O:7806.75 H:7807.50 L:7806.50 C:7807.00 V:1231.0
  📈 Trend: strong_bullish | 🌍 Regime: ranging
  🗺️  Grid: 0.100% | 🔺 7807.25 🔻 7805.00
  📡 RSI: 83.3 | MACD: 0.82 | ATR: 1.18
  📊 Filled: 0 | Pending: 0
  💰 Daily P&L: $+0.00

[2026-08-14 13:52] O:7807.00 H:7807.50 L:7806.00 C:7806.25 V:1292.0
  📈 Trend: strong_bullish | 🌍 Regime: ranging
  🗺️  Grid: 0.100% | 🔺 7807.50 🔻 7806.50
  📡 RSI: 75.0 | MACD: 0.88 | ATR: 1.18
  📊 Filled: 0 | Pending: 0
  💰 Daily P&L: $+0.00

[2026-08-14 13:53] O:7806.25 H:7806.50 L:7805.75 C:7806.50 V:969.0
  📈 Trend: strong_bullish | 🌍 Regime: ranging
  🗺️  Grid: 0.100% | 🔺 7807.50 🔻 7806.00
  📡 RSI: 75.8 | MACD: 0.93 | ATR: 1.20
  📊 Filled: 0 | Pending: 0
  💰 Daily P&L: $+0.00

[2026-08-14 13:54] O:7806.50 H:7806.75 L:7805.75 C:7806.25 V:1115.0
  📈 Trend: strong_bullish | 🌍 Regime: ranging
  🗺️  Grid: 0.100% | 🔺 7806.50 🔻 7805.75
  📡 RSI: 69.0 | MACD: 0.95 | ATR: 1.14
  📊 Filled: 0 | Pending: 0
  💰 Daily P&L: $+0.00

[2026-08-14 13:55] O:7806.25 H:7806.25 L:7804.75 C:7804.75 V:734.0
  📈 Trend: strong_bullish | 🌍 Regime: ranging
  🗺️  Grid: 0.100% | 🔺 7806.75 🔻 7805.75
  📡 RSI: 54.5 | MACD: 0.83 | ATR: 1.18
  📊 Filled: 0 | Pending: 0
  💰 Daily P&L: $+0.00

[2026-08-14 13:56] O:7805.00 H:7805.50 L:7804.50 C:7805.25 V:704.0
  📈 Trend: strong_bullish | 🌍 Regime: ranging
  🗺️  Grid: 0.100% | 🔺 7806.25 🔻 7804.75
  📡 RSI: 54.5 | MACD: 0.77 | ATR: 1.18
  📊 Filled: 0 | Pending: 0
  💰 Daily P&L: $+0.00

[2026-08-14 13:57] O:7805.25 H:7805.50 L:7805.00 C:7805.00 V:470.0
  📈 Trend: strong_bullish | 🌍 Regime: ranging
  🗺️  Grid: 0.100% | 🔺 7805.50 🔻 7804.50
  📡 RSI: 54.5 | MACD: 0.69 | ATR: 1.18
  📊 Filled: 0 | Pending: 0
  💰 Daily P&L: $+0.00

[2026-08-14 13:58] O:7805.00 H:7805.00 L:7804.00 C:7804.25 V:653.0
  📈 Trend: strong_bullish | 🌍 Regime: ranging
  🗺️  Grid: 0.100% | 🔺 7805.50 🔻 7805.00
  📡 RSI: 48.6 | MACD: 0.56 | ATR: 1.18
  📊 Filled: 0 | Pending: 0
  💰 Daily P&L: $+0.00

[2026-08-14 13:59] O:7804.25 H:7804.75 L:7803.75 C:7804.25 V:934.0
  📈 Trend: strong_bullish | 🌍 Regime: ranging
  🗺️  Grid: 0.100% | 🔺 7805.00 🔻 7804.00
  📡 RSI: 51.5 | MACD: 0.45 | ATR: 1.18
  📊 Filled: 0 | Pending: 0
  💰 Daily P&L: $+0.00

[2026-08-14 14:00] O:7804.50 H:7804.75 L:7802.50 C:7802.75 V:1815.0
  📈 Trend: strong_bullish (raw: moderate_bullish) | 🌍 Regime: ranging
  🗺️  Grid: 0.100% | 🔺 7804.75 🔻 7803.75
  📡 RSI: 45.9 | MACD: 0.24 | ATR: 1.25
  📊 Filled: 0 | Pending: 0
  💰 Daily P&L: $+0.00

[2026-08-14 14:01] O:7803.00 H:7804.75 L:7802.50 C:7804.25 V:1595.0
  📈 Trend: strong_bullish (raw: moderate_bullish) | 🌍 Regime: ranging
  🗺️  Grid: 0.100% | 🔺 7804.75 🔻 7802.50
  📡 RSI: 51.2 | MACD: 0.20 | ATR: 1.29
  📊 Filled: 0 | Pending: 0
  💰 Daily P&L: $+0.00

[2026-08-14 14:02] O:7804.00 H:7804.50 L:7803.25 C:7803.25 V:667.0
  📈 Trend: moderate_bullish | 🌍 Regime: ranging
  🗺️  Grid: 0.100% | 🔺 7804.75 🔻 7802.50
  📡 RSI: 46.7 | MACD: 0.08 | ATR: 1.32
  📊 Filled: 0 | Pending: 0
  💰 Daily P&L: $+0.00

[2026-08-14 14:03] O:7803.50 H:7804.00 L:7803.25 C:7803.25 V:676.0
  📈 Trend: moderate_bullish | 🌍 Regime: ranging
  🗺️  Grid: 0.100% | 🔺 7804.50 🔻 7803.25
  📡 RSI: 40.0 | MACD: -0.02 | ATR: 1.29
  📊 Filled: 0 | Pending: 0
  💰 Daily P&L: $+0.00

[2026-08-14 14:04] O:7803.25 H:7803.25 L:7801.50 C:7802.50 V:1439.0
  📈 Trend: moderate_bullish | 🌍 Regime: ranging
  🗺️  Grid: 0.100% | 🔺 7804.00 🔻 7803.25
  📡 RSI: 25.0 | MACD: -0.15 | ATR: 1.25
  📊 Filled: 0 | Pending: 0
  💰 Daily P&L: $+0.00

[2026-08-14 14:05] O:7802.25 H:7803.25 L:7802.25 C:7803.25 V:723.0
  📈 Trend: moderate_bullish | 🌍 Regime: ranging
  🗺️  Grid: 0.100% | 🔺 7803.25 🔻 7801.50
  📡 RSI: 30.8 | MACD: -0.19 | ATR: 1.25
  📊 Filled: 0 | Pending: 0
  💰 Daily P&L: $+0.00

[2026-08-14 14:06] O:7803.00 H:7803.25 L:7801.75 C:7802.50 V:977.0
  📈 Trend: moderate_bullish | 🌍 Regime: trending_bullish
  🗺️  Grid: 0.100% | 🔺 7803.25 🔻 7802.25
  📡 RSI: 30.8 | MACD: -0.28 | ATR: 1.25
  📊 Filled: 0 | Pending: 0
  💰 Daily P&L: $+0.00

[2026-08-14 14:07] O:7802.75 H:7802.75 L:7802.00 C:7802.50 V:765.0
  📈 Trend: moderate_bullish | 🌍 Regime: trending_bullish
  🗺️  Grid: 0.100% | 🔺 7803.25 🔻 7801.75
  📡 RSI: 28.9 | MACD: -0.35 | ATR: 1.25
  📊 Filled: 0 | Pending: 0
  💰 Daily P&L: $+0.00

[2026-08-14 14:08] O:7802.25 H:7803.50 L:7802.25 C:7803.50 V:730.0
  📈 Trend: moderate_bullish | 🌍 Regime: trending_bullish
  🗺️  Grid: 0.100% | 🔺 7802.75 🔻 7802.00
  📡 RSI: 36.6 | MACD: -0.32 | ATR: 1.27
  📊 Filled: 0 | Pending: 0
  💰 Daily P&L: $+0.00

[2026-08-14 14:09] O:7803.50 H:7804.50 L:7803.25 C:7804.25 V:1112.0
  📈 Trend: moderate_bullish | 🌍 Regime: trending_bullish
  🗺️  Grid: 0.100% | 🔺 7803.50 🔻 7802.25
  📡 RSI: 47.4 | MACD: -0.23 | ATR: 1.25
  📊 Filled: 0 | Pending: 0
  💰 Daily P&L: $+0.00

[2026-08-14 14:10] O:7804.25 H:7804.50 L:7803.00 C:7803.75 V:1156.0
  📈 Trend: moderate_bullish | 🌍 Regime: trending_bullish
  🗺️  Grid: 0.100% | 🔺 7804.50 🔻 7803.25
  📡 RSI: 42.1 | MACD: -0.20 | ATR: 1.29
  📊 Filled: 0 | Pending: 0
  💰 Daily P&L: $+0.00

[2026-08-14 14:11] O:7803.50 H:7803.75 L:7803.00 C:7803.00 V:448.0
  📈 Trend: moderate_bullish | 🌍 Regime: trending_bullish
  🗺️  Grid: 0.100% | 🔺 7804.50 🔻 7803.00
  📡 RSI: 40.0 | MACD: -0.24 | ATR: 1.30
  📊 Filled: 0 | Pending: 0
  💰 Daily P&L: $+0.00

[2026-08-14 14:12] O:7803.25 H:7804.00 L:7803.00 C:7803.75 V:979.0
  📈 Trend: moderate_bullish | 🌍 Regime: trending_bullish
  🗺️  Grid: 0.100% | 🔺 7803.75 🔻 7803.00
  📡 RSI: 47.5 | MACD: -0.20 | ATR: 1.30
  📊 Filled: 0 | Pending: 0
  💰 Daily P&L: $+0.00

[2026-08-14 14:13] O:7803.75 H:7804.50 L:7803.25 C:7804.00 V:827.0
  📈 Trend: moderate_bullish | 🌍 Regime: trending_bullish
  🗺️  Grid: 0.100% | 🔺 7804.00 🔻 7803.00
  📡 RSI: 48.8 | MACD: -0.15 | ATR: 1.32
  📊 Filled: 0 | Pending: 0
  💰 Daily P&L: $+0.00

[2026-08-14 14:14] O:7803.75 H:7804.50 L:7803.00 C:7803.25 V:1471.0
  📈 Trend: moderate_bullish | 🌍 Regime: trending_bullish
  🗺️  Grid: 0.100% | 🔺 7804.50 🔻 7803.25
  📡 RSI: 52.6 | MACD: -0.17 | ATR: 1.27
  📊 Filled: 0 | Pending: 0
  💰 Daily P&L: $+0.00

[2026-08-14 14:15] O:7803.00 H:7804.00 L:7803.00 C:7803.50 V:496.0
  📈 Trend: moderate_bullish | 🌍 Regime: trending_bullish
  🗺️  Grid: 0.100% | 🔺 7804.50 🔻 7803.00
  📡 RSI: 45.5 | MACD: -0.16 | ATR: 1.18
  📊 Filled: 0 | Pending: 0
  💰 Daily P&L: $+0.00

[2026-08-14 14:16] O:7803.75 H:7803.75 L:7801.75 C:7802.00 V:1508.0
  📈 Trend: moderate_bullish (raw: strong_bearish) | 🌍 Regime: trending_bearish
  🗺️  Grid: 0.100% | 🔺 7804.00 🔻 7803.00
  📡 RSI: 42.9 | MACD: -0.27 | ATR: 1.23
  📊 Filled: 0 | Pending: 0
  💰 Daily P&L: $+0.00

[2026-08-14 14:17] O:7802.00 H:7802.50 L:7801.25 C:7802.25 V:1077.0
  📈 Trend: moderate_bullish (raw: strong_bearish) | 🌍 Regime: ranging
  🗺️  Grid: 0.100% | 🔺 7803.75 🔻 7801.75
  📡 RSI: 44.4 | MACD: -0.34 | ATR: 1.27
  📊 Filled: 0 | Pending: 0
  💰 Daily P&L: $+0.00

[2026-08-14 14:18] O:7802.00 H:7803.50 L:7800.75 C:7803.50 V:2533.0
  📈 Trend: strong_bearish | 🌍 Regime: ranging
  🗺️  Grid: 0.100% | 🔺 7802.50 🔻 7801.25
  📡 RSI: 55.3 | MACD: -0.28 | ATR: 1.34
  📊 Filled: 0 | Pending: 0
  💰 Daily P&L: $+0.00

[2026-08-14 14:19] O:7803.25 H:7803.25 L:7802.50 C:7802.75 V:804.0
  📈 Trend: strong_bearish | 🌍 Regime: ranging
  🗺️  Grid: 0.100% | 🔺 7803.50 🔻 7800.75
  📡 RSI: 47.4 | MACD: -0.30 | ATR: 1.34
  📊 Filled: 0 | Pending: 0
  💰 Daily P&L: $+0.00

[2026-08-14 14:20] O:7802.50 H:7803.00 L:7801.75 C:7802.75 V:1079.0
  📈 Trend: strong_bearish | 🌍 Regime: trending_bearish
  🗺️  Grid: 0.100% | 🔺 7803.25 🔻 7802.50
  📡 RSI: 51.4 | MACD: -0.31 | ATR: 1.32
  📊 Filled: 0 | Pending: 0
  💰 Daily P&L: $+0.00

[2026-08-14 14:21] O:7802.50 H:7803.00 L:7801.75 C:7801.75 V:1036.0
  📈 Trend: strong_bearish | 🌍 Regime: trending_bearish
  🗺️  Grid: 0.100% | 🔺 7803.00 🔻 7801.75
  📡 RSI: 46.2 | MACD: -0.39 | ATR: 1.36
  📊 Filled: 0 | Pending: 0
  💰 Daily P&L: $+0.00

[2026-08-14 14:22] O:7802.00 H:7802.25 L:7801.25 C:7802.00 V:1119.0
  📈 Trend: strong_bearish | 🌍 Regime: trending_bearish
  🗺️  Grid: 0.100% | 🔺 7803.00 🔻 7801.75
  📡 RSI: 41.7 | MACD: -0.43 | ATR: 1.34
  📊 Filled: 0 | Pending: 0
  💰 Daily P&L: $+0.00

[2026-08-14 14:23] O:7802.25 H:7803.00 L:7801.75 C:7802.75 V:743.0
  📈 Trend: strong_bearish (raw: moderate_bullish) | 🌍 Regime: trending_bullish
  🗺️  Grid: 0.100% | 🔺 7802.25 🔻 7801.25
  📡 RSI: 41.7 | MACD: -0.40 | ATR: 1.34
  📊 Filled: 0 | Pending: 0
  💰 Daily P&L: $+0.00

[2026-08-14 14:24] O:7803.00 H:7804.00 L:7802.75 C:7803.75 V:1136.0
  📈 Trend: strong_bearish (raw: moderate_bullish) | 🌍 Regime: ranging
  🗺️  Grid: 0.100% | 🔺 7803.00 🔻 7801.75
  📡 RSI: 50.0 | MACD: -0.29 | ATR: 1.32
  📊 Filled: 0 | Pending: 0
  💰 Daily P&L: $+0.00

[2026-08-14 14:25] O:7804.00 H:7805.00 L:7803.75 C:7805.00 V:1233.0
  📈 Trend: moderate_bullish | 🌍 Regime: ranging
  🗺️  Grid: 0.100% | 🔺 7804.00 🔻 7802.75
  📡 RSI: 60.0 | MACD: -0.10 | ATR: 1.36
  📊 Filled: 0 | Pending: 0
  💰 Daily P&L: $+0.00

[2026-08-14 14:26] O:7805.00 H:7805.25 L:7804.50 C:7805.00 V:934.0
  📈 Trend: moderate_bullish (raw: strong_bullish) | 🌍 Regime: ranging
  🗺️  Grid: 0.100% | 🔺 7805.00 🔻 7803.75
  📡 RSI: 56.8 | MACD: 0.05 | ATR: 1.34
  📊 Filled: 0 | Pending: 0
  💰 Daily P&L: $+0.00

[2026-08-14 14:27] O:7805.00 H:7805.50 L:7804.00 C:7804.00 V:1080.0
  📈 Trend: moderate_bullish (raw: strong_bullish) | 🌍 Regime: ranging
  🗺️  Grid: 0.100% | 🔺 7805.25 🔻 7804.50
  📡 RSI: 50.0 | MACD: 0.09 | ATR: 1.36
  📊 Filled: 0 | Pending: 0
  💰 Daily P&L: $+0.00

[2026-08-14 14:28] O:7804.25 H:7806.00 L:7804.25 C:7805.50 V:1200.0
  📈 Trend: strong_bullish | 🌍 Regime: ranging
  🗺️  Grid: 0.100% | 🔺 7805.50 🔻 7804.00
  📡 RSI: 60.5 | MACD: 0.24 | ATR: 1.39
  📊 Filled: 0 | Pending: 0
  💰 Daily P&L: $+0.00

[2026-08-14 14:29] O:7805.50 H:7805.75 L:7803.75 C:7804.25 V:1853.0
  📈 Trend: strong_bullish | 🌍 Regime: ranging
  🗺️  Grid: 0.100% | 🔺 7806.00 🔻 7804.25
  📡 RSI: 53.2 | MACD: 0.25 | ATR: 1.46
  📊 Filled: 0 | Pending: 0
  💰 Daily P&L: $+0.00

[2026-08-14 14:30] O:7804.00 H:7804.50 L:7803.50 C:7804.00 V:1427.0
  📈 Trend: strong_bullish | 🌍 Regime: ranging
  🗺️  Grid: 0.100% | 🔺 7805.75 🔻 7803.75
  📡 RSI: 59.5 | MACD: 0.24 | ATR: 1.39
  📊 Filled: 0 | Pending: 0
  💰 Daily P&L: $+0.00

[2026-08-14 14:31] O:7804.00 H:7804.75 L:7803.50 C:7804.00 V:1256.0
  📈 Trend: strong_bullish | 🌍 Regime: ranging
  🗺️  Grid: 0.100% | 🔺 7804.50 🔻 7803.50
  📡 RSI: 58.5 | MACD: 0.22 | ATR: 1.39
  📊 Filled: 0 | Pending: 0
  💰 Daily P&L: $+0.00

[2026-08-14 14:32] O:7804.25 H:7805.00 L:7804.00 C:7804.50 V:1165.0
  📈 Trend: strong_bullish | 🌍 Regime: ranging
  🗺️  Grid: 0.100% | 🔺 7804.75 🔻 7803.50
  📡 RSI: 55.3 | MACD: 0.25 | ATR: 1.27
  📊 Filled: 0 | Pending: 0
  💰 Daily P&L: $+0.00

[2026-08-14 14:33] O:7804.25 H:7805.00 L:7804.00 C:7804.50 V:1086.0
  📈 Trend: strong_bullish | 🌍 Regime: ranging
  🗺️  Grid: 0.100% | 🔺 7805.00 🔻 7804.00
  📡 RSI: 60.0 | MACD: 0.27 | ATR: 1.27
  📊 Filled: 0 | Pending: 0
  💰 Daily P&L: $+0.00
→ Real-time bars cancelled
✓ Disconnected from IBKR
