2026-08-25 10:01:05 | ERROR    | Error 10147, reqId 372: OrderId 372 that needs to be cancelled is not found.
2026-08-25 10:31:05 | ERROR    | Error 10147, reqId 375: OrderId 375 that needs to be cancelled is not found.
2026-08-25 11:33:51 | ERROR    | Error 10148, reqId 379: OrderId 379 that needs to be cancelled cannot be cancelled, state: PendingCancel.
2026-08-25 11:33:51 | WARNING  | Canceled order: Trade(contract=Contract(secType='FUT', conId=649180671, symbol='ES', lastTradeDateOrContractMonth='20260918', multiplier='50', exchange='CME', currency='USD', localSymbol='ESU6', tradingClass='ES'), order=Order(orderId=379, clientId=11, permId=2141996514, action='BUY', totalQuantity=1.0, orderType='LMT', lmtPrice=7670.25, auxPrice=0.0, tif='DAY', ocaGroup='exit_377_1787670005', ocaType=1), orderStatus=OrderStatus(orderId=379, status='Cancelled', filled=0.0, remaining=1.0, avgFillPrice=0.0, permId=2141996514, parentId=0, lastFillPrice=0.0, clientId=11, whyHeld='', mktCapPrice=0.0), fills=[], log=[TradeLogEntry(time=datetime.datetime(2026, 8, 25, 15, 0, 5, 351746, tzinfo=datetime.timezone.utc), status='PendingSubmit', message='', errorCode=0), TradeLogEntry(time=datetime.datetime(2026, 8, 25, 15, 0, 5, 478802, tzinfo=datetime.timezone.utc), status='PreSubmitted', message='', errorCode=0), TradeLogEntry(time=datetime.datetime(2026, 8, 25, 15, 0, 6, 471382, tzinfo=datetime.timezone.utc), status='Submitted', message='', errorCode=0), TradeLogEntry(time=datetime.datetime(2026, 8, 25, 15, 33, 51, 843149, tzinfo=datetime.timezone.utc), status='PreSubmitted', message='', errorCode=0), TradeLogEntry(time=datetime.datetime(2026, 8, 25, 15, 33, 51, 860635, tzinfo=datetime.timezone.utc), status='PendingCancel', message='', errorCode=0), TradeLogEntry(time=datetime.datetime(2026, 8, 25, 15, 33, 51, 863959, tzinfo=datetime.timezone.utc), status='PendingCancel', message='', errorCode=0), TradeLogEntry(time=datetime.datetime(2026, 8, 25, 15, 33, 51, 865261, tzinfo=datetime.timezone.utc), status='Cancelled', message='Error 10148, reqId 379: OrderId 379 that needs to be cancelled cannot be cancelled, state: PendingCancel.', errorCode=10148)], advancedError='')
2026-08-25 11:34:05 | ERROR    | Error 10147, reqId 379: OrderId 379 that needs to be cancelled is not found.
5 🔻 7696.25
  📡 RSI: 22.5 | MACD: -2.00 | ATR: 1.39
  📊 Filled: 0 | Pending: 0
  💰 Daily P&L: $+0.00

[2026-08-25 07:44] O:7698.00 H:7698.25 L:7696.75 C:7697.50 V:436.0
  📈 Trend: strong_bearish | 🌍 Regime: trending_bearish
  🗺️  Grid: 0.100% | 🔺 7698.00 🔻 7696.75
  📡 RSI: 27.3 | MACD: -1.88 | ATR: 1.32
  📊 Filled: 0 | Pending: 0
  💰 Daily P&L: $+0.00

[2026-08-25 07:45] O:7697.25 H:7697.75 L:7696.75 C:7696.75 V:216.0
  📈 Trend: strong_bearish | 🌍 Regime: trending_bearish
  🗺️  Grid: 0.100% | 🔺 7698.25 🔻 7696.75
  📡 RSI: 25.7 | MACD: -1.83 | ATR: 1.30
  📊 Filled: 0 | Pending: 0
  💰 Daily P&L: $+0.00

[2026-08-25 07:46] O:7696.75 H:7697.25 L:7696.50 C:7696.75 V:227.0
  📈 Trend: strong_bearish | 🌍 Regime: trending_bearish
  🗺️  Grid: 0.100% | 🔺 7697.75 🔻 7696.75
  📡 RSI: 26.5 | MACD: -1.76 | ATR: 1.30
  📊 Filled: 0 | Pending: 0
  💰 Daily P&L: $+0.00

[2026-08-25 07:47] O:7696.75 H:7697.25 L:7696.50 C:7696.50 V:260.0
  📈 Trend: strong_bearish | 🌍 Regime: trending_bearish
  🗺️  Grid: 0.100% | 🔺 7697.25 🔻 7696.50
  📡 RSI: 31.0 | MACD: -1.71 | ATR: 1.16
  📊 Filled: 0 | Pending: 0
  💰 Daily P&L: $+0.00

[2026-08-25 07:48] O:7696.75 H:7697.75 L:7696.75 C:7697.00 V:240.0
  📈 Trend: strong_bearish | 🌍 Regime: trending_bearish
  🗺️  Grid: 0.100% | 🔺 7697.25 🔻 7696.50
  📡 RSI: 40.7 | MACD: -1.61 | ATR: 1.16
  📊 Filled: 0 | Pending: 0
  💰 Daily P&L: $+0.00

[2026-08-25 07:49] O:7697.00 H:7697.50 L:7696.75 C:7697.50 V:150.0
  📈 Trend: strong_bearish | 🌍 Regime: trending_bearish
  🗺️  Grid: 0.100% | 🔺 7697.75 🔻 7696.75
  📡 RSI: 52.0 | MACD: -1.48 | ATR: 1.09
  📊 Filled: 0 | Pending: 0
  💰 Daily P&L: $+0.00

[2026-08-25 07:50] O:7697.50 H:7699.50 L:7697.50 C:7699.50 V:476.0
  📈 Trend: strong_bearish | 🌍 Regime: trending_bearish
  🗺️  Grid: 0.100% | 🔺 7697.50 🔻 7696.75
  📡 RSI: 72.4 | MACD: -1.19 | ATR: 1.09
  📊 Filled: 0 | Pending: 0
  💰 Daily P&L: $+0.00

[2026-08-25 07:51] O:7699.25 H:7700.00 L:7698.75 C:7698.75 V:234.0
  📈 Trend: strong_bearish | 🌍 Regime: trending_bearish
  🗺️  Grid: 0.100% | 🔺 7699.50 🔻 7697.50
  📡 RSI: 65.6 | MACD: -1.02 | ATR: 1.11
  📊 Filled: 0 | Pending: 0
  🔴 Pullback SHORT | RSI 72.4→65.6 turning down in strong_bearish
  📤 Limit SELL 1 @ 7697.25 submitted (ID: 371)
  ⬇️ SHORT ORDER @ 7697.25 | Size: 1.00 | SL: 7706.25 | TP: 7683.75 [1cts]
     Reason: Grid Short (strong_bearish, RSI: 65.6)
  🔬 SHADOW [short trending]: 🟥 ROBUST WOULD BLOCK (1 filter)
       MACD=BLOCK (-1.02 vs -1.19, Δ+0.18) | 5m=PASS (1m=strong_bearish, 5m=sideways)
     ⏳ Order 371 PENDING - awaiting fill confirmation
  💰 Daily P&L: $+0.00
  📋 Order 371 status: PreSubmitted
  ✅ Fill: SLD 1.0 @ 7698.75
  📋 Order 371 status: Filled
  📤 Stop-Market BUY 1 @ 7706.75 submitted (ID: 372) [OCA:exit_371_1787662385]
  📋 Order 372 status: PreSubmitted
  📤 Limit BUY 1 @ 7688.00 submitted (ID: 373) [OCA:exit_371_1787662385]
  📋 Order 373 status: PreSubmitted
  ✅ FILL CONFIRMED: SHORT @ 7698.75 (order 371)
     📊 Bracket placed: SL #372 @ 7706.75 | TP #373 @ 7688.00
     Trail activates @ +7.5 pts

[2026-08-25 07:52] O:7699.00 H:7699.75 L:7698.00 C:7699.75 V:344.0
  📈 Trend: strong_bearish (raw: moderate_bearish) | 🌍 Regime: trending_bearish
  🗺️  Grid: 0.100% | 🔺 7700.00 🔻 7698.75
  📡 RSI: 73.5 | MACD: -0.79 | ATR: 1.14
  📊 Filled: 1 | Pending: 0
  📍 SHORT @ 7698.75 | SL: 7706.75 | TP: 7688.00 | P&L: $-50.00
  💰 Daily P&L: $+0.00
  📋 Order 373 status: Submitted

[2026-08-25 07:53] O:7699.75 H:7701.50 L:7698.25 C:7698.75 V:871.0
  📈 Trend: strong_bearish (raw: moderate_bearish) | 🌍 Regime: ranging
  🗺️  Grid: 0.100% | 🔺 7699.75 🔻 7698.00
  📡 RSI: 65.8 | MACD: -0.68 | ATR: 1.30
  📊 Filled: 1 | Pending: 0
  📍 SHORT @ 7698.75 | SL: 7706.75 | TP: 7688.00 | P&L: $+0.00
  💰 Daily P&L: $+0.00

[2026-08-25 07:54] O:7698.75 H:7699.00 L:7698.50 C:7698.75 V:129.0
  📈 Trend: moderate_bearish | 🌍 Regime: ranging
  🗺️  Grid: 0.100% | 🔺 7701.50 🔻 7698.25
  📡 RSI: 62.9 | MACD: -0.59 | ATR: 1.25
  📊 Filled: 1 | Pending: 0
  📍 SHORT @ 7698.75 | SL: 7706.75 | TP: 7688.00 | P&L: $+0.00
  💰 Daily P&L: $+0.00

[2026-08-25 07:55] O:7698.75 H:7699.00 L:7698.50 C:7698.75 V:145.0
  📈 Trend: moderate_bearish | 🌍 Regime: ranging
  🗺️  Grid: 0.100% | 🔺 7699.00 🔻 7698.50
  📡 RSI: 64.7 | MACD: -0.51 | ATR: 1.25
  📊 Filled: 1 | Pending: 0
  📍 SHORT @ 7698.75 | SL: 7706.75 | TP: 7688.00 | P&L: $+0.00
  💰 Daily P&L: $+0.00

[2026-08-25 07:56] O:7698.50 H:7699.00 L:7698.25 C:7698.75 V:232.0
  📈 Trend: moderate_bearish | 🌍 Regime: ranging
  🗺️  Grid: 0.100% | 🔺 7699.00 🔻 7698.50
  📡 RSI: 61.3 | MACD: -0.44 | ATR: 1.23
  📊 Filled: 1 | Pending: 0
  📍 SHORT @ 7698.75 | SL: 7706.75 | TP: 7688.00 | P&L: $+0.00
  💰 Daily P&L: $+0.00

[2026-08-25 07:57] O:7698.75 H:7699.00 L:7698.25 C:7698.25 V:201.0
  📈 Trend: moderate_bearish | 🌍 Regime: ranging
  🗺️  Grid: 0.100% | 🔺 7699.00 🔻 7698.25
  📡 RSI: 53.3 | MACD: -0.42 | ATR: 1.20
  📊 Filled: 1 | Pending: 0
  📍 SHORT @ 7698.75 | SL: 7706.75 | TP: 7688.00 | P&L: $+25.00
  💰 Daily P&L: $+0.00

[2026-08-25 07:58] O:7698.25 H:7698.25 L:7697.00 C:7697.25 V:431.0
  📈 Trend: moderate_bearish | 🌍 Regime: ranging
  🗺️  Grid: 0.100% | 🔺 7699.00 🔻 7698.25
  📡 RSI: 48.5 | MACD: -0.48 | ATR: 1.18
  📊 Filled: 1 | Pending: 0
  📍 SHORT @ 7698.75 | SL: 7706.75 | TP: 7688.00 | P&L: $+75.00
  💰 Daily P&L: $+0.00

[2026-08-25 07:59] O:7697.50 H:7698.50 L:7697.25 C:7698.00 V:151.0
  📈 Trend: moderate_bearish | 🌍 Regime: ranging
  🗺️  Grid: 0.100% | 🔺 7698.25 🔻 7697.00
  📡 RSI: 57.6 | MACD: -0.46 | ATR: 1.20
  📊 Filled: 1 | Pending: 0
  📍 SHORT @ 7698.75 | SL: 7706.75 | TP: 7688.00 | P&L: $+37.50
  💰 Daily P&L: $+0.00

[2026-08-25 08:00] O:7697.75 H:7699.75 L:7697.75 C:7697.75 V:772.0
  📈 Trend: moderate_bearish | 🌍 Regime: ranging
  🗺️  Grid: 0.100% | 🔺 7698.50 🔻 7697.25
  📡 RSI: 55.9 | MACD: -0.46 | ATR: 1.29
  📊 Filled: 1 | Pending: 0
  📍 SHORT @ 7698.75 | SL: 7706.75 | TP: 7688.00 | P&L: $+50.00
  💰 Daily P&L: $+0.00

[2026-08-25 08:01] O:7697.75 H:7698.50 L:7697.50 C:7697.50 V:609.0
  📈 Trend: moderate_bearish | 🌍 Regime: trending_bearish
  🗺️  Grid: 0.100% | 🔺 7699.75 🔻 7697.75
  📡 RSI: 55.9 | MACD: -0.48 | ATR: 1.30
  📊 Filled: 1 | Pending: 0
  📍 SHORT @ 7698.75 | SL: 7706.75 | TP: 7688.00 | P&L: $+62.50
  💰 Daily P&L: $+0.00

[2026-08-25 08:02] O:7697.50 H:7697.50 L:7696.50 C:7697.25 V:545.0
  📈 Trend: moderate_bearish (raw: strong_bearish) | 🌍 Regime: trending_bearish
  🗺️  Grid: 0.100% | 🔺 7698.50 🔻 7697.50
  📡 RSI: 51.5 | MACD: -0.51 | ATR: 1.29
  📊 Filled: 1 | Pending: 0
  📍 SHORT @ 7698.75 | SL: 7706.75 | TP: 7688.00 | P&L: $+75.00
  💰 Daily P&L: $+0.00

[2026-08-25 08:03] O:7697.25 H:7697.75 L:7696.50 C:7697.75 V:379.0
  📈 Trend: moderate_bearish | 🌍 Regime: trending_bearish
  🗺️  Grid: 0.100% | 🔺 7697.50 🔻 7696.50
  📡 RSI: 51.5 | MACD: -0.48 | ATR: 1.32
  📊 Filled: 1 | Pending: 0
  📍 SHORT @ 7698.75 | SL: 7706.75 | TP: 7688.00 | P&L: $+50.00
  💰 Daily P&L: $+0.00

[2026-08-25 08:04] O:7697.75 H:7698.00 L:7697.25 C:7697.50 V:325.0
  📈 Trend: moderate_bearish | 🌍 Regime: trending_bearish
  🗺️  Grid: 0.100% | 🔺 7697.75 🔻 7696.50
  📡 RSI: 34.6 | MACD: -0.48 | ATR: 1.23
  📊 Filled: 1 | Pending: 0
  📍 SHORT @ 7698.75 | SL: 7706.75 | TP: 7688.00 | P&L: $+62.50
  💰 Daily P&L: $+0.00

[2026-08-25 08:05] O:7697.75 H:7697.75 L:7697.00 C:7697.50 V:379.0
  📈 Trend: moderate_bearish | 🌍 Regime: trending_bearish
  🗺️  Grid: 0.100% | 🔺 7698.00 🔻 7697.25
  📡 RSI: 39.1 | MACD: -0.47 | ATR: 1.20
  📊 Filled: 1 | Pending: 0
  📍 SHORT @ 7698.75 | SL: 7706.75 | TP: 7688.00 | P&L: $+62.50
  💰 Daily P&L: $+0.00

[2026-08-25 08:06] O:7697.50 H:7698.50 L:7697.00 C:7697.00 V:428.0
  📈 Trend: moderate_bearish | 🌍 Regime: trending_bearish
  🗺️  Grid: 0.100% | 🔺 7697.75 🔻 7697.00
  📡 RSI: 23.8 | MACD: -0.49 | ATR: 1.18
  📊 Filled: 1 | Pending: 0
  📍 SHORT @ 7698.75 | SL: 7706.75 | TP: 7688.00 | P&L: $+87.50
  💰 Daily P&L: $+0.00

[2026-08-25 08:07] O:7697.00 H:7698.50 L:7696.50 C:7697.75 V:403.0
  📈 Trend: moderate_bearish | 🌍 Regime: trending_bearish
  🗺️  Grid: 0.100% | 🔺 7698.50 🔻 7697.00
  📡 RSI: 40.0 | MACD: -0.45 | ATR: 1.09
  📊 Filled: 1 | Pending: 0
  📍 SHORT @ 7698.75 | SL: 7706.75 | TP: 7688.00 | P&L: $+50.00
  💰 Daily P&L: $+0.00

[2026-08-25 08:08] O:7697.75 H:7697.75 L:7695.50 C:7696.00 V:784.0
  📈 Trend: moderate_bearish (raw: strong_bearish) | 🌍 Regime: ranging
  🗺️  Grid: 0.100% | 🔺 7698.50 🔻 7696.50
  📡 RSI: 29.6 | MACD: -0.55 | ATR: 1.21
  📊 Filled: 1 | Pending: 0
  📍 SHORT @ 7698.75 | SL: 7706.75 | TP: 7688.00 | P&L: $+137.50
  💰 Daily P&L: $+0.00

[2026-08-25 08:09] O:7696.00 H:7697.50 L:7696.00 C:7697.00 V:293.0
  📈 Trend: moderate_bearish (raw: strong_bearish) | 🌍 Regime: ranging
  🗺️  Grid: 0.100% | 🔺 7697.75 🔻 7695.50
  📡 RSI: 38.7 | MACD: -0.54 | ATR: 1.29
  📊 Filled: 1 | Pending: 0
  📍 SHORT @ 7698.75 | SL: 7706.75 | TP: 7688.00 | P&L: $+87.50
  💰 Daily P&L: $+0.00

[2026-08-25 08:10] O:7697.25 H:7699.00 L:7697.00 C:7699.00 V:540.0
  📈 Trend: moderate_bearish | 🌍 Regime: ranging
  🗺️  Grid: 0.100% | 🔺 7697.50 🔻 7696.00
  📡 RSI: 51.3 | MACD: -0.37 | ATR: 1.38
  📊 Filled: 1 | Pending: 0
  📍 SHORT @ 7698.75 | SL: 7706.75 | TP: 7688.00 | P&L: $-12.50
  💰 Daily P&L: $+0.00

[2026-08-25 08:11] O:7699.00 H:7700.00 L:7697.25 C:7698.75 V:1462.0
  📈 Trend: moderate_bearish (raw: strong_bearish) | 🌍 Regime: ranging
  🗺️  Grid: 0.100% | 🔺 7699.00 🔻 7697.00
  📡 RSI: 52.6 | MACD: -0.25 | ATR: 1.52
  📊 Filled: 1 | Pending: 0
  📍 SHORT @ 7698.75 | SL: 7706.75 | TP: 7688.00 | P&L: $+0.00
  💰 Daily P&L: $+0.00

[2026-08-25 08:12] O:7698.75 H:7700.25 L:7698.25 C:7699.25 V:685.0
  📈 Trend: moderate_bearish | 🌍 Regime: ranging
  🗺️  Grid: 0.100% | 🔺 7700.00 🔻 7697.25
  📡 RSI: 61.1 | MACD: -0.12 | ATR: 1.57
  📊 Filled: 1 | Pending: 0
  📍 SHORT @ 7698.75 | SL: 7706.75 | TP: 7688.00 | P&L: $-25.00
  💰 Daily P&L: $+0.00

[2026-08-25 08:13] O:7699.50 H:7700.25 L:7698.25 C:7700.00 V:543.0
  📈 Trend: moderate_bearish (raw: moderate_bullish) | 🌍 Regime: ranging
  🗺️  Grid: 0.100% | 🔺 7700.25 🔻 7698.25
  📡 RSI: 61.1 | MACD: 0.05 | ATR: 1.62
  📊 Filled: 1 | Pending: 0
  📍 SHORT @ 7698.75 | SL: 7706.75 | TP: 7688.00 | P&L: $-62.50
  💰 Daily P&L: $+0.00

[2026-08-25 08:14] O:7700.00 H:7700.00 L:7697.75 C:7698.25 V:452.0
  📈 Trend: moderate_bearish (raw: strong_bearish) | 🌍 Regime: ranging
  🗺️  Grid: 0.100% | 🔺 7700.25 🔻 7698.25
  📡 RSI: 52.4 | MACD: 0.04 | ATR: 1.64
  📊 Filled: 1 | Pending: 0
  📍 SHORT @ 7698.75 | SL: 7706.75 | TP: 7688.00 | P&L: $+25.00
  💰 Daily P&L: $+0.00

[2026-08-25 08:15] O:7698.25 H:7698.50 L:7697.00 C:7697.25 V:478.0
  📈 Trend: moderate_bearish (raw: strong_bearish) | 🌍 Regime: ranging
  🗺️  Grid: 0.100% | 🔺 7700.00 🔻 7697.75
  📡 RSI: 48.9 | MACD: -0.04 | ATR: 1.68
  📊 Filled: 1 | Pending: 0
  📍 SHORT @ 7698.75 | SL: 7706.75 | TP: 7688.00 | P&L: $+75.00
  💰 Daily P&L: $+0.00

[2026-08-25 08:16] O:7697.25 H:7698.75 L:7697.00 C:7697.75 V:434.0
  📈 Trend: strong_bearish | 🌍 Regime: ranging
  🗺️  Grid: 0.100% | 🔺 7698.50 🔻 7697.00
  📡 RSI: 52.2 | MACD: -0.07 | ATR: 1.73
  📊 Filled: 1 | Pending: 0
  📍 SHORT @ 7698.75 | SL: 7706.75 | TP: 7688.00 | P&L: $+50.00
  💰 Daily P&L: $+0.00

[2026-08-25 08:17] O:7697.75 H:7700.00 L:7697.50 C:7699.75 V:1267.0
  📈 Trend: strong_bearish (raw: moderate_bullish) | 🌍 Regime: ranging
  🗺️  Grid: 0.100% | 🔺 7698.75 🔻 7697.00
  📡 RSI: 57.7 | MACD: 0.07 | ATR: 1.82
  📊 Filled: 1 | Pending: 0
  📍 SHORT @ 7698.75 | SL: 7706.75 | TP: 7688.00 | P&L: $-50.00
  💰 Daily P&L: $+0.00

[2026-08-25 08:18] O:7699.75 H:7701.25 L:7699.25 C:7700.00 V:876.0
  📈 Trend: strong_bearish (raw: moderate_bullish) | 🌍 Regime: ranging
  🗺️  Grid: 0.100% | 🔺 7700.00 🔻 7697.50
  📡 RSI: 59.6 | MACD: 0.19 | ATR: 1.91
  📊 Filled: 1 | Pending: 0
  📍 SHORT @ 7698.75 | SL: 7706.75 | TP: 7688.00 | P&L: $-62.50
  💰 Daily P&L: $+0.00

[2026-08-25 08:19] O:7699.75 H:7700.25 L:7699.00 C:7699.25 V:394.0
  📈 Trend: strong_bearish (raw: strong_bullish) | 🌍 Regime: ranging
  🗺️  Grid: 0.100% | 🔺 7701.25 🔻 7699.25
  📡 RSI: 56.4 | MACD: 0.23 | ATR: 1.95
  📊 Filled: 1 | Pending: 0
  📍 SHORT @ 7698.75 | SL: 7706.75 | TP: 7688.00 | P&L: $-25.00
  💰 Daily P&L: $+0.00

[2026-08-25 08:20] O:7699.25 H:7699.50 L:7698.00 C:7698.50 V:651.0
  📈 Trend: strong_bearish (raw: strong_bullish) | 🌍 Regime: ranging
  🗺️  Grid: 0.100% | 🔺 7700.25 🔻 7699.00
  📡 RSI: 55.4 | MACD: 0.20 | ATR: 1.95
  📊 Filled: 1 | Pending: 0
  📍 SHORT @ 7698.75 | SL: 7706.75 | TP: 7688.00 | P&L: $+12.50
  💰 Daily P&L: $+0.00

[2026-08-25 08:21] O:7698.75 H:7698.75 L:7697.25 C:7697.75 V:312.0
  📈 Trend: strong_bullish | 🌍 Regime: ranging
  🗺️  Grid: 0.100% | 🔺 7699.50 🔻 7698.00
  📡 RSI: 50.0 | MACD: 0.11 | ATR: 1.91
  📊 Filled: 1 | Pending: 0
  📍 SHORT @ 7698.75 | SL: 7706.75 | TP: 7688.00 | P&L: $+50.00
  💰 Daily P&L: $+0.00

[2026-08-25 08:22] O:7697.75 H:7697.75 L:7696.50 C:7697.00 V:307.0
  📈 Trend: strong_bullish (raw: strong_bearish) | 🌍 Regime: ranging
  🗺️  Grid: 0.100% | 🔺 7698.75 🔻 7697.25
  📡 RSI: 53.8 | MACD: -0.02 | ATR: 1.84
  📊 Filled: 1 | Pending: 0
  📍 SHORT @ 7698.75 | SL: 7706.75 | TP: 7688.00 | P&L: $+87.50
  💰 Daily P&L: $+0.00

[2026-08-25 08:23] O:7697.00 H:7697.75 L:7696.75 C:7697.50 V:342.0
  📈 Trend: strong_bullish (raw: strong_bearish) | 🌍 Regime: ranging
  🗺️  Grid: 0.100% | 🔺 7697.75 🔻 7696.50
  📡 RSI: 52.0 | MACD: -0.08 | ATR: 1.80
  📊 Filled: 1 | Pending: 0
  📍 SHORT @ 7698.75 | SL: 7706.75 | TP: 7688.00 | P&L: $+62.50
  💰 Daily P&L: $+0.00

[2026-08-25 08:24] O:7697.50 H:7697.75 L:7696.75 C:7696.75 V:342.0
  📈 Trend: strong_bearish | 🌍 Regime: ranging
  🗺️  Grid: 0.100% | 🔺 7697.75 🔻 7696.75
  📡 RSI: 40.0 | MACD: -0.19 | ATR: 1.73
  📊 Filled: 1 | Pending: 0
  📍 SHORT @ 7698.75 | SL: 7706.75 | TP: 7688.00 | P&L: $+100.00
  💰 Daily P&L: $+0.00

[2026-08-25 08:25] O:7697.00 H:7700.00 L:7697.00 C:7699.50 V:1050.0
  📈 Trend: strong_bearish (raw: moderate_bullish) | 🌍 Regime: ranging
  🗺️  Grid: 0.100% | 🔺 7697.75 🔻 7696.75
  📡 RSI: 52.7 | MACD: -0.05 | ATR: 1.77
  📊 Filled: 1 | Pending: 0
  📍 SHORT @ 7698.75 | SL: 7706.75 | TP: 7688.00 | P&L: $-37.50
  💰 Daily P&L: $+0.00

[2026-08-25 08:26] O:7699.50 H:7700.00 L:7699.25 C:7699.75 V:304.0
  📈 Trend: strong_bearish (raw: strong_bullish) | 🌍 Regime: ranging
  🗺️  Grid: 0.100% | 🔺 7700.00 🔻 7697.00
  📡 RSI: 51.9 | MACD: 0.08 | ATR: 1.68
  📊 Filled: 1 | Pending: 0
  📍 SHORT @ 7698.75 | SL: 7706.75 | TP: 7688.00 | P&L: $-50.00
  💰 Daily P&L: $+0.00

[2026-08-25 08:27] O:7700.00 H:7700.25 L:7697.75 C:7697.75 V:1068.0
  📈 Trend: strong_bearish (raw: strong_bullish) | 🌍 Regime: ranging
  🗺️  Grid: 0.100% | 🔺 7700.00 🔻 7699.25
  📡 RSI: 42.4 | MACD: 0.02 | ATR: 1.71
  📊 Filled: 1 | Pending: 0
  📍 SHORT @ 7698.75 | SL: 7706.75 | TP: 7688.00 | P&L: $+50.00
  💰 Daily P&L: $+0.00

[2026-08-25 08:28] O:7698.00 H:7698.25 L:7696.50 C:7696.50 V:852.0
  📈 Trend: strong_bearish | 🌍 Regime: ranging
  🗺️  Grid: 0.100% | 🔺 7700.25 🔻 7697.75
  📡 RSI: 43.9 | MACD: -0.13 | ATR: 1.68
  📊 Filled: 1 | Pending: 0
  📍 SHORT @ 7698.75 | SL: 7706.75 | TP: 7688.00 | P&L: $+112.50
  💰 Daily P&L: $+0.00

[2026-08-25 08:29] O:7696.75 H:7697.25 L:7694.75 C:7694.75 V:1479.0
  📈 Trend: strong_bearish | 🌍 Regime: ranging
  🗺️  Grid: 0.100% | 🔺 7698.25 🔻 7696.50
  📡 RSI: 41.7 | MACD: -0.38 | ATR: 1.75
  📊 Filled: 1 | Pending: 0
  📍 SHORT @ 7698.75 | SL: 7706.75 | TP: 7688.00 | P&L: $+200.00
  💰 Daily P&L: $+0.00

[2026-08-25 08:30] O:7695.00 H:7697.75 L:7692.50 C:7696.00 V:9001.0
  📈 Trend: strong_bearish | 🌍 Regime: ranging
  🗺️  Grid: 0.100% | 🔺 7697.25 🔻 7694.75
  📡 RSI: 44.4 | MACD: -0.48 | ATR: 2.00
  📊 Filled: 1 | Pending: 0
  📍 SHORT @ 7698.75 | SL: 7706.75 | TP: 7688.00 | P&L: $+137.50
  💰 Daily P&L: $+0.00

[2026-08-25 08:31] O:7696.25 H:7698.50 L:7692.75 C:7695.50 V:5824.0
  📈 Trend: strong_bearish | 🌍 Regime: ranging
  🗺️  Grid: 0.100% | 🔺 7697.75 🔻 7692.50
  📡 RSI: 35.1 | MACD: -0.58 | ATR: 2.23
  📊 Filled: 1 | Pending: 0
  📍 SHORT @ 7698.75 | SL: 7706.75 | TP: 7688.00 | P&L: $+162.50
  💰 Daily P&L: $+0.00

[2026-08-25 08:32] O:7695.50 H:7700.00 L:7695.00 C:7697.00 V:4707.0
  📈 Trend: strong_bearish | 🌍 Regime: ranging
  🗺️  Grid: 0.100% | 🔺 7698.50 🔻 7692.75
  📡 RSI: 40.3 | MACD: -0.54 | ATR: 2.45
  📊 Filled: 1 | Pending: 0
  📍 SHORT @ 7698.75 | SL: 7706.75 | TP: 7688.00 | P&L: $+87.50
  💰 Daily P&L: $+0.00

[2026-08-25 08:33] O:7696.75 H:7700.25 L:7694.75 C:7700.00 V:3794.0
  📈 Trend: strong_bearish (raw: moderate_bearish) | 🌍 Regime: ranging
  🗺️  Grid: 0.100% | 🔺 7700.00 🔻 7695.00
  📡 RSI: 52.1 | MACD: -0.26 | ATR: 2.75
  📊 Filled: 1 | Pending: 0
  📍 SHORT @ 7698.75 | SL: 7706.75 | TP: 7688.00 | P&L: $-62.50
  💰 Daily P&L: $+0.00

[2026-08-25 08:34] O:7700.00 H:7701.25 L:7698.00 C:7700.25 V:3882.0
  📈 Trend: strong_bearish (raw: moderate_bearish) | 🌍 Regime: ranging
  🗺️  Grid: 0.100% | 🔺 7700.25 🔻 7694.75
  📡 RSI: 55.1 | MACD: -0.02 | ATR: 2.88
  📊 Filled: 1 | Pending: 0
  📍 SHORT @ 7698.75 | SL: 7706.75 | TP: 7688.00 | P&L: $-75.00
  💰 Daily P&L: $+0.00

[2026-08-25 08:35] O:7700.25 H:7700.50 L:7697.25 C:7697.75 V:4651.0
  📈 Trend: strong_bearish | 🌍 Regime: ranging
  🗺️  Grid: 0.100% | 🔺 7701.25 🔻 7698.00
  📡 RSI: 50.0 | MACD: -0.03 | ATR: 3.00
  📊 Filled: 1 | Pending: 0
  📍 SHORT @ 7698.75 | SL: 7706.75 | TP: 7688.00 | P&L: $+50.00
  💰 Daily P&L: $+0.00

[2026-08-25 08:36] O:7697.75 H:7699.25 L:7695.25 C:7696.00 V:3310.0
  📈 Trend: strong_bearish | 🌍 Regime: ranging
  🗺️  Grid: 0.100% | 🔺 7700.50 🔻 7697.25
  📡 RSI: 47.5 | MACD: -0.18 | ATR: 3.20
  📊 Filled: 1 | Pending: 0
  📍 SHORT @ 7698.75 | SL: 7706.75 | TP: 7688.00 | P&L: $+137.50
  💰 Daily P&L: $+0.00

[2026-08-25 08:37] O:7695.75 H:7699.75 L:7695.50 C:7699.00 V:2707.0
  📈 Trend: strong_bearish | 🌍 Regime: ranging
  🗺️  Grid: 0.100% | 🔺 7699.25 🔻 7695.25
  📡 RSI: 53.3 | MACD: -0.06 | ATR: 3.43
  📊 Filled: 1 | Pending: 0
  📍 SHORT @ 7698.75 | SL: 7706.75 | TP: 7688.00 | P&L: $-12.50
  💰 Daily P&L: $+0.00

[2026-08-25 08:38] O:7699.00 H:7699.50 L:7695.00 C:7695.50 V:2571.0
  📈 Trend: strong_bearish | 🌍 Regime: ranging
  🗺️  Grid: 0.100% | 🔺 7699.75 🔻 7695.50
  📡 RSI: 47.5 | MACD: -0.24 | ATR: 3.68
  📊 Filled: 1 | Pending: 0
  📍 SHORT @ 7698.75 | SL: 7706.75 | TP: 7688.00 | P&L: $+162.50
  💰 Daily P&L: $+0.00

[2026-08-25 08:39] O:7695.50 H:7697.75 L:7694.50 C:7695.25 V:3096.0
  📈 Trend: strong_bearish | 🌍 Regime: ranging
  🗺️  Grid: 0.100% | 🔺 7699.50 🔻 7695.00
  📡 RSI: 40.7 | MACD: -0.39 | ATR: 3.68
  📊 Filled: 1 | Pending: 0
  📍 SHORT @ 7698.75 | SL: 7706.75 | TP: 7688.00 | P&L: $+175.00
  💰 Daily P&L: $+0.00

[2026-08-25 08:40] O:7695.00 H:7697.75 L:7694.25 C:7697.00 V:3939.0
  📈 Trend: strong_bearish | 🌍 Regime: ranging
  🗺️  Grid: 0.100% | 🔺 7697.75 🔻 7694.50
  📡 RSI: 44.3 | MACD: -0.37 | ATR: 3.88
  📊 Filled: 1 | Pending: 0
  📍 SHORT @ 7698.75 | SL: 7706.75 | TP: 7688.00 | P&L: $+87.50
  💰 Daily P&L: $+0.00

[2026-08-25 08:41] O:7697.00 H:7699.75 L:7696.25 C:7697.25 V:3188.0
  📈 Trend: strong_bearish | 🌍 Regime: ranging
  🗺️  Grid: 0.100% | 🔺 7697.75 🔻 7694.25
  📡 RSI: 48.9 | MACD: -0.33 | ATR: 3.95
  📊 Filled: 1 | Pending: 0
  📍 SHORT @ 7698.75 | SL: 7706.75 | TP: 7688.00 | P&L: $+75.00
  💰 Daily P&L: $+0.00

[2026-08-25 08:42] O:7697.25 H:7698.50 L:7695.00 C:7696.00 V:2920.0
  📈 Trend: strong_bearish | 🌍 Regime: ranging
  🗺️  Grid: 0.100% | 🔺 7699.75 🔻 7696.25
  📡 RSI: 48.9 | MACD: -0.40 | ATR: 4.07
  📊 Filled: 1 | Pending: 0
  📍 SHORT @ 7698.75 | SL: 7706.75 | TP: 7688.00 | P&L: $+137.50
  💰 Daily P&L: $+0.00

[2026-08-25 08:43] O:7695.75 H:7696.00 L:7692.00 C:7693.75 V:4316.0
  📈 Trend: strong_bearish | 🌍 Regime: ranging
  🗺️  Grid: 0.100% | 🔺 7698.50 🔻 7695.00
  📡 RSI: 47.8 | MACD: -0.62 | ATR: 4.18
  📊 Filled: 1 | Pending: 0
  📍 SHORT @ 7698.75 | SL: 7706.75 | TP: 7688.00 | P&L: $+250.00
  💰 Daily P&L: $+0.00

[2026-08-25 08:44] O:7693.75 H:7695.75 L:7693.75 C:7694.75 V:3082.0
  📈 Trend: strong_bearish | 🌍 Regime: ranging
  🗺️  Grid: 0.100% | 🔺 7696.00 🔻 7692.00
  📡 RSI: 47.3 | MACD: -0.71 | ATR: 3.95
  📊 Filled: 1 | Pending: 0
  📍 SHORT @ 7698.75 | SL: 7706.75 | TP: 7688.00 | P&L: $+200.00
  💰 Daily P&L: $+0.00

[2026-08-25 08:45] O:7694.75 H:7698.50 L:7694.50 C:7695.50 V:4221.0
  📈 Trend: strong_bearish | 🌍 Regime: trending_bearish
  🗺️  Grid: 0.100% | 🔺 7695.75 🔻 7693.75
  📡 RSI: 50.0 | MACD: -0.72 | ATR: 3.82
  📊 Filled: 1 | Pending: 0
  📍 SHORT @ 7698.75 | SL: 7706.75 | TP: 7688.00 | P&L: $+162.50
  💰 Daily P&L: $+0.00

[2026-08-25 08:46] O:7695.75 H:7698.50 L:7694.50 C:7697.50 V:2855.0
  📈 Trend: strong_bearish | 🌍 Regime: trending_bearish
  🗺️  Grid: 0.100% | 🔺 7698.50 🔻 7694.50
  📡 RSI: 51.1 | MACD: -0.55 | ATR: 3.75
  📊 Filled: 1 | Pending: 0
  📍 SHORT @ 7698.75 | SL: 7706.75 | TP: 7688.00 | P&L: $+62.50
  💰 Daily P&L: $+0.00

[2026-08-25 08:47] O:7697.50 H:7697.50 L:7695.25 C:7697.50 V:2696.0
  📈 Trend: strong_bearish (raw: moderate_bearish) | 🌍 Regime: trending_bearish
  🗺️  Grid: 0.100% | 🔺 7698.50 🔻 7694.50
  📡 RSI: 43.9 | MACD: -0.41 | ATR: 3.52
  📊 Filled: 1 | Pending: 0
  📍 SHORT @ 7698.75 | SL: 7706.75 | TP: 7688.00 | P&L: $+62.50
  💰 Daily P&L: $+0.00

[2026-08-25 08:48] O:7697.25 H:7700.00 L:7696.25 C:7700.00 V:2635.0
  📈 Trend: strong_bearish (raw: moderate_bearish) | 🌍 Regime: trending_bearish
  🗺️  Grid: 0.100% | 🔺 7697.50 🔻 7695.25
  📡 RSI: 49.5 | MACD: -0.10 | ATR: 3.55
  📊 Filled: 1 | Pending: 0
  📍 SHORT @ 7698.75 | SL: 7706.75 | TP: 7688.00 | P&L: $-62.50
  💰 Daily P&L: $+0.00

[2026-08-25 08:49] O:7700.00 H:7700.50 L:7697.75 C:7698.00 V:2839.0
  📈 Trend: moderate_bearish | 🌍 Regime: trending_bearish
  🗺️  Grid: 0.100% | 🔺 7700.00 🔻 7696.25
  📡 RSI: 50.6 | MACD: -0.02 | ATR: 3.52
  📊 Filled: 1 | Pending: 0
  📍 SHORT @ 7698.75 | SL: 7706.75 | TP: 7688.00 | P&L: $+37.50
  💰 Daily P&L: $+0.00

[2026-08-25 08:50] O:7698.00 H:7698.75 L:7695.00 C:7695.50 V:3784.0
  📈 Trend: moderate_bearish (raw: strong_bearish) | 🌍 Regime: ranging
  🗺️  Grid: 0.100% | 🔺 7700.50 🔻 7697.75
  📡 RSI: 48.9 | MACD: -0.15 | ATR: 3.50
  📊 Filled: 1 | Pending: 0
  📍 SHORT @ 7698.75 | SL: 7706.75 | TP: 7688.00 | P&L: $+162.50
  💰 Daily P&L: $+0.00

[2026-08-25 08:51] O:7695.25 H:7696.50 L:7694.50 C:7695.75 V:2353.0
  📈 Trend: moderate_bearish (raw: strong_bearish) | 🌍 Regime: ranging
  🗺️  Grid: 0.100% | 🔺 7698.75 🔻 7695.00
  📡 RSI: 42.0 | MACD: -0.23 | ATR: 3.34
  📊 Filled: 1 | Pending: 0
  📍 SHORT @ 7698.75 | SL: 7706.75 | TP: 7688.00 | P&L: $+150.00
  💰 Daily P&L: $+0.00

[2026-08-25 08:52] O:7695.75 H:7696.25 L:7693.25 C:7694.75 V:2643.0
  📈 Trend: strong_bearish | 🌍 Regime: ranging
  🗺️  Grid: 0.100% | 🔺 7696.50 🔻 7694.50
  📡 RSI: 47.9 | MACD: -0.37 | ATR: 3.23
  📊 Filled: 1 | Pending: 0
  📍 SHORT @ 7698.75 | SL: 7706.75 | TP: 7688.00 | P&L: $+200.00
  💰 Daily P&L: $+0.00

[2026-08-25 08:53] O:7694.75 H:7695.50 L:7693.75 C:7695.00 V:2013.0
  📈 Trend: strong_bearish | 🌍 Regime: ranging
  🗺️  Grid: 0.100% | 🔺 7696.25 🔻 7693.25
  📡 RSI: 49.3 | MACD: -0.46 | ATR: 3.12
  📊 Filled: 1 | Pending: 0
  📍 SHORT @ 7698.75 | SL: 7706.75 | TP: 7688.00 | P&L: $+187.50
  💰 Daily P&L: $+0.00

[2026-08-25 08:54] O:7695.00 H:7696.00 L:7693.25 C:7693.50 V:1856.0
  📈 Trend: strong_bearish | 🌍 Regime: ranging
  🗺️  Grid: 0.100% | 🔺 7695.50 🔻 7693.75
  📡 RSI: 40.0 | MACD: -0.64 | ATR: 3.07
  📊 Filled: 1 | Pending: 0
  📍 SHORT @ 7698.75 | SL: 7706.75 | TP: 7688.00 | P&L: $+262.50
  💰 Daily P&L: $+0.00

[2026-08-25 08:55] O:7693.50 H:7694.00 L:7690.50 C:7691.25 V:3325.0
  📈 Trend: strong_bearish | 🌍 Regime: ranging
  🗺️  Grid: 0.100% | 🔺 7696.00 🔻 7693.25
  📡 RSI: 34.6 | MACD: -0.96 | ATR: 3.07
  📊 Filled: 1 | Pending: 0
  📍 SHORT @ 7698.75 | SL: 7706.75 | TP: 7688.00 | P&L: $+375.00
  💰 Daily P&L: $+0.00

[2026-08-25 08:56] O:7691.25 H:7692.00 L:7689.50 C:7691.50 V:3378.0
  📈 Trend: strong_bearish | 🌍 Regime: ranging
  🗺️  Grid: 0.100% | 🔺 7694.00 🔻 7690.50
  📡 RSI: 37.8 | MACD: -1.17 | ATR: 3.00
  📊 Filled: 1 | Pending: 0
  📍 SHORT @ 7698.75 | SL: 7706.75 | TP: 7688.00 | P&L: $+362.50
  💰 Daily P&L: $+0.00

[2026-08-25 08:57] O:7691.25 H:7692.25 L:7689.50 C:7689.75 V:4767.0
  📈 Trend: strong_bearish | 🌍 Regime: ranging
  🗺️  Grid: 0.100% | 🔺 7692.00 🔻 7689.50
  📡 RSI: 38.9 | MACD: -1.47 | ATR: 2.91
  📊 Filled: 1 | Pending: 0
  📍 SHORT @ 7698.75 | SL: 7706.75 | TP: 7688.00 | P&L: $+450.00
  💰 Daily P&L: $+0.00

[2026-08-25 08:58] O:7690.00 H:7690.25 L:7688.25 C:7689.50 V:2529.0
  📈 Trend: strong_bearish | 🌍 Regime: ranging
  🗺️  Grid: 0.100% | 🔺 7692.25 🔻 7689.50
  📡 RSI: 34.8 | MACD: -1.70 | ATR: 2.91
  📊 Filled: 1 | Pending: 0
  📍 SHORT @ 7698.75 | SL: 7706.75 | TP: 7688.00 | P&L: $+462.50
  💰 Daily P&L: $+0.00

[2026-08-25 08:59] O:7689.50 H:7690.25 L:7688.00 C:7690.00 V:1873.0
  📈 Trend: strong_bearish | 🌍 Regime: ranging
  🗺️  Grid: 0.100% | 🔺 7690.25 🔻 7688.25
  📡 RSI: 33.8 | MACD: -1.83 | ATR: 2.79
  📊 Filled: 1 | Pending: 0
  📍 SHORT @ 7698.75 | SL: 7706.75 | TP: 7688.00 | P&L: $+437.50
  💰 Daily P&L: $+0.00
  📋 Order 372 status: Cancelled
  ✅ Fill: BOT 1.0 @ 7688.0
  📋 Order 373 status: Filled

[2026-08-25 09:00] O:7690.00 H:7690.50 L:7687.00 C:7689.50 V:3850.0
  📈 Trend: strong_bearish | 🌍 Regime: ranging
  🗺️  Grid: 0.100% | 🔺 7690.25 🔻 7688.00
  📡 RSI: 24.2 | MACD: -1.95 | ATR: 2.75
  📊 Filled: 1 | Pending: 0
  📍 SHORT @ 7698.75 | SL: 7706.75 | TP: 7688.00 | P&L: $+462.50
  ✅ EXIT SHORT @ 7688.00 | Take Profit
     P&L: +10.75 pts ($+537.50) | Daily: $+537.50
  ⏸️ Cooldown: 2 bar(s) remaining after exit
  💰 Daily P&L: $+537.50

[2026-08-25 09:01] O:7689.50 H:7690.75 L:7688.00 C:7690.00 V:2964.0
  📈 Trend: strong_bearish | 🌍 Regime: ranging
  🗺️  Grid: 0.100% | 🔺 7690.50 🔻 7687.00
  📡 RSI: 26.6 | MACD: -1.97 | ATR: 2.79
  📊 Filled: 0 | Pending: 0
  ⏸️ Cooldown: 1 bar(s) remaining after exit
  💰 Daily P&L: $+537.50

[2026-08-25 09:02] O:7690.25 H:7691.25 L:7686.75 C:7688.00 V:4931.0
  📈 Trend: strong_bearish | 🌍 Regime: ranging
  🗺️  Grid: 0.100% | 🔺 7690.75 🔻 7688.00
  📡 RSI: 11.3 | MACD: -2.13 | ATR: 2.84
  📊 Filled: 0 | Pending: 0
  🔴 Pullback SHORT | RSI 65.6→11.3 turning down in strong_bearish
  📤 Limit SELL 1 @ 7686.50 submitted (ID: 374)
  📋 Order 374 status: PreSubmitted
  ✅ Fill: SLD 1.0 @ 7687.75
  📋 Order 374 status: Filled
  ⬇️ SHORT ORDER @ 7686.50 | Size: 1.00 | SL: 7695.50 | TP: 7673.00 [1cts]
     Reason: Grid Short (strong_bearish, RSI: 11.3)
  🔬 SHADOW [short trending]: 🟩 ROBUST WOULD ALLOW
       MACD=PASS (-2.13 vs -1.97, Δ-0.16) | 5m=PASS (1m=strong_bearish, 5m=sideways)
     ⏳ Order 374 PENDING - awaiting fill confirmation
  💰 Daily P&L: $+537.50
  📤 Stop-Market BUY 1 @ 7695.75 submitted (ID: 375) [OCA:exit_374_1787666645]
  📋 Order 375 status: PreSubmitted
  📤 Limit BUY 1 @ 7677.00 submitted (ID: 376) [OCA:exit_374_1787666645]
  📋 Order 376 status: PreSubmitted
  ✅ FILL CONFIRMED: SHORT @ 7687.75 (order 374)
     📊 Bracket placed: SL #375 @ 7695.75 | TP #376 @ 7677.00
     Trail activates @ +7.5 pts

[2026-08-25 09:03] O:7688.00 H:7689.50 L:7687.00 C:7687.50 V:2990.0
  📈 Trend: strong_bearish | 🌍 Regime: ranging
  🗺️  Grid: 0.100% | 🔺 7691.25 🔻 7686.75
  📡 RSI: 12.5 | MACD: -2.28 | ATR: 2.82
  📊 Filled: 1 | Pending: 0
  📍 SHORT @ 7687.75 | SL: 7695.75 | TP: 7677.00 | P&L: $+12.50
  💰 Daily P&L: $+537.50
  📋 Order 376 status: Submitted

[2026-08-25 09:04] O:7687.50 H:7688.25 L:7685.50 C:7687.75 V:3519.0
  📈 Trend: strong_bearish | 🌍 Regime: ranging
  🗺️  Grid: 0.100% | 🔺 7689.50 🔻 7687.00
  📡 RSI: 17.0 | MACD: -2.34 | ATR: 2.75
  📊 Filled: 1 | Pending: 0
  📍 SHORT @ 7687.75 | SL: 7695.75 | TP: 7677.00 | P&L: $+0.00
  💰 Daily P&L: $+537.50

[2026-08-25 09:05] O:7687.75 H:7689.00 L:7687.00 C:7687.75 V:3062.0
  📈 Trend: strong_bearish | 🌍 Regime: ranging
  🗺️  Grid: 0.100% | 🔺 7688.25 🔻 7685.50
  📡 RSI: 15.2 | MACD: -2.36 | ATR: 2.75
  📊 Filled: 1 | Pending: 0
  📍 SHORT @ 7687.75 | SL: 7695.75 | TP: 7677.00 | P&L: $+0.00
  💰 Daily P&L: $+537.50

[2026-08-25 09:06] O:7687.75 H:7688.25 L:7685.50 C:7685.75 V:2559.0
  📈 Trend: strong_bearish | 🌍 Regime: ranging
  🗺️  Grid: 0.100% | 🔺 7689.00 🔻 7687.00
  📡 RSI: 14.0 | MACD: -2.52 | ATR: 2.73
  📊 Filled: 1 | Pending: 0
  📍 SHORT @ 7687.75 | SL: 7695.75 | TP: 7677.00 | P&L: $+100.00
  💰 Daily P&L: $+537.50

[2026-08-25 09:07] O:7685.75 H:7687.25 L:7684.50 C:7685.00 V:2277.0
  📈 Trend: strong_bearish | 🌍 Regime: trending_bearish
  🗺️  Grid: 0.100% | 🔺 7688.25 🔻 7685.50
  📡 RSI: 11.5 | MACD: -2.67 | ATR: 2.80
  📊 Filled: 1 | Pending: 0
  📍 SHORT @ 7687.75 | SL: 7695.75 | TP: 7677.00 | P&L: $+137.50
  💰 Daily P&L: $+537.50

[2026-08-25 09:08] O:7685.25 H:7686.75 L:7684.50 C:7685.25 V:2328.0
  📈 Trend: strong_bearish | 🌍 Regime: trending_bearish
  🗺️  Grid: 0.100% | 🔺 7687.25 🔻 7684.50
  📡 RSI: 14.9 | MACD: -2.73 | ATR: 2.77
  📊 Filled: 1 | Pending: 0
  📍 SHORT @ 7687.75 | SL: 7695.75 | TP: 7677.00 | P&L: $+125.00
  💰 Daily P&L: $+537.50

[2026-08-25 09:09] O:7685.50 H:7686.75 L:7684.75 C:7686.50 V:1902.0
  📈 Trend: strong_bearish | 🌍 Regime: trending_bearish
  🗺️  Grid: 0.100% | 🔺 7686.75 🔻 7684.50
  📡 RSI: 27.9 | MACD: -2.65 | ATR: 2.66
  📊 Filled: 1 | Pending: 0
  📍 SHORT @ 7687.75 | SL: 7695.75 | TP: 7677.00 | P&L: $+62.50
  💰 Daily P&L: $+537.50

[2026-08-25 09:10] O:7686.50 H:7688.25 L:7686.00 C:7686.75 V:2856.0
  📈 Trend: strong_bearish | 🌍 Regime: trending_bearish
  🗺️  Grid: 0.100% | 🔺 7686.75 🔻 7684.75
  📡 RSI: 27.9 | MACD: -2.54 | ATR: 2.64
  📊 Filled: 1 | Pending: 0
  📍 SHORT @ 7687.75 | SL: 7695.75 | TP: 7677.00 | P&L: $+50.00
  💰 Daily P&L: $+537.50

[2026-08-25 09:11] O:7687.00 H:7687.25 L:7684.75 C:7685.00 V:2115.0
  📈 Trend: strong_bearish | 🌍 Regime: trending_bearish
  🗺️  Grid: 0.100% | 🔺 7688.25 🔻 7686.00
  📡 RSI: 27.9 | MACD: -2.57 | ATR: 2.62
  📊 Filled: 1 | Pending: 0
  📍 SHORT @ 7687.75 | SL: 7695.75 | TP: 7677.00 | P&L: $+137.50
  💰 Daily P&L: $+537.50

[2026-08-25 09:12] O:7685.25 H:7687.00 L:7685.00 C:7686.75 V:1856.0
  📈 Trend: strong_bearish | 🌍 Regime: trending_bearish
  🗺️  Grid: 0.100% | 🔺 7687.25 🔻 7684.75
  📡 RSI: 38.8 | MACD: -2.41 | ATR: 2.62
  📊 Filled: 1 | Pending: 0
  📍 SHORT @ 7687.75 | SL: 7695.75 | TP: 7677.00 | P&L: $+50.00
  💰 Daily P&L: $+537.50

[2026-08-25 09:13] O:7686.75 H:7687.00 L:7684.50 C:7686.25 V:1964.0
  📈 Trend: strong_bearish | 🌍 Regime: trending_bearish
  🗺️  Grid: 0.100% | 🔺 7687.00 🔻 7685.00
  📡 RSI: 34.7 | MACD: -2.31 | ATR: 2.64
  📊 Filled: 1 | Pending: 0
  📍 SHORT @ 7687.75 | SL: 7695.75 | TP: 7677.00 | P&L: $+75.00
  💰 Daily P&L: $+537.50

[2026-08-25 09:14] O:7686.25 H:7686.75 L:7684.00 C:7684.75 V:1733.0
  📈 Trend: strong_bearish | 🌍 Regime: trending_bearish
  🗺️  Grid: 0.100% | 🔺 7687.00 🔻 7684.50
  📡 RSI: 32.1 | MACD: -2.32 | ATR: 2.59
  📊 Filled: 1 | Pending: 0
  📍 SHORT @ 7687.75 | SL: 7695.75 | TP: 7677.00 | P&L: $+150.00
  💰 Daily P&L: $+537.50

[2026-08-25 09:15] O:7684.75 H:7686.50 L:7683.50 C:7686.50 V:2527.0
  📈 Trend: strong_bearish | 🌍 Regime: trending_bearish
  🗺️  Grid: 0.100% | 🔺 7686.75 🔻 7684.00
  📡 RSI: 37.9 | MACD: -2.16 | ATR: 2.61
  📊 Filled: 1 | Pending: 0
  📍 SHORT @ 7687.75 | SL: 7695.75 | TP: 7677.00 | P&L: $+62.50
  💰 Daily P&L: $+537.50

[2026-08-25 09:16] O:7686.50 H:7688.00 L:7686.25 C:7686.50 V:2398.0
  📈 Trend: strong_bearish | 🌍 Regime: trending_bearish
  🗺️  Grid: 0.100% | 🔺 7686.50 🔻 7683.50
  📡 RSI: 44.0 | MACD: -2.01 | ATR: 2.41
  📊 Filled: 1 | Pending: 0
  📍 SHORT @ 7687.75 | SL: 7695.75 | TP: 7677.00 | P&L: $+62.50
  💰 Daily P&L: $+537.50

[2026-08-25 09:17] O:7686.50 H:7686.50 L:7685.00 C:7686.25 V:1521.0
  📈 Trend: strong_bearish | 🌍 Regime: trending_bearish
  🗺️  Grid: 0.100% | 🔺 7688.00 🔻 7686.25
  📡 RSI: 44.9 | MACD: -1.89 | ATR: 2.34
  📊 Filled: 1 | Pending: 0
  📍 SHORT @ 7687.75 | SL: 7695.75 | TP: 7677.00 | P&L: $+75.00
  💰 Daily P&L: $+537.50

[2026-08-25 09:18] O:7686.00 H:7688.50 L:7685.75 C:7688.25 V:2459.0
  📈 Trend: strong_bearish | 🌍 Regime: trending_bearish
  🗺️  Grid: 0.100% | 🔺 7686.50 🔻 7685.00
  📡 RSI: 51.8 | MACD: -1.62 | ATR: 2.34
  📊 Filled: 1 | Pending: 0
  📍 SHORT @ 7687.75 | SL: 7695.75 | TP: 7677.00 | P&L: $-25.00
  💰 Daily P&L: $+537.50

[2026-08-25 09:19] O:7688.00 H:7689.50 L:7686.50 C:7687.25 V:3348.0
  📈 Trend: strong_bearish | 🌍 Regime: trending_bearish
  🗺️  Grid: 0.100% | 🔺 7688.50 🔻 7685.75
  📡 RSI: 48.3 | MACD: -1.47 | ATR: 2.41
  📊 Filled: 1 | Pending: 0
  📍 SHORT @ 7687.75 | SL: 7695.75 | TP: 7677.00 | P&L: $+25.00
  💰 Daily P&L: $+537.50

[2026-08-25 09:20] O:7687.25 H:7688.00 L:7686.00 C:7687.00 V:2262.0
  📈 Trend: strong_bearish | 🌍 Regime: trending_bearish
  🗺️  Grid: 0.100% | 🔺 7689.50 🔻 7686.50
  📡 RSI: 54.7 | MACD: -1.35 | ATR: 2.36
  📊 Filled: 1 | Pending: 0
  📍 SHORT @ 7687.75 | SL: 7695.75 | TP: 7677.00 | P&L: $+37.50
  💰 Daily P&L: $+537.50

[2026-08-25 09:21] O:7687.00 H:7687.00 L:7684.50 C:7684.50 V:2333.0
  📈 Trend: strong_bearish | 🌍 Regime: trending_bearish
  🗺️  Grid: 0.100% | 🔺 7688.00 🔻 7686.00
  📡 RSI: 48.3 | MACD: -1.44 | ATR: 2.34
  📊 Filled: 1 | Pending: 0
  📍 SHORT @ 7687.75 | SL: 7695.75 | TP: 7677.00 | P&L: $+162.50
  💰 Daily P&L: $+537.50

[2026-08-25 09:22] O:7684.50 H:7685.25 L:7682.75 C:7683.00 V:3066.0
  📈 Trend: strong_bearish | 🌍 Regime: trending_bearish
  🗺️  Grid: 0.100% | 🔺 7687.00 🔻 7684.50
  📡 RSI: 43.1 | MACD: -1.62 | ATR: 2.36
  📊 Filled: 1 | Pending: 0
  📍 SHORT @ 7687.75 | SL: 7695.75 | TP: 7677.00 | P&L: $+237.50
  💰 Daily P&L: $+537.50

[2026-08-25 09:23] O:7683.25 H:7684.00 L:7681.50 C:7682.00 V:3557.0
  📈 Trend: strong_bearish | 🌍 Regime: trending_bearish
  🗺️  Grid: 0.100% | 🔺 7685.25 🔻 7682.75
  📡 RSI: 35.9 | MACD: -1.82 | ATR: 2.39
  📊 Filled: 1 | Pending: 0
  📍 SHORT @ 7687.75 | SL: 7695.75 | TP: 7677.00 | P&L: $+287.50
  💰 Daily P&L: $+537.50

[2026-08-25 09:24] O:7681.75 H:7684.50 L:7681.25 C:7684.25 V:2891.0
  📈 Trend: strong_bearish | 🌍 Regime: trending_bearish
  🗺️  Grid: 0.100% | 🔺 7684.00 🔻 7681.50
  📡 RSI: 43.1 | MACD: -1.77 | ATR: 2.46
  📊 Filled: 1 | Pending: 0
  📍 SHORT @ 7687.75 | SL: 7695.75 | TP: 7677.00 | P&L: $+175.00
  💰 Daily P&L: $+537.50

[2026-08-25 09:25] O:7684.25 H:7685.00 L:7682.75 C:7683.25 V:2544.0
  📈 Trend: strong_bearish | 🌍 Regime: trending_bearish
  🗺️  Grid: 0.100% | 🔺 7684.50 🔻 7681.25
  📡 RSI: 44.9 | MACD: -1.80 | ATR: 2.45
  📊 Filled: 1 | Pending: 0
  📍 SHORT @ 7687.75 | SL: 7695.75 | TP: 7677.00 | P&L: $+225.00
  💰 Daily P&L: $+537.50

[2026-08-25 09:26] O:7683.25 H:7684.50 L:7682.25 C:7684.00 V:1997.0
  📈 Trend: strong_bearish | 🌍 Regime: trending_bearish
  🗺️  Grid: 0.100% | 🔺 7685.00 🔻 7682.75
  📡 RSI: 41.5 | MACD: -1.74 | ATR: 2.46
  📊 Filled: 1 | Pending: 0
  📍 SHORT @ 7687.75 | SL: 7695.75 | TP: 7677.00 | P&L: $+187.50
  💰 Daily P&L: $+537.50

[2026-08-25 09:27] O:7684.00 H:7684.50 L:7683.00 C:7683.25 V:1857.0
  📈 Trend: strong_bearish | 🌍 Regime: trending_bearish
  🗺️  Grid: 0.100% | 🔺 7684.50 🔻 7682.25
  📡 RSI: 40.9 | MACD: -1.73 | ATR: 2.39
  📊 Filled: 1 | Pending: 0
  📍 SHORT @ 7687.75 | SL: 7695.75 | TP: 7677.00 | P&L: $+225.00
  💰 Daily P&L: $+537.50

[2026-08-25 09:28] O:7683.25 H:7683.50 L:7682.00 C:7682.00 V:1669.0
  📈 Trend: strong_bearish | 🌍 Regime: trending_bearish
  🗺️  Grid: 0.100% | 🔺 7684.50 🔻 7683.00
  📡 RSI: 41.5 | MACD: -1.80 | ATR: 2.30
  📊 Filled: 1 | Pending: 0
  📍 SHORT @ 7687.75 | SL: 7695.75 | TP: 7677.00 | P&L: $+287.50
  💰 Daily P&L: $+537.50

[2026-08-25 09:29] O:7682.00 H:7682.50 L:7680.00 C:7680.00 V:2554.0
  📈 Trend: strong_bearish | 🌍 Regime: trending_bearish
  🗺️  Grid: 0.100% | 🔺 7683.50 🔻 7682.00
  📡 RSI: 30.3 | MACD: -2.00 | ATR: 2.27
  📊 Filled: 1 | Pending: 0
  📍 SHORT @ 7687.75 | SL: 7695.75 | TP: 7677.00 | P&L: $+387.50
  💰 Daily P&L: $+537.50
  📋 Order 375 status: Cancelled
  ✅ Fill: BOT 1.0 @ 7677.0
  📋 Order 376 status: Filled

[2026-08-25 09:30] O:7680.00 H:7680.25 L:7663.25 C:7676.75 V:18078.0
  📈 Trend: strong_bearish | 🌍 Regime: trending_bearish
  🗺️  Grid: 0.100% | 🔺 7682.50 🔻 7680.00
  📡 RSI: 25.3 | MACD: -2.39 | ATR: 3.36
  📊 Filled: 1 | Pending: 0
  📍 SHORT @ 7687.75 | SL: 7695.75 | TP: 7677.00 | P&L: $+550.00
  ✅ EXIT SHORT @ 7677.00 | Take Profit
     P&L: +10.75 pts ($+537.50) | Daily: $+1,075.00
  ⏸️ Cooldown: 2 bar(s) remaining after exit
  💰 Daily P&L: $+1,075.00

[2026-08-25 09:31] O:7676.75 H:7679.50 L:7676.25 C:7679.00 V:5866.0
  📈 Trend: strong_bearish | 🌍 Regime: trending_bearish
  🗺️  Grid: 0.100% | 🔺 7680.25 🔻 7663.25
  📡 RSI: 33.3 | MACD: -2.49 | ATR: 3.48
  📊 Filled: 0 | Pending: 0
  ⏸️ Cooldown: 1 bar(s) remaining after exit
  💰 Daily P&L: $+1,075.00

[2026-08-25 09:32] O:7678.75 H:7682.00 L:7678.50 C:7680.00 V:5077.0
  📈 Trend: strong_bearish | 🌍 Regime: trending_bearish
  🗺️  Grid: 0.100% | 🔺 7679.50 🔻 7676.25
  📡 RSI: 30.1 | MACD: -2.46 | ATR: 3.54
  📊 Filled: 0 | Pending: 0
  💰 Daily P&L: $+1,075.00

[2026-08-25 09:33] O:7680.00 H:7681.00 L:7678.50 C:7680.75 V:2792.0
  📈 Trend: strong_bearish | 🌍 Regime: trending_bearish
  🗺️  Grid: 0.100% | 🔺 7682.00 🔻 7678.50
  📡 RSI: 34.1 | MACD: -2.35 | ATR: 3.50
  📊 Filled: 0 | Pending: 0
  💰 Daily P&L: $+1,075.00

[2026-08-25 09:34] O:7680.50 H:7680.75 L:7676.00 C:7676.50 V:2794.0
  📈 Trend: strong_bearish | 🌍 Regime: trending_bearish
  🗺️  Grid: 0.100% | 🔺 7681.00 🔻 7678.50
  📡 RSI: 28.6 | MACD: -2.57 | ATR: 3.70
  📊 Filled: 0 | Pending: 0
  💰 Daily P&L: $+1,075.00

[2026-08-25 09:35] O:7676.50 H:7679.25 L:7675.75 C:7677.50 V:2579.0
  📈 Trend: strong_bearish | 🌍 Regime: trending_bearish
  🗺️  Grid: 0.100% | 🔺 7680.75 🔻 7676.00
  📡 RSI: 34.8 | MACD: -2.64 | ATR: 3.77
  📊 Filled: 0 | Pending: 0
  💰 Daily P&L: $+1,075.00

[2026-08-25 09:36] O:7677.50 H:7680.75 L:7677.25 C:7680.50 V:2337.0
  📈 Trend: strong_bearish | 🌍 Regime: trending_bearish
  🗺️  Grid: 0.100% | 🔺 7679.25 🔻 7675.75
  📡 RSI: 44.9 | MACD: -2.42 | ATR: 3.84
  📊 Filled: 0 | Pending: 0
  💰 Daily P&L: $+1,075.00

[2026-08-25 09:37] O:7680.50 H:7680.75 L:7679.50 C:7680.75 V:1080.0
  📈 Trend: strong_bearish | 🌍 Regime: trending_bearish
  🗺️  Grid: 0.100% | 🔺 7680.75 🔻 7677.25
  📡 RSI: 47.4 | MACD: -2.21 | ATR: 3.75
  📊 Filled: 0 | Pending: 0
  💰 Daily P&L: $+1,075.00

[2026-08-25 09:38] O:7680.75 H:7681.50 L:7679.75 C:7681.25 V:1623.0
  📈 Trend: strong_bearish | 🌍 Regime: trending_bearish
  🗺️  Grid: 0.100% | 🔺 7680.75 🔻 7679.50
  📡 RSI: 43.2 | MACD: -1.97 | ATR: 3.64
  📊 Filled: 0 | Pending: 0
  💰 Daily P&L: $+1,075.00

[2026-08-25 09:39] O:7681.25 H:7683.75 L:7681.25 C:7683.25 V:2478.0
  📈 Trend: strong_bearish | 🌍 Regime: trending_bearish
  🗺️  Grid: 0.100% | 🔺 7681.50 🔻 7679.75
  📡 RSI: 50.0 | MACD: -1.60 | ATR: 3.66
  📊 Filled: 0 | Pending: 0
  💰 Daily P&L: $+1,075.00

[2026-08-25 09:40] O:7683.00 H:7683.25 L:7680.25 C:7680.25 V:2102.0
  📈 Trend: strong_bearish | 🌍 Regime: trending_bearish
  🗺️  Grid: 0.100% | 🔺 7683.75 🔻 7681.25
  📡 RSI: 42.6 | MACD: -1.54 | ATR: 3.71
  📊 Filled: 0 | Pending: 0
  💰 Daily P&L: $+1,075.00

[2026-08-25 09:41] O:7680.50 H:7681.00 L:7678.00 C:7678.75 V:1954.0
  📈 Trend: strong_bearish | 🌍 Regime: trending_bearish
  🗺️  Grid: 0.100% | 🔺 7683.25 🔻 7680.25
  📡 RSI: 41.3 | MACD: -1.59 | ATR: 3.82
  📊 Filled: 0 | Pending: 0
  💰 Daily P&L: $+1,075.00

[2026-08-25 09:42] O:7678.75 H:7679.00 L:7675.50 C:7676.00 V:2925.0
  📈 Trend: strong_bearish | 🌍 Regime: trending_bearish
  🗺️  Grid: 0.100% | 🔺 7681.00 🔻 7678.00
  📡 RSI: 39.1 | MACD: -1.83 | ATR: 3.96
  📊 Filled: 0 | Pending: 0
  💰 Daily P&L: $+1,075.00

[2026-08-25 09:43] O:7676.00 H:7677.25 L:7674.50 C:7676.00 V:2827.0
  📈 Trend: strong_bearish | 🌍 Regime: trending_bearish
  🗺️  Grid: 0.100% | 🔺 7679.00 🔻 7675.50
  📡 RSI: 42.2 | MACD: -2.00 | ATR: 3.98
  📊 Filled: 0 | Pending: 0
  💰 Daily P&L: $+1,075.00

[2026-08-25 09:44] O:7676.00 H:7677.00 L:7674.75 C:7676.50 V:2239.0
  📈 Trend: strong_bearish | 🌍 Regime: trending_bearish
  🗺️  Grid: 0.100% | 🔺 7677.25 🔻 7674.50
  📡 RSI: 49.5 | MACD: -2.07 | ATR: 2.93
  📊 Filled: 0 | Pending: 0
  💰 Daily P&L: $+1,075.00

[2026-08-25 09:45] O:7676.25 H:7676.50 L:7674.50 C:7675.50 V:2257.0
  📈 Trend: strong_bearish | 🌍 Regime: trending_bearish
  🗺️  Grid: 0.100% | 🔺 7677.00 🔻 7674.75
  📡 RSI: 41.9 | MACD: -2.18 | ATR: 2.84
  📊 Filled: 0 | Pending: 0
  💰 Daily P&L: $+1,075.00

[2026-08-25 09:46] O:7675.50 H:7678.00 L:7675.00 C:7676.00 V:2708.0
  📈 Trend: strong_bearish | 🌍 Regime: trending_bearish
  🗺️  Grid: 0.100% | 🔺 7676.50 🔻 7674.50
  📡 RSI: 40.5 | MACD: -2.20 | ATR: 2.80
  📊 Filled: 0 | Pending: 0
  💰 Daily P&L: $+1,075.00

[2026-08-25 09:47] O:7675.75 H:7677.00 L:7675.50 C:7676.25 V:2296.0
  📈 Trend: strong_bearish | 🌍 Regime: trending_bearish
  🗺️  Grid: 0.100% | 🔺 7678.00 🔻 7675.00
  📡 RSI: 39.0 | MACD: -2.17 | ATR: 2.73
  📊 Filled: 0 | Pending: 0
  💰 Daily P&L: $+1,075.00

[2026-08-25 09:48] O:7676.25 H:7676.75 L:7675.00 C:7675.25 V:1491.0
  📈 Trend: strong_bearish | 🌍 Regime: trending_bearish
  🗺️  Grid: 0.100% | 🔺 7677.00 🔻 7675.50
  📡 RSI: 46.4 | MACD: -2.20 | ATR: 2.52
  📊 Filled: 0 | Pending: 0
  💰 Daily P&L: $+1,075.00

[2026-08-25 09:49] O:7675.25 H:7676.50 L:7674.75 C:7675.25 V:2035.0
  📈 Trend: strong_bearish | 🌍 Regime: trending_bearish
  🗺️  Grid: 0.100% | 🔺 7676.75 🔻 7675.00
  📡 RSI: 43.1 | MACD: -2.20 | ATR: 2.39
  📊 Filled: 0 | Pending: 0
  💰 Daily P&L: $+1,075.00

[2026-08-25 09:50] O:7675.25 H:7675.75 L:7673.25 C:7675.75 V:2165.0
  📈 Trend: strong_bearish | 🌍 Regime: trending_bearish
  🗺️  Grid: 0.100% | 🔺 7676.50 🔻 7674.75
  📡 RSI: 32.7 | MACD: -2.14 | ATR: 2.32
  📊 Filled: 0 | Pending: 0
  💰 Daily P&L: $+1,075.00

[2026-08-25 09:51] O:7675.75 H:7677.50 L:7674.25 C:7677.50 V:1827.0
  📈 Trend: strong_bearish | 🌍 Regime: trending_bearish
  🗺️  Grid: 0.100% | 🔺 7675.75 🔻 7673.25
  📡 RSI: 39.3 | MACD: -1.92 | ATR: 2.46
  📊 Filled: 0 | Pending: 0
  💰 Daily P&L: $+1,075.00

[2026-08-25 09:52] O:7677.25 H:7679.25 L:7677.00 C:7679.00 V:1851.0
  📈 Trend: strong_bearish | 🌍 Regime: trending_bearish
  🗺️  Grid: 0.100% | 🔺 7677.50 🔻 7674.25
  📡 RSI: 43.1 | MACD: -1.61 | ATR: 2.50
  📊 Filled: 0 | Pending: 0
  💰 Daily P&L: $+1,075.00

[2026-08-25 09:53] O:7679.00 H:7681.25 L:7678.75 C:7681.00 V:1825.0
  📈 Trend: strong_bearish (raw: moderate_bearish) | 🌍 Regime: trending_bearish
  🗺️  Grid: 0.100% | 🔺 7679.25 🔻 7677.00
  📡 RSI: 43.1 | MACD: -1.19 | ATR: 2.50
  📊 Filled: 0 | Pending: 0
  💰 Daily P&L: $+1,075.00

[2026-08-25 09:54] O:7681.00 H:7681.25 L:7679.75 C:7679.75 V:1565.0
  📈 Trend: strong_bearish (raw: moderate_bearish) | 🌍 Regime: trending_bearish
  🗺️  Grid: 0.100% | 🔺 7681.25 🔻 7678.75
  📡 RSI: 48.3 | MACD: -0.95 | ATR: 2.39
  📊 Filled: 0 | Pending: 0
  💰 Daily P&L: $+1,075.00

[2026-08-25 09:55] O:7679.50 H:7680.75 L:7679.00 C:7679.75 V:1916.0
  📈 Trend: strong_bearish | 🌍 Regime: trending_bearish
  🗺️  Grid: 0.100% | 🔺 7681.25 🔻 7679.75
  📡 RSI: 53.8 | MACD: -0.75 | ATR: 2.30
  📊 Filled: 0 | Pending: 0
  💰 Daily P&L: $+1,075.00

[2026-08-25 09:56] O:7679.75 H:7680.50 L:7677.75 C:7678.75 V:2110.0
  📈 Trend: strong_bearish | 🌍 Regime: trending_bearish
  🗺️  Grid: 0.100% | 🔺 7680.75 🔻 7679.00
  📡 RSI: 62.2 | MACD: -0.66 | ATR: 2.25
  📊 Filled: 0 | Pending: 0
  💰 Daily P&L: $+1,075.00

[2026-08-25 09:57] O:7678.75 H:7681.25 L:7678.00 C:7681.25 V:1768.0
  📈 Trend: strong_bearish | 🌍 Regime: trending_bearish
  🗺️  Grid: 0.100% | 🔺 7680.50 🔻 7677.75
  📡 RSI: 69.1 | MACD: -0.39 | ATR: 2.29
  📊 Filled: 0 | Pending: 0
  💰 Daily P&L: $+1,075.00

[2026-08-25 09:58] O:7681.25 H:7681.50 L:7679.75 C:7680.75 V:2059.0
  📈 Trend: strong_bearish | 🌍 Regime: trending_bearish
  🗺️  Grid: 0.100% | 🔺 7681.25 🔻 7678.00
  📡 RSI: 65.5 | MACD: -0.21 | ATR: 2.25
  📊 Filled: 0 | Pending: 0
  🔴 Pullback SHORT | RSI 69.1→65.5 turning down in strong_bearish
  📤 Limit SELL 1 @ 7679.25 submitted (ID: 377)
  📋 Order 377 status: PreSubmitted
  ✅ Fill: SLD 1.0 @ 7681.0
  📋 Order 377 status: Filled
  ⬇️ SHORT ORDER @ 7679.25 | Size: 1.00 | SL: 7688.25 | TP: 7665.75 [1cts]
     Reason: Grid Short (strong_bearish, RSI: 65.5)
  🔬 SHADOW [short trending]: 🟥 ROBUST WOULD BLOCK (1 filter)
       MACD=BLOCK (-0.21 vs -0.39, Δ+0.18) | 5m=PASS (1m=strong_bearish, 5m=sideways)
     ⏳ Order 377 PENDING - awaiting fill confirmation
  💰 Daily P&L: $+1,075.00
  📤 Stop-Market BUY 1 @ 7689.00 submitted (ID: 378) [OCA:exit_377_1787670005]
  📋 Order 378 status: PreSubmitted
  📤 Limit BUY 1 @ 7670.25 submitted (ID: 379) [OCA:exit_377_1787670005]
  ✅ FILL CONFIRMED: SHORT @ 7681.00 (order 377)
     📊 Bracket placed: SL #378 @ 7689.00 | TP #379 @ 7670.25
     Trail activates @ +7.5 pts

[2026-08-25 09:59] O:7680.75 H:7681.75 L:7679.75 C:7680.25 V:2085.0
  📈 Trend: strong_bearish | 🌍 Regime: trending_bearish
  🗺️  Grid: 0.100% | 🔺 7681.50 🔻 7679.75
  📡 RSI: 67.9 | MACD: -0.10 | ATR: 2.25
  📊 Filled: 1 | Pending: 0
  📍 SHORT @ 7681.00 | SL: 7689.00 | TP: 7670.25 | P&L: $+37.50
  💰 Daily P&L: $+1,075.00
  📋 Order 379 status: PreSubmitted
  📋 Order 379 status: Submitted

[2026-08-25 10:00] O:7680.00 H:7681.00 L:7677.50 C:7679.00 V:2861.0
  📈 Trend: strong_bearish (raw: moderate_bearish) | 🌍 Regime: trending_bearish
  🗺️  Grid: 0.100% | 🔺 7681.75 🔻 7679.75
  📡 RSI: 60.7 | MACD: -0.12 | ATR: 2.29
  📊 Filled: 1 | Pending: 0
  📍 SHORT @ 7681.00 | SL: 7689.00 | TP: 7670.25 | P&L: $+100.00
  💰 Daily P&L: $+1,075.00

[2026-08-25 10:01] O:7679.00 H:7680.75 L:7678.50 C:7678.50 V:2129.0
  📈 Trend: strong_bearish (raw: moderate_bearish) | 🌍 Regime: ranging
  🗺️  Grid: 0.100% | 🔺 7681.00 🔻 7677.50
  📡 RSI: 57.9 | MACD: -0.17 | ATR: 2.34
  📊 Filled: 1 | Pending: 0
  📍 SHORT @ 7681.00 | SL: 7689.00 | TP: 7670.25 | P&L: $+125.00
  💰 Daily P&L: $+1,075.00

[2026-08-25 10:02] O:7678.25 H:7679.75 L:7677.50 C:7679.00 V:1829.0
  📈 Trend: moderate_bearish | 🌍 Regime: ranging
  🗺️  Grid: 0.100% | 🔺 7680.75 🔻 7678.50
  📡 RSI: 63.6 | MACD: -0.17 | ATR: 2.38
  📊 Filled: 1 | Pending: 0
  📍 SHORT @ 7681.00 | SL: 7689.00 | TP: 7670.25 | P&L: $+100.00
  💰 Daily P&L: $+1,075.00

[2026-08-25 10:03] O:7679.00 H:7679.25 L:7676.25 C:7676.75 V:1776.0
  📈 Trend: moderate_bearish | 🌍 Regime: ranging
  🗺️  Grid: 0.100% | 🔺 7679.75 🔻 7677.50
  📡 RSI: 54.7 | MACD: -0.35 | ATR: 2.46
  📊 Filled: 1 | Pending: 0
  📍 SHORT @ 7681.00 | SL: 7689.00 | TP: 7670.25 | P&L: $+212.50
  💰 Daily P&L: $+1,075.00

[2026-08-25 10:04] O:7677.00 H:7679.00 L:7676.25 C:7677.50 V:2445.0
  📈 Trend: moderate_bearish | 🌍 Regime: ranging
  🗺️  Grid: 0.100% | 🔺 7679.25 🔻 7676.25
  📡 RSI: 55.4 | MACD: -0.42 | ATR: 2.48
  📊 Filled: 1 | Pending: 0
  📍 SHORT @ 7681.00 | SL: 7689.00 | TP: 7670.25 | P&L: $+175.00
  💰 Daily P&L: $+1,075.00

[2026-08-25 10:05] O:7677.50 H:7679.50 L:7677.25 C:7679.25 V:1195.0
  📈 Trend: moderate_bearish | 🌍 Regime: ranging
  🗺️  Grid: 0.100% | 🔺 7679.00 🔻 7676.25
  📡 RSI: 55.4 | MACD: -0.34 | ATR: 2.41
  📊 Filled: 1 | Pending: 0
  📍 SHORT @ 7681.00 | SL: 7689.00 | TP: 7670.25 | P&L: $+87.50
  💰 Daily P&L: $+1,075.00

[2026-08-25 10:06] O:7679.25 H:7679.50 L:7677.25 C:7678.25 V:1651.0
  📈 Trend: moderate_bearish | 🌍 Regime: ranging
  🗺️  Grid: 0.100% | 🔺 7679.50 🔻 7677.25
  📡 RSI: 47.6 | MACD: -0.35 | ATR: 2.41
  📊 Filled: 1 | Pending: 0
  📍 SHORT @ 7681.00 | SL: 7689.00 | TP: 7670.25 | P&L: $+137.50
  💰 Daily P&L: $+1,075.00

[2026-08-25 10:07] O:7678.25 H:7681.00 L:7678.25 C:7678.75 V:1667.0
  📈 Trend: moderate_bearish | 🌍 Regime: ranging
  🗺️  Grid: 0.100% | 🔺 7679.50 🔻 7677.25
  📡 RSI: 42.1 | MACD: -0.31 | ATR: 2.43
  📊 Filled: 1 | Pending: 0
  📍 SHORT @ 7681.00 | SL: 7689.00 | TP: 7670.25 | P&L: $+112.50
  💰 Daily P&L: $+1,075.00

[2026-08-25 10:08] O:7679.00 H:7679.50 L:7678.25 C:7679.50 V:1128.0
  📈 Trend: moderate_bearish | 🌍 Regime: ranging
  🗺️  Grid: 0.100% | 🔺 7681.00 🔻 7678.25
  📡 RSI: 49.1 | MACD: -0.22 | ATR: 2.41
  📊 Filled: 1 | Pending: 0
  📍 SHORT @ 7681.00 | SL: 7689.00 | TP: 7670.25 | P&L: $+75.00
  💰 Daily P&L: $+1,075.00

[2026-08-25 10:09] O:7679.50 H:7680.00 L:7678.50 C:7679.00 V:1274.0
  📈 Trend: moderate_bearish | 🌍 Regime: ranging
  🗺️  Grid: 0.100% | 🔺 7679.50 🔻 7678.25
  📡 RSI: 47.4 | MACD: -0.18 | ATR: 2.39
  📊 Filled: 1 | Pending: 0
  📍 SHORT @ 7681.00 | SL: 7689.00 | TP: 7670.25 | P&L: $+100.00
  💰 Daily P&L: $+1,075.00

[2026-08-25 10:10] O:7679.00 H:7679.75 L:7677.75 C:7679.25 V:1346.0
  📈 Trend: moderate_bearish | 🌍 Regime: ranging
  🗺️  Grid: 0.100% | 🔺 7680.00 🔻 7678.50
  📡 RSI: 51.9 | MACD: -0.13 | ATR: 2.34
  📊 Filled: 1 | Pending: 0
  📍 SHORT @ 7681.00 | SL: 7689.00 | TP: 7670.25 | P&L: $+87.50
  💰 Daily P&L: $+1,075.00

[2026-08-25 10:11] O:7679.50 H:7681.00 L:7679.00 C:7680.75 V:1184.0
  📈 Trend: moderate_bearish (raw: strong_bullish) | 🌍 Regime: ranging
  🗺️  Grid: 0.100% | 🔺 7679.75 🔻 7677.75
  📡 RSI: 48.0 | MACD: 0.03 | ATR: 2.25
  📊 Filled: 1 | Pending: 0
  📍 SHORT @ 7681.00 | SL: 7689.00 | TP: 7670.25 | P&L: $+12.50
  💰 Daily P&L: $+1,075.00

[2026-08-25 10:12] O:7680.75 H:7681.00 L:7678.25 C:7678.75 V:1323.0
  📈 Trend: moderate_bearish | 🌍 Regime: ranging
  🗺️  Grid: 0.100% | 🔺 7681.00 🔻 7679.00
  📡 RSI: 42.9 | MACD: -0.01 | ATR: 2.32
  📊 Filled: 1 | Pending: 0
  📍 SHORT @ 7681.00 | SL: 7689.00 | TP: 7670.25 | P&L: $+112.50
  💰 Daily P&L: $+1,075.00

[2026-08-25 10:13] O:7678.50 H:7679.25 L:7676.75 C:7677.00 V:1461.0
  📈 Trend: moderate_bearish | 🌍 Regime: ranging
  🗺️  Grid: 0.100% | 🔺 7681.00 🔻 7678.25
  📡 RSI: 39.3 | MACD: -0.17 | ATR: 2.36
  📊 Filled: 1 | Pending: 0
  📍 SHORT @ 7681.00 | SL: 7689.00 | TP: 7670.25 | P&L: $+200.00
  💰 Daily P&L: $+1,075.00

[2026-08-25 10:14] O:7677.25 H:7679.25 L:7677.25 C:7678.75 V:1315.0
  📈 Trend: moderate_bearish | 🌍 Regime: ranging
  🗺️  Grid: 0.100% | 🔺 7679.25 🔻 7676.75
  📡 RSI: 49.2 | MACD: -0.16 | ATR: 2.27
  📊 Filled: 1 | Pending: 0
  📍 SHORT @ 7681.00 | SL: 7689.00 | TP: 7670.25 | P&L: $+112.50
  💰 Daily P&L: $+1,075.00

[2026-08-25 10:15] O:7679.00 H:7680.50 L:7677.75 C:7680.25 V:1546.0
  📈 Trend: moderate_bearish (raw: moderate_bullish) | 🌍 Regime: ranging
  🗺️  Grid: 0.100% | 🔺 7679.25 🔻 7677.25
  📡 RSI: 55.2 | MACD: -0.03 | ATR: 2.30
  📊 Filled: 1 | Pending: 0
  📍 SHORT @ 7681.00 | SL: 7689.00 | TP: 7670.25 | P&L: $+37.50
  💰 Daily P&L: $+1,075.00

[2026-08-25 10:16] O:7680.25 H:7681.25 L:7680.00 C:7680.50 V:1316.0
  📈 Trend: moderate_bearish (raw: moderate_bullish) | 🌍 Regime: ranging
  🗺️  Grid: 0.100% | 🔺 7680.50 🔻 7677.75
  📡 RSI: 54.5 | MACD: 0.09 | ATR: 2.23
  📊 Filled: 1 | Pending: 0
  📍 SHORT @ 7681.00 | SL: 7689.00 | TP: 7670.25 | P&L: $+25.00
  💰 Daily P&L: $+1,075.00

[2026-08-25 10:17] O:7680.75 H:7681.50 L:7680.75 C:7681.00 V:1022.0
  📈 Trend: moderate_bearish (raw: strong_bullish) | 🌍 Regime: ranging
  🗺️  Grid: 0.100% | 🔺 7681.25 🔻 7680.00
  📡 RSI: 64.4 | MACD: 0.22 | ATR: 2.09
  📊 Filled: 1 | Pending: 0
  📍 SHORT @ 7681.00 | SL: 7689.00 | TP: 7670.25 | P&L: $+0.00
  💰 Daily P&L: $+1,075.00

[2026-08-25 10:18] O:7681.00 H:7681.50 L:7679.25 C:7679.50 V:1394.0
  📈 Trend: moderate_bearish (raw: moderate_bullish) | 🌍 Regime: ranging
  🗺️  Grid: 0.100% | 🔺 7681.50 🔻 7680.75
  📡 RSI: 56.5 | MACD: 0.21 | ATR: 2.05
  📊 Filled: 1 | Pending: 0
  📍 SHORT @ 7681.00 | SL: 7689.00 | TP: 7670.25 | P&L: $+75.00
  💰 Daily P&L: $+1,075.00

[2026-08-25 10:19] O:7679.50 H:7682.50 L:7679.25 C:7682.00 V:1152.0
  📈 Trend: moderate_bearish (raw: strong_bullish) | 🌍 Regime: ranging
  🗺️  Grid: 0.100% | 🔺 7681.50 🔻 7679.25
  📡 RSI: 58.5 | MACD: 0.39 | ATR: 2.12
  📊 Filled: 1 | Pending: 0
  📍 SHORT @ 7681.00 | SL: 7689.00 | TP: 7670.25 | P&L: $-50.00
  💰 Daily P&L: $+1,075.00

[2026-08-25 10:20] O:7682.25 H:7683.75 L:7682.00 C:7683.50 V:2026.0
  📈 Trend: moderate_bearish (raw: strong_bullish) | 🌍 Regime: ranging
  🗺️  Grid: 0.100% | 🔺 7682.50 🔻 7679.25
  📡 RSI: 65.7 | MACD: 0.65 | ATR: 2.09
  📊 Filled: 1 | Pending: 0
  📍 SHORT @ 7681.00 | SL: 7689.00 | TP: 7670.25 | P&L: $-125.00
  💰 Daily P&L: $+1,075.00

[2026-08-25 10:21] O:7683.75 H:7684.75 L:7683.50 C:7684.50 V:2319.0
  📈 Trend: strong_bullish | 🌍 Regime: ranging
  🗺️  Grid: 0.100% | 🔺 7683.75 🔻 7682.00
  📡 RSI: 66.7 | MACD: 0.93 | ATR: 1.98
  📊 Filled: 1 | Pending: 0
  📍 SHORT @ 7681.00 | SL: 7689.00 | TP: 7670.25 | P&L: $-175.00
  💰 Daily P&L: $+1,075.00

[2026-08-25 10:22] O:7684.25 H:7684.75 L:7683.50 C:7683.75 V:1209.0
  📈 Trend: strong_bullish | 🌍 Regime: ranging
  🗺️  Grid: 0.100% | 🔺 7684.75 🔻 7683.50
  📡 RSI: 62.3 | MACD: 1.07 | ATR: 1.98
  📊 Filled: 1 | Pending: 0
  📍 SHORT @ 7681.00 | SL: 7689.00 | TP: 7670.25 | P&L: $-137.50
  💰 Daily P&L: $+1,075.00

[2026-08-25 10:23] O:7683.75 H:7684.00 L:7679.75 C:7680.50 V:2720.0
  📈 Trend: strong_bullish | 🌍 Regime: ranging
  🗺️  Grid: 0.100% | 🔺 7684.75 🔻 7683.50
  📡 RSI: 53.8 | MACD: 0.91 | ATR: 2.18
  📊 Filled: 1 | Pending: 0
  📍 SHORT @ 7681.00 | SL: 7689.00 | TP: 7670.25 | P&L: $+25.00
  💰 Daily P&L: $+1,075.00

[2026-08-25 10:24] O:7680.75 H:7682.25 L:7680.50 C:7680.75 V:1500.0
  📈 Trend: strong_bullish | 🌍 Regime: ranging
  🗺️  Grid: 0.100% | 🔺 7684.00 🔻 7679.75
  📡 RSI: 53.8 | MACD: 0.80 | ATR: 2.16
  📊 Filled: 1 | Pending: 0
  📍 SHORT @ 7681.00 | SL: 7689.00 | TP: 7670.25 | P&L: $+12.50
  💰 Daily P&L: $+1,075.00

[2026-08-25 10:25] O:7681.00 H:7681.50 L:7679.50 C:7681.00 V:1301.0
  📈 Trend: strong_bullish | 🌍 Regime: ranging
  🗺️  Grid: 0.100% | 🔺 7682.25 🔻 7680.50
  📡 RSI: 50.7 | MACD: 0.72 | ATR: 2.16
  📊 Filled: 1 | Pending: 0
  📍 SHORT @ 7681.00 | SL: 7689.00 | TP: 7670.25 | P&L: $+0.00
  💰 Daily P&L: $+1,075.00

[2026-08-25 10:26] O:7681.00 H:7681.50 L:7680.50 C:7681.25 V:1145.0
  📈 Trend: strong_bullish | 🌍 Regime: ranging
  🗺️  Grid: 0.100% | 🔺 7681.50 🔻 7679.50
  📡 RSI: 57.4 | MACD: 0.67 | ATR: 2.04
  📊 Filled: 1 | Pending: 0
  📍 SHORT @ 7681.00 | SL: 7689.00 | TP: 7670.25 | P&L: $-12.50
  💰 Daily P&L: $+1,075.00

[2026-08-25 10:27] O:7681.25 H:7684.00 L:7680.50 C:7683.75 V:1462.0
  📈 Trend: strong_bullish | 🌍 Regime: ranging
  🗺️  Grid: 0.100% | 🔺 7681.50 🔻 7680.50
  📡 RSI: 69.0 | MACD: 0.83 | ATR: 2.11
  📊 Filled: 1 | Pending: 0
  📍 SHORT @ 7681.00 | SL: 7689.00 | TP: 7670.25 | P&L: $-137.50
  💰 Daily P&L: $+1,075.00

[2026-08-25 10:28] O:7684.00 H:7686.25 L:7683.75 C:7685.75 V:2319.0
  📈 Trend: strong_bullish | 🌍 Regime: ranging
  🗺️  Grid: 0.100% | 🔺 7684.00 🔻 7680.50
  📡 RSI: 69.4 | MACD: 1.10 | ATR: 2.12
  📊 Filled: 1 | Pending: 0
  📍 SHORT @ 7681.00 | SL: 7689.00 | TP: 7670.25 | P&L: $-237.50
  💰 Daily P&L: $+1,075.00

[2026-08-25 10:29] O:7686.00 H:7687.00 L:7685.25 C:7686.00 V:2362.0
  📈 Trend: strong_bullish | 🌍 Regime: ranging
  🗺️  Grid: 0.100% | 🔺 7686.25 🔻 7683.75
  📡 RSI: 67.2 | MACD: 1.31 | ATR: 2.05
  📊 Filled: 1 | Pending: 0
  📍 SHORT @ 7681.00 | SL: 7689.00 | TP: 7670.25 | P&L: $-250.00
  💰 Daily P&L: $+1,075.00

[2026-08-25 10:30] O:7686.25 H:7686.75 L:7685.50 C:7686.00 V:3039.0
  📈 Trend: strong_bullish | 🌍 Regime: ranging
  🗺️  Grid: 0.100% | 🔺 7687.00 🔻 7685.25
  📡 RSI: 66.7 | MACD: 1.47 | ATR: 2.05
  📊 Filled: 1 | Pending: 0
  📍 SHORT @ 7681.00 | SL: 7689.00 | TP: 7670.25 | P&L: $-250.00
  💰 Daily P&L: $+1,075.00

[2026-08-25 10:31] O:7686.25 H:7687.00 L:7685.50 C:7685.75 V:2292.0
  📈 Trend: strong_bullish | 🌍 Regime: ranging
  🗺️  Grid: 0.100% | 🔺 7686.75 🔻 7685.50
  📡 RSI: 64.6 | MACD: 1.56 | ATR: 2.09
  📊 Filled: 1 | Pending: 0
  📍 SHORT @ 7681.00 | SL: 7689.00 | TP: 7670.25 | P&L: $-237.50
  💰 Daily P&L: $+1,075.00

[2026-08-25 10:32] O:7686.00 H:7686.00 L:7684.50 C:7685.00 V:1971.0
  📈 Trend: strong_bullish | 🌍 Regime: ranging
  🗺️  Grid: 0.100% | 🔺 7687.00 🔻 7685.50
  📡 RSI: 67.7 | MACD: 1.55 | ATR: 2.04
  📊 Filled: 1 | Pending: 0
  📍 SHORT @ 7681.00 | SL: 7689.00 | TP: 7670.25 | P&L: $-200.00
  💰 Daily P&L: $+1,075.00
  📋 Order 379 status: PreSubmitted
  📋 Order 379 status: PendingCancel
  ✅ Fill: BOT 1.0 @ 7689.0
  📋 Order 378 status: Filled
  📋 Order 379 status: PendingCancel
  🛡️ OCA backup: cancelling sibling order 379 immediately after 378 filled
  📋 Order 379 status: Cancelled

[2026-08-25 10:33] O:7685.00 H:7691.00 L:7683.50 C:7688.25 V:6103.0
  📈 Trend: strong_bullish | 🌍 Regime: ranging
  🗺️  Grid: 0.100% | 🔺 7686.00 🔻 7684.50
  📡 RSI: 69.2 | MACD: 1.78 | ATR: 2.34
  📊 Filled: 1 | Pending: 0
  📍 SHORT @ 7681.00 | SL: 7689.00 | TP: 7670.25 | P&L: $-362.50
  ❌ EXIT SHORT @ 7689.00 | Stop Loss
     P&L: -8.00 pts ($-400.00) | Daily: $+675.00
  ⚠️ POSITION MISMATCH after exit: broker=1, bot expects=0
  🛟 Flattening stray 1 contract(s) with SELL to restore expected exposure
  📤 Market SELL 1 contracts submitted (ID: 380)
  📋 Order 380 status: PreSubmitted
  ✅ Fill: SLD 1.0 @ 7687.25
  📋 Order 380 status: Filled
  ⏸️ Cooldown: 2 bar(s) remaining after exit
  💰 Daily P&L: $+675.00

[2026-08-25 10:34] O:7688.25 H:7688.50 L:7683.50 C:7684.00 V:3920.0
  📈 Trend: strong_bullish | 🌍 Regime: ranging
  🗺️  Grid: 0.100% | 🔺 7691.00 🔻 7683.50
  📡 RSI: 51.3 | MACD: 1.60 | ATR: 2.57
  📊 Filled: 0 | Pending: 0
  ⏸️ Cooldown: 1 bar(s) remaining after exit
  💰 Daily P&L: $+675.00

[2026-08-25 10:35] O:7684.00 H:7690.25 L:7683.75 C:7686.25 V:11017.0
  📈 Trend: strong_bullish | 🌍 Regime: ranging
  🗺️  Grid: 0.100% | 🔺 7688.50 🔻 7683.50
  📡 RSI: 54.3 | MACD: 1.63 | ATR: 2.95
  📊 Filled: 0 | Pending: 0
  💰 Daily P&L: $+675.00

[2026-08-25 10:36] O:7686.50 H:7686.75 L:7685.00 C:7685.50 V:1474.0
  📈 Trend: strong_bullish | 🌍 Regime: ranging
  🗺️  Grid: 0.100% | 🔺 7690.25 🔻 7683.75
  📡 RSI: 54.3 | MACD: 1.57 | ATR: 2.98
  📊 Filled: 0 | Pending: 0
  💰 Daily P&L: $+675.00

[2026-08-25 10:37] O:7685.75 H:7686.00 L:7684.50 C:7685.00 V:1258.0
  📈 Trend: strong_bullish | 🌍 Regime: trending_bullish
  🗺️  Grid: 0.100% | 🔺 7686.75 🔻 7685.00
  📡 RSI: 62.9 | MACD: 1.46 | ATR: 2.79
  📊 Filled: 0 | Pending: 0
  💰 Daily P&L: $+675.00

[2026-08-25 10:38] O:7685.00 H:7686.00 L:7684.25 C:7685.50 V:1062.0
  📈 Trend: strong_bullish (raw: moderate_bullish) | 🌍 Regime: trending_bullish
  🗺️  Grid: 0.100% | 🔺 7686.00 🔻 7684.50
  📡 RSI: 63.4 | MACD: 1.40 | ATR: 2.79
  📊 Filled: 0 | Pending: 0
  💰 Daily P&L: $+675.00

[2026-08-25 10:39] O:7685.50 H:7685.75 L:7683.75 C:7684.25 V:1149.0
  📈 Trend: strong_bullish (raw: moderate_bullish) | 🌍 Regime: trending_bullish
  🗺️  Grid: 0.100% | 🔺 7686.00 🔻 7684.25
  📡 RSI: 58.7 | MACD: 1.24 | ATR: 2.79
  📊 Filled: 0 | Pending: 0
  💰 Daily P&L: $+675.00

[2026-08-25 10:40] O:7684.25 H:7685.50 L:7683.50 C:7684.00 V:1182.0
  📈 Trend: strong_bullish (raw: moderate_bearish) | 🌍 Regime: trending_bearish
  🗺️  Grid: 0.100% | 🔺 7685.75 🔻 7683.75
  📡 RSI: 57.3 | MACD: 1.08 | ATR: 2.86
  📊 Filled: 0 | Pending: 0
  💰 Daily P&L: $+675.00

[2026-08-25 10:41] O:7683.75 H:7684.00 L:7682.00 C:7682.75 V:1869.0
  📈 Trend: strong_bullish (raw: moderate_bearish) | 🌍 Regime: ranging
  🗺️  Grid: 0.100% | 🔺 7685.50 🔻 7683.50
  📡 RSI: 47.1 | MACD: 0.84 | ATR: 2.75
  📊 Filled: 0 | Pending: 0
  💰 Daily P&L: $+675.00

[2026-08-25 10:42] O:7682.75 H:7684.75 L:7682.25 C:7683.25 V:1313.0
  📈 Trend: strong_bullish (raw: moderate_bullish) | 🌍 Regime: ranging
  🗺️  Grid: 0.100% | 🔺 7684.00 🔻 7682.00
  📡 RSI: 42.2 | MACD: 0.69 | ATR: 2.75
  📊 Filled: 0 | Pending: 0
  💰 Daily P&L: $+675.00

[2026-08-25 10:43] O:7683.50 H:7684.50 L:7683.25 C:7683.75 V:935.0
  📈 Trend: strong_bullish (raw: moderate_bullish) | 🌍 Regime: ranging
  🗺️  Grid: 0.100% | 🔺 7684.75 🔻 7682.25
  📡 RSI: 43.1 | MACD: 0.59 | ATR: 2.71
  📊 Filled: 0 | Pending: 0
  💰 Daily P&L: $+675.00

[2026-08-25 10:44] O:7684.00 H:7685.25 L:7683.75 C:7685.00 V:1037.0
  📈 Trend: moderate_bullish | 🌍 Regime: ranging
  🗺️  Grid: 0.100% | 🔺 7684.50 🔻 7683.25
  📡 RSI: 47.1 | MACD: 0.62 | ATR: 2.73
  📊 Filled: 0 | Pending: 0
  💰 Daily P&L: $+675.00
→ Real-time bars cancelled
✓ Disconnected from IBKR
