2026-08-18 13:58:05 | ERROR    | Error 10147, reqId 255: OrderId 255 that needs to be cancelled is not found.
2026-08-18 14:56:05 | ERROR    | Error 10147, reqId 257: OrderId 257 that needs to be cancelled is not found.
2026-08-18 15:55:05 | ERROR    | Error 10147, reqId 260: OrderId 260 that needs to be cancelled is not found.

   • Not yet validated out-of-sample — shadow-log before trusting live
============================================================
✓ Connected to IBKR (paper) - clientId=11
✓ Front-month contract: ESU6 expiry=20260918

============================================================
Loading historical data for indicator warm-up...
============================================================
→ Fetching historical bars (1 D, 1 min)...
✓ Loaded 1125 historical bars

Processing 1125 historical bars...

Indicators ready!
  Bars loaded: 1125
  Last price: 7722.50
  Trend: strong_bearish
  RSI: 52.4
  ATR: 1.64
  MACD: -0.20 / Signal: -0.19
  MA: 7723.12 / 7724.01 / 7723.72

------------------------------------------------------------
Account Value: $1,005,878.27
Buying Power: $4,012,941.21
Current Position: 0 contracts
------------------------------------------------------------

============================================================
Starting live 1-minute bar stream...
Strategy is now ACTIVE (PULLBACK mode)
============================================================

→ Subscribed to 5-second real-time bars (aggregating to 1 min)

[2026-08-18 11:44] O:7722.50 H:7723.50 L:7722.00 C:7723.50 V:681.0
  📈 Trend: sideways (raw: moderate_bearish) | 🌍 Regime: trending_bearish
  🗺️  Grid: 0.100% | 🔺 7722.50 🔻 7721.75
  📡 RSI: 60.5 | MACD: -0.17 | ATR: 1.61
  📊 Filled: 0 | Pending: 0
  💰 Daily P&L: $+0.00

[2026-08-18 11:45] O:7723.50 H:7724.00 L:7721.50 C:7721.75 V:1147.0
  📈 Trend: sideways (raw: strong_bearish) | 🌍 Regime: trending_bearish
  🗺️  Grid: 0.100% | 🔺 7723.50 🔻 7722.00
  📡 RSI: 44.2 | MACD: -0.28 | ATR: 1.62
  📊 Filled: 0 | Pending: 0
  💰 Daily P&L: $+0.00

[2026-08-18 11:46] O:7722.00 H:7726.25 L:7721.75 C:7726.00 V:1660.0
  📈 Trend: sideways (raw: moderate_bullish) | 🌍 Regime: trending_bullish
  🗺️  Grid: 0.100% | 🔺 7724.00 🔻 7721.50
  📡 RSI: 64.3 | MACD: -0.03 | ATR: 1.88
  📊 Filled: 0 | Pending: 0
  💰 Daily P&L: $+0.00

[2026-08-18 11:47] O:7726.00 H:7726.50 L:7725.25 C:7725.75 V:2109.0
  📈 Trend: sideways (raw: strong_bullish) | 🌍 Regime: ranging
  🗺️  Grid: 0.100% | 🔺 7726.25 🔻 7721.75
  📡 RSI: 60.4 | MACD: 0.15 | ATR: 1.82
  📊 Filled: 0 | Pending: 0
  💰 Daily P&L: $+0.00

[2026-08-18 11:48] O:7725.75 H:7728.00 L:7725.75 C:7728.00 V:2538.0
  📈 Trend: sideways (raw: strong_bullish) | 🌍 Regime: ranging
  🗺️  Grid: 0.100% | 🔺 7726.50 🔻 7725.25
  📡 RSI: 68.3 | MACD: 0.47 | ATR: 1.86
  📊 Filled: 0 | Pending: 0
  💰 Daily P&L: $+0.00

[2026-08-18 11:49] O:7727.75 H:7728.25 L:7727.25 C:7727.75 V:1099.0
  📈 Trend: strong_bullish | 🌍 Regime: ranging
  🗺️  Grid: 0.100% | 🔺 7728.00 🔻 7725.75
  📡 RSI: 69.5 | MACD: 0.69 | ATR: 1.86
  📊 Filled: 0 | Pending: 0
  💰 Daily P&L: $+0.00

[2026-08-18 11:50] O:7727.75 H:7728.00 L:7726.25 C:7728.00 V:1414.0
  📈 Trend: strong_bullish | 🌍 Regime: ranging
  🗺️  Grid: 0.100% | 🔺 7728.25 🔻 7727.25
  📡 RSI: 67.9 | MACD: 0.88 | ATR: 1.84
  📊 Filled: 0 | Pending: 0
  💰 Daily P&L: $+0.00

[2026-08-18 11:51] O:7728.00 H:7728.00 L:7726.75 C:7727.50 V:1353.0
  📈 Trend: strong_bullish | 🌍 Regime: ranging
  🗺️  Grid: 0.100% | 🔺 7728.00 🔻 7726.25
  📡 RSI: 62.3 | MACD: 0.97 | ATR: 1.79
  📊 Filled: 0 | Pending: 0
  💰 Daily P&L: $+0.00

[2026-08-18 11:52] O:7727.75 H:7727.75 L:7726.00 C:7726.75 V:1615.0
  📈 Trend: strong_bullish | 🌍 Regime: ranging
  🗺️  Grid: 0.100% | 🔺 7728.00 🔻 7726.75
  📡 RSI: 58.9 | MACD: 0.98 | ATR: 1.80
  📊 Filled: 0 | Pending: 0
  💰 Daily P&L: $+0.00

[2026-08-18 11:53] O:7727.00 H:7728.25 L:7726.50 C:7727.75 V:1100.0
  📈 Trend: strong_bullish | 🌍 Regime: ranging
  🗺️  Grid: 0.100% | 🔺 7727.75 🔻 7726.00
  📡 RSI: 60.3 | MACD: 1.05 | ATR: 1.80
  📊 Filled: 0 | Pending: 0
  💰 Daily P&L: $+0.00

[2026-08-18 11:54] O:7727.75 H:7728.50 L:7727.00 C:7727.75 V:1140.0
  📈 Trend: strong_bullish | 🌍 Regime: ranging
  🗺️  Grid: 0.100% | 🔺 7728.25 🔻 7726.50
  📡 RSI: 61.4 | MACD: 1.10 | ATR: 1.82
  📊 Filled: 0 | Pending: 0
  💰 Daily P&L: $+0.00

[2026-08-18 11:55] O:7728.00 H:7728.00 L:7726.00 C:7726.25 V:1460.0
  📈 Trend: strong_bullish | 🌍 Regime: ranging
  🗺️  Grid: 0.100% | 🔺 7728.50 🔻 7727.00
  📡 RSI: 59.3 | MACD: 1.00 | ATR: 1.82
  📊 Filled: 0 | Pending: 0
  💰 Daily P&L: $+0.00

[2026-08-18 11:56] O:7726.25 H:7727.00 L:7726.25 C:7726.50 V:987.0
  📈 Trend: strong_bullish | 🌍 Regime: ranging
  🗺️  Grid: 0.100% | 🔺 7728.00 🔻 7726.00
  📡 RSI: 64.3 | MACD: 0.93 | ATR: 1.75
  📊 Filled: 0 | Pending: 0
  💰 Daily P&L: $+0.00

[2026-08-18 11:57] O:7726.50 H:7726.75 L:7726.00 C:7726.50 V:936.0
  📈 Trend: strong_bullish | 🌍 Regime: ranging
  🗺️  Grid: 0.100% | 🔺 7727.00 🔻 7726.25
  📡 RSI: 64.3 | MACD: 0.87 | ATR: 1.75
  📊 Filled: 0 | Pending: 0
  💰 Daily P&L: $+0.00

[2026-08-18 11:58] O:7726.50 H:7726.75 L:7726.00 C:7726.50 V:894.0
  📈 Trend: strong_bullish | 🌍 Regime: ranging
  🗺️  Grid: 0.100% | 🔺 7726.75 🔻 7726.00
  📡 RSI: 61.5 | MACD: 0.81 | ATR: 1.70
  📊 Filled: 0 | Pending: 0
  💰 Daily P&L: $+0.00

[2026-08-18 11:59] O:7726.50 H:7727.25 L:7726.00 C:7726.00 V:905.0
  📈 Trend: strong_bullish | 🌍 Regime: ranging
  🗺️  Grid: 0.100% | 🔺 7726.75 🔻 7726.00
  📡 RSI: 68.1 | MACD: 0.71 | ATR: 1.61
  📊 Filled: 0 | Pending: 0
  💰 Daily P&L: $+0.00

[2026-08-18 12:00] O:7726.00 H:7726.25 L:7724.75 C:7725.25 V:1859.0
  📈 Trend: strong_bullish | 🌍 Regime: ranging
  🗺️  Grid: 0.100% | 🔺 7727.25 🔻 7726.00
  📡 RSI: 45.5 | MACD: 0.57 | ATR: 1.39
  📊 Filled: 0 | Pending: 0
  💰 Daily P&L: $+0.00

[2026-08-18 12:01] O:7725.25 H:7726.00 L:7723.25 C:7723.75 V:2182.0
  📈 Trend: strong_bullish | 🌍 Regime: ranging
  🗺️  Grid: 0.100% | 🔺 7726.25 🔻 7724.75
  📡 RSI: 39.5 | MACD: 0.33 | ATR: 1.50
  📊 Filled: 0 | Pending: 0
  💰 Daily P&L: $+0.00

[2026-08-18 12:02] O:7723.75 H:7725.75 L:7723.25 C:7725.50 V:1557.0
  📈 Trend: strong_bullish | 🌍 Regime: ranging
  🗺️  Grid: 0.100% | 🔺 7726.00 🔻 7723.25
  📡 RSI: 36.1 | MACD: 0.28 | ATR: 1.52
  📊 Filled: 0 | Pending: 0
  💰 Daily P&L: $+0.00

[2026-08-18 12:03] O:7725.75 H:7726.50 L:7725.00 C:7726.50 V:1920.0
  📈 Trend: strong_bullish | 🌍 Regime: ranging
  🗺️  Grid: 0.100% | 🔺 7725.75 🔻 7723.25
  📡 RSI: 43.6 | MACD: 0.32 | ATR: 1.55
  📊 Filled: 0 | Pending: 0
  🟢 Pullback LONG | RSI 36.1→43.6 turning up in strong_bullish
  📤 Limit BUY 10 @ 7728.00 submitted (ID: 253)
  📋 Order 253 status: PreSubmitted
  ✅ Fill: BOT 10.0 @ 7726.5
  📋 Order 253 status: Filled
  ⬆️ LONG ORDER @ 7728.00 | Size: 1.00 | SL: 7725.75 | TP: 7731.00 [10cts]
     Reason: Grid Long (strong_bullish, RSI: 43.6)
  🔬 SHADOW [long trending]: 🟩 ROBUST WOULD ALLOW
       MACD=PASS (+0.32 vs +0.28, Δ+0.04) | 5m=PASS (1m=strong_bullish, 5m=sideways)
     ⏳ Order 253 PENDING - awaiting fill confirmation
  💰 Daily P&L: $+0.00
  📤 Stop-Limit SELL 10 @ stop:7718.50 / lmt:7714.50 submitted (ID: 254) [OCA:exit_253_1787072706]
  📋 Order 254 status: PreSubmitted
  📤 Limit SELL 10 @ 7729.50 submitted (ID: 255) [OCA:exit_253_1787072706]
  📋 Order 255 status: PreSubmitted
  ✅ FILL CONFIRMED: LONG @ 7726.50 (order 253)
     📊 Bracket placed: SL #254 @ 7718.50 | TP #255 @ 7729.50
     Trail activates @ +7.5 pts

[2026-08-18 12:04] O:7726.50 H:7726.75 L:7725.50 C:7725.50 V:1757.0
  📈 Trend: strong_bullish | 🌍 Regime: ranging
  🗺️  Grid: 0.100% | 🔺 7726.50 🔻 7725.00
  📡 RSI: 38.1 | MACD: 0.26 | ATR: 1.52
  📊 Filled: 1 | Pending: 0
  📍 LONG @ 7726.50 | SL: 7718.50 | TP: 7729.50 | P&L: $-500.00
  💰 Daily P&L: $+0.00
  📋 Order 255 status: Submitted

[2026-08-18 12:05] O:7725.25 H:7726.00 L:7725.25 C:7725.25 V:1428.0
  📈 Trend: strong_bullish (raw: moderate_bullish) | 🌍 Regime: ranging
  🗺️  Grid: 0.100% | 🔺 7726.75 🔻 7725.50
  📡 RSI: 39.0 | MACD: 0.20 | ATR: 1.48
  📊 Filled: 1 | Pending: 0
  📍 LONG @ 7726.50 | SL: 7718.50 | TP: 7729.50 | P&L: $-625.00
  💰 Daily P&L: $+0.00

[2026-08-18 12:06] O:7725.25 H:7726.25 L:7724.50 C:7725.25 V:1847.0
  📈 Trend: strong_bullish (raw: moderate_bullish) | 🌍 Regime: ranging
  🗺️  Grid: 0.100% | 🔺 7726.00 🔻 7725.25
  📡 RSI: 42.1 | MACD: 0.14 | ATR: 1.48
  📊 Filled: 1 | Pending: 0
  📍 LONG @ 7726.50 | SL: 7718.50 | TP: 7729.50 | P&L: $-625.00
  💰 Daily P&L: $+0.00

[2026-08-18 12:07] O:7725.25 H:7725.50 L:7724.25 C:7724.75 V:678.0
  📈 Trend: moderate_bullish | 🌍 Regime: trending_bullish
  🗺️  Grid: 0.100% | 🔺 7726.25 🔻 7724.50
  📡 RSI: 33.3 | MACD: 0.06 | ATR: 1.45
  📊 Filled: 1 | Pending: 0
  📍 LONG @ 7726.50 | SL: 7718.50 | TP: 7729.50 | P&L: $-875.00
  💰 Daily P&L: $+0.00

[2026-08-18 12:08] O:7724.75 H:7726.25 L:7724.75 C:7726.00 V:1022.0
  📈 Trend: moderate_bullish | 🌍 Regime: trending_bullish
  🗺️  Grid: 0.100% | 🔺 7725.50 🔻 7724.25
  📡 RSI: 41.5 | MACD: 0.09 | ATR: 1.45
  📊 Filled: 1 | Pending: 0
  📍 LONG @ 7726.50 | SL: 7718.50 | TP: 7729.50 | P&L: $-250.00
  💰 Daily P&L: $+0.00

[2026-08-18 12:09] O:7725.75 H:7727.50 L:7725.75 C:7727.50 V:1041.0
  📈 Trend: moderate_bullish | 🌍 Regime: trending_bullish
  🗺️  Grid: 0.100% | 🔺 7726.25 🔻 7724.75
  📡 RSI: 56.1 | MACD: 0.24 | ATR: 1.43
  📊 Filled: 1 | Pending: 0
  📍 LONG @ 7726.50 | SL: 7718.50 | TP: 7729.50 | P&L: $+500.00
  💰 Daily P&L: $+0.00

[2026-08-18 12:10] O:7727.25 H:7728.00 L:7726.25 C:7726.75 V:1008.0
  📈 Trend: moderate_bullish (raw: strong_bullish) | 🌍 Regime: trending_bullish
  🗺️  Grid: 0.100% | 🔺 7727.50 🔻 7725.75
  📡 RSI: 51.2 | MACD: 0.29 | ATR: 1.50
  📊 Filled: 1 | Pending: 0
  📍 LONG @ 7726.50 | SL: 7718.50 | TP: 7729.50 | P&L: $+125.00
  💰 Daily P&L: $+0.00

[2026-08-18 12:11] O:7726.50 H:7727.00 L:7725.00 C:7725.00 V:714.0
  📈 Trend: moderate_bullish | 🌍 Regime: trending_bullish
  🗺️  Grid: 0.100% | 🔺 7728.00 🔻 7726.25
  📡 RSI: 44.0 | MACD: 0.19 | ATR: 1.59
  📊 Filled: 1 | Pending: 0
  📍 LONG @ 7726.50 | SL: 7718.50 | TP: 7729.50 | P&L: $-750.00
  💰 Daily P&L: $+0.00

[2026-08-18 12:12] O:7725.00 H:7727.00 L:7724.75 C:7727.00 V:899.0
  📈 Trend: moderate_bullish (raw: strong_bullish) | 🌍 Regime: ranging
  🗺️  Grid: 0.100% | 🔺 7727.00 🔻 7725.00
  📡 RSI: 51.7 | MACD: 0.26 | ATR: 1.70
  📊 Filled: 1 | Pending: 0
  📍 LONG @ 7726.50 | SL: 7718.50 | TP: 7729.50 | P&L: $+250.00
  💰 Daily P&L: $+0.00

[2026-08-18 12:13] O:7727.00 H:7727.00 L:7725.50 C:7726.00 V:647.0
  📈 Trend: moderate_bullish | 🌍 Regime: ranging
  🗺️  Grid: 0.100% | 🔺 7727.00 🔻 7724.75
  📡 RSI: 50.0 | MACD: 0.24 | ATR: 1.71
  📊 Filled: 1 | Pending: 0
  📍 LONG @ 7726.50 | SL: 7718.50 | TP: 7729.50 | P&L: $-250.00
  💰 Daily P&L: $+0.00

[2026-08-18 12:14] O:7726.25 H:7726.50 L:7725.75 C:7726.00 V:565.0
  📈 Trend: moderate_bullish | 🌍 Regime: ranging
  🗺️  Grid: 0.100% | 🔺 7727.00 🔻 7725.50
  📡 RSI: 52.6 | MACD: 0.22 | ATR: 1.66
  📊 Filled: 1 | Pending: 0
  📍 LONG @ 7726.50 | SL: 7718.50 | TP: 7729.50 | P&L: $-250.00
  💰 Daily P&L: $+0.00

[2026-08-18 12:15] O:7726.00 H:7726.25 L:7724.25 C:7724.50 V:1319.0
  📈 Trend: moderate_bullish | 🌍 Regime: ranging
  🗺️  Grid: 0.100% | 🔺 7726.50 🔻 7725.75
  📡 RSI: 52.6 | MACD: 0.08 | ATR: 1.61
  📊 Filled: 1 | Pending: 0
  📍 LONG @ 7726.50 | SL: 7718.50 | TP: 7729.50 | P&L: $-1,000.00
  💰 Daily P&L: $+0.00

[2026-08-18 12:16] O:7724.25 H:7724.25 L:7723.25 C:7724.00 V:1160.0
  📈 Trend: moderate_bullish | 🌍 Regime: ranging
  🗺️  Grid: 0.100% | 🔺 7726.25 🔻 7724.25
  📡 RSI: 44.2 | MACD: -0.07 | ATR: 1.52
  📊 Filled: 1 | Pending: 0
  📍 LONG @ 7726.50 | SL: 7718.50 | TP: 7729.50 | P&L: $-1,250.00
  💰 Daily P&L: $+0.00

[2026-08-18 12:17] O:7723.75 H:7724.00 L:7723.25 C:7724.00 V:720.0
  📈 Trend: moderate_bullish | 🌍 Regime: ranging
  🗺️  Grid: 0.100% | 🔺 7724.25 🔻 7723.25
  📡 RSI: 39.6 | MACD: -0.18 | ATR: 1.46
  📊 Filled: 1 | Pending: 0
  📍 LONG @ 7726.50 | SL: 7718.50 | TP: 7729.50 | P&L: $-1,250.00
  💰 Daily P&L: $+0.00

[2026-08-18 12:18] O:7724.00 H:7724.00 L:7722.75 C:7723.75 V:1119.0
  📈 Trend: moderate_bullish | 🌍 Regime: ranging
  🗺️  Grid: 0.100% | 🔺 7724.00 🔻 7723.25
  📡 RSI: 42.2 | MACD: -0.29 | ATR: 1.46
  📊 Filled: 1 | Pending: 0
  📍 LONG @ 7726.50 | SL: 7718.50 | TP: 7729.50 | P&L: $-1,375.00
  💰 Daily P&L: $+0.00

[2026-08-18 12:19] O:7723.75 H:7724.00 L:7723.00 C:7723.00 V:871.0
  📈 Trend: moderate_bullish | 🌍 Regime: ranging
  🗺️  Grid: 0.100% | 🔺 7724.00 🔻 7722.75
  📡 RSI: 40.4 | MACD: -0.43 | ATR: 1.48
  📊 Filled: 1 | Pending: 0
  📍 LONG @ 7726.50 | SL: 7718.50 | TP: 7729.50 | P&L: $-1,750.00
  💰 Daily P&L: $+0.00

[2026-08-18 12:20] O:7722.75 H:7724.25 L:7722.50 C:7723.50 V:1386.0
  📈 Trend: moderate_bullish | 🌍 Regime: ranging
  🗺️  Grid: 0.100% | 🔺 7724.00 🔻 7723.00
  📡 RSI: 42.9 | MACD: -0.50 | ATR: 1.48
  📊 Filled: 1 | Pending: 0
  📍 LONG @ 7726.50 | SL: 7718.50 | TP: 7729.50 | P&L: $-1,500.00
  💰 Daily P&L: $+0.00

[2026-08-18 12:21] O:7723.50 H:7725.50 L:7723.50 C:7725.00 V:1235.0
  📈 Trend: moderate_bullish | 🌍 Regime: ranging
  🗺️  Grid: 0.100% | 🔺 7724.25 🔻 7722.50
  📡 RSI: 50.9 | MACD: -0.43 | ATR: 1.54
  📊 Filled: 1 | Pending: 0
  📍 LONG @ 7726.50 | SL: 7718.50 | TP: 7729.50 | P&L: $-750.00
  💰 Daily P&L: $+0.00

[2026-08-18 12:22] O:7725.00 H:7725.00 L:7723.25 C:7723.75 V:763.0
  📈 Trend: moderate_bullish | 🌍 Regime: ranging
  🗺️  Grid: 0.100% | 🔺 7725.50 🔻 7723.50
  📡 RSI: 41.5 | MACD: -0.46 | ATR: 1.55
  📊 Filled: 1 | Pending: 0
  📍 LONG @ 7726.50 | SL: 7718.50 | TP: 7729.50 | P&L: $-1,375.00
  💰 Daily P&L: $+0.00

[2026-08-18 12:23] O:7723.75 H:7724.00 L:7723.00 C:7723.25 V:632.0
  📈 Trend: moderate_bullish (raw: strong_bearish) | 🌍 Regime: ranging
  🗺️  Grid: 0.100% | 🔺 7725.00 🔻 7723.25
  📡 RSI: 32.7 | MACD: -0.53 | ATR: 1.50
  📊 Filled: 1 | Pending: 0
  📍 LONG @ 7726.50 | SL: 7718.50 | TP: 7729.50 | P&L: $-1,625.00
  💰 Daily P&L: $+0.00

[2026-08-18 12:24] O:7723.00 H:7723.50 L:7722.25 C:7722.75 V:1239.0
  📈 Trend: moderate_bullish (raw: strong_bearish) | 🌍 Regime: ranging
  🗺️  Grid: 0.100% | 🔺 7724.00 🔻 7723.00
  📡 RSI: 33.3 | MACD: -0.61 | ATR: 1.46
  📊 Filled: 1 | Pending: 0
  📍 LONG @ 7726.50 | SL: 7718.50 | TP: 7729.50 | P&L: $-1,875.00
  💰 Daily P&L: $+0.00

[2026-08-18 12:25] O:7722.50 H:7722.75 L:7720.75 C:7721.00 V:1472.0
  📈 Trend: strong_bearish | 🌍 Regime: ranging
  🗺️  Grid: 0.100% | 🔺 7723.50 🔻 7722.25
  📡 RSI: 33.3 | MACD: -0.81 | ATR: 1.46
  📊 Filled: 1 | Pending: 0
  📍 LONG @ 7726.50 | SL: 7718.50 | TP: 7729.50 | P&L: $-2,750.00
  💰 Daily P&L: $+0.00

[2026-08-18 12:26] O:7721.00 H:7721.75 L:7720.75 C:7721.75 V:1056.0
  📈 Trend: strong_bearish | 🌍 Regime: ranging
  🗺️  Grid: 0.100% | 🔺 7722.75 🔻 7720.75
  📡 RSI: 25.6 | MACD: -0.90 | ATR: 1.38
  📊 Filled: 1 | Pending: 0
  📍 LONG @ 7726.50 | SL: 7718.50 | TP: 7729.50 | P&L: $-2,375.00
  💰 Daily P&L: $+0.00

[2026-08-18 12:27] O:7721.50 H:7721.75 L:7720.75 C:7721.00 V:870.0
  📈 Trend: strong_bearish | 🌍 Regime: ranging
  🗺️  Grid: 0.100% | 🔺 7721.75 🔻 7720.75
  📡 RSI: 26.2 | MACD: -1.01 | ATR: 1.34
  📊 Filled: 1 | Pending: 0
  📍 LONG @ 7726.50 | SL: 7718.50 | TP: 7729.50 | P&L: $-2,750.00
  💰 Daily P&L: $+0.00

[2026-08-18 12:28] O:7721.00 H:7722.25 L:7720.75 C:7722.00 V:882.0
  📈 Trend: strong_bearish | 🌍 Regime: ranging
  🗺️  Grid: 0.100% | 🔺 7721.75 🔻 7720.75
  📡 RSI: 32.6 | MACD: -1.01 | ATR: 1.39
  📊 Filled: 1 | Pending: 0
  📍 LONG @ 7726.50 | SL: 7718.50 | TP: 7729.50 | P&L: $-2,250.00
  💰 Daily P&L: $+0.00

[2026-08-18 12:29] O:7722.00 H:7723.25 L:7721.25 C:7722.75 V:2714.0
  📈 Trend: strong_bearish | 🌍 Regime: ranging
  🗺️  Grid: 0.100% | 🔺 7722.25 🔻 7720.75
  📡 RSI: 41.9 | MACD: -0.94 | ATR: 1.39
  📊 Filled: 1 | Pending: 0
  📍 LONG @ 7726.50 | SL: 7718.50 | TP: 7729.50 | P&L: $-1,875.00
  💰 Daily P&L: $+0.00

[2026-08-18 12:30] O:7722.50 H:7723.25 L:7720.75 C:7721.00 V:2190.0
  📈 Trend: strong_bearish | 🌍 Regime: trending_bearish
  🗺️  Grid: 0.100% | 🔺 7723.25 🔻 7721.25
  📡 RSI: 37.5 | MACD: -1.02 | ATR: 1.48
  📊 Filled: 1 | Pending: 0
  📍 LONG @ 7726.50 | SL: 7718.50 | TP: 7729.50 | P&L: $-2,750.00
  💰 Daily P&L: $+0.00

[2026-08-18 12:31] O:7721.00 H:7723.25 L:7721.00 C:7722.75 V:1584.0
  📈 Trend: strong_bearish | 🌍 Regime: trending_bearish
  🗺️  Grid: 0.100% | 🔺 7723.25 🔻 7720.75
  📡 RSI: 45.5 | MACD: -0.92 | ATR: 1.59
  📊 Filled: 1 | Pending: 0
  📍 LONG @ 7726.50 | SL: 7718.50 | TP: 7729.50 | P&L: $-1,875.00
  💰 Daily P&L: $+0.00

[2026-08-18 12:32] O:7722.75 H:7723.75 L:7722.50 C:7723.00 V:967.0
  📈 Trend: strong_bearish (raw: moderate_bearish) | 🌍 Regime: trending_bearish
  🗺️  Grid: 0.100% | 🔺 7723.25 🔻 7721.00
  📡 RSI: 47.3 | MACD: -0.82 | ATR: 1.59
  📊 Filled: 1 | Pending: 0
  📍 LONG @ 7726.50 | SL: 7718.50 | TP: 7729.50 | P&L: $-1,750.00
  💰 Daily P&L: $+0.00

[2026-08-18 12:33] O:7722.75 H:7723.00 L:7721.75 C:7722.75 V:676.0
  📈 Trend: strong_bearish (raw: moderate_bearish) | 🌍 Regime: ranging
  🗺️  Grid: 0.100% | 🔺 7723.75 🔻 7722.50
  📡 RSI: 49.1 | MACD: -0.75 | ATR: 1.61
  📊 Filled: 1 | Pending: 0
  📍 LONG @ 7726.50 | SL: 7718.50 | TP: 7729.50 | P&L: $-1,875.00
  💰 Daily P&L: $+0.00

[2026-08-18 12:34] O:7722.75 H:7723.25 L:7722.00 C:7722.00 V:505.0
  📈 Trend: moderate_bearish | 🌍 Regime: ranging
  🗺️  Grid: 0.100% | 🔺 7723.00 🔻 7721.75
  📡 RSI: 44.4 | MACD: -0.74 | ATR: 1.57
  📊 Filled: 1 | Pending: 0
  📍 LONG @ 7726.50 | SL: 7718.50 | TP: 7729.50 | P&L: $-2,250.00
  💰 Daily P&L: $+0.00

[2026-08-18 12:35] O:7721.75 H:7722.00 L:7720.50 C:7722.00 V:828.0
  📈 Trend: moderate_bearish | 🌍 Regime: ranging
  🗺️  Grid: 0.100% | 🔺 7723.25 🔻 7722.00
  📡 RSI: 37.5 | MACD: -0.73 | ATR: 1.54
  📊 Filled: 1 | Pending: 0
  📍 LONG @ 7726.50 | SL: 7718.50 | TP: 7729.50 | P&L: $-2,250.00
  💰 Daily P&L: $+0.00

[2026-08-18 12:36] O:7722.00 H:7722.25 L:7720.00 C:7720.50 V:1223.0
  📈 Trend: moderate_bearish (raw: strong_bearish) | 🌍 Regime: ranging
  🗺️  Grid: 0.100% | 🔺 7722.00 🔻 7720.50
  📡 RSI: 36.7 | MACD: -0.83 | ATR: 1.57
  📊 Filled: 1 | Pending: 0
  📍 LONG @ 7726.50 | SL: 7718.50 | TP: 7729.50 | P&L: $-3,000.00
  💰 Daily P&L: $+0.00

[2026-08-18 12:37] O:7720.50 H:7721.00 L:7720.00 C:7721.00 V:1121.0
  📈 Trend: moderate_bearish (raw: strong_bearish) | 🌍 Regime: ranging
  🗺️  Grid: 0.100% | 🔺 7722.25 🔻 7720.00
  📡 RSI: 40.8 | MACD: -0.86 | ATR: 1.57
  📊 Filled: 1 | Pending: 0
  📍 LONG @ 7726.50 | SL: 7718.50 | TP: 7729.50 | P&L: $-2,750.00
  💰 Daily P&L: $+0.00

[2026-08-18 12:38] O:7721.00 H:7724.00 L:7720.75 C:7723.75 V:1413.0
  📈 Trend: moderate_bearish (raw: moderate_bullish) | 🌍 Regime: ranging
  🗺️  Grid: 0.100% | 🔺 7721.00 🔻 7720.00
  📡 RSI: 53.4 | MACD: -0.66 | ATR: 1.71
  📊 Filled: 1 | Pending: 0
  📍 LONG @ 7726.50 | SL: 7718.50 | TP: 7729.50 | P&L: $-1,375.00
  💰 Daily P&L: $+0.00

[2026-08-18 12:39] O:7723.50 H:7723.75 L:7722.00 C:7722.25 V:834.0
  📈 Trend: moderate_bearish | 🌍 Regime: ranging
  🗺️  Grid: 0.100% | 🔺 7724.00 🔻 7720.75
  📡 RSI: 54.4 | MACD: -0.61 | ATR: 1.70
  📊 Filled: 1 | Pending: 0
  📍 LONG @ 7726.50 | SL: 7718.50 | TP: 7729.50 | P&L: $-2,125.00
  💰 Daily P&L: $+0.00

[2026-08-18 12:40] O:7722.00 H:7723.00 L:7721.00 C:7721.50 V:1010.0
  📈 Trend: moderate_bearish | 🌍 Regime: ranging
  🗺️  Grid: 0.100% | 🔺 7723.75 🔻 7722.00
  📡 RSI: 49.1 | MACD: -0.63 | ATR: 1.77
  📊 Filled: 1 | Pending: 0
  📍 LONG @ 7726.50 | SL: 7718.50 | TP: 7729.50 | P&L: $-2,500.00
  💰 Daily P&L: $+0.00

[2026-08-18 12:41] O:7721.50 H:7721.50 L:7720.25 C:7721.25 V:818.0
  📈 Trend: moderate_bearish | 🌍 Regime: ranging
  🗺️  Grid: 0.100% | 🔺 7723.00 🔻 7721.00
  📡 RSI: 50.9 | MACD: -0.65 | ATR: 1.79
  📊 Filled: 1 | Pending: 0
  📍 LONG @ 7726.50 | SL: 7718.50 | TP: 7729.50 | P&L: $-2,625.00
  💰 Daily P&L: $+0.00

[2026-08-18 12:42] O:7721.25 H:7721.75 L:7720.75 C:7721.25 V:660.0
  📈 Trend: moderate_bearish | 🌍 Regime: ranging
  🗺️  Grid: 0.100% | 🔺 7721.50 🔻 7720.25
  📡 RSI: 47.1 | MACD: -0.66 | ATR: 1.75
  📊 Filled: 1 | Pending: 0
  📍 LONG @ 7726.50 | SL: 7718.50 | TP: 7729.50 | P&L: $-2,625.00
  💰 Daily P&L: $+0.00

[2026-08-18 12:43] O:7721.00 H:7722.00 L:7720.75 C:7720.75 V:721.0
  📈 Trend: moderate_bearish (raw: strong_bearish) | 🌍 Regime: ranging
  🗺️  Grid: 0.100% | 🔺 7721.75 🔻 7720.75
  📡 RSI: 42.0 | MACD: -0.70 | ATR: 1.70
  📊 Filled: 1 | Pending: 0
  📍 LONG @ 7726.50 | SL: 7718.50 | TP: 7729.50 | P&L: $-2,875.00
  💰 Daily P&L: $+0.00

[2026-08-18 12:44] O:7720.75 H:7721.50 L:7720.50 C:7720.75 V:682.0
  📈 Trend: moderate_bearish (raw: strong_bearish) | 🌍 Regime: ranging
  🗺️  Grid: 0.100% | 🔺 7722.00 🔻 7720.75
  📡 RSI: 48.8 | MACD: -0.73 | ATR: 1.59
  📊 Filled: 1 | Pending: 0
  📍 LONG @ 7726.50 | SL: 7718.50 | TP: 7729.50 | P&L: $-2,875.00
  💰 Daily P&L: $+0.00

[2026-08-18 12:45] O:7720.75 H:7722.00 L:7720.50 C:7720.75 V:923.0
  📈 Trend: strong_bearish | 🌍 Regime: ranging
  🗺️  Grid: 0.100% | 🔺 7721.50 🔻 7720.50
  📡 RSI: 38.9 | MACD: -0.74 | ATR: 1.54
  📊 Filled: 1 | Pending: 0
  📍 LONG @ 7726.50 | SL: 7718.50 | TP: 7729.50 | P&L: $-2,875.00
  💰 Daily P&L: $+0.00

[2026-08-18 12:46] O:7721.00 H:7721.50 L:7720.00 C:7720.00 V:851.0
  📈 Trend: strong_bearish | 🌍 Regime: ranging
  🗺️  Grid: 0.100% | 🔺 7722.00 🔻 7720.50
  📡 RSI: 34.2 | MACD: -0.80 | ATR: 1.55
  📊 Filled: 1 | Pending: 0
  📍 LONG @ 7726.50 | SL: 7718.50 | TP: 7729.50 | P&L: $-3,250.00
  💰 Daily P&L: $+0.00

[2026-08-18 12:47] O:7720.25 H:7720.50 L:7720.00 C:7720.25 V:765.0
  📈 Trend: strong_bearish | 🌍 Regime: ranging
  🗺️  Grid: 0.100% | 🔺 7721.50 🔻 7720.00
  📡 RSI: 36.8 | MACD: -0.82 | ATR: 1.50
  📊 Filled: 1 | Pending: 0
  📍 LONG @ 7726.50 | SL: 7718.50 | TP: 7729.50 | P&L: $-3,125.00
  💰 Daily P&L: $+0.00

[2026-08-18 12:48] O:7720.25 H:7720.50 L:7720.00 C:7720.50 V:496.0
  📈 Trend: strong_bearish | 🌍 Regime: ranging
  🗺️  Grid: 0.100% | 🔺 7720.50 🔻 7720.00
  📡 RSI: 41.7 | MACD: -0.80 | ATR: 1.45
  📊 Filled: 1 | Pending: 0
  📍 LONG @ 7726.50 | SL: 7718.50 | TP: 7729.50 | P&L: $-3,000.00
  💰 Daily P&L: $+0.00

[2026-08-18 12:49] O:7720.75 H:7721.00 L:7720.00 C:7720.00 V:780.0
  📈 Trend: strong_bearish | 🌍 Regime: ranging
  🗺️  Grid: 0.100% | 🔺 7720.50 🔻 7720.00
  📡 RSI: 39.5 | MACD: -0.82 | ATR: 1.41
  📊 Filled: 1 | Pending: 0
  📍 LONG @ 7726.50 | SL: 7718.50 | TP: 7729.50 | P&L: $-3,250.00
  💰 Daily P&L: $+0.00

[2026-08-18 12:50] O:7720.00 H:7720.50 L:7719.50 C:7720.00 V:1195.0
  📈 Trend: strong_bearish | 🌍 Regime: ranging
  🗺️  Grid: 0.100% | 🔺 7721.00 🔻 7720.00
  📡 RSI: 46.9 | MACD: -0.83 | ATR: 1.32
  📊 Filled: 1 | Pending: 0
  📍 LONG @ 7726.50 | SL: 7718.50 | TP: 7729.50 | P&L: $-3,250.00
  💰 Daily P&L: $+0.00

[2026-08-18 12:51] O:7720.25 H:7720.75 L:7719.75 C:7720.50 V:607.0
  📈 Trend: strong_bearish (raw: moderate_bearish) | 🌍 Regime: ranging
  🗺️  Grid: 0.100% | 🔺 7720.50 🔻 7719.50
  📡 RSI: 46.9 | MACD: -0.78 | ATR: 1.32
  📊 Filled: 1 | Pending: 0
  📍 LONG @ 7726.50 | SL: 7718.50 | TP: 7729.50 | P&L: $-3,000.00
  💰 Daily P&L: $+0.00

[2026-08-18 12:52] O:7720.75 H:7721.50 L:7720.00 C:7721.00 V:607.0
  📈 Trend: strong_bearish (raw: moderate_bearish) | 🌍 Regime: ranging
  🗺️  Grid: 0.100% | 🔺 7720.75 🔻 7719.75
  📡 RSI: 26.1 | MACD: -0.70 | ATR: 1.20
  📊 Filled: 1 | Pending: 0
  📍 LONG @ 7726.50 | SL: 7718.50 | TP: 7729.50 | P&L: $-2,750.00
  💰 Daily P&L: $+0.00

[2026-08-18 12:53] O:7721.00 H:7721.75 L:7720.50 C:7721.00 V:1029.0
  📈 Trend: moderate_bearish | 🌍 Regime: ranging
  🗺️  Grid: 0.100% | 🔺 7721.50 🔻 7720.00
  📡 RSI: 35.3 | MACD: -0.62 | ATR: 1.16
  📊 Filled: 1 | Pending: 0
  📍 LONG @ 7726.50 | SL: 7718.50 | TP: 7729.50 | P&L: $-2,750.00
  💰 Daily P&L: $+0.00

[2026-08-18 12:54] O:7721.00 H:7721.25 L:7720.25 C:7720.50 V:929.0
  📈 Trend: moderate_bearish | 🌍 Regime: ranging
  🗺️  Grid: 0.100% | 🔺 7721.75 🔻 7720.50
  📡 RSI: 37.5 | MACD: -0.60 | ATR: 1.09
  📊 Filled: 1 | Pending: 0
  📍 LONG @ 7726.50 | SL: 7718.50 | TP: 7729.50 | P&L: $-3,000.00
  💰 Daily P&L: $+0.00

[2026-08-18 12:55] O:7720.50 H:7720.50 L:7719.25 C:7720.00 V:1446.0
  📈 Trend: moderate_bearish (raw: strong_bearish) | 🌍 Regime: ranging
  🗺️  Grid: 0.100% | 🔺 7721.25 🔻 7720.25
  📡 RSI: 35.3 | MACD: -0.61 | ATR: 1.09
  📊 Filled: 1 | Pending: 0
  📍 LONG @ 7726.50 | SL: 7718.50 | TP: 7729.50 | P&L: $-3,250.00
  💰 Daily P&L: $+0.00

[2026-08-18 12:56] O:7719.75 H:7720.00 L:7718.75 C:7718.75 V:1254.0
  📈 Trend: moderate_bearish (raw: strong_bearish) | 🌍 Regime: ranging
  🗺️  Grid: 0.100% | 🔺 7720.50 🔻 7719.25
  📡 RSI: 27.3 | MACD: -0.71 | ATR: 1.11
  📊 Filled: 1 | Pending: 0
  📍 LONG @ 7726.50 | SL: 7718.50 | TP: 7729.50 | P&L: $-3,875.00
  💰 Daily P&L: $+0.00
  📋 Order 255 status: PreSubmitted
  📋 Order 255 status: PendingCancel
  ✅ Fill: SLD 10.0 @ 7718.5
  📋 Order 254 status: Filled
  📋 Order 255 status: Cancelled

[2026-08-18 12:57] O:7718.75 H:7719.50 L:7717.50 C:7717.75 V:1551.0
  📈 Trend: strong_bearish | 🌍 Regime: ranging
  🗺️  Grid: 0.100% | 🔺 7720.00 🔻 7718.75
  📡 RSI: 25.0 | MACD: -0.87 | ATR: 1.16
  📊 Filled: 1 | Pending: 0
  📍 LONG @ 7726.50 | SL: 7718.50 | TP: 7729.50 | P&L: $-4,375.00
  ❌ EXIT LONG @ 7718.50 | Stop Loss
     P&L: -8.00 pts ($-4,000.00) | Daily: $-4,000.00
  ⏸️ Cooldown: 2 bar(s) remaining after exit
  💰 Daily P&L: $-4,000.00

[2026-08-18 12:58] O:7717.75 H:7718.25 L:7717.50 C:7717.50 V:982.0
  📈 Trend: strong_bearish | 🌍 Regime: ranging
  🗺️  Grid: 0.100% | 🔺 7719.50 🔻 7717.50
  📡 RSI: 24.0 | MACD: -1.00 | ATR: 1.14
  📊 Filled: 0 | Pending: 0
  ⏸️ Cooldown: 1 bar(s) remaining after exit
  💰 Daily P&L: $-4,000.00

[2026-08-18 12:59] O:7717.50 H:7717.50 L:7715.75 C:7716.00 V:3047.0
  📈 Trend: strong_bearish | 🌍 Regime: ranging
  🗺️  Grid: 0.100% | 🔺 7718.25 🔻 7717.50
  📡 RSI: 19.4 | MACD: -1.21 | ATR: 1.16
  📊 Filled: 0 | Pending: 0
  💰 Daily P&L: $-4,000.00

[2026-08-18 13:00] O:7715.75 H:7716.50 L:7715.00 C:7716.25 V:3391.0
  📈 Trend: strong_bearish | 🌍 Regime: ranging
  🗺️  Grid: 0.100% | 🔺 7717.50 🔻 7715.75
  📡 RSI: 24.1 | MACD: -1.34 | ATR: 1.16
  📊 Filled: 0 | Pending: 0
  💰 Daily P&L: $-4,000.00

[2026-08-18 13:01] O:7716.00 H:7716.50 L:7715.25 C:7716.00 V:1666.0
  📈 Trend: strong_bearish | 🌍 Regime: ranging
  🗺️  Grid: 0.100% | 🔺 7716.50 🔻 7715.00
  📡 RSI: 20.7 | MACD: -1.44 | ATR: 1.21
  📊 Filled: 0 | Pending: 0
  💰 Daily P&L: $-4,000.00

[2026-08-18 13:02] O:7716.00 H:7717.25 L:7715.75 C:7715.75 V:1784.0
  📈 Trend: strong_bearish | 🌍 Regime: ranging
  🗺️  Grid: 0.100% | 🔺 7716.50 🔻 7715.25
  📡 RSI: 17.2 | MACD: -1.53 | ATR: 1.29
  📊 Filled: 0 | Pending: 0
  💰 Daily P&L: $-4,000.00

[2026-08-18 13:03] O:7715.75 H:7716.50 L:7715.50 C:7715.75 V:1449.0
  📈 Trend: strong_bearish | 🌍 Regime: ranging
  🗺️  Grid: 0.100% | 🔺 7717.25 🔻 7715.75
  📡 RSI: 18.5 | MACD: -1.58 | ATR: 1.29
  📊 Filled: 0 | Pending: 0
  💰 Daily P&L: $-4,000.00

[2026-08-18 13:04] O:7715.75 H:7716.75 L:7715.75 C:7716.25 V:1034.0
  📈 Trend: strong_bearish | 🌍 Regime: ranging
  🗺️  Grid: 0.100% | 🔺 7716.50 🔻 7715.50
  📡 RSI: 24.1 | MACD: -1.56 | ATR: 1.29
  📊 Filled: 0 | Pending: 0
  💰 Daily P&L: $-4,000.00

[2026-08-18 13:05] O:7716.50 H:7717.75 L:7715.25 C:7715.50 V:1917.0
  📈 Trend: strong_bearish | 🌍 Regime: ranging
  🗺️  Grid: 0.100% | 🔺 7716.75 🔻 7715.75
  📡 RSI: 16.7 | MACD: -1.59 | ATR: 1.39
  📊 Filled: 0 | Pending: 0
  💰 Daily P&L: $-4,000.00

[2026-08-18 13:06] O:7715.50 H:7716.25 L:7715.00 C:7715.75 V:1425.0
  📈 Trend: strong_bearish | 🌍 Regime: ranging
  🗺️  Grid: 0.100% | 🔺 7717.75 🔻 7715.25
  📡 RSI: 13.8 | MACD: -1.58 | ATR: 1.38
  📊 Filled: 0 | Pending: 0
  💰 Daily P&L: $-4,000.00

[2026-08-18 13:07] O:7715.75 H:7716.25 L:7715.00 C:7716.25 V:1108.0
  📈 Trend: strong_bearish | 🌍 Regime: ranging
  🗺️  Grid: 0.100% | 🔺 7716.25 🔻 7715.00
  📡 RSI: 19.4 | MACD: -1.51 | ATR: 1.38
  📊 Filled: 0 | Pending: 0
  💰 Daily P&L: $-4,000.00

[2026-08-18 13:08] O:7716.25 H:7716.50 L:7715.50 C:7715.75 V:998.0
  📈 Trend: strong_bearish | 🌍 Regime: ranging
  🗺️  Grid: 0.100% | 🔺 7716.25 🔻 7715.00
  📡 RSI: 19.4 | MACD: -1.47 | ATR: 1.38
  📊 Filled: 0 | Pending: 0
  💰 Daily P&L: $-4,000.00

[2026-08-18 13:09] O:7715.75 H:7715.75 L:7714.25 C:7715.00 V:1305.0
  📈 Trend: strong_bearish | 🌍 Regime: ranging
  🗺️  Grid: 0.100% | 🔺 7716.50 🔻 7715.50
  📡 RSI: 18.8 | MACD: -1.49 | ATR: 1.39
  📊 Filled: 0 | Pending: 0
  💰 Daily P&L: $-4,000.00

[2026-08-18 13:10] O:7715.00 H:7715.25 L:7714.50 C:7715.00 V:1696.0
  📈 Trend: strong_bearish | 🌍 Regime: ranging
  🗺️  Grid: 0.100% | 🔺 7715.75 🔻 7714.25
  📡 RSI: 22.2 | MACD: -1.49 | ATR: 1.36
  📊 Filled: 0 | Pending: 0
  💰 Daily P&L: $-4,000.00

[2026-08-18 13:11] O:7714.75 H:7716.25 L:7714.50 C:7715.75 V:1127.0
  📈 Trend: strong_bearish | 🌍 Regime: trending_bearish
  🗺️  Grid: 0.100% | 🔺 7715.25 🔻 7714.50
  📡 RSI: 34.6 | MACD: -1.41 | ATR: 1.34
  📊 Filled: 0 | Pending: 0
  💰 Daily P&L: $-4,000.00

[2026-08-18 13:12] O:7715.75 H:7716.75 L:7715.00 C:7716.75 V:808.0
  📈 Trend: strong_bearish | 🌍 Regime: trending_bearish
  🗺️  Grid: 0.100% | 🔺 7716.25 🔻 7714.50
  📡 RSI: 44.8 | MACD: -1.25 | ATR: 1.41
  📊 Filled: 0 | Pending: 0
  💰 Daily P&L: $-4,000.00

[2026-08-18 13:13] O:7716.50 H:7720.50 L:7716.50 C:7719.75 V:3252.0
  📈 Trend: strong_bearish | 🌍 Regime: trending_bearish
  🗺️  Grid: 0.100% | 🔺 7716.75 🔻 7715.00
  📡 RSI: 71.4 | MACD: -0.87 | ATR: 1.57
  📊 Filled: 0 | Pending: 0
  💰 Daily P&L: $-4,000.00

[2026-08-18 13:14] O:7719.75 H:7721.25 L:7719.75 C:7720.75 V:1781.0
  📈 Trend: strong_bearish (raw: moderate_bearish) | 🌍 Regime: trending_bearish
  🗺️  Grid: 0.100% | 🔺 7720.50 🔻 7716.50
  📡 RSI: 73.7 | MACD: -0.49 | ATR: 1.57
  📊 Filled: 0 | Pending: 0
  💰 Daily P&L: $-4,000.00

[2026-08-18 13:15] O:7720.75 H:7722.25 L:7720.25 C:7721.50 V:1861.0
  📈 Trend: strong_bearish (raw: moderate_bearish) | 🌍 Regime: trending_bearish
  🗺️  Grid: 0.100% | 🔺 7721.25 🔻 7719.75
  📡 RSI: 77.5 | MACD: -0.12 | ATR: 1.62
  📊 Filled: 0 | Pending: 0
  💰 Daily P&L: $-4,000.00

[2026-08-18 13:16] O:7721.50 H:7721.75 L:7720.75 C:7721.00 V:1106.0
  📈 Trend: strong_bearish (raw: moderate_bullish) | 🌍 Regime: trending_bullish
  🗺️  Grid: 0.100% | 🔺 7722.25 🔻 7720.25
  📡 RSI: 75.6 | MACD: 0.13 | ATR: 1.59
  📊 Filled: 0 | Pending: 0
  🔴 Pullback SHORT | RSI 77.5→75.6 turning down in strong_bearish
  📤 Limit SELL 10 @ 7719.50 submitted (ID: 256)
  📋 Order 256 status: PreSubmitted
  ✅ Fill: SLD 10.0 @ 7721.0
  📋 Order 256 status: Filled
  ⬇️ SHORT ORDER @ 7719.50 | Size: 1.00 | SL: 7722.00 | TP: 7716.25 [10cts]
     Reason: Grid Short (strong_bearish, RSI: 75.6)
  🔬 SHADOW [short trending]: 🟥 ROBUST WOULD BLOCK (1 filter)
       MACD=BLOCK (+0.13 vs -0.12, Δ+0.25) | 5m=PASS (1m=strong_bearish, 5m=sideways)
     ⏳ Order 256 PENDING - awaiting fill confirmation
  💰 Daily P&L: $-4,000.00
  📤 Stop-Limit BUY 10 @ stop:7729.00 / lmt:7733.00 submitted (ID: 257) [OCA:exit_256_1787077086]
  📋 Order 257 status: PreSubmitted
  📤 Limit BUY 10 @ 7717.75 submitted (ID: 258) [OCA:exit_256_1787077086]
  📋 Order 258 status: PreSubmitted
  ✅ FILL CONFIRMED: SHORT @ 7721.00 (order 256)
     📊 Bracket placed: SL #257 @ 7729.00 | TP #258 @ 7717.75
     Trail activates @ +7.5 pts

[2026-08-18 13:17] O:7721.00 H:7722.25 L:7721.00 C:7722.25 V:1001.0
  📈 Trend: strong_bearish (raw: moderate_bullish) | 🌍 Regime: ranging
  🗺️  Grid: 0.100% | 🔺 7721.75 🔻 7720.75
  📡 RSI: 78.3 | MACD: 0.42 | ATR: 1.61
  📊 Filled: 1 | Pending: 0
  📍 SHORT @ 7721.00 | SL: 7729.00 | TP: 7717.75 | P&L: $-625.00
  💰 Daily P&L: $-4,000.00
  📋 Order 258 status: Submitted

[2026-08-18 13:18] O:7722.00 H:7724.00 L:7721.75 C:7723.00 V:1663.0
  📈 Trend: moderate_bullish | 🌍 Regime: ranging
  🗺️  Grid: 0.100% | 🔺 7722.25 🔻 7721.00
  📡 RSI: 78.7 | MACD: 0.71 | ATR: 1.70
  📊 Filled: 1 | Pending: 0
  📍 SHORT @ 7721.00 | SL: 7729.00 | TP: 7717.75 | P&L: $-1,000.00
  💰 Daily P&L: $-4,000.00

[2026-08-18 13:19] O:7723.00 H:7725.25 L:7722.75 C:7723.75 V:3039.0
  📈 Trend: moderate_bullish | 🌍 Regime: ranging
  🗺️  Grid: 0.100% | 🔺 7724.00 🔻 7721.75
  📡 RSI: 85.1 | MACD: 0.98 | ATR: 1.70
  📊 Filled: 1 | Pending: 0
  📍 SHORT @ 7721.00 | SL: 7729.00 | TP: 7717.75 | P&L: $-1,375.00
  💰 Daily P&L: $-4,000.00

[2026-08-18 13:20] O:7724.00 H:7724.00 L:7722.50 C:7723.25 V:2524.0
  📈 Trend: moderate_bullish | 🌍 Regime: ranging
  🗺️  Grid: 0.100% | 🔺 7725.25 🔻 7722.75
  📡 RSI: 81.2 | MACD: 1.15 | ATR: 1.71
  📊 Filled: 1 | Pending: 0
  📍 SHORT @ 7721.00 | SL: 7729.00 | TP: 7717.75 | P&L: $-1,125.00
  💰 Daily P&L: $-4,000.00

[2026-08-18 13:21] O:7723.25 H:7725.00 L:7722.50 C:7724.75 V:1876.0
  📈 Trend: moderate_bullish | 🌍 Regime: ranging
  🗺️  Grid: 0.100% | 🔺 7724.00 🔻 7722.50
  📡 RSI: 82.7 | MACD: 1.38 | ATR: 1.80
  📊 Filled: 1 | Pending: 0
  📍 SHORT @ 7721.00 | SL: 7729.00 | TP: 7717.75 | P&L: $-1,875.00
  💰 Daily P&L: $-4,000.00

[2026-08-18 13:22] O:7724.75 H:7726.00 L:7723.25 C:7723.50 V:3218.0
  📈 Trend: moderate_bullish | 🌍 Regime: ranging
  🗺️  Grid: 0.100% | 🔺 7725.00 🔻 7722.50
  📡 RSI: 78.2 | MACD: 1.45 | ATR: 1.93
  📊 Filled: 1 | Pending: 0
  📍 SHORT @ 7721.00 | SL: 7729.00 | TP: 7717.75 | P&L: $-1,250.00
  💰 Daily P&L: $-4,000.00

[2026-08-18 13:23] O:7723.25 H:7723.75 L:7722.00 C:7722.50 V:2670.0
  📈 Trend: moderate_bullish | 🌍 Regime: ranging
  🗺️  Grid: 0.100% | 🔺 7726.00 🔻 7723.25
  📡 RSI: 76.8 | MACD: 1.41 | ATR: 1.95
  📊 Filled: 1 | Pending: 0
  📍 SHORT @ 7721.00 | SL: 7729.00 | TP: 7717.75 | P&L: $-750.00
  💰 Daily P&L: $-4,000.00

[2026-08-18 13:24] O:7722.50 H:7723.00 L:7722.00 C:7722.75 V:956.0
  📈 Trend: moderate_bullish (raw: strong_bullish) | 🌍 Regime: ranging
  🗺️  Grid: 0.100% | 🔺 7723.75 🔻 7722.00
  📡 RSI: 77.2 | MACD: 1.38 | ATR: 1.96
  📊 Filled: 1 | Pending: 0
  📍 SHORT @ 7721.00 | SL: 7729.00 | TP: 7717.75 | P&L: $-875.00
  💰 Daily P&L: $-4,000.00

[2026-08-18 13:25] O:7722.75 H:7723.00 L:7721.25 C:7721.25 V:1119.0
  📈 Trend: moderate_bullish (raw: strong_bullish) | 🌍 Regime: ranging
  🗺️  Grid: 0.100% | 🔺 7723.00 🔻 7722.00
  📡 RSI: 68.3 | MACD: 1.22 | ATR: 1.96
  📊 Filled: 1 | Pending: 0
  📍 SHORT @ 7721.00 | SL: 7729.00 | TP: 7717.75 | P&L: $-125.00
  💰 Daily P&L: $-4,000.00

[2026-08-18 13:26] O:7721.50 H:7723.00 L:7721.00 C:7722.75 V:951.0
  📈 Trend: strong_bullish | 🌍 Regime: ranging
  🗺️  Grid: 0.100% | 🔺 7723.00 🔻 7721.25
  📡 RSI: 69.4 | MACD: 1.20 | ATR: 1.98
  📊 Filled: 1 | Pending: 0
  📍 SHORT @ 7721.00 | SL: 7729.00 | TP: 7717.75 | P&L: $-875.00
  💰 Daily P&L: $-4,000.00

[2026-08-18 13:27] O:7722.50 H:7723.00 L:7721.75 C:7722.75 V:853.0
  📈 Trend: strong_bullish | 🌍 Regime: ranging
  🗺️  Grid: 0.100% | 🔺 7723.00 🔻 7721.00
  📡 RSI: 62.0 | MACD: 1.18 | ATR: 1.79
  📊 Filled: 1 | Pending: 0
  📍 SHORT @ 7721.00 | SL: 7729.00 | TP: 7717.75 | P&L: $-875.00
  💰 Daily P&L: $-4,000.00

[2026-08-18 13:28] O:7722.75 H:7723.75 L:7722.50 C:7723.50 V:964.0
  📈 Trend: strong_bullish | 🌍 Regime: ranging
  🗺️  Grid: 0.100% | 🔺 7723.00 🔻 7721.75
  📡 RSI: 61.2 | MACD: 1.20 | ATR: 1.77
  📊 Filled: 1 | Pending: 0
  📍 SHORT @ 7721.00 | SL: 7729.00 | TP: 7717.75 | P&L: $-1,250.00
  💰 Daily P&L: $-4,000.00

[2026-08-18 13:29] O:7723.50 H:7724.25 L:7723.25 C:7723.75 V:1085.0
  📈 Trend: strong_bullish | 🌍 Regime: ranging
  🗺️  Grid: 0.100% | 🔺 7723.75 🔻 7722.50
  📡 RSI: 59.6 | MACD: 1.23 | ATR: 1.70
  📊 Filled: 1 | Pending: 0
  📍 SHORT @ 7721.00 | SL: 7729.00 | TP: 7717.75 | P&L: $-1,375.00
  💰 Daily P&L: $-4,000.00

[2026-08-18 13:30] O:7723.50 H:7724.25 L:7723.00 C:7723.50 V:1233.0
  📈 Trend: strong_bullish | 🌍 Regime: ranging
  🗺️  Grid: 0.100% | 🔺 7724.25 🔻 7723.25
  📡 RSI: 60.9 | MACD: 1.21 | ATR: 1.71
  📊 Filled: 1 | Pending: 0
  📍 SHORT @ 7721.00 | SL: 7729.00 | TP: 7717.75 | P&L: $-1,250.00
  💰 Daily P&L: $-4,000.00

[2026-08-18 13:31] O:7723.25 H:7724.00 L:7723.25 C:7723.75 V:1288.0
  📈 Trend: strong_bullish | 🌍 Regime: ranging
  🗺️  Grid: 0.100% | 🔺 7724.25 🔻 7723.00
  📡 RSI: 57.1 | MACD: 1.21 | ATR: 1.68
  📊 Filled: 1 | Pending: 0
  📍 SHORT @ 7721.00 | SL: 7729.00 | TP: 7717.75 | P&L: $-1,375.00
  💰 Daily P&L: $-4,000.00

[2026-08-18 13:32] O:7723.75 H:7723.75 L:7722.25 C:7722.25 V:1260.0
  📈 Trend: strong_bullish (raw: moderate_bullish) | 🌍 Regime: ranging
  🗺️  Grid: 0.100% | 🔺 7724.00 🔻 7723.25
  📡 RSI: 46.7 | MACD: 1.07 | ATR: 1.62
  📊 Filled: 1 | Pending: 0
  📍 SHORT @ 7721.00 | SL: 7729.00 | TP: 7717.75 | P&L: $-625.00
  💰 Daily P&L: $-4,000.00

[2026-08-18 13:33] O:7722.25 H:7722.75 L:7722.00 C:7722.00 V:591.0
  📈 Trend: strong_bullish (raw: moderate_bullish) | 🌍 Regime: ranging
  🗺️  Grid: 0.100% | 🔺 7723.75 🔻 7722.25
  📡 RSI: 41.9 | MACD: 0.93 | ATR: 1.50
  📊 Filled: 1 | Pending: 0
  📍 SHORT @ 7721.00 | SL: 7729.00 | TP: 7717.75 | P&L: $-500.00
  💰 Daily P&L: $-4,000.00

[2026-08-18 13:34] O:7722.00 H:7723.50 L:7721.50 C:7723.50 V:689.0
  📈 Trend: moderate_bullish | 🌍 Regime: ranging
  🗺️  Grid: 0.100% | 🔺 7722.75 🔻 7722.00
  📡 RSI: 51.1 | MACD: 0.93 | ATR: 1.54
  📊 Filled: 1 | Pending: 0
  📍 SHORT @ 7721.00 | SL: 7729.00 | TP: 7717.75 | P&L: $-1,250.00
  💰 Daily P&L: $-4,000.00

[2026-08-18 13:35] O:7723.50 H:7724.25 L:7723.25 C:7723.75 V:1359.0
  📈 Trend: moderate_bullish | 🌍 Regime: ranging
  🗺️  Grid: 0.100% | 🔺 7723.50 🔻 7721.50
  📡 RSI: 45.2 | MACD: 0.94 | ATR: 1.43
  📊 Filled: 1 | Pending: 0
  📍 SHORT @ 7721.00 | SL: 7729.00 | TP: 7717.75 | P&L: $-1,375.00
  💰 Daily P&L: $-4,000.00

[2026-08-18 13:36] O:7723.75 H:7724.00 L:7723.25 C:7723.50 V:740.0
  📈 Trend: moderate_bullish | 🌍 Regime: ranging
  🗺️  Grid: 0.100% | 🔺 7724.25 🔻 7723.25
  📡 RSI: 50.0 | MACD: 0.91 | ATR: 1.29
  📊 Filled: 1 | Pending: 0
  📍 SHORT @ 7721.00 | SL: 7729.00 | TP: 7717.75 | P&L: $-1,250.00
  💰 Daily P&L: $-4,000.00

[2026-08-18 13:37] O:7723.50 H:7724.50 L:7723.25 C:7724.25 V:1114.0
  📈 Trend: moderate_bullish | 🌍 Regime: ranging
  🗺️  Grid: 0.100% | 🔺 7724.00 🔻 7723.25
  📡 RSI: 59.5 | MACD: 0.95 | ATR: 1.25
  📊 Filled: 1 | Pending: 0
  📍 SHORT @ 7721.00 | SL: 7729.00 | TP: 7717.75 | P&L: $-1,625.00
  💰 Daily P&L: $-4,000.00

[2026-08-18 13:38] O:7724.25 H:7724.50 L:7723.75 C:7724.25 V:377.0
  📈 Trend: moderate_bullish | 🌍 Regime: ranging
  🗺️  Grid: 0.100% | 🔺 7724.50 🔻 7723.25
  📡 RSI: 58.3 | MACD: 0.96 | ATR: 1.23
  📊 Filled: 1 | Pending: 0
  📍 SHORT @ 7721.00 | SL: 7729.00 | TP: 7717.75 | P&L: $-1,625.00
  💰 Daily P&L: $-4,000.00

[2026-08-18 13:39] O:7724.25 H:7724.25 L:7723.25 C:7723.50 V:717.0
  📈 Trend: moderate_bullish | 🌍 Regime: ranging
  🗺️  Grid: 0.100% | 🔺 7724.50 🔻 7723.75
  📡 RSI: 63.6 | MACD: 0.90 | ATR: 1.18
  📊 Filled: 1 | Pending: 0
  📍 SHORT @ 7721.00 | SL: 7729.00 | TP: 7717.75 | P&L: $-1,250.00
  💰 Daily P&L: $-4,000.00

[2026-08-18 13:40] O:7723.25 H:7723.75 L:7722.25 C:7722.25 V:978.0
  📈 Trend: moderate_bullish (raw: moderate_bearish) | 🌍 Regime: ranging
  🗺️  Grid: 0.100% | 🔺 7724.25 🔻 7723.25
  📡 RSI: 46.9 | MACD: 0.74 | ATR: 1.14
  📊 Filled: 1 | Pending: 0
  📍 SHORT @ 7721.00 | SL: 7729.00 | TP: 7717.75 | P&L: $-625.00
  💰 Daily P&L: $-4,000.00

[2026-08-18 13:41] O:7722.25 H:7722.50 L:7721.50 C:7721.50 V:1883.0
  📈 Trend: moderate_bullish (raw: moderate_bearish) | 🌍 Regime: ranging
  🗺️  Grid: 0.100% | 🔺 7723.75 🔻 7722.25
  📡 RSI: 42.9 | MACD: 0.55 | ATR: 1.12
  📊 Filled: 1 | Pending: 0
  📍 SHORT @ 7721.00 | SL: 7729.00 | TP: 7717.75 | P&L: $-250.00
  💰 Daily P&L: $-4,000.00

[2026-08-18 13:42] O:7721.75 H:7722.75 L:7721.75 C:7722.00 V:1072.0
  📈 Trend: moderate_bearish | 🌍 Regime: ranging
  🗺️  Grid: 0.100% | 🔺 7722.50 🔻 7721.50
  📡 RSI: 41.2 | MACD: 0.43 | ATR: 1.12
  📊 Filled: 1 | Pending: 0
  📍 SHORT @ 7721.00 | SL: 7729.00 | TP: 7717.75 | P&L: $-500.00
  💰 Daily P&L: $-4,000.00

[2026-08-18 13:43] O:7722.00 H:7723.75 L:7722.00 C:7722.25 V:1453.0
  📈 Trend: moderate_bearish | 🌍 Regime: ranging
  🗺️  Grid: 0.100% | 🔺 7722.75 🔻 7721.75
  📡 RSI: 41.2 | MACD: 0.36 | ATR: 1.18
  📊 Filled: 1 | Pending: 0
  📍 SHORT @ 7721.00 | SL: 7729.00 | TP: 7717.75 | P&L: $-625.00
  💰 Daily P&L: $-4,000.00

[2026-08-18 13:44] O:7722.25 H:7722.50 L:7721.00 C:7721.25 V:1303.0
  📈 Trend: moderate_bearish | 🌍 Regime: ranging
  🗺️  Grid: 0.100% | 🔺 7723.75 🔻 7722.00
  📡 RSI: 37.8 | MACD: 0.21 | ATR: 1.20
  📊 Filled: 1 | Pending: 0
  📍 SHORT @ 7721.00 | SL: 7729.00 | TP: 7717.75 | P&L: $-125.00
  💰 Daily P&L: $-4,000.00

[2026-08-18 13:45] O:7721.25 H:7721.75 L:7720.75 C:7721.25 V:1257.0
  📈 Trend: moderate_bearish | 🌍 Regime: ranging
  🗺️  Grid: 0.100% | 🔺 7722.50 🔻 7721.00
  📡 RSI: 36.1 | MACD: 0.10 | ATR: 1.21
  📊 Filled: 1 | Pending: 0
  📍 SHORT @ 7721.00 | SL: 7729.00 | TP: 7717.75 | P&L: $-125.00
  💰 Daily P&L: $-4,000.00

[2026-08-18 13:46] O:7721.50 H:7722.00 L:7720.75 C:7721.00 V:1013.0
  📈 Trend: moderate_bearish (raw: strong_bearish) | 🌍 Regime: ranging
  🗺️  Grid: 0.100% | 🔺 7721.75 🔻 7720.75
  📡 RSI: 41.9 | MACD: -0.01 | ATR: 1.20
  📊 Filled: 1 | Pending: 0
  📍 SHORT @ 7721.00 | SL: 7729.00 | TP: 7717.75 | P&L: $+0.00
  💰 Daily P&L: $-4,000.00

[2026-08-18 13:47] O:7721.25 H:7722.25 L:7720.50 C:7722.25 V:1163.0
  📈 Trend: moderate_bearish | 🌍 Regime: ranging
  🗺️  Grid: 0.100% | 🔺 7722.00 🔻 7720.75
  📡 RSI: 51.4 | MACD: 0.00 | ATR: 1.27
  📊 Filled: 1 | Pending: 0
  📍 SHORT @ 7721.00 | SL: 7729.00 | TP: 7717.75 | P&L: $-625.00
  💰 Daily P&L: $-4,000.00

[2026-08-18 13:48] O:7722.25 H:7722.25 L:7720.75 C:7721.00 V:1135.0
  📈 Trend: moderate_bearish (raw: strong_bearish) | 🌍 Regime: ranging
  🗺️  Grid: 0.100% | 🔺 7722.25 🔻 7720.50
  📡 RSI: 35.3 | MACD: -0.09 | ATR: 1.23
  📊 Filled: 1 | Pending: 0
  📍 SHORT @ 7721.00 | SL: 7729.00 | TP: 7717.75 | P&L: $+0.00
  💰 Daily P&L: $-4,000.00

[2026-08-18 13:49] O:7721.00 H:7721.25 L:7720.50 C:7720.75 V:1427.0
  📈 Trend: moderate_bearish (raw: strong_bearish) | 🌍 Regime: ranging
  🗺️  Grid: 0.100% | 🔺 7722.25 🔻 7720.75
  📡 RSI: 32.4 | MACD: -0.18 | ATR: 1.21
  📊 Filled: 1 | Pending: 0
  📍 SHORT @ 7721.00 | SL: 7729.00 | TP: 7717.75 | P&L: $+125.00
  💰 Daily P&L: $-4,000.00

[2026-08-18 13:50] O:7720.75 H:7721.25 L:7720.00 C:7720.25 V:859.0
  📈 Trend: strong_bearish | 🌍 Regime: ranging
  🗺️  Grid: 0.100% | 🔺 7721.25 🔻 7720.50
  📡 RSI: 31.4 | MACD: -0.29 | ATR: 1.25
  📊 Filled: 1 | Pending: 0
  📍 SHORT @ 7721.00 | SL: 7729.00 | TP: 7717.75 | P&L: $+375.00
  💰 Daily P&L: $-4,000.00

[2026-08-18 13:51] O:7720.00 H:7720.50 L:7719.75 C:7719.75 V:901.0
  📈 Trend: strong_bearish | 🌍 Regime: ranging
  🗺️  Grid: 0.100% | 🔺 7721.25 🔻 7720.00
  📡 RSI: 23.5 | MACD: -0.41 | ATR: 1.21
  📊 Filled: 1 | Pending: 0
  📍 SHORT @ 7721.00 | SL: 7729.00 | TP: 7717.75 | P&L: $+625.00
  💰 Daily P&L: $-4,000.00

[2026-08-18 13:52] O:7720.00 H:7720.00 L:7718.75 C:7718.75 V:1017.0
  📈 Trend: strong_bearish | 🌍 Regime: ranging
  🗺️  Grid: 0.100% | 🔺 7720.50 🔻 7719.75
  📡 RSI: 21.1 | MACD: -0.58 | ATR: 1.25
  📊 Filled: 1 | Pending: 0
  📍 SHORT @ 7721.00 | SL: 7729.00 | TP: 7717.75 | P&L: $+1,125.00
  💰 Daily P&L: $-4,000.00

[2026-08-18 13:53] O:7718.75 H:7719.75 L:7718.75 C:7719.00 V:1037.0
  📈 Trend: strong_bearish | 🌍 Regime: ranging
  🗺️  Grid: 0.100% | 🔺 7720.00 🔻 7718.75
  📡 RSI: 25.0 | MACD: -0.68 | ATR: 1.25
  📊 Filled: 1 | Pending: 0
  📍 SHORT @ 7721.00 | SL: 7729.00 | TP: 7717.75 | P&L: $+1,000.00
  💰 Daily P&L: $-4,000.00

[2026-08-18 13:54] O:7719.00 H:7719.50 L:7718.00 C:7718.00 V:1191.0
  📈 Trend: strong_bearish | 🌍 Regime: ranging
  🗺️  Grid: 0.100% | 🔺 7719.75 🔻 7718.75
  📡 RSI: 25.7 | MACD: -0.84 | ATR: 1.25
  📊 Filled: 1 | Pending: 0
  📍 SHORT @ 7721.00 | SL: 7729.00 | TP: 7717.75 | P&L: $+1,500.00
  💰 Daily P&L: $-4,000.00
  📋 Order 257 status: Cancelled
  ✅ Fill: BOT 4.0 @ 7717.75
  📋 Order 258 status: Submitted
  ✅ Fill: BOT 6.0 @ 7717.75
  📋 Order 258 status: Filled

[2026-08-18 13:55] O:7718.00 H:7718.50 L:7717.25 C:7718.00 V:2667.0
  📈 Trend: strong_bearish | 🌍 Regime: ranging
  🗺️  Grid: 0.100% | 🔺 7719.50 🔻 7718.00
  📡 RSI: 28.1 | MACD: -0.95 | ATR: 1.27
  📊 Filled: 1 | Pending: 0
  📍 SHORT @ 7721.00 | SL: 7729.00 | TP: 7717.75 | P&L: $+1,500.00
  ✅ EXIT SHORT @ 7717.75 | Take Profit
     P&L: +3.25 pts ($+1,625.00) | Daily: $-2,375.00
  ⏸️ Cooldown: 2 bar(s) remaining after exit
  💰 Daily P&L: $-2,375.00

[2026-08-18 13:56] O:7718.25 H:7719.25 L:7717.75 C:7718.00 V:1308.0
  📈 Trend: strong_bearish | 🌍 Regime: ranging
  🗺️  Grid: 0.100% | 🔺 7718.50 🔻 7717.25
  📡 RSI: 23.3 | MACD: -1.03 | ATR: 1.29
  📊 Filled: 0 | Pending: 0
  ⏸️ Cooldown: 1 bar(s) remaining after exit
  💰 Daily P&L: $-2,375.00

[2026-08-18 13:57] O:7718.00 H:7718.25 L:7717.50 C:7718.00 V:1385.0
  📈 Trend: strong_bearish | 🌍 Regime: ranging
  🗺️  Grid: 0.100% | 🔺 7719.25 🔻 7717.75
  📡 RSI: 20.7 | MACD: -1.08 | ATR: 1.21
  📊 Filled: 0 | Pending: 0
  🔴 Pullback SHORT | RSI 75.6→20.7 turning down in strong_bearish
  📤 Limit SELL 10 @ 7716.50 submitted (ID: 259)
  📋 Order 259 status: PreSubmitted
  ✅ Fill: SLD 10.0 @ 7717.75
  📋 Order 259 status: Filled
  ⬇️ SHORT ORDER @ 7716.50 | Size: 1.00 | SL: 7718.25 | TP: 7714.00 [10cts]
     Reason: Grid Short (strong_bearish, RSI: 20.7)
  🔬 SHADOW [short trending]: 🟩 ROBUST WOULD ALLOW
       MACD=PASS (-1.08 vs -1.03, Δ-0.05) | 5m=PASS (1m=strong_bearish, 5m=sideways)
     ⏳ Order 259 PENDING - awaiting fill confirmation
  💰 Daily P&L: $-2,375.00
  📤 Stop-Limit BUY 10 @ stop:7725.75 / lmt:7729.75 submitted (ID: 260) [OCA:exit_259_1787079546]
  📋 Order 260 status: PreSubmitted
  📤 Limit BUY 10 @ 7715.25 submitted (ID: 261) [OCA:exit_259_1787079546]
  📋 Order 261 status: PreSubmitted
  ✅ FILL CONFIRMED: SHORT @ 7717.75 (order 259)
     📊 Bracket placed: SL #260 @ 7725.75 | TP #261 @ 7715.25
     Trail activates @ +7.5 pts

[2026-08-18 13:58] O:7718.00 H:7718.25 L:7717.25 C:7717.75 V:1905.0
  📈 Trend: strong_bearish | 🌍 Regime: ranging
  🗺️  Grid: 0.100% | 🔺 7718.25 🔻 7717.50
  📡 RSI: 23.1 | MACD: -1.12 | ATR: 1.18
  📊 Filled: 1 | Pending: 0
  📍 SHORT @ 7717.75 | SL: 7725.75 | TP: 7715.25 | P&L: $+0.00
  💰 Daily P&L: $-2,375.00
  📋 Order 261 status: Submitted

[2026-08-18 13:59] O:7717.50 H:7717.75 L:7716.75 C:7717.00 V:3331.0
  📈 Trend: strong_bearish | 🌍 Regime: ranging
  🗺️  Grid: 0.100% | 🔺 7718.25 🔻 7717.25
  📡 RSI: 20.7 | MACD: -1.21 | ATR: 1.18
  📊 Filled: 1 | Pending: 0
  📍 SHORT @ 7717.75 | SL: 7725.75 | TP: 7715.25 | P&L: $+375.00
  💰 Daily P&L: $-2,375.00

[2026-08-18 14:00] O:7717.00 H:7718.50 L:7716.25 C:7717.50 V:2520.0
  📈 Trend: strong_bearish | 🌍 Regime: ranging
  🗺️  Grid: 0.100% | 🔺 7717.75 🔻 7716.75
  📡 RSI: 26.7 | MACD: -1.22 | ATR: 1.25
  📊 Filled: 1 | Pending: 0
  📍 SHORT @ 7717.75 | SL: 7725.75 | TP: 7715.25 | P&L: $+125.00
  💰 Daily P&L: $-2,375.00

[2026-08-18 14:01] O:7717.50 H:7718.00 L:7717.00 C:7718.00 V:1448.0
  📈 Trend: strong_bearish | 🌍 Regime: ranging
  🗺️  Grid: 0.100% | 🔺 7718.50 🔻 7716.25
  📡 RSI: 18.5 | MACD: -1.17 | ATR: 1.20
  📊 Filled: 1 | Pending: 0
  📍 SHORT @ 7717.75 | SL: 7725.75 | TP: 7715.25 | P&L: $-125.00
  💰 Daily P&L: $-2,375.00

[2026-08-18 14:02] O:7717.75 H:7718.50 L:7717.50 C:7718.00 V:1456.0
  📈 Trend: strong_bearish | 🌍 Regime: ranging
  🗺️  Grid: 0.100% | 🔺 7718.00 🔻 7717.00
  📡 RSI: 22.7 | MACD: -1.12 | ATR: 1.16
  📊 Filled: 1 | Pending: 0
  📍 SHORT @ 7717.75 | SL: 7725.75 | TP: 7715.25 | P&L: $-125.00
  💰 Daily P&L: $-2,375.00

[2026-08-18 14:03] O:7718.00 H:7718.75 L:7717.25 C:7718.00 V:1637.0
  📈 Trend: strong_bearish | 🌍 Regime: ranging
  🗺️  Grid: 0.100% | 🔺 7718.50 🔻 7717.50
  📡 RSI: 23.8 | MACD: -1.07 | ATR: 1.21
  📊 Filled: 1 | Pending: 0
  📍 SHORT @ 7717.75 | SL: 7725.75 | TP: 7715.25 | P&L: $-125.00
  💰 Daily P&L: $-2,375.00

[2026-08-18 14:04] O:7718.25 H:7718.50 L:7717.50 C:7717.75 V:855.0
  📈 Trend: strong_bearish | 🌍 Regime: ranging
  🗺️  Grid: 0.100% | 🔺 7718.75 🔻 7717.25
  📡 RSI: 25.0 | MACD: -1.04 | ATR: 1.20
  📊 Filled: 1 | Pending: 0
  📍 SHORT @ 7717.75 | SL: 7725.75 | TP: 7715.25 | P&L: $+0.00
  💰 Daily P&L: $-2,375.00

[2026-08-18 14:05] O:7717.50 H:7717.50 L:7716.50 C:7717.25 V:960.0
  📈 Trend: strong_bearish | 🌍 Regime: ranging
  🗺️  Grid: 0.100% | 🔺 7718.50 🔻 7717.50
  📡 RSI: 25.0 | MACD: -1.04 | ATR: 1.23
  📊 Filled: 1 | Pending: 0
  📍 SHORT @ 7717.75 | SL: 7725.75 | TP: 7715.25 | P&L: $+250.00
  💰 Daily P&L: $-2,375.00

[2026-08-18 14:06] O:7717.00 H:7717.50 L:7716.50 C:7717.00 V:799.0
  📈 Trend: strong_bearish | 🌍 Regime: ranging
  🗺️  Grid: 0.100% | 🔺 7717.50 🔻 7716.50
  📡 RSI: 29.4 | MACD: -1.05 | ATR: 1.21
  📊 Filled: 1 | Pending: 0
  📍 SHORT @ 7717.75 | SL: 7725.75 | TP: 7715.25 | P&L: $+375.00
  💰 Daily P&L: $-2,375.00

[2026-08-18 14:07] O:7717.00 H:7718.50 L:7716.75 C:7717.75 V:1167.0
  📈 Trend: strong_bearish | 🌍 Regime: ranging
  🗺️  Grid: 0.100% | 🔺 7717.50 🔻 7716.50
  📡 RSI: 36.8 | MACD: -0.99 | ATR: 1.27
  📊 Filled: 1 | Pending: 0
  📍 SHORT @ 7717.75 | SL: 7725.75 | TP: 7715.25 | P&L: $+0.00
  💰 Daily P&L: $-2,375.00

[2026-08-18 14:08] O:7717.75 H:7719.00 L:7717.50 C:7718.75 V:1104.0
  📈 Trend: strong_bearish | 🌍 Regime: ranging
  🗺️  Grid: 0.100% | 🔺 7718.50 🔻 7716.75
  📡 RSI: 57.9 | MACD: -0.85 | ATR: 1.27
  📊 Filled: 1 | Pending: 0
  📍 SHORT @ 7717.75 | SL: 7725.75 | TP: 7715.25 | P&L: $-500.00
  💰 Daily P&L: $-2,375.00

[2026-08-18 14:09] O:7718.75 H:7719.50 L:7717.75 C:7718.50 V:1458.0
  📈 Trend: strong_bearish | 🌍 Regime: ranging
  🗺️  Grid: 0.100% | 🔺 7719.00 🔻 7717.50
  📡 RSI: 55.0 | MACD: -0.75 | ATR: 1.30
  📊 Filled: 1 | Pending: 0
  📍 SHORT @ 7717.75 | SL: 7725.75 | TP: 7715.25 | P&L: $-375.00
  💰 Daily P&L: $-2,375.00

[2026-08-18 14:10] O:7718.50 H:7719.25 L:7718.00 C:7719.25 V:1238.0
  📈 Trend: strong_bearish | 🌍 Regime: ranging
  🗺️  Grid: 0.100% | 🔺 7719.50 🔻 7717.75
  📡 RSI: 60.9 | MACD: -0.60 | ATR: 1.29
  📊 Filled: 1 | Pending: 0
  📍 SHORT @ 7717.75 | SL: 7725.75 | TP: 7715.25 | P&L: $-750.00
  💰 Daily P&L: $-2,375.00

[2026-08-18 14:11] O:7719.00 H:7719.00 L:7717.00 C:7717.00 V:2147.0
  📈 Trend: strong_bearish | 🌍 Regime: ranging
  🗺️  Grid: 0.100% | 🔺 7719.25 🔻 7718.00
  📡 RSI: 43.8 | MACD: -0.66 | ATR: 1.39
  📊 Filled: 1 | Pending: 0
  📍 SHORT @ 7717.75 | SL: 7725.75 | TP: 7715.25 | P&L: $+375.00
  💰 Daily P&L: $-2,375.00

[2026-08-18 14:12] O:7717.00 H:7717.25 L:7715.50 C:7716.25 V:1316.0
  📈 Trend: strong_bearish | 🌍 Regime: ranging
  🗺️  Grid: 0.100% | 🔺 7719.00 🔻 7717.00
  📡 RSI: 41.2 | MACD: -0.76 | ATR: 1.45
  📊 Filled: 1 | Pending: 0
  📍 SHORT @ 7717.75 | SL: 7725.75 | TP: 7715.25 | P&L: $+750.00
  💰 Daily P&L: $-2,375.00

[2026-08-18 14:13] O:7716.50 H:7716.75 L:7716.00 C:7716.50 V:624.0
  📈 Trend: strong_bearish | 🌍 Regime: ranging
  🗺️  Grid: 0.100% | 🔺 7717.25 🔻 7715.50
  📡 RSI: 46.9 | MACD: -0.80 | ATR: 1.43
  📊 Filled: 1 | Pending: 0
  📍 SHORT @ 7717.75 | SL: 7725.75 | TP: 7715.25 | P&L: $+625.00
  💰 Daily P&L: $-2,375.00

[2026-08-18 14:14] O:7716.50 H:7716.75 L:7715.75 C:7716.50 V:1163.0
  📈 Trend: strong_bearish | 🌍 Regime: ranging
  🗺️  Grid: 0.100% | 🔺 7716.75 🔻 7716.00
  📡 RSI: 43.3 | MACD: -0.83 | ATR: 1.34
  📊 Filled: 1 | Pending: 0
  📍 SHORT @ 7717.75 | SL: 7725.75 | TP: 7715.25 | P&L: $+625.00
  💰 Daily P&L: $-2,375.00

[2026-08-18 14:15] O:7716.25 H:7717.50 L:7716.00 C:7717.00 V:1478.0
  📈 Trend: strong_bearish | 🌍 Regime: ranging
  🗺️  Grid: 0.100% | 🔺 7716.75 🔻 7715.75
  📡 RSI: 43.3 | MACD: -0.81 | ATR: 1.38
  📊 Filled: 1 | Pending: 0
  📍 SHORT @ 7717.75 | SL: 7725.75 | TP: 7715.25 | P&L: $+375.00
  💰 Daily P&L: $-2,375.00

[2026-08-18 14:16] O:7716.75 H:7718.00 L:7716.50 C:7717.50 V:1326.0
  📈 Trend: strong_bearish | 🌍 Regime: ranging
  🗺️  Grid: 0.100% | 🔺 7717.50 🔻 7716.00
  📡 RSI: 46.9 | MACD: -0.74 | ATR: 1.41
  📊 Filled: 1 | Pending: 0
  📍 SHORT @ 7717.75 | SL: 7725.75 | TP: 7715.25 | P&L: $+125.00
  💰 Daily P&L: $-2,375.00

[2026-08-18 14:17] O:7717.25 H:7718.25 L:7717.00 C:7717.25 V:1175.0
  📈 Trend: strong_bearish | 🌍 Regime: ranging
  🗺️  Grid: 0.100% | 🔺 7718.00 🔻 7716.50
  📡 RSI: 45.5 | MACD: -0.69 | ATR: 1.39
  📊 Filled: 1 | Pending: 0
  📍 SHORT @ 7717.75 | SL: 7725.75 | TP: 7715.25 | P&L: $+250.00
  💰 Daily P&L: $-2,375.00

[2026-08-18 14:18] O:7717.00 H:7718.25 L:7716.75 C:7718.25 V:814.0
  📈 Trend: strong_bearish (raw: moderate_bearish) | 🌍 Regime: ranging
  🗺️  Grid: 0.100% | 🔺 7718.25 🔻 7717.00
  📡 RSI: 52.8 | MACD: -0.57 | ATR: 1.43
  📊 Filled: 1 | Pending: 0
  📍 SHORT @ 7717.75 | SL: 7725.75 | TP: 7715.25 | P&L: $-250.00
  💰 Daily P&L: $-2,375.00

[2026-08-18 14:19] O:7718.25 H:7719.00 L:7717.75 C:7719.00 V:1176.0
  📈 Trend: strong_bearish (raw: moderate_bearish) | 🌍 Regime: ranging
  🗺️  Grid: 0.100% | 🔺 7718.25 🔻 7716.75
  📡 RSI: 59.5 | MACD: -0.41 | ATR: 1.43
  📊 Filled: 1 | Pending: 0
  📍 SHORT @ 7717.75 | SL: 7725.75 | TP: 7715.25 | P&L: $-625.00
  💰 Daily P&L: $-2,375.00

[2026-08-18 14:20] O:7718.75 H:7719.00 L:7717.75 C:7718.50 V:1110.0
  📈 Trend: moderate_bearish | 🌍 Regime: ranging
  🗺️  Grid: 0.100% | 🔺 7719.00 🔻 7717.75
  📡 RSI: 57.9 | MACD: -0.32 | ATR: 1.45
  📊 Filled: 1 | Pending: 0
  📍 SHORT @ 7717.75 | SL: 7725.75 | TP: 7715.25 | P&L: $-375.00
  💰 Daily P&L: $-2,375.00

[2026-08-18 14:21] O:7718.50 H:7718.75 L:7718.00 C:7718.50 V:1145.0
  📈 Trend: moderate_bearish | 🌍 Regime: ranging
  🗺️  Grid: 0.100% | 🔺 7719.00 🔻 7717.75
  📡 RSI: 54.3 | MACD: -0.24 | ATR: 1.38
  📊 Filled: 1 | Pending: 0
  📍 SHORT @ 7717.75 | SL: 7725.75 | TP: 7715.25 | P&L: $-375.00
  💰 Daily P&L: $-2,375.00

[2026-08-18 14:22] O:7718.25 H:7720.75 L:7718.00 C:7720.50 V:2929.0
  📈 Trend: moderate_bearish | 🌍 Regime: ranging
  🗺️  Grid: 0.100% | 🔺 7718.75 🔻 7718.00
  📡 RSI: 59.0 | MACD: -0.02 | ATR: 1.46
  📊 Filled: 1 | Pending: 0
  📍 SHORT @ 7717.75 | SL: 7725.75 | TP: 7715.25 | P&L: $-1,375.00
  💰 Daily P&L: $-2,375.00

[2026-08-18 14:23] O:7720.25 H:7720.50 L:7719.50 C:7720.00 V:887.0
  📈 Trend: moderate_bearish (raw: moderate_bullish) | 🌍 Regime: ranging
  🗺️  Grid: 0.100% | 🔺 7720.75 🔻 7718.00
  📡 RSI: 57.5 | MACD: 0.11 | ATR: 1.41
  📊 Filled: 1 | Pending: 0
  📍 SHORT @ 7717.75 | SL: 7725.75 | TP: 7715.25 | P&L: $-1,125.00
  💰 Daily P&L: $-2,375.00

[2026-08-18 14:24] O:7720.25 H:7721.75 L:7719.75 C:7721.75 V:1615.0
  📈 Trend: moderate_bearish (raw: moderate_bullish) | 🌍 Regime: ranging
  🗺️  Grid: 0.100% | 🔺 7720.50 🔻 7719.50
  📡 RSI: 61.4 | MACD: 0.36 | ATR: 1.46
  📊 Filled: 1 | Pending: 0
  📍 SHORT @ 7717.75 | SL: 7725.75 | TP: 7715.25 | P&L: $-2,000.00
  💰 Daily P&L: $-2,375.00

[2026-08-18 14:25] O:7721.75 H:7721.75 L:7721.00 C:7721.50 V:1251.0
  📈 Trend: moderate_bullish | 🌍 Regime: ranging
  🗺️  Grid: 0.100% | 🔺 7721.75 🔻 7719.75
  📡 RSI: 75.0 | MACD: 0.52 | ATR: 1.36
  📊 Filled: 1 | Pending: 0
  📍 SHORT @ 7717.75 | SL: 7725.75 | TP: 7715.25 | P&L: $-1,875.00
  💰 Daily P&L: $-2,375.00

[2026-08-18 14:26] O:7721.50 H:7722.00 L:7720.75 C:7721.25 V:2899.0
  📈 Trend: moderate_bullish | 🌍 Regime: ranging
  🗺️  Grid: 0.100% | 🔺 7721.75 🔻 7721.00
  📡 RSI: 79.4 | MACD: 0.63 | ATR: 1.32
  📊 Filled: 1 | Pending: 0
  📍 SHORT @ 7717.75 | SL: 7725.75 | TP: 7715.25 | P&L: $-1,750.00
  💰 Daily P&L: $-2,375.00

[2026-08-18 14:27] O:7721.25 H:7722.00 L:7721.25 C:7721.50 V:1179.0
  📈 Trend: moderate_bullish | 🌍 Regime: ranging
  🗺️  Grid: 0.100% | 🔺 7722.00 🔻 7720.75
  📡 RSI: 79.4 | MACD: 0.72 | ATR: 1.32
  📊 Filled: 1 | Pending: 0
  📍 SHORT @ 7717.75 | SL: 7725.75 | TP: 7715.25 | P&L: $-1,875.00
  💰 Daily P&L: $-2,375.00

[2026-08-18 14:28] O:7721.50 H:7722.25 L:7720.75 C:7721.50 V:1766.0
  📈 Trend: moderate_bullish | 🌍 Regime: ranging
  🗺️  Grid: 0.100% | 🔺 7722.00 🔻 7721.25
  📡 RSI: 79.4 | MACD: 0.79 | ATR: 1.36
  📊 Filled: 1 | Pending: 0
  📍 SHORT @ 7717.75 | SL: 7725.75 | TP: 7715.25 | P&L: $-1,875.00
  💰 Daily P&L: $-2,375.00

[2026-08-18 14:29] O:7721.50 H:7721.50 L:7720.50 C:7720.75 V:1327.0
  📈 Trend: moderate_bullish | 🌍 Regime: ranging
  🗺️  Grid: 0.100% | 🔺 7722.25 🔻 7720.75
  📡 RSI: 71.4 | MACD: 0.77 | ATR: 1.32
  📊 Filled: 1 | Pending: 0
  📍 SHORT @ 7717.75 | SL: 7725.75 | TP: 7715.25 | P&L: $-1,500.00
  💰 Daily P&L: $-2,375.00

[2026-08-18 14:30] O:7720.75 H:7721.75 L:7720.00 C:7721.50 V:3129.0
  📈 Trend: moderate_bullish | 🌍 Regime: ranging
  🗺️  Grid: 0.100% | 🔺 7721.50 🔻 7720.50
  📡 RSI: 72.2 | MACD: 0.81 | ATR: 1.34
  📊 Filled: 1 | Pending: 0
  📍 SHORT @ 7717.75 | SL: 7725.75 | TP: 7715.25 | P&L: $-1,875.00
  💰 Daily P&L: $-2,375.00

[2026-08-18 14:31] O:7721.25 H:7722.75 L:7720.50 C:7720.75 V:1887.0
  📈 Trend: moderate_bullish (raw: strong_bullish) | 🌍 Regime: ranging
  🗺️  Grid: 0.100% | 🔺 7721.75 🔻 7720.00
  📡 RSI: 68.4 | MACD: 0.77 | ATR: 1.41
  📊 Filled: 1 | Pending: 0
  📍 SHORT @ 7717.75 | SL: 7725.75 | TP: 7715.25 | P&L: $-1,500.00
  💰 Daily P&L: $-2,375.00

[2026-08-18 14:32] O:7720.75 H:7721.75 L:7720.75 C:7720.75 V:1388.0
  📈 Trend: moderate_bullish (raw: strong_bullish) | 🌍 Regime: ranging
  🗺️  Grid: 0.100% | 🔺 7722.75 🔻 7720.50
  📡 RSI: 64.7 | MACD: 0.73 | ATR: 1.38
  📊 Filled: 1 | Pending: 0
  📍 SHORT @ 7717.75 | SL: 7725.75 | TP: 7715.25 | P&L: $-1,500.00
  💰 Daily P&L: $-2,375.00

[2026-08-18 14:33] O:7720.50 H:7720.75 L:7719.50 C:7720.00 V:1451.0
  📈 Trend: strong_bullish | 🌍 Regime: ranging
  🗺️  Grid: 0.100% | 🔺 7721.75 🔻 7720.75
  📡 RSI: 55.9 | MACD: 0.63 | ATR: 1.38
  📊 Filled: 1 | Pending: 0
  📍 SHORT @ 7717.75 | SL: 7725.75 | TP: 7715.25 | P&L: $-1,125.00
  💰 Daily P&L: $-2,375.00

[2026-08-18 14:34] O:7720.25 H:7720.25 L:7718.75 C:7719.50 V:1850.0
  📈 Trend: strong_bullish (raw: moderate_bullish) | 🌍 Regime: ranging
  🗺️  Grid: 0.100% | 🔺 7720.75 🔻 7719.50
  📡 RSI: 55.9 | MACD: 0.51 | ATR: 1.39
  📊 Filled: 1 | Pending: 0
  📍 SHORT @ 7717.75 | SL: 7725.75 | TP: 7715.25 | P&L: $-875.00
  💰 Daily P&L: $-2,375.00

[2026-08-18 14:35] O:7719.50 H:7720.00 L:7719.00 C:7719.25 V:1282.0
  📈 Trend: strong_bullish (raw: moderate_bullish) | 🌍 Regime: ranging
  🗺️  Grid: 0.100% | 🔺 7720.25 🔻 7718.75
  📡 RSI: 54.3 | MACD: 0.38 | ATR: 1.41
  📊 Filled: 1 | Pending: 0
  📍 SHORT @ 7717.75 | SL: 7725.75 | TP: 7715.25 | P&L: $-750.00
  💰 Daily P&L: $-2,375.00

[2026-08-18 14:36] O:7719.50 H:7720.50 L:7719.25 C:7719.50 V:1407.0
  📈 Trend: moderate_bullish | 🌍 Regime: ranging
  🗺️  Grid: 0.100% | 🔺 7720.00 🔻 7719.00
  📡 RSI: 42.9 | MACD: 0.30 | ATR: 1.30
  📊 Filled: 1 | Pending: 0
  📍 SHORT @ 7717.75 | SL: 7725.75 | TP: 7715.25 | P&L: $-875.00
  💰 Daily P&L: $-2,375.00

[2026-08-18 14:37] O:7719.50 H:7720.75 L:7719.00 C:7720.00 V:1458.0
  📈 Trend: moderate_bullish | 🌍 Regime: ranging
  🗺️  Grid: 0.100% | 🔺 7720.50 🔻 7719.25
  📡 RSI: 50.0 | MACD: 0.27 | ATR: 1.36
  📊 Filled: 1 | Pending: 0
  📍 SHORT @ 7717.75 | SL: 7725.75 | TP: 7715.25 | P&L: $-1,125.00
  💰 Daily P&L: $-2,375.00

[2026-08-18 14:38] O:7720.00 H:7720.25 L:7719.50 C:7720.00 V:980.0
  📈 Trend: moderate_bullish | 🌍 Regime: ranging
  🗺️  Grid: 0.100% | 🔺 7720.75 🔻 7719.00
  📡 RSI: 33.3 | MACD: 0.25 | ATR: 1.27
  📊 Filled: 1 | Pending: 0
  📍 SHORT @ 7717.75 | SL: 7725.75 | TP: 7715.25 | P&L: $-1,125.00
  💰 Daily P&L: $-2,375.00

[2026-08-18 14:39] O:7720.00 H:7721.00 L:7719.75 C:7720.25 V:897.0
  📈 Trend: moderate_bullish | 🌍 Regime: ranging
  🗺️  Grid: 0.100% | 🔺 7720.25 🔻 7719.50
  📡 RSI: 38.1 | MACD: 0.25 | ATR: 1.30
  📊 Filled: 1 | Pending: 0
  📍 SHORT @ 7717.75 | SL: 7725.75 | TP: 7715.25 | P&L: $-1,250.00
  💰 Daily P&L: $-2,375.00

[2026-08-18 14:40] O:7720.00 H:7720.25 L:7718.75 C:7718.75 V:1468.0
  📈 Trend: moderate_bullish | 🌍 Regime: ranging
  🗺️  Grid: 0.100% | 🔺 7721.00 🔻 7719.75
  📡 RSI: 30.8 | MACD: 0.12 | ATR: 1.32
  📊 Filled: 1 | Pending: 0
  📍 SHORT @ 7717.75 | SL: 7725.75 | TP: 7715.25 | P&L: $-500.00
  💰 Daily P&L: $-2,375.00

[2026-08-18 14:41] O:7718.75 H:7719.00 L:7717.75 C:7718.50 V:2380.0
  📈 Trend: moderate_bullish (raw: moderate_bearish) | 🌍 Regime: ranging
  🗺️  Grid: 0.100% | 🔺 7720.25 🔻 7718.75
  📡 RSI: 26.9 | MACD: 0.00 | ATR: 1.36
  📊 Filled: 1 | Pending: 0
  📍 SHORT @ 7717.75 | SL: 7725.75 | TP: 7715.25 | P&L: $-375.00
  💰 Daily P&L: $-2,375.00

[2026-08-18 14:42] O:7718.50 H:7719.00 L:7717.75 C:7719.00 V:1520.0
  📈 Trend: moderate_bullish (raw: strong_bearish) | 🌍 Regime: ranging
  🗺️  Grid: 0.100% | 🔺 7719.00 🔻 7717.75
  📡 RSI: 32.1 | MACD: -0.05 | ATR: 1.34
  📊 Filled: 1 | Pending: 0
  📍 SHORT @ 7717.75 | SL: 7725.75 | TP: 7715.25 | P&L: $-625.00
  💰 Daily P&L: $-2,375.00

[2026-08-18 14:43] O:7719.25 H:7719.75 L:7718.75 C:7719.50 V:1964.0
  📈 Trend: moderate_bullish (raw: strong_bearish) | 🌍 Regime: ranging
  🗺️  Grid: 0.100% | 🔺 7719.00 🔻 7717.75
  📡 RSI: 40.7 | MACD: -0.05 | ATR: 1.34
  📊 Filled: 1 | Pending: 0
  📍 SHORT @ 7717.75 | SL: 7725.75 | TP: 7715.25 | P&L: $-875.00
  💰 Daily P&L: $-2,375.00

[2026-08-18 14:44] O:7719.50 H:7720.25 L:7719.50 C:7719.50 V:1438.0
  📈 Trend: strong_bearish | 🌍 Regime: ranging
  🗺️  Grid: 0.100% | 🔺 7719.75 🔻 7718.75
  📡 RSI: 33.3 | MACD: -0.05 | ATR: 1.27
  📊 Filled: 1 | Pending: 0
  📍 SHORT @ 7717.75 | SL: 7725.75 | TP: 7715.25 | P&L: $-875.00
  💰 Daily P&L: $-2,375.00

[2026-08-18 14:45] O:7719.50 H:7720.25 L:7719.25 C:7719.50 V:2656.0
  📈 Trend: strong_bearish | 🌍 Regime: ranging
  🗺️  Grid: 0.100% | 🔺 7720.25 🔻 7719.50
  📡 RSI: 38.1 | MACD: -0.05 | ATR: 1.18
  📊 Filled: 1 | Pending: 0
  📍 SHORT @ 7717.75 | SL: 7725.75 | TP: 7715.25 | P&L: $-875.00
  💰 Daily P&L: $-2,375.00

[2026-08-18 14:46] O:7719.50 H:7720.25 L:7719.25 C:7719.25 V:1192.0
  📈 Trend: strong_bearish | 🌍 Regime: ranging
  🗺️  Grid: 0.100% | 🔺 7720.25 🔻 7719.25
  📡 RSI: 36.4 | MACD: -0.07 | ATR: 1.18
  📊 Filled: 1 | Pending: 0
  📍 SHORT @ 7717.75 | SL: 7725.75 | TP: 7715.25 | P&L: $-750.00
  💰 Daily P&L: $-2,375.00

[2026-08-18 14:47] O:7719.25 H:7719.50 L:7717.75 C:7717.75 V:1717.0
  📈 Trend: strong_bearish | 🌍 Regime: ranging
  🗺️  Grid: 0.100% | 🔺 7720.25 🔻 7719.25
  📡 RSI: 32.0 | MACD: -0.20 | ATR: 1.21
  📊 Filled: 1 | Pending: 0
  📍 SHORT @ 7717.75 | SL: 7725.75 | TP: 7715.25 | P&L: $+0.00
  💰 Daily P&L: $-2,375.00

[2026-08-18 14:48] O:7718.00 H:7718.25 L:7717.25 C:7718.00 V:1437.0
  📈 Trend: strong_bearish | 🌍 Regime: ranging
  🗺️  Grid: 0.100% | 🔺 7719.50 🔻 7717.75
  📡 RSI: 37.5 | MACD: -0.29 | ATR: 1.18
  📊 Filled: 1 | Pending: 0
  📍 SHORT @ 7717.75 | SL: 7725.75 | TP: 7715.25 | P&L: $-125.00
  💰 Daily P&L: $-2,375.00

[2026-08-18 14:49] O:7717.75 H:7720.25 L:7717.25 C:7719.50 V:2824.0
  📈 Trend: strong_bearish | 🌍 Regime: ranging
  🗺️  Grid: 0.100% | 🔺 7718.25 🔻 7717.25
  📡 RSI: 51.7 | MACD: -0.23 | ATR: 1.32
  📊 Filled: 1 | Pending: 0
  📍 SHORT @ 7717.75 | SL: 7725.75 | TP: 7715.25 | P&L: $-875.00
  💰 Daily P&L: $-2,375.00

[2026-08-18 14:50] O:7719.50 H:7720.25 L:7717.50 C:7718.75 V:6403.0
  📈 Trend: strong_bearish | 🌍 Regime: ranging
  🗺️  Grid: 0.100% | 🔺 7720.25 🔻 7717.25
  📡 RSI: 45.2 | MACD: -0.24 | ATR: 1.43
  📊 Filled: 1 | Pending: 0
  📍 SHORT @ 7717.75 | SL: 7725.75 | TP: 7715.25 | P&L: $-500.00
  💰 Daily P&L: $-2,375.00

[2026-08-18 14:51] O:7719.00 H:7719.50 L:7717.25 C:7717.50 V:3363.0
  📈 Trend: strong_bearish | 🌍 Regime: ranging
  🗺️  Grid: 0.100% | 🔺 7720.25 🔻 7717.50
  📡 RSI: 35.3 | MACD: -0.34 | ATR: 1.46
  📊 Filled: 1 | Pending: 0
  📍 SHORT @ 7717.75 | SL: 7725.75 | TP: 7715.25 | P&L: $+125.00
  💰 Daily P&L: $-2,375.00

[2026-08-18 14:52] O:7717.50 H:7718.50 L:7717.25 C:7717.50 V:3138.0
  📈 Trend: strong_bearish | 🌍 Regime: ranging
  🗺️  Grid: 0.100% | 🔺 7719.50 🔻 7717.25
  📡 RSI: 35.3 | MACD: -0.42 | ATR: 1.50
  📊 Filled: 1 | Pending: 0
  📍 SHORT @ 7717.75 | SL: 7725.75 | TP: 7715.25 | P&L: $+125.00
  💰 Daily P&L: $-2,375.00

[2026-08-18 14:53] O:7717.50 H:7717.50 L:7715.75 C:7716.75 V:4804.0
  📈 Trend: strong_bearish | 🌍 Regime: ranging
  🗺️  Grid: 0.100% | 🔺 7718.50 🔻 7717.25
  📡 RSI: 30.6 | MACD: -0.54 | ATR: 1.54
  📊 Filled: 1 | Pending: 0
  📍 SHORT @ 7717.75 | SL: 7725.75 | TP: 7715.25 | P&L: $+500.00
  💰 Daily P&L: $-2,375.00
  📋 Order 260 status: Cancelled
  ✅ Fill: BOT 2.0 @ 7715.25
  📋 Order 261 status: Submitted
  ✅ Fill: BOT 8.0 @ 7715.25
  📋 Order 261 status: Filled

[2026-08-18 14:54] O:7716.75 H:7717.25 L:7713.25 C:7714.75 V:8397.0
  📈 Trend: strong_bearish | 🌍 Regime: ranging
  🗺️  Grid: 0.100% | 🔺 7717.50 🔻 7715.75
  📡 RSI: 28.9 | MACD: -0.79 | ATR: 1.71
  📊 Filled: 1 | Pending: 0
  📍 SHORT @ 7717.75 | SL: 7725.75 | TP: 7715.25 | P&L: $+1,500.00
  ✅ EXIT SHORT @ 7715.25 | Take Profit
     P&L: +2.50 pts ($+1,250.00) | Daily: $-1,125.00
  ⏸️ Cooldown: 2 bar(s) remaining after exit
  💰 Daily P&L: $-1,125.00

[2026-08-18 14:55] O:7715.00 H:7716.25 L:7714.25 C:7715.50 V:8134.0
  📈 Trend: strong_bearish | 🌍 Regime: ranging
  🗺️  Grid: 0.100% | 🔺 7717.25 🔻 7713.25
  📡 RSI: 35.0 | MACD: -0.91 | ATR: 1.77
  📊 Filled: 0 | Pending: 0
  ⏸️ Cooldown: 1 bar(s) remaining after exit
  💰 Daily P&L: $-1,125.00

[2026-08-18 14:56] O:7715.50 H:7715.75 L:7714.00 C:7714.50 V:4760.0
  📈 Trend: strong_bearish | 🌍 Regime: ranging
  🗺️  Grid: 0.100% | 🔺 7716.25 🔻 7714.25
  📡 RSI: 28.6 | MACD: -1.08 | ATR: 1.80
  📊 Filled: 0 | Pending: 0
  💰 Daily P&L: $-1,125.00

[2026-08-18 14:57] O:7714.75 H:7714.75 L:7713.25 C:7713.25 V:6810.0
  📈 Trend: strong_bearish | 🌍 Regime: ranging
  🗺️  Grid: 0.100% | 🔺 7715.75 🔻 7714.00
  📡 RSI: 22.2 | MACD: -1.29 | ATR: 1.84
  📊 Filled: 0 | Pending: 0
  💰 Daily P&L: $-1,125.00

[2026-08-18 14:58] O:7713.25 H:7715.25 L:7712.00 C:7715.00 V:11702.0
  📈 Trend: strong_bearish | 🌍 Regime: ranging
  🗺️  Grid: 0.100% | 🔺 7714.75 🔻 7713.25
  📡 RSI: 32.7 | MACD: -1.31 | ATR: 2.02
  📊 Filled: 0 | Pending: 0
  💰 Daily P&L: $-1,125.00

[2026-08-18 14:59] O:7715.25 H:7717.75 L:7710.25 C:7715.25 V:62708.0
  📈 Trend: strong_bearish | 🌍 Regime: ranging
  🗺️  Grid: 0.100% | 🔺 7715.25 🔻 7712.00
  📡 RSI: 34.0 | MACD: -1.29 | ATR: 2.48
  📊 Filled: 0 | Pending: 0
  💰 Daily P&L: $-1,125.00

[2026-08-18 15:00] O:7715.00 H:7716.00 L:7712.75 C:7714.25 V:12651.0
  📈 Trend: strong_bearish | 🌍 Regime: ranging
  🗺️  Grid: 0.100% | 🔺 7717.75 🔻 7710.25
  📡 RSI: 32.1 | MACD: -1.33 | ATR: 2.64
  📊 Filled: 0 | Pending: 0
  💰 Daily P&L: $-1,125.00

[2026-08-18 15:01] O:7714.25 H:7714.50 L:7713.00 C:7714.25 V:2081.0
  📈 Trend: strong_bearish | 🌍 Regime: ranging
  🗺️  Grid: 0.100% | 🔺 7716.00 🔻 7712.75
  📡 RSI: 36.0 | MACD: -1.36 | ATR: 2.62
  📊 Filled: 0 | Pending: 0
  💰 Daily P&L: $-1,125.00

[2026-08-18 15:02] O:7714.25 H:7714.50 L:7713.50 C:7714.50 V:1528.0
  📈 Trend: strong_bearish | 🌍 Regime: ranging
  🗺️  Grid: 0.100% | 🔺 7714.50 🔻 7713.00
  📡 RSI: 36.0 | MACD: -1.34 | ATR: 2.62
  📊 Filled: 0 | Pending: 0
  💰 Daily P&L: $-1,125.00

[2026-08-18 15:03] O:7714.50 H:7714.75 L:7714.25 C:7714.25 V:845.0
  📈 Trend: strong_bearish | 🌍 Regime: ranging
  🗺️  Grid: 0.100% | 🔺 7714.50 🔻 7713.50
  📡 RSI: 26.7 | MACD: -1.33 | ATR: 2.45
  📊 Filled: 0 | Pending: 0
  💰 Daily P&L: $-1,125.00

[2026-08-18 15:04] O:7714.25 H:7715.25 L:7714.25 C:7715.25 V:1435.0
  📈 Trend: strong_bearish | 🌍 Regime: ranging
  🗺️  Grid: 0.100% | 🔺 7714.75 🔻 7714.25
  📡 RSI: 34.8 | MACD: -1.23 | ATR: 2.32
  📊 Filled: 0 | Pending: 0
  💰 Daily P&L: $-1,125.00

[2026-08-18 15:05] O:7715.25 H:7716.00 L:7714.00 C:7714.00 V:1345.0
  📈 Trend: strong_bearish | 🌍 Regime: ranging
  🗺️  Grid: 0.100% | 🔺 7715.25 🔻 7714.25
  📡 RSI: 34.8 | MACD: -1.23 | ATR: 2.30
  📊 Filled: 0 | Pending: 0
  💰 Daily P&L: $-1,125.00

[2026-08-18 15:06] O:7714.00 H:7714.25 L:7713.50 C:7713.75 V:793.0
  📈 Trend: strong_bearish | 🌍 Regime: ranging
  🗺️  Grid: 0.100% | 🔺 7716.00 🔻 7714.00
  📡 RSI: 34.0 | MACD: -1.24 | ATR: 2.27
  📊 Filled: 0 | Pending: 0
  💰 Daily P&L: $-1,125.00

[2026-08-18 15:07] O:7713.75 H:7714.50 L:7713.75 C:7714.50 V:695.0
  📈 Trend: strong_bearish | 🌍 Regime: ranging
  🗺️  Grid: 0.100% | 🔺 7714.25 🔻 7713.50
  📡 RSI: 40.4 | MACD: -1.18 | ATR: 2.20
  📊 Filled: 0 | Pending: 0
  💰 Daily P&L: $-1,125.00

[2026-08-18 15:08] O:7714.50 H:7714.75 L:7713.50 C:7713.50 V:548.0
  📈 Trend: strong_bearish | 🌍 Regime: ranging
  🗺️  Grid: 0.100% | 🔺 7714.50 🔻 7713.75
  📡 RSI: 44.2 | MACD: -1.19 | ATR: 2.00
  📊 Filled: 0 | Pending: 0
  💰 Daily P&L: $-1,125.00

[2026-08-18 15:09] O:7713.50 H:7714.00 L:7713.25 C:7713.50 V:706.0
  📈 Trend: strong_bearish | 🌍 Regime: ranging
  🗺️  Grid: 0.100% | 🔺 7714.75 🔻 7713.50
  📡 RSI: 40.0 | MACD: -1.19 | ATR: 1.91
  📊 Filled: 0 | Pending: 0
  💰 Daily P&L: $-1,125.00

[2026-08-18 15:10] O:7713.50 H:7715.00 L:7713.25 C:7714.00 V:966.0
  📈 Trend: strong_bearish | 🌍 Regime: ranging
  🗺️  Grid: 0.100% | 🔺 7714.00 🔻 7713.25
  📡 RSI: 47.4 | MACD: -1.13 | ATR: 1.91
  📊 Filled: 0 | Pending: 0
  💰 Daily P&L: $-1,125.00

[2026-08-18 15:11] O:7714.25 H:7714.50 L:7713.25 C:7713.25 V:598.0
  📈 Trend: strong_bearish | 🌍 Regime: ranging
  🗺️  Grid: 0.100% | 🔺 7715.00 🔻 7713.25
  📡 RSI: 50.0 | MACD: -1.14 | ATR: 1.89
  📊 Filled: 0 | Pending: 0
  💰 Daily P&L: $-1,125.00

[2026-08-18 15:12] O:7713.25 H:7714.00 L:7713.25 C:7713.75 V:490.0
  📈 Trend: strong_bearish | 🌍 Regime: ranging
  🗺️  Grid: 0.100% | 🔺 7714.50 🔻 7713.25
  📡 RSI: 41.9 | MACD: -1.09 | ATR: 1.71
  📊 Filled: 0 | Pending: 0
  💰 Daily P&L: $-1,125.00

[2026-08-18 15:13] O:7713.75 H:7714.75 L:7713.75 C:7714.50 V:689.0
  📈 Trend: strong_bearish | 🌍 Regime: ranging
  🗺️  Grid: 0.100% | 🔺 7714.00 🔻 7713.25
  📡 RSI: 45.5 | MACD: -0.98 | ATR: 1.25
  📊 Filled: 0 | Pending: 0
  💰 Daily P&L: $-1,125.00

[2026-08-18 15:14] O:7714.50 H:7715.25 L:7714.25 C:7714.25 V:654.0
  📈 Trend: strong_bearish | 🌍 Regime: ranging
  🗺️  Grid: 0.100% | 🔺 7714.75 🔻 7713.75
  📡 RSI: 50.0 | MACD: -0.90 | ATR: 1.09
  📊 Filled: 0 | Pending: 0
  💰 Daily P&L: $-1,125.00

[2026-08-18 15:15] O:7714.50 H:7715.00 L:7714.50 C:7714.75 V:329.0
  📈 Trend: strong_bearish (raw: moderate_bearish) | 🌍 Regime: ranging
  🗺️  Grid: 0.100% | 🔺 7715.25 🔻 7714.25
  📡 RSI: 53.1 | MACD: -0.79 | ATR: 1.04
  📊 Filled: 0 | Pending: 0
  💰 Daily P&L: $-1,125.00

[2026-08-18 15:16] O:7715.00 H:7715.25 L:7714.50 C:7714.75 V:450.0
  📈 Trend: strong_bearish (raw: moderate_bearish) | 🌍 Regime: ranging
  🗺️  Grid: 0.100% | 🔺 7715.00 🔻 7714.50
  📡 RSI: 51.6 | MACD: -0.69 | ATR: 1.02
  📊 Filled: 0 | Pending: 0
  💰 Daily P&L: $-1,125.00

[2026-08-18 15:17] O:7714.50 H:7714.50 L:7714.00 C:7714.25 V:306.0
  📈 Trend: strong_bearish | 🌍 Regime: ranging
  🗺️  Grid: 0.100% | 🔺 7715.25 🔻 7714.50
  📡 RSI: 50.0 | MACD: -0.65 | ATR: 1.04
  📊 Filled: 0 | Pending: 0
  💰 Daily P&L: $-1,125.00

[2026-08-18 15:18] O:7714.25 H:7714.50 L:7713.75 C:7714.25 V:466.0
  📈 Trend: strong_bearish | 🌍 Regime: ranging
  🗺️  Grid: 0.100% | 🔺 7714.50 🔻 7714.00
  📡 RSI: 42.9 | MACD: -0.61 | ATR: 1.02
  📊 Filled: 0 | Pending: 0
  💰 Daily P&L: $-1,125.00

[2026-08-18 15:19] O:7714.25 H:7714.25 L:7714.00 C:7714.00 V:200.0
  📈 Trend: strong_bearish | 🌍 Regime: ranging
  🗺️  Grid: 0.100% | 🔺 7714.50 🔻 7713.75
  📡 RSI: 50.0 | MACD: -0.59 | ATR: 0.89
  📊 Filled: 0 | Pending: 0
  💰 Daily P&L: $-1,125.00

[2026-08-18 15:20] O:7714.25 H:7714.50 L:7714.25 C:7714.50 V:124.0
  📈 Trend: strong_bearish (raw: moderate_bearish) | 🌍 Regime: ranging
  🗺️  Grid: 0.100% | 🔺 7714.25 🔻 7714.00
  📡 RSI: 56.0 | MACD: -0.52 | ATR: 0.88
  📊 Filled: 0 | Pending: 0
  💰 Daily P&L: $-1,125.00

[2026-08-18 15:21] O:7714.50 H:7714.50 L:7713.50 C:7713.50 V:537.0
  📈 Trend: strong_bearish | 🌍 Regime: ranging
  🗺️  Grid: 0.100% | 🔺 7714.50 🔻 7714.25
  📡 RSI: 42.3 | MACD: -0.55 | ATR: 0.89
  📊 Filled: 0 | Pending: 0
  💰 Daily P&L: $-1,125.00

[2026-08-18 15:22] O:7713.50 H:7714.00 L:7713.50 C:7713.50 V:225.0
  📈 Trend: strong_bearish | 🌍 Regime: ranging
  🗺️  Grid: 0.100% | 🔺 7714.50 🔻 7713.50
  📡 RSI: 50.0 | MACD: -0.56 | ATR: 0.84
  📊 Filled: 0 | Pending: 0
  💰 Daily P&L: $-1,125.00

[2026-08-18 15:23] O:7713.75 H:7713.75 L:7712.75 C:7713.00 V:289.0
  📈 Trend: strong_bearish | 🌍 Regime: ranging
  🗺️  Grid: 0.100% | 🔺 7714.00 🔻 7713.50
  📡 RSI: 45.8 | MACD: -0.61 | ATR: 0.86
  📊 Filled: 0 | Pending: 0
  💰 Daily P&L: $-1,125.00

[2026-08-18 15:24] O:7712.75 H:7713.00 L:7712.25 C:7712.50 V:392.0
  📈 Trend: strong_bearish | 🌍 Regime: ranging
  🗺️  Grid: 0.100% | 🔺 7713.75 🔻 7712.75
  📡 RSI: 37.5 | MACD: -0.67 | ATR: 0.79
  📊 Filled: 0 | Pending: 0
  💰 Daily P&L: $-1,125.00

[2026-08-18 15:25] O:7712.50 H:7713.00 L:7712.25 C:7712.75 V:249.0
  📈 Trend: strong_bearish | 🌍 Regime: ranging
  🗺️  Grid: 0.100% | 🔺 7713.00 🔻 7712.25
  📡 RSI: 45.5 | MACD: -0.70 | ATR: 0.75
  📊 Filled: 0 | Pending: 0
  💰 Daily P&L: $-1,125.00

[2026-08-18 15:26] O:7712.75 H:7713.50 L:7712.50 C:7713.25 V:579.0
  📈 Trend: strong_bearish | 🌍 Regime: ranging
  🗺️  Grid: 0.100% | 🔺 7713.00 🔻 7712.25
  📡 RSI: 45.5 | MACD: -0.67 | ATR: 0.77
  📊 Filled: 0 | Pending: 0
  💰 Daily P&L: $-1,125.00

[2026-08-18 15:27] O:7713.50 H:7714.00 L:7713.50 C:7713.75 V:149.0
  📈 Trend: strong_bearish (raw: moderate_bearish) | 🌍 Regime: ranging
  🗺️  Grid: 0.100% | 🔺 7713.50 🔻 7712.50
  📡 RSI: 42.9 | MACD: -0.60 | ATR: 0.75
  📊 Filled: 0 | Pending: 0
  💰 Daily P&L: $-1,125.00

[2026-08-18 15:28] O:7714.00 H:7714.50 L:7714.00 C:7714.50 V:205.0
  📈 Trend: strong_bearish (raw: moderate_bearish) | 🌍 Regime: ranging
  🗺️  Grid: 0.100% | 🔺 7714.00 🔻 7713.50
  📡 RSI: 52.2 | MACD: -0.48 | ATR: 0.73
  📊 Filled: 0 | Pending: 0
  💰 Daily P&L: $-1,125.00

[2026-08-18 15:29] O:7714.75 H:7714.75 L:7714.50 C:7714.50 V:211.0
  📈 Trend: moderate_bearish | 🌍 Regime: ranging
  🗺️  Grid: 0.100% | 🔺 7714.50 🔻 7714.00
  📡 RSI: 47.6 | MACD: -0.38 | ATR: 0.70
  📊 Filled: 0 | Pending: 0
  💰 Daily P&L: $-1,125.00

[2026-08-18 15:30] O:7714.50 H:7714.50 L:7714.00 C:7714.25 V:272.0
  📈 Trend: moderate_bearish | 🌍 Regime: ranging
  🗺️  Grid: 0.100% | 🔺 7714.75 🔻 7714.50
  📡 RSI: 45.5 | MACD: -0.32 | ATR: 0.68
  📊 Filled: 0 | Pending: 0
  💰 Daily P&L: $-1,125.00

[2026-08-18 15:31] O:7714.25 H:7714.75 L:7714.00 C:7714.00 V:276.0
  📈 Trend: moderate_bearish | 🌍 Regime: ranging
  🗺️  Grid: 0.100% | 🔺 7714.50 🔻 7714.00
  📡 RSI: 47.6 | MACD: -0.28 | ATR: 0.68
  📊 Filled: 0 | Pending: 0
  💰 Daily P&L: $-1,125.00

[2026-08-18 15:32] O:7714.00 H:7714.75 L:7714.00 C:7714.75 V:191.0
  📈 Trend: moderate_bearish | 🌍 Regime: ranging
  🗺️  Grid: 0.100% | 🔺 7714.75 🔻 7714.00
  📡 RSI: 54.2 | MACD: -0.20 | ATR: 0.68
  📊 Filled: 0 | Pending: 0
  💰 Daily P&L: $-1,125.00

[2026-08-18 15:33] O:7714.75 H:7715.00 L:7714.25 C:7715.00 V:209.0
  📈 Trend: moderate_bearish | 🌍 Regime: ranging
  🗺️  Grid: 0.100% | 🔺 7714.75 🔻 7714.00
  📡 RSI: 58.3 | MACD: -0.10 | ATR: 0.71
  📊 Filled: 0 | Pending: 0
  💰 Daily P&L: $-1,125.00

[2026-08-18 15:34] O:7715.00 H:7715.50 L:7715.00 C:7715.25 V:176.0
  📈 Trend: moderate_bearish | 🌍 Regime: ranging
  🗺️  Grid: 0.100% | 🔺 7715.00 🔻 7714.25
  📡 RSI: 56.5 | MACD: -0.01 | ATR: 0.71
  📊 Filled: 0 | Pending: 0
  💰 Daily P&L: $-1,125.00

[2026-08-18 15:35] O:7715.25 H:7715.75 L:7715.25 C:7715.25 V:144.0
  📈 Trend: moderate_bearish (raw: moderate_bullish) | 🌍 Regime: ranging
  🗺️  Grid: 0.100% | 🔺 7715.50 🔻 7715.00
  📡 RSI: 68.4 | MACD: 0.06 | ATR: 0.68
  📊 Filled: 0 | Pending: 0
  💰 Daily P&L: $-1,125.00

[2026-08-18 15:36] O:7715.50 H:7715.75 L:7715.25 C:7715.50 V:144.0
  📈 Trend: moderate_bearish (raw: moderate_bullish) | 🌍 Regime: ranging
  🗺️  Grid: 0.100% | 🔺 7715.75 🔻 7715.25
  📡 RSI: 70.0 | MACD: 0.14 | ATR: 0.68
  📊 Filled: 0 | Pending: 0
  💰 Daily P&L: $-1,125.00

[2026-08-18 15:37] O:7715.25 H:7715.75 L:7715.25 C:7715.25 V:129.0
  📈 Trend: moderate_bullish | 🌍 Regime: ranging
  🗺️  Grid: 0.100% | 🔺 7715.75 🔻 7715.25
  📡 RSI: 73.7 | MACD: 0.18 | ATR: 0.64
  📊 Filled: 0 | Pending: 0
  💰 Daily P&L: $-1,125.00

[2026-08-18 15:38] O:7715.25 H:7715.75 L:7715.25 C:7715.75 V:145.0
  📈 Trend: moderate_bullish | 🌍 Regime: ranging
  🗺️  Grid: 0.100% | 🔺 7715.75 🔻 7715.25
  📡 RSI: 84.2 | MACD: 0.25 | ATR: 0.62
  📊 Filled: 0 | Pending: 0
  💰 Daily P&L: $-1,125.00

[2026-08-18 15:39] O:7715.75 H:7716.00 L:7715.75 C:7715.75 V:67.0
  📈 Trend: moderate_bullish | 🌍 Regime: ranging
  🗺️  Grid: 0.100% | 🔺 7715.75 🔻 7715.25
  📡 RSI: 83.3 | MACD: 0.30 | ATR: 0.59
  📊 Filled: 0 | Pending: 0
  💰 Daily P&L: $-1,125.00

[2026-08-18 15:40] O:7715.75 H:7716.00 L:7715.00 C:7715.25 V:316.0
  📈 Trend: moderate_bullish | 🌍 Regime: ranging
  🗺️  Grid: 0.100% | 🔺 7716.00 🔻 7715.75
  📡 RSI: 72.2 | MACD: 0.29 | ATR: 0.59
  📊 Filled: 0 | Pending: 0
  💰 Daily P&L: $-1,125.00

[2026-08-18 15:41] O:7715.00 H:7715.25 L:7715.00 C:7715.00 V:104.0
  📈 Trend: moderate_bullish | 🌍 Regime: ranging
  🗺️  Grid: 0.100% | 🔺 7716.00 🔻 7715.00
  📡 RSI: 64.7 | MACD: 0.27 | ATR: 0.55
  📊 Filled: 0 | Pending: 0
  💰 Daily P&L: $-1,125.00

[2026-08-18 15:42] O:7715.00 H:7715.25 L:7714.75 C:7715.00 V:93.0
  📈 Trend: moderate_bullish (raw: strong_bullish) | 🌍 Regime: ranging
  🗺️  Grid: 0.100% | 🔺 7715.25 🔻 7715.00
  📡 RSI: 57.1 | MACD: 0.24 | ATR: 0.54
  📊 Filled: 0 | Pending: 0
  💰 Daily P&L: $-1,125.00

[2026-08-18 15:43] O:7714.75 H:7715.25 L:7714.75 C:7715.00 V:217.0
  📈 Trend: moderate_bullish (raw: strong_bullish) | 🌍 Regime: ranging
  🗺️  Grid: 0.100% | 🔺 7715.25 🔻 7714.75
  📡 RSI: 57.1 | MACD: 0.22 | ATR: 0.55
  📊 Filled: 0 | Pending: 0
  💰 Daily P&L: $-1,125.00

[2026-08-18 15:44] O:7714.75 H:7715.00 L:7714.50 C:7714.75 V:207.0
  📈 Trend: strong_bullish | 🌍 Regime: ranging
  🗺️  Grid: 0.100% | 🔺 7715.25 🔻 7714.75
  📡 RSI: 57.1 | MACD: 0.18 | ATR: 0.55
  📊 Filled: 0 | Pending: 0
  💰 Daily P&L: $-1,125.00

[2026-08-18 15:45] O:7714.50 H:7715.00 L:7714.50 C:7714.75 V:138.0
  📈 Trend: strong_bullish (raw: moderate_bullish) | 🌍 Regime: ranging
  🗺️  Grid: 0.100% | 🔺 7715.00 🔻 7714.50
  📡 RSI: 61.5 | MACD: 0.15 | ATR: 0.54
  📊 Filled: 0 | Pending: 0
  💰 Daily P&L: $-1,125.00

[2026-08-18 15:46] O:7714.75 H:7715.25 L:7713.75 C:7713.75 V:307.0
  📈 Trend: strong_bullish (raw: moderate_bearish) | 🌍 Regime: ranging
  🗺️  Grid: 0.100% | 🔺 7715.00 🔻 7714.50
  📡 RSI: 35.7 | MACD: 0.04 | ATR: 0.59
  📊 Filled: 0 | Pending: 0
  💰 Daily P&L: $-1,125.00

[2026-08-18 15:47] O:7713.75 H:7713.75 L:7711.25 C:7711.75 V:1131.0
  📈 Trend: strong_bullish (raw: strong_bearish) | 🌍 Regime: ranging
  🗺️  Grid: 0.100% | 🔺 7715.25 🔻 7713.75
  📡 RSI: 19.0 | MACD: -0.20 | ATR: 0.71
  📊 Filled: 0 | Pending: 0
  💰 Daily P&L: $-1,125.00

[2026-08-18 15:48] O:7712.00 H:7713.50 L:7711.50 C:7712.25 V:641.0
  📈 Trend: strong_bullish (raw: strong_bearish) | 🌍 Regime: ranging
  🗺️  Grid: 0.100% | 🔺 7713.75 🔻 7711.25
  📡 RSI: 22.7 | MACD: -0.35 | ATR: 0.82
  📊 Filled: 0 | Pending: 0
  🚫 ATR gate blocked LONG setup | RSI 19.0→22.7 in strong_bullish | ATR 0.82 < 1.00
  💰 Daily P&L: $-1,125.00

[2026-08-18 15:49] O:7712.25 H:7712.25 L:7711.50 C:7711.50 V:168.0
  📈 Trend: strong_bearish | 🌍 Regime: ranging
  🗺️  Grid: 0.100% | 🔺 7713.50 🔻 7711.50
  📡 RSI: 20.0 | MACD: -0.52 | ATR: 0.84
  📊 Filled: 0 | Pending: 0
  💰 Daily P&L: $-1,125.00

[2026-08-18 15:50] O:7711.75 H:7712.50 L:7711.50 C:7712.50 V:177.0
  📈 Trend: strong_bearish | 🌍 Regime: ranging
  🗺️  Grid: 0.100% | 🔺 7712.25 🔻 7711.50
  📡 RSI: 28.6 | MACD: -0.57 | ATR: 0.88
  📊 Filled: 0 | Pending: 0
  💰 Daily P&L: $-1,125.00

[2026-08-18 15:51] O:7712.25 H:7712.50 L:7712.00 C:7712.50 V:186.0
  📈 Trend: strong_bearish | 🌍 Regime: ranging
  🗺️  Grid: 0.100% | 🔺 7712.50 🔻 7711.50
  📡 RSI: 29.6 | MACD: -0.60 | ATR: 0.88
  📊 Filled: 0 | Pending: 0
  💰 Daily P&L: $-1,125.00

[2026-08-18 15:52] O:7712.25 H:7713.00 L:7712.25 C:7712.50 V:189.0
  📈 Trend: strong_bearish | 🌍 Regime: ranging
  🗺️  Grid: 0.100% | 🔺 7712.50 🔻 7712.00
  📡 RSI: 24.0 | MACD: -0.62 | ATR: 0.89
  📊 Filled: 0 | Pending: 0
  💰 Daily P&L: $-1,125.00

[2026-08-18 15:53] O:7712.50 H:7713.00 L:7712.50 C:7712.50 V:70.0
  📈 Trend: strong_bearish | 🌍 Regime: ranging
  🗺️  Grid: 0.100% | 🔺 7713.00 🔻 7712.25
  📡 RSI: 24.0 | MACD: -0.63 | ATR: 0.91
  📊 Filled: 0 | Pending: 0
  💰 Daily P&L: $-1,125.00

[2026-08-18 15:54] O:7712.75 H:7713.00 L:7712.50 C:7712.50 V:136.0
  📈 Trend: strong_bearish | 🌍 Regime: ranging
  🗺️  Grid: 0.100% | 🔺 7713.00 🔻 7712.50
  📡 RSI: 26.1 | MACD: -0.63 | ATR: 0.88
  📊 Filled: 0 | Pending: 0
  💰 Daily P&L: $-1,125.00

[2026-08-18 15:55] O:7712.50 H:7713.00 L:7712.25 C:7713.00 V:250.0
  📈 Trend: strong_bearish | 🌍 Regime: ranging
  🗺️  Grid: 0.100% | 🔺 7713.00 🔻 7712.50
  📡 RSI: 33.3 | MACD: -0.58 | ATR: 0.91
  📊 Filled: 0 | Pending: 0
  💰 Daily P&L: $-1,125.00

[2026-08-18 15:56] O:7713.00 H:7713.50 L:7713.00 C:7713.00 V:133.0
  📈 Trend: strong_bearish | 🌍 Regime: ranging
  🗺️  Grid: 0.100% | 🔺 7713.00 🔻 7712.25
  📡 RSI: 33.3 | MACD: -0.54 | ATR: 0.91
  📊 Filled: 0 | Pending: 0
  💰 Daily P&L: $-1,125.00

[2026-08-18 15:57] O:7713.00 H:7713.00 L:7712.50 C:7713.00 V:129.0
  📈 Trend: strong_bearish | 🌍 Regime: ranging
  🗺️  Grid: 0.100% | 🔺 7713.50 🔻 7713.00
  📡 RSI: 33.3 | MACD: -0.50 | ATR: 0.91
  📊 Filled: 0 | Pending: 0
  💰 Daily P&L: $-1,125.00
→ Real-time bars cancelled
✓ Disconnected from IBKR
