Logging to: es_robust_20260630_104014.log

============================================================
🛡️  ES ROBUST BOT — SCALP ROBUST MODE
   • 10 contract(s) max
   • MACD momentum filter
   • 5m trend alignment filter
   • Session low short filter
   • Trailing stop enabled
   • SL: ~8 pts | TP: ~12 pts | Trail activates: +6 pts
   • Session: 8:30–12:00 CT only
   • Client ID: 11
============================================================
✓ Connected to IBKR (paper) - clientId=11
✓ Front-month contract: ESU6 expiry=20260918

============================================================
Loading historical data for indicator warm-up...
============================================================
→ Fetching historical bars (1 D, 1 min)...
✓ Loaded 1001 historical bars

Processing 1001 historical bars...
  📊 5m warmup: 200 bars built | trend: strong_bullish | buffer: 1 bar(s) carried over

Indicators ready!
  Bars loaded: 1001
  Last price: 7534.25
  Trend: strong_bullish
  RSI: 57.4
  ATR: 3.05
  MACD: 2.82 / Signal: 3.54
  MA: 7534.11 / 7527.86 / 7509.53
  5m Trend: strong_bullish

------------------------------------------------------------
Account Value: $1,018,541.11
Buying Power: $4,039,674.21
Current Position: 0 contracts
------------------------------------------------------------

============================================================
Starting live 1-minute bar stream...
Strategy is now ACTIVE (client ID: 11)
============================================================

→ Subscribed to 5-second real-time bars (aggregating to 1 min)

[2026-06-30 09:40] O:7534.00 H:7536.25 L:7534.00 C:7534.75 V:1906.0
  📈 Trend: sideways (raw: strong_bullish) | 🌍 Regime: trending_bullish
  🗺️  Grid: 0.080% | 🔺 7534.25 🔻 7533.00
  📡 RSI: 54.0 | MACD: 2.59 (prev: 2.82) | ATR: 3.02
  📊 Filled: 0 | Pending: 0 | 5m: strong_bullish
  🚫 5m trend mismatch: 1m=sideways vs 5m=strong_bullish
  💰 Daily P&L: $+0.00

[2026-06-30 09:41] O:7534.50 H:7537.25 L:7531.25 C:7531.50 V:2625.0
  📈 Trend: sideways (raw: moderate_bullish) | 🌍 Regime: trending_bullish
  🗺️  Grid: 0.080% | 🔺 7536.25 🔻 7534.00
  📡 RSI: 48.0 | MACD: 2.11 (prev: 2.59) | ATR: 3.29
  📊 Filled: 0 | Pending: 0 | 5m: strong_bullish
  🚫 5m trend mismatch: 1m=sideways vs 5m=strong_bullish
  💰 Daily P&L: $+0.00

[2026-06-30 09:42] O:7531.50 H:7532.75 L:7529.25 C:7530.25 V:3065.0
  📈 Trend: moderate_bullish | 🌍 Regime: trending_bullish
  🗺️  Grid: 0.080% | 🔺 7537.25 🔻 7531.25
  📡 RSI: 45.6 | MACD: 1.62 (prev: 2.11) | ATR: 3.39
  📊 Filled: 0 | Pending: 0 | 5m: strong_bullish
  💰 Daily P&L: $+0.00

[2026-06-30 09:43] O:7530.25 H:7532.25 L:7529.00 C:7532.25 V:2428.0
  📈 Trend: moderate_bullish (raw: strong_bullish) | 🌍 Regime: trending_bullish
  🗺️  Grid: 0.080% | 🔺 7532.75 🔻 7529.25
  📡 RSI: 41.1 | MACD: 1.37 (prev: 1.62) | ATR: 3.27
  📊 Filled: 0 | Pending: 0 | 5m: strong_bullish
  💰 Daily P&L: $+0.00

[2026-06-30 09:44] O:7532.00 H:7535.75 L:7532.00 C:7535.75 V:2789.0
  📈 Trend: strong_bullish | 🌍 Regime: trending_bullish
  🗺️  Grid: 0.080% | 🔺 7532.25 🔻 7529.00
  📡 RSI: 45.1 | MACD: 1.45 (prev: 1.37) | ATR: 3.34
  📊 Filled: 0 | Pending: 0 | 5m: strong_bullish
  💰 Daily P&L: $+0.00

[2026-06-30 09:45] O:7535.50 H:7535.75 L:7533.50 C:7533.75 V:2140.0
  📈 Trend: strong_bullish | 🌍 Regime: trending_bullish
  🗺️  Grid: 0.080% | 🔺 7535.75 🔻 7532.00
  📡 RSI: 43.0 | MACD: 1.33 (prev: 1.45) | ATR: 3.29
  📊 Filled: 0 | Pending: 0 | 5m: strong_bullish
  💰 Daily P&L: $+0.00

[2026-06-30 09:46] O:7534.00 H:7534.00 L:7528.00 C:7528.25 V:3200.0
  📈 Trend: strong_bullish (raw: moderate_bullish) | 🌍 Regime: trending_bullish
  🗺️  Grid: 0.080% | 🔺 7535.75 🔻 7533.50
  📡 RSI: 34.1 | MACD: 0.78 (prev: 1.33) | ATR: 3.59
  📊 Filled: 0 | Pending: 0 | 5m: strong_bullish
  💰 Daily P&L: $+0.00

[2026-06-30 09:47] O:7528.50 H:7530.50 L:7527.25 C:7527.50 V:3519.0
  📈 Trend: moderate_bullish | 🌍 Regime: trending_bullish
  🗺️  Grid: 0.080% | 🔺 7534.00 🔻 7528.00
  📡 RSI: 26.5 | MACD: 0.28 (prev: 0.78) | ATR: 3.54
  📊 Filled: 0 | Pending: 0 | 5m: strong_bullish
  💰 Daily P&L: $+0.00

[2026-06-30 09:48] O:7527.25 H:7528.75 L:7523.75 C:7525.75 V:3469.0
  📈 Trend: moderate_bullish | 🌍 Regime: trending_bullish
  🗺️  Grid: 0.080% | 🔺 7530.50 🔻 7527.25
  📡 RSI: 27.4 | MACD: -0.25 (prev: 0.28) | ATR: 3.62
  📊 Filled: 0 | Pending: 0 | 5m: strong_bullish
  💰 Daily P&L: $+0.00

[2026-06-30 09:49] O:7525.75 H:7527.50 L:7525.00 C:7526.25 V:2703.0
  📈 Trend: moderate_bullish | 🌍 Regime: trending_bullish
  🗺️  Grid: 0.080% | 🔺 7528.75 🔻 7523.75
  📡 RSI: 28.1 | MACD: -0.63 (prev: -0.25) | ATR: 3.64
  📊 Filled: 0 | Pending: 0 | 5m: strong_bullish
  💰 Daily P&L: $+0.00

[2026-06-30 09:50] O:7526.00 H:7530.00 L:7525.50 C:7527.25 V:4044.0
  📈 Trend: moderate_bullish | 🌍 Regime: trending_bullish
  🗺️  Grid: 0.080% | 🔺 7527.50 🔻 7525.00
  📡 RSI: 32.4 | MACD: -0.84 (prev: -0.63) | ATR: 3.66
  📊 Filled: 0 | Pending: 0 | 5m: strong_bullish
  💰 Daily P&L: $+0.00

[2026-06-30 09:51] O:7527.50 H:7529.75 L:7526.00 C:7528.25 V:1979.0
  📈 Trend: moderate_bullish | 🌍 Regime: trending_bullish
  🗺️  Grid: 0.080% | 🔺 7530.00 🔻 7525.50
  📡 RSI: 40.8 | MACD: -0.91 (prev: -0.84) | ATR: 3.57
  📊 Filled: 0 | Pending: 0 | 5m: strong_bullish
  💰 Daily P&L: $+0.00

[2026-06-30 09:52] O:7528.00 H:7528.25 L:7525.00 C:7525.50 V:2648.0
  📈 Trend: moderate_bullish | 🌍 Regime: trending_bullish
  🗺️  Grid: 0.080% | 🔺 7529.75 🔻 7526.00
  📡 RSI: 34.9 | MACD: -1.17 (prev: -0.91) | ATR: 3.61
  📊 Filled: 0 | Pending: 0 | 5m: strong_bullish
  💰 Daily P&L: $+0.00

[2026-06-30 09:53] O:7525.75 H:7526.75 L:7523.75 C:7524.50 V:2427.0
  📈 Trend: moderate_bullish | 🌍 Regime: trending_bullish
  🗺️  Grid: 0.080% | 🔺 7528.25 🔻 7525.00
  📡 RSI: 31.8 | MACD: -1.45 (prev: -1.17) | ATR: 3.73
  📊 Filled: 0 | Pending: 0 | 5m: strong_bullish
  💰 Daily P&L: $+0.00

[2026-06-30 09:54] O:7524.50 H:7525.25 L:7520.25 C:7521.00 V:3749.0
  📈 Trend: moderate_bullish | 🌍 Regime: trending_bullish
  🗺️  Grid: 0.080% | 🔺 7526.75 🔻 7523.75
  📡 RSI: 26.9 | MACD: -1.93 (prev: -1.45) | ATR: 3.93
  📊 Filled: 0 | Pending: 0 | 5m: strong_bullish
  💰 Daily P&L: $+0.00

[2026-06-30 09:55] O:7521.00 H:7523.00 L:7519.00 C:7522.75 V:4158.0
  📈 Trend: moderate_bullish | 🌍 Regime: trending_bullish
  🗺️  Grid: 0.080% | 🔺 7525.25 🔻 7520.25
  📡 RSI: 34.5 | MACD: -2.14 (prev: -1.93) | ATR: 3.79
  📊 Filled: 0 | Pending: 0 | 5m: strong_bullish
  💰 Daily P&L: $+0.00

[2026-06-30 09:56] O:7522.50 H:7524.50 L:7519.25 C:7521.00 V:3537.0
  📈 Trend: moderate_bullish (raw: strong_bearish) | 🌍 Regime: ranging
  🗺️  Grid: 0.080% | 🔺 7523.00 🔻 7519.00
  📡 RSI: 33.9 | MACD: -2.42 (prev: -2.14) | ATR: 3.91
  📊 Filled: 0 | Pending: 0 | 5m: strong_bullish
  🔲 Regime: RANGING | Range pos: 11% | RSI: 33.9
  🚫 Raw trend blocks RANGING LONG | raw: strong_bearish
  💰 Daily P&L: $+0.00

[2026-06-30 09:57] O:7521.00 H:7522.50 L:7518.00 C:7519.25 V:3468.0
  📈 Trend: strong_bearish | 🌍 Regime: ranging
  🗺️  Grid: 0.080% | 🔺 7524.50 🔻 7519.25
  📡 RSI: 27.2 | MACD: -2.75 (prev: -2.42) | ATR: 4.00
  📊 Filled: 0 | Pending: 0 | 5m: strong_bullish
  🔲 Regime: RANGING | Range pos: 6% | RSI: 27.2
  🚫 Raw trend blocks RANGING LONG | raw: strong_bearish
  💰 Daily P&L: $+0.00

[2026-06-30 09:58] O:7519.00 H:7520.25 L:7516.75 C:7519.25 V:3860.0
  📈 Trend: strong_bearish | 🌍 Regime: ranging
  🗺️  Grid: 0.080% | 🔺 7522.50 🔻 7518.00
  📡 RSI: 17.0 | MACD: -2.98 (prev: -2.75) | ATR: 3.98
  📊 Filled: 0 | Pending: 0 | 5m: strong_bullish
  🔲 Regime: RANGING | Range pos: 12% | RSI: 17.0
  🚫 Raw trend blocks RANGING LONG | raw: strong_bearish
  💰 Daily P&L: $+0.00

[2026-06-30 09:59] O:7519.25 H:7522.25 L:7519.25 C:7520.50 V:2831.0
  📈 Trend: strong_bearish | 🌍 Regime: ranging
  🗺️  Grid: 0.080% | 🔺 7520.25 🔻 7516.75
  📡 RSI: 22.7 | MACD: -3.03 (prev: -2.98) | ATR: 4.04
  📊 Filled: 0 | Pending: 0 | 5m: strong_bullish
  🔲 Regime: RANGING | Range pos: 18% | RSI: 22.7
  🚫 Raw trend blocks RANGING LONG | raw: strong_bearish
  💰 Daily P&L: $+0.00

[2026-06-30 10:00] O:7520.50 H:7524.25 L:7520.00 C:7523.75 V:4512.0
  📈 Trend: strong_bearish | 🌍 Regime: trending_bearish
  🗺️  Grid: 0.080% | 🔺 7522.25 🔻 7519.25
  📡 RSI: 39.8 | MACD: -2.77 (prev: -3.03) | ATR: 3.91
  📊 Filled: 0 | Pending: 0 | 5m: strong_bullish
  🚫 5m trend mismatch: 1m=strong_bearish vs 5m=strong_bullish
  💰 Daily P&L: $+0.00

[2026-06-30 10:01] O:7523.75 H:7528.25 L:7523.25 C:7528.00 V:3683.0
  📈 Trend: strong_bearish (raw: moderate_bearish) | 🌍 Regime: ranging
  🗺️  Grid: 0.080% | 🔺 7524.25 🔻 7520.00
  📡 RSI: 51.0 | MACD: -2.20 (prev: -2.77) | ATR: 4.04
  📊 Filled: 0 | Pending: 0 | 5m: strong_bullish
  🔲 Regime: RANGING | Range pos: 55% | RSI: 51.0
  💰 Daily P&L: $+0.00

[2026-06-30 10:02] O:7527.75 H:7530.75 L:7526.50 C:7530.50 V:2787.0
  📈 Trend: moderate_bearish | 🌍 Regime: trending_bearish
  🗺️  Grid: 0.080% | 🔺 7528.25 🔻 7523.25
  📡 RSI: 59.0 | MACD: -1.53 (prev: -2.20) | ATR: 3.98
  📊 Filled: 0 | Pending: 0 | 5m: strong_bullish
  🚫 5m trend mismatch: 1m=moderate_bearish vs 5m=strong_bullish
  💰 Daily P&L: $+0.00

[2026-06-30 10:03] O:7530.25 H:7530.50 L:7528.00 C:7529.50 V:2564.0
  📈 Trend: moderate_bearish | 🌍 Regime: trending_bearish
  🗺️  Grid: 0.080% | 🔺 7530.75 🔻 7526.50
  📡 RSI: 56.1 | MACD: -1.06 (prev: -1.53) | ATR: 3.98
  📊 Filled: 0 | Pending: 0 | 5m: strong_bullish
  🚫 5m trend mismatch: 1m=moderate_bearish vs 5m=strong_bullish
  💰 Daily P&L: $+0.00

[2026-06-30 10:04] O:7529.50 H:7530.00 L:7527.50 C:7529.25 V:2114.0
  📈 Trend: moderate_bearish | 🌍 Regime: trending_bearish
  🗺️  Grid: 0.080% | 🔺 7530.50 🔻 7528.00
  📡 RSI: 53.8 | MACD: -0.71 (prev: -1.06) | ATR: 3.84
  📊 Filled: 0 | Pending: 0 | 5m: strong_bullish
  🚫 5m trend mismatch: 1m=moderate_bearish vs 5m=strong_bullish
  💰 Daily P&L: $+0.00

[2026-06-30 10:05] O:7529.25 H:7529.75 L:7527.25 C:7528.75 V:1816.0
  📈 Trend: moderate_bearish (raw: moderate_bullish) | 🌍 Regime: trending_bullish
  🗺️  Grid: 0.080% | 🔺 7530.00 🔻 7527.50
  📡 RSI: 51.0 | MACD: -0.46 (prev: -0.71) | ATR: 3.75
  📊 Filled: 0 | Pending: 0 | 5m: strong_bullish
  🚫 5m trend mismatch: 1m=moderate_bearish vs 5m=strong_bullish
  💰 Daily P&L: $+0.00

[2026-06-30 10:06] O:7528.75 H:7529.50 L:7526.25 C:7527.75 V:2295.0
  📈 Trend: moderate_bullish | 🌍 Regime: trending_bullish
  🗺️  Grid: 0.080% | 🔺 7529.75 🔻 7527.25
  📡 RSI: 54.7 | MACD: -0.34 (prev: -0.46) | ATR: 3.75
  📊 Filled: 0 | Pending: 0 | 5m: strong_bullish
  💰 Daily P&L: $+0.00

[2026-06-30 10:07] O:7527.50 H:7528.75 L:7525.50 C:7528.75 V:1818.0
  📈 Trend: moderate_bullish | 🌍 Regime: trending_bullish
  🗺️  Grid: 0.080% | 🔺 7529.50 🔻 7526.25
  📡 RSI: 58.9 | MACD: -0.16 (prev: -0.34) | ATR: 3.77
  📊 Filled: 0 | Pending: 0 | 5m: strong_bullish
  💰 Daily P&L: $+0.00

[2026-06-30 10:08] O:7528.75 H:7532.75 L:7528.75 C:7531.75 V:2407.0
  📈 Trend: moderate_bullish (raw: strong_bullish) | 🌍 Regime: ranging
  🗺️  Grid: 0.080% | 🔺 7528.75 🔻 7525.50
  📡 RSI: 73.1 | MACD: 0.22 (prev: -0.16) | ATR: 3.70
  📊 Filled: 0 | Pending: 0 | 5m: strong_bullish
  🔲 Regime: RANGING | Range pos: 73% | RSI: 73.1
  🚫 Raw trend blocks RANGING SHORT | raw: strong_bullish
  💰 Daily P&L: $+0.00

[2026-06-30 10:09] O:7531.50 H:7532.00 L:7529.75 C:7531.75 V:1861.0
  📈 Trend: strong_bullish | 🌍 Regime: ranging
  🗺️  Grid: 0.080% | 🔺 7532.75 🔻 7528.75
  📡 RSI: 70.9 | MACD: 0.51 (prev: 0.22) | ATR: 3.57
  📊 Filled: 0 | Pending: 0 | 5m: strong_bullish
  🔲 Regime: RANGING | Range pos: 73% | RSI: 70.9
  🚫 Raw trend blocks RANGING SHORT | raw: strong_bullish
  💰 Daily P&L: $+0.00

[2026-06-30 10:10] O:7532.00 H:7533.50 L:7531.00 C:7532.50 V:1898.0
  📈 Trend: strong_bullish | 🌍 Regime: ranging
  🗺️  Grid: 0.080% | 🔺 7532.00 🔻 7529.75
  📡 RSI: 78.0 | MACD: 0.80 (prev: 0.51) | ATR: 3.38
  📊 Filled: 0 | Pending: 0 | 5m: strong_bullish
  🔲 Regime: RANGING | Range pos: 77% | RSI: 78.0
  🚫 Raw trend blocks RANGING SHORT | raw: strong_bullish
  💰 Daily P&L: $+0.00

[2026-06-30 10:11] O:7532.50 H:7533.25 L:7530.75 C:7531.00 V:1513.0
  📈 Trend: strong_bullish | 🌍 Regime: ranging
  🗺️  Grid: 0.080% | 🔺 7533.50 🔻 7531.00
  📡 RSI: 79.0 | MACD: 0.89 (prev: 0.80) | ATR: 3.23
  📊 Filled: 0 | Pending: 0 | 5m: strong_bullish
  🔲 Regime: RANGING | Range pos: 70% | RSI: 79.0
  💰 Daily P&L: $+0.00

[2026-06-30 10:12] O:7531.00 H:7534.25 L:7530.75 C:7533.50 V:1915.0
  📈 Trend: strong_bullish | 🌍 Regime: ranging
  🗺️  Grid: 0.080% | 🔺 7533.25 🔻 7530.75
  📡 RSI: 81.3 | MACD: 1.16 (prev: 0.89) | ATR: 3.23
  📊 Filled: 0 | Pending: 0 | 5m: strong_bullish
  🔲 Regime: RANGING | Range pos: 82% | RSI: 81.3
  🚫 Raw trend blocks RANGING SHORT | raw: strong_bullish
  💰 Daily P&L: $+0.00

[2026-06-30 10:13] O:7533.75 H:7536.50 L:7533.75 C:7536.50 V:2621.0
  📈 Trend: strong_bullish | 🌍 Regime: ranging
  🗺️  Grid: 0.080% | 🔺 7534.25 🔻 7530.75
  📡 RSI: 82.7 | MACD: 1.59 (prev: 1.16) | ATR: 3.23
  📊 Filled: 0 | Pending: 0 | 5m: strong_bullish
  🔲 Regime: RANGING | Range pos: 96% | RSI: 82.7
  🚫 Raw trend blocks RANGING SHORT | raw: strong_bullish
  💰 Daily P&L: $+0.00

[2026-06-30 10:14] O:7536.25 H:7536.75 L:7534.25 C:7535.75 V:1950.0
  📈 Trend: strong_bullish | 🌍 Regime: ranging
  🗺️  Grid: 0.080% | 🔺 7536.50 🔻 7533.75
  📡 RSI: 77.3 | MACD: 1.85 (prev: 1.59) | ATR: 3.11
  📊 Filled: 0 | Pending: 0 | 5m: strong_bullish
  🔲 Regime: RANGING | Range pos: 93% | RSI: 77.3
  🚫 Raw trend blocks RANGING SHORT | raw: strong_bullish
  💰 Daily P&L: $+0.00

[2026-06-30 10:15] O:7535.50 H:7536.25 L:7532.75 C:7533.00 V:2665.0
  📈 Trend: strong_bullish | 🌍 Regime: ranging
  🗺️  Grid: 0.080% | 🔺 7536.75 🔻 7534.25
  📡 RSI: 62.2 | MACD: 1.81 (prev: 1.85) | ATR: 3.00
  📊 Filled: 0 | Pending: 0 | 5m: strong_bullish
  🔲 Regime: RANGING | Range pos: 79% | RSI: 62.2
  💰 Daily P&L: $+0.00

[2026-06-30 10:16] O:7533.25 H:7534.25 L:7532.00 C:7534.00 V:1799.0
  📈 Trend: strong_bullish | 🌍 Regime: trending_bullish
  🗺️  Grid: 0.080% | 🔺 7536.25 🔻 7532.75
  📡 RSI: 59.2 | MACD: 1.85 (prev: 1.81) | ATR: 2.86
  📊 Filled: 0 | Pending: 0 | 5m: strong_bullish
  💰 Daily P&L: $+0.00

[2026-06-30 10:17] O:7533.75 H:7534.00 L:7531.75 C:7532.00 V:1580.0
  📈 Trend: strong_bullish | 🌍 Regime: trending_bullish
  🗺️  Grid: 0.080% | 🔺 7534.25 🔻 7532.00
  📡 RSI: 56.2 | MACD: 1.69 (prev: 1.85) | ATR: 2.84
  📊 Filled: 0 | Pending: 0 | 5m: strong_bullish
  💰 Daily P&L: $+0.00

[2026-06-30 10:18] O:7531.75 H:7533.25 L:7531.50 C:7532.50 V:1770.0
  📈 Trend: strong_bullish | 🌍 Regime: trending_bullish
  🗺️  Grid: 0.080% | 🔺 7534.00 🔻 7531.75
  📡 RSI: 58.0 | MACD: 1.59 (prev: 1.69) | ATR: 2.79
  📊 Filled: 0 | Pending: 0 | 5m: strong_bullish
  💰 Daily P&L: $+0.00

[2026-06-30 10:19] O:7532.50 H:7533.25 L:7531.00 C:7533.00 V:1903.0
  📈 Trend: strong_bullish | 🌍 Regime: trending_bullish
  🗺️  Grid: 0.080% | 🔺 7533.25 🔻 7531.50
  📡 RSI: 60.5 | MACD: 1.53 (prev: 1.59) | ATR: 2.77
  📊 Filled: 0 | Pending: 0 | 5m: strong_bullish
  💰 Daily P&L: $+0.00

[2026-06-30 10:20] O:7533.00 H:7537.75 L:7533.00 C:7537.50 V:2621.0
  📈 Trend: strong_bullish | 🌍 Regime: trending_bullish
  🗺️  Grid: 0.080% | 🔺 7533.25 🔻 7531.00
  📡 RSI: 70.5 | MACD: 1.82 (prev: 1.53) | ATR: 2.88
  📊 Filled: 0 | Pending: 0 | 5m: strong_bullish
  💰 Daily P&L: $+0.00

[2026-06-30 10:21] O:7537.50 H:7537.75 L:7535.25 C:7536.25 V:2020.0
  📈 Trend: strong_bullish | 🌍 Regime: trending_bullish
  🗺️  Grid: 0.080% | 🔺 7537.75 🔻 7533.00
  📡 RSI: 65.6 | MACD: 1.94 (prev: 1.82) | ATR: 2.82
  📊 Filled: 0 | Pending: 0 | 5m: strong_bullish
  💰 Daily P&L: $+0.00

[2026-06-30 10:22] O:7536.25 H:7538.25 L:7536.00 C:7538.00 V:1682.0
  📈 Trend: strong_bullish | 🌍 Regime: trending_bullish
  🗺️  Grid: 0.080% | 🔺 7537.75 🔻 7535.25
  📡 RSI: 63.7 | MACD: 2.14 (prev: 1.94) | ATR: 2.70
  📊 Filled: 0 | Pending: 0 | 5m: strong_bullish
  💰 Daily P&L: $+0.00

[2026-06-30 10:23] O:7538.00 H:7540.00 L:7537.75 C:7538.75 V:2008.0
  📈 Trend: strong_bullish | 🌍 Regime: trending_bullish
  🗺️  Grid: 0.080% | 🔺 7538.25 🔻 7536.00
  📡 RSI: 64.9 | MACD: 2.34 (prev: 2.14) | ATR: 2.70
  📊 Filled: 0 | Pending: 0 | 5m: strong_bullish
  💰 Daily P&L: $+0.00

[2026-06-30 10:24] O:7538.75 H:7540.00 L:7537.50 C:7539.25 V:2061.0
  📈 Trend: strong_bullish | 🌍 Regime: trending_bullish
  🗺️  Grid: 0.080% | 🔺 7540.00 🔻 7537.75
  📡 RSI: 64.5 | MACD: 2.50 (prev: 2.34) | ATR: 2.70
  📊 Filled: 0 | Pending: 0 | 5m: strong_bullish
  💰 Daily P&L: $+0.00

[2026-06-30 10:25] O:7539.25 H:7540.25 L:7538.25 C:7540.25 V:2333.0
  📈 Trend: strong_bullish | 🌍 Regime: trending_bullish
  🗺️  Grid: 0.080% | 🔺 7540.00 🔻 7537.50
  📡 RSI: 70.3 | MACD: 2.69 (prev: 2.50) | ATR: 2.66
  📊 Filled: 0 | Pending: 0 | 5m: strong_bullish
  💰 Daily P&L: $+0.00

[2026-06-30 10:26] O:7540.50 H:7541.00 L:7537.75 C:7541.00 V:1823.0
  📈 Trend: strong_bullish | 🌍 Regime: trending_bullish
  🗺️  Grid: 0.080% | 🔺 7540.25 🔻 7538.25
  📡 RSI: 67.9 | MACD: 2.86 (prev: 2.69) | ATR: 2.64
  📊 Filled: 0 | Pending: 0 | 5m: strong_bullish
  💰 Daily P&L: $+0.00

[2026-06-30 10:27] O:7540.75 H:7541.50 L:7540.00 C:7540.50 V:2160.0
  📈 Trend: strong_bullish | 🌍 Regime: trending_bullish
  🗺️  Grid: 0.080% | 🔺 7541.00 🔻 7537.75
  📡 RSI: 60.8 | MACD: 2.92 (prev: 2.86) | ATR: 2.54
  📊 Filled: 0 | Pending: 0 | 5m: strong_bullish
  💰 Daily P&L: $+0.00

[2026-06-30 10:28] O:7540.50 H:7541.25 L:7538.75 C:7540.25 V:2131.0
  📈 Trend: strong_bullish | 🌍 Regime: trending_bullish
  🗺️  Grid: 0.080% | 🔺 7541.50 🔻 7540.00
  📡 RSI: 62.5 | MACD: 2.92 (prev: 2.92) | ATR: 2.54
  📊 Filled: 0 | Pending: 0 | 5m: strong_bullish
  💰 Daily P&L: $+0.00

[2026-06-30 10:29] O:7540.25 H:7541.50 L:7539.50 C:7540.50 V:1965.0
  📈 Trend: strong_bullish | 🌍 Regime: trending_bullish
  🗺️  Grid: 0.080% | 🔺 7541.25 🔻 7538.75
  📡 RSI: 74.2 | MACD: 2.90 (prev: 2.92) | ATR: 2.43
  📊 Filled: 0 | Pending: 0 | 5m: strong_bullish
  💰 Daily P&L: $+0.00

[2026-06-30 10:30] O:7540.50 H:7541.00 L:7538.25 C:7539.00 V:3226.0
  📈 Trend: strong_bullish | 🌍 Regime: ranging
  🗺️  Grid: 0.080% | 🔺 7541.50 🔻 7539.50
  📡 RSI: 65.6 | MACD: 2.73 (prev: 2.90) | ATR: 2.46
  📊 Filled: 0 | Pending: 0 | 5m: strong_bullish
  🔲 Regime: RANGING | Range pos: 90% | RSI: 65.6
  💰 Daily P&L: $+0.00

[2026-06-30 10:31] O:7539.25 H:7540.50 L:7538.75 C:7539.00 V:1373.0
  📈 Trend: strong_bullish | 🌍 Regime: ranging
  🗺️  Grid: 0.080% | 🔺 7541.00 🔻 7538.25
  📡 RSI: 75.0 | MACD: 2.57 (prev: 2.73) | ATR: 2.43
  📊 Filled: 0 | Pending: 0 | 5m: strong_bullish
  🔲 Regime: RANGING | Range pos: 90% | RSI: 75.0
  🚫 Raw trend blocks RANGING SHORT | raw: strong_bullish
  💰 Daily P&L: $+0.00

[2026-06-30 10:32] O:7539.25 H:7541.00 L:7539.25 C:7540.75 V:1381.0
  📈 Trend: strong_bullish | 🌍 Regime: ranging
  🗺️  Grid: 0.080% | 🔺 7540.50 🔻 7538.75
  📡 RSI: 77.0 | MACD: 2.56 (prev: 2.57) | ATR: 2.45
  📊 Filled: 0 | Pending: 0 | 5m: strong_bullish
  🔲 Regime: RANGING | Range pos: 97% | RSI: 77.0
  🚫 Raw trend blocks RANGING SHORT | raw: strong_bullish
  💰 Daily P&L: $+0.00

[2026-06-30 10:33] O:7540.50 H:7541.50 L:7538.75 C:7539.00 V:1550.0
  📈 Trend: strong_bullish | 🌍 Regime: ranging
  🗺️  Grid: 0.080% | 🔺 7541.00 🔻 7539.25
  📡 RSI: 68.2 | MACD: 2.37 (prev: 2.56) | ATR: 2.48
  📊 Filled: 0 | Pending: 0 | 5m: strong_bullish
  🔲 Regime: RANGING | Range pos: 90% | RSI: 68.2
  💰 Daily P&L: $+0.00

[2026-06-30 10:34] O:7539.00 H:7542.50 L:7538.75 C:7542.25 V:2796.0
  📈 Trend: strong_bullish | 🌍 Regime: ranging
  🗺️  Grid: 0.080% | 🔺 7541.50 🔻 7538.75
  📡 RSI: 65.6 | MACD: 2.46 (prev: 2.37) | ATR: 2.41
  📊 Filled: 0 | Pending: 0 | 5m: strong_bullish
  🔲 Regime: RANGING | Range pos: 99% | RSI: 65.6
  💰 Daily P&L: $+0.00

[2026-06-30 10:35] O:7542.25 H:7542.75 L:7539.00 C:7539.50 V:2697.0
  📈 Trend: strong_bullish | 🌍 Regime: ranging
  🗺️  Grid: 0.080% | 🔺 7542.50 🔻 7538.75
  📡 RSI: 59.7 | MACD: 2.29 (prev: 2.46) | ATR: 2.50
  📊 Filled: 0 | Pending: 0 | 5m: strong_bullish
  🔲 Regime: RANGING | Range pos: 88% | RSI: 59.7
  💰 Daily P&L: $+0.00

[2026-06-30 10:36] O:7539.75 H:7539.75 L:7537.75 C:7539.00 V:2204.0
  📈 Trend: strong_bullish | 🌍 Regime: ranging
  🗺️  Grid: 0.080% | 🔺 7542.75 🔻 7539.00
  📡 RSI: 53.2 | MACD: 2.08 (prev: 2.29) | ATR: 2.48
  📊 Filled: 0 | Pending: 0 | 5m: strong_bullish
  🔲 Regime: RANGING | Range pos: 86% | RSI: 53.2
  💰 Daily P&L: $+0.00

[2026-06-30 10:37] O:7539.00 H:7539.00 L:7537.25 C:7537.75 V:1667.0
  📈 Trend: strong_bullish | 🌍 Regime: ranging
  🗺️  Grid: 0.080% | 🔺 7539.75 🔻 7537.75
  📡 RSI: 46.9 | MACD: 1.80 (prev: 2.08) | ATR: 2.45
  📊 Filled: 0 | Pending: 0 | 5m: strong_bullish
  🔲 Regime: RANGING | Range pos: 81% | RSI: 46.9
  💰 Daily P&L: $+0.00

[2026-06-30 10:38] O:7537.75 H:7538.00 L:7536.25 C:7536.75 V:1950.0
  📈 Trend: strong_bullish | 🌍 Regime: ranging
  🗺️  Grid: 0.080% | 🔺 7539.00 🔻 7537.25
  📡 RSI: 42.4 | MACD: 1.48 (prev: 1.80) | ATR: 2.39
  📊 Filled: 0 | Pending: 0 | 5m: strong_bullish
  🔲 Regime: RANGING | Range pos: 77% | RSI: 42.4
  💰 Daily P&L: $+0.00

[2026-06-30 10:39] O:7537.00 H:7537.50 L:7536.50 C:7537.00 V:1011.0
  📈 Trend: strong_bullish (raw: moderate_bullish) | 🌍 Regime: ranging
  🗺️  Grid: 0.080% | 🔺 7538.00 🔻 7536.25
  📡 RSI: 39.7 | MACD: 1.23 (prev: 1.48) | ATR: 2.32
  📊 Filled: 0 | Pending: 0 | 5m: strong_bullish
  🔲 Regime: RANGING | Range pos: 78% | RSI: 39.7
  💰 Daily P&L: $+0.00

[2026-06-30 10:40] O:7537.00 H:7539.25 L:7536.00 C:7536.25 V:1704.0
  📈 Trend: moderate_bullish | 🌍 Regime: ranging
  🗺️  Grid: 0.080% | 🔺 7537.50 🔻 7536.50
  📡 RSI: 34.9 | MACD: 0.96 (prev: 1.23) | ATR: 2.32
  📊 Filled: 0 | Pending: 0 | 5m: strong_bullish
  🔲 Regime: RANGING | Range pos: 75% | RSI: 34.9
  💰 Daily P&L: $+0.00

[2026-06-30 10:41] O:7536.50 H:7540.25 L:7535.50 C:7539.50 V:1614.0
  📈 Trend: moderate_bullish (raw: strong_bullish) | 🌍 Regime: ranging
  🗺️  Grid: 0.080% | 🔺 7539.25 🔻 7536.00
  📡 RSI: 47.3 | MACD: 1.00 (prev: 0.96) | ATR: 2.55
  📊 Filled: 0 | Pending: 0 | 5m: strong_bullish
  🔲 Regime: RANGING | Range pos: 88% | RSI: 47.3
  💰 Daily P&L: $+0.00

[2026-06-30 10:42] O:7539.50 H:7539.50 L:7536.75 C:7538.75 V:1362.0
  📈 Trend: moderate_bullish | 🌍 Regime: ranging
  🗺️  Grid: 0.080% | 🔺 7540.25 🔻 7535.50
  📡 RSI: 46.1 | MACD: 0.95 (prev: 1.00) | ATR: 2.57
  📊 Filled: 0 | Pending: 0 | 5m: strong_bullish
  🔲 Regime: RANGING | Range pos: 85% | RSI: 46.1
  💰 Daily P&L: $+0.00

[2026-06-30 10:43] O:7538.75 H:7539.00 L:7537.00 C:7537.75 V:1091.0
  📈 Trend: moderate_bullish | 🌍 Regime: ranging
  🗺️  Grid: 0.080% | 🔺 7539.50 🔻 7536.75
  📡 RSI: 43.0 | MACD: 0.83 (prev: 0.95) | ATR: 2.57
  📊 Filled: 0 | Pending: 0 | 5m: strong_bullish
  🔲 Regime: RANGING | Range pos: 81% | RSI: 43.0
  💰 Daily P&L: $+0.00

[2026-06-30 10:44] O:7537.75 H:7538.50 L:7537.25 C:7537.75 V:1061.0
  📈 Trend: moderate_bullish | 🌍 Regime: ranging
  🗺️  Grid: 0.080% | 🔺 7539.00 🔻 7537.00
  📡 RSI: 46.6 | MACD: 0.72 (prev: 0.83) | ATR: 2.46
  📊 Filled: 0 | Pending: 0 | 5m: strong_bullish
  🔲 Regime: RANGING | Range pos: 81% | RSI: 46.6
  💰 Daily P&L: $+0.00

[2026-06-30 10:45] O:7537.75 H:7541.25 L:7537.75 C:7541.00 V:1480.0
  📈 Trend: moderate_bullish | 🌍 Regime: ranging
  🗺️  Grid: 0.080% | 🔺 7538.50 🔻 7537.25
  📡 RSI: 54.7 | MACD: 0.89 (prev: 0.72) | ATR: 2.59
  📊 Filled: 0 | Pending: 0 | 5m: strong_bullish
  🔲 Regime: RANGING | Range pos: 93% | RSI: 54.7
  💰 Daily P&L: $+0.00

[2026-06-30 10:46] O:7541.25 H:7543.50 L:7541.00 C:7543.00 V:2365.0
  📈 Trend: moderate_bullish (raw: strong_bullish) | 🌍 Regime: ranging
  🗺️  Grid: 0.080% | 🔺 7541.25 🔻 7537.75
  📡 RSI: 55.2 | MACD: 1.17 (prev: 0.89) | ATR: 2.62
  📊 Filled: 0 | Pending: 0 | 5m: strong_bullish
  🔲 Regime: RANGING | Range pos: 98% | RSI: 55.2
  💰 Daily P&L: $+0.00

[2026-06-30 10:47] O:7543.00 H:7544.50 L:7542.50 C:7542.75 V:1958.0
  📈 Trend: strong_bullish | 🌍 Regime: ranging
  🗺️  Grid: 0.080% | 🔺 7543.50 🔻 7541.00
  📡 RSI: 59.3 | MACD: 1.36 (prev: 1.17) | ATR: 2.57
  📊 Filled: 0 | Pending: 0 | 5m: strong_bullish
  🔲 Regime: RANGING | Range pos: 94% | RSI: 59.3
  💰 Daily P&L: $+0.00

[2026-06-30 10:48] O:7543.00 H:7543.50 L:7540.75 C:7541.75 V:1696.0
  📈 Trend: strong_bullish | 🌍 Regime: ranging
  🗺️  Grid: 0.080% | 🔺 7544.50 🔻 7542.50
  📡 RSI: 48.6 | MACD: 1.41 (prev: 1.36) | ATR: 2.50
  📊 Filled: 0 | Pending: 0 | 5m: strong_bullish
  🔲 Regime: RANGING | Range pos: 90% | RSI: 48.6
  💰 Daily P&L: $+0.00

[2026-06-30 10:49] O:7541.75 H:7542.25 L:7541.00 C:7541.50 V:1106.0
  📈 Trend: strong_bullish | 🌍 Regime: ranging
  🗺️  Grid: 0.080% | 🔺 7543.50 🔻 7540.75
  📡 RSI: 56.5 | MACD: 1.41 (prev: 1.41) | ATR: 2.32
  📊 Filled: 0 | Pending: 0 | 5m: strong_bullish
  🔲 Regime: RANGING | Range pos: 89% | RSI: 56.5
  💰 Daily P&L: $+0.00

[2026-06-30 10:50] O:7541.50 H:7543.25 L:7541.00 C:7542.00 V:3125.0
  📈 Trend: strong_bullish | 🌍 Regime: ranging
  🗺️  Grid: 0.080% | 🔺 7542.25 🔻 7541.00
  📡 RSI: 59.7 | MACD: 1.44 (prev: 1.41) | ATR: 2.34
  📊 Filled: 0 | Pending: 0 | 5m: strong_bullish
  🔲 Regime: RANGING | Range pos: 91% | RSI: 59.7
  💰 Daily P&L: $+0.00

[2026-06-30 10:51] O:7542.00 H:7542.25 L:7540.25 C:7540.75 V:1764.0
  📈 Trend: strong_bullish | 🌍 Regime: ranging
  🗺️  Grid: 0.080% | 🔺 7543.25 🔻 7541.00
  📡 RSI: 59.7 | MACD: 1.35 (prev: 1.44) | ATR: 2.36
  📊 Filled: 0 | Pending: 0 | 5m: strong_bullish
  🔲 Regime: RANGING | Range pos: 86% | RSI: 59.7
  💰 Daily P&L: $+0.00

[2026-06-30 10:52] O:7541.00 H:7542.50 L:7540.00 C:7542.25 V:1277.0
  📈 Trend: strong_bullish | 🌍 Regime: ranging
  🗺️  Grid: 0.080% | 🔺 7542.25 🔻 7540.25
  📡 RSI: 67.2 | MACD: 1.38 (prev: 1.35) | ATR: 2.41
  📊 Filled: 0 | Pending: 0 | 5m: strong_bullish
  🔲 Regime: RANGING | Range pos: 92% | RSI: 67.2
  💰 Daily P&L: $+0.00

[2026-06-30 10:53] O:7542.25 H:7544.25 L:7542.00 C:7544.00 V:1309.0
  📈 Trend: strong_bullish | 🌍 Regime: ranging
  🗺️  Grid: 0.080% | 🔺 7542.50 🔻 7540.00
  📡 RSI: 70.0 | MACD: 1.52 (prev: 1.38) | ATR: 2.50
  📊 Filled: 0 | Pending: 0 | 5m: strong_bullish
  🔲 Regime: RANGING | Range pos: 98% | RSI: 70.0
  💰 Daily P&L: $+0.00

[2026-06-30 10:54] O:7544.00 H:7545.00 L:7543.50 C:7544.00 V:1444.0
  📈 Trend: strong_bullish | 🌍 Regime: ranging
  🗺️  Grid: 0.080% | 🔺 7544.25 🔻 7542.00
  📡 RSI: 73.1 | MACD: 1.62 (prev: 1.52) | ATR: 2.38
  📊 Filled: 0 | Pending: 0 | 5m: strong_bullish
  🔲 Regime: RANGING | Range pos: 96% | RSI: 73.1
  🚫 Raw trend blocks RANGING SHORT | raw: strong_bullish
  💰 Daily P&L: $+0.00

[2026-06-30 10:55] O:7544.00 H:7546.50 L:7543.25 C:7546.50 V:2588.0
  📈 Trend: strong_bullish | 🌍 Regime: ranging
  🗺️  Grid: 0.080% | 🔺 7545.00 🔻 7543.50
  📡 RSI: 71.9 | MACD: 1.88 (prev: 1.62) | ATR: 2.27
  📊 Filled: 0 | Pending: 0 | 5m: strong_bullish
  🔲 Regime: RANGING | Range pos: 100% | RSI: 71.9
  🚫 Raw trend blocks RANGING SHORT | raw: strong_bullish
  💰 Daily P&L: $+0.00

[2026-06-30 10:56] O:7546.50 H:7547.50 L:7545.75 C:7547.50 V:2066.0
  📈 Trend: strong_bullish | 🌍 Regime: ranging
  🗺️  Grid: 0.080% | 🔺 7546.50 🔻 7543.25
  📡 RSI: 76.9 | MACD: 2.14 (prev: 1.88) | ATR: 2.20
  📊 Filled: 0 | Pending: 0 | 5m: strong_bullish
  🔲 Regime: RANGING | Range pos: 100% | RSI: 76.9
  🚫 Raw trend blocks RANGING SHORT | raw: strong_bullish
  💰 Daily P&L: $+0.00

[2026-06-30 10:57] O:7547.50 H:7547.75 L:7546.50 C:7547.25 V:1583.0
  📈 Trend: strong_bullish | 🌍 Regime: ranging
  🗺️  Grid: 0.080% | 🔺 7547.50 🔻 7545.75
  📡 RSI: 80.6 | MACD: 2.30 (prev: 2.14) | ATR: 2.14
  📊 Filled: 0 | Pending: 0 | 5m: strong_bullish
  🔲 Regime: RANGING | Range pos: 98% | RSI: 80.6
  🚫 Raw trend blocks RANGING SHORT | raw: strong_bullish
  💰 Daily P&L: $+0.00

[2026-06-30 10:58] O:7547.50 H:7547.50 L:7545.50 C:7545.75 V:2054.0
  📈 Trend: strong_bullish | 🌍 Regime: ranging
  🗺️  Grid: 0.080% | 🔺 7547.75 🔻 7546.50
  📡 RSI: 73.5 | MACD: 2.28 (prev: 2.30) | ATR: 2.20
  📊 Filled: 0 | Pending: 0 | 5m: strong_bullish
  🔲 Regime: RANGING | Range pos: 94% | RSI: 73.5
  🚫 Raw trend blocks RANGING SHORT | raw: strong_bullish
  💰 Daily P&L: $+0.00

[2026-06-30 10:59] O:7545.75 H:7546.25 L:7544.75 C:7545.75 V:1939.0
  📈 Trend: strong_bullish | 🌍 Regime: ranging
  🗺️  Grid: 0.080% | 🔺 7547.50 🔻 7545.50
  📡 RSI: 67.3 | MACD: 2.24 (prev: 2.28) | ATR: 2.05
  📊 Filled: 0 | Pending: 0 | 5m: strong_bullish
  🔲 Regime: RANGING | Range pos: 94% | RSI: 67.3
  💰 Daily P&L: $+0.00

[2026-06-30 11:00] O:7545.50 H:7548.50 L:7545.25 C:7547.50 V:2622.0
  📈 Trend: strong_bullish | 🌍 Regime: ranging
  🗺️  Grid: 0.080% | 🔺 7546.25 🔻 7544.75
  📡 RSI: 66.7 | MACD: 2.32 (prev: 2.24) | ATR: 2.11
  📊 Filled: 0 | Pending: 0 | 5m: strong_bullish
  🔲 Regime: RANGING | Range pos: 97% | RSI: 66.7
  💰 Daily P&L: $+0.00

[2026-06-30 11:01] O:7547.75 H:7549.50 L:7547.50 C:7549.00 V:1657.0
  📈 Trend: strong_bullish | 🌍 Regime: ranging
  🗺️  Grid: 0.080% | 🔺 7548.50 🔻 7545.25
  📡 RSI: 71.2 | MACD: 2.47 (prev: 2.32) | ATR: 2.11
  📊 Filled: 0 | Pending: 0 | 5m: strong_bullish
  🔲 Regime: RANGING | Range pos: 98% | RSI: 71.2
  🚫 Raw trend blocks RANGING SHORT | raw: strong_bullish
  💰 Daily P&L: $+0.00

[2026-06-30 11:02] O:7549.00 H:7549.00 L:7547.50 C:7549.00 V:1465.0
  📈 Trend: strong_bullish | 🌍 Regime: ranging
  🗺️  Grid: 0.080% | 🔺 7549.50 🔻 7547.50
  📡 RSI: 76.4 | MACD: 2.57 (prev: 2.47) | ATR: 2.02
  📊 Filled: 0 | Pending: 0 | 5m: strong_bullish
  🔲 Regime: RANGING | Range pos: 98% | RSI: 76.4
  🚫 Raw trend blocks RANGING SHORT | raw: strong_bullish
  💰 Daily P&L: $+0.00

[2026-06-30 11:03] O:7549.00 H:7549.25 L:7548.00 C:7548.50 V:1364.0
  📈 Trend: strong_bullish | 🌍 Regime: ranging
  🗺️  Grid: 0.080% | 🔺 7549.00 🔻 7547.50
  📡 RSI: 75.0 | MACD: 2.57 (prev: 2.57) | ATR: 2.02
  📊 Filled: 0 | Pending: 0 | 5m: strong_bullish
  🔲 Regime: RANGING | Range pos: 97% | RSI: 75.0
  🚫 Raw trend blocks RANGING SHORT | raw: strong_bullish
  💰 Daily P&L: $+0.00

[2026-06-30 11:04] O:7548.50 H:7548.50 L:7547.00 C:7548.00 V:1185.0
  📈 Trend: strong_bullish | 🌍 Regime: ranging
  🗺️  Grid: 0.080% | 🔺 7549.25 🔻 7548.00
  📡 RSI: 71.4 | MACD: 2.51 (prev: 2.57) | ATR: 1.96
  📊 Filled: 0 | Pending: 0 | 5m: strong_bullish
  🔲 Regime: RANGING | Range pos: 95% | RSI: 71.4
  🚫 Raw trend blocks RANGING SHORT | raw: strong_bullish
  💰 Daily P&L: $+0.00

[2026-06-30 11:05] O:7548.25 H:7549.75 L:7547.75 C:7549.25 V:1910.0
  📈 Trend: strong_bullish | 🌍 Regime: ranging
  🗺️  Grid: 0.080% | 🔺 7548.50 🔻 7547.00
  📡 RSI: 80.4 | MACD: 2.53 (prev: 2.51) | ATR: 1.96
  📊 Filled: 0 | Pending: 0 | 5m: strong_bullish
  🔲 Regime: RANGING | Range pos: 98% | RSI: 80.4
  🚫 Raw trend blocks RANGING SHORT | raw: strong_bullish
  💰 Daily P&L: $+0.00

[2026-06-30 11:06] O:7549.50 H:7552.25 L:7549.25 C:7552.25 V:2241.0
  📈 Trend: strong_bullish | 🌍 Regime: ranging
  🗺️  Grid: 0.080% | 🔺 7549.75 🔻 7547.75
  📡 RSI: 82.3 | MACD: 2.75 (prev: 2.53) | ATR: 2.00
  📊 Filled: 0 | Pending: 0 | 5m: strong_bullish
  🔲 Regime: RANGING | Range pos: 100% | RSI: 82.3
  🚫 Raw trend blocks RANGING SHORT | raw: strong_bullish
  💰 Daily P&L: $+0.00

[2026-06-30 11:07] O:7552.25 H:7552.25 L:7550.25 C:7551.00 V:1575.0
  📈 Trend: strong_bullish | 🌍 Regime: ranging
  🗺️  Grid: 0.080% | 🔺 7552.25 🔻 7549.25
  📡 RSI: 73.3 | MACD: 2.80 (prev: 2.75) | ATR: 1.98
  📊 Filled: 0 | Pending: 0 | 5m: strong_bullish
  🔲 Regime: RANGING | Range pos: 96% | RSI: 73.3
  🚫 Raw trend blocks RANGING SHORT | raw: strong_bullish
  💰 Daily P&L: $+0.00

[2026-06-30 11:08] O:7551.00 H:7551.00 L:7548.75 C:7549.00 V:1937.0
  📈 Trend: strong_bullish | 🌍 Regime: ranging
  🗺️  Grid: 0.080% | 🔺 7552.25 🔻 7550.25
  📡 RSI: 64.7 | MACD: 2.64 (prev: 2.80) | ATR: 2.04
  📊 Filled: 0 | Pending: 0 | 5m: strong_bullish
  🔲 Regime: RANGING | Range pos: 91% | RSI: 64.7
  💰 Daily P&L: $+0.00

[2026-06-30 11:09] O:7549.00 H:7549.00 L:7547.75 C:7548.50 V:1128.0
  📈 Trend: strong_bullish | 🌍 Regime: ranging
  🗺️  Grid: 0.080% | 🔺 7551.00 🔻 7548.75
  📡 RSI: 56.7 | MACD: 2.45 (prev: 2.64) | ATR: 1.89
  📊 Filled: 0 | Pending: 0 | 5m: strong_bullish
  🔲 Regime: RANGING | Range pos: 89% | RSI: 56.7
  💰 Daily P&L: $+0.00

[2026-06-30 11:10] O:7548.50 H:7550.00 L:7548.50 C:7550.00 V:1275.0
  📈 Trend: strong_bullish | 🌍 Regime: ranging
  🗺️  Grid: 0.080% | 🔺 7549.00 🔻 7547.75
  📡 RSI: 58.1 | MACD: 2.39 (prev: 2.45) | ATR: 1.88
  📊 Filled: 0 | Pending: 0 | 5m: strong_bullish
  🔲 Regime: RANGING | Range pos: 94% | RSI: 58.1
  💰 Daily P&L: $+0.00

[2026-06-30 11:11] O:7550.00 H:7550.00 L:7548.75 C:7549.50 V:1268.0
  📈 Trend: strong_bullish | 🌍 Regime: ranging
  🗺️  Grid: 0.080% | 🔺 7550.00 🔻 7548.50
  📡 RSI: 57.1 | MACD: 2.28 (prev: 2.39) | ATR: 1.88
  📊 Filled: 0 | Pending: 0 | 5m: strong_bullish
  🔲 Regime: RANGING | Range pos: 92% | RSI: 57.1
  💰 Daily P&L: $+0.00

[2026-06-30 11:12] O:7549.50 H:7551.00 L:7549.00 C:7549.25 V:1539.0
  📈 Trend: strong_bullish | 🌍 Regime: ranging
  🗺️  Grid: 0.080% | 🔺 7550.00 🔻 7548.75
  📡 RSI: 62.1 | MACD: 2.15 (prev: 2.28) | ATR: 1.88
  📊 Filled: 0 | Pending: 0 | 5m: strong_bullish
  🔲 Regime: RANGING | Range pos: 92% | RSI: 62.1
  💰 Daily P&L: $+0.00

[2026-06-30 11:13] O:7549.25 H:7549.50 L:7548.00 C:7548.75 V:1087.0
  📈 Trend: strong_bullish | 🌍 Regime: ranging
  🗺️  Grid: 0.080% | 🔺 7551.00 🔻 7549.00
  📡 RSI: 60.0 | MACD: 1.98 (prev: 2.15) | ATR: 1.88
  📊 Filled: 0 | Pending: 0 | 5m: strong_bullish
  🔲 Regime: RANGING | Range pos: 90% | RSI: 60.0
  💰 Daily P&L: $+0.00

[2026-06-30 11:14] O:7548.75 H:7551.00 L:7548.25 C:7550.50 V:1255.0
  📈 Trend: strong_bullish | 🌍 Regime: ranging
  🗺️  Grid: 0.080% | 🔺 7549.50 🔻 7548.00
  📡 RSI: 60.0 | MACD: 1.96 (prev: 1.98) | ATR: 1.84
  📊 Filled: 0 | Pending: 0 | 5m: strong_bullish
  🔲 Regime: RANGING | Range pos: 95% | RSI: 60.0
  💰 Daily P&L: $+0.00

[2026-06-30 11:15] O:7550.50 H:7551.25 L:7549.50 C:7551.00 V:1269.0
  📈 Trend: strong_bullish | 🌍 Regime: ranging
  🗺️  Grid: 0.080% | 🔺 7551.00 🔻 7548.25
  📡 RSI: 57.1 | MACD: 1.97 (prev: 1.96) | ATR: 1.82
  📊 Filled: 0 | Pending: 0 | 5m: strong_bullish
  🔲 Regime: RANGING | Range pos: 96% | RSI: 57.1
  💰 Daily P&L: $+0.00

[2026-06-30 11:16] O:7551.25 H:7555.25 L:7551.00 C:7553.25 V:3162.0
  📈 Trend: strong_bullish | 🌍 Regime: ranging
  🗺️  Grid: 0.080% | 🔺 7551.25 🔻 7549.50
  📡 RSI: 63.1 | MACD: 2.13 (prev: 1.97) | ATR: 2.02
  📊 Filled: 0 | Pending: 0 | 5m: strong_bullish
  🔲 Regime: RANGING | Range pos: 95% | RSI: 63.1
  💰 Daily P&L: $+0.00

[2026-06-30 11:17] O:7553.25 H:7553.50 L:7552.00 C:7552.50 V:1439.0
  📈 Trend: strong_bullish | 🌍 Regime: ranging
  🗺️  Grid: 0.080% | 🔺 7555.25 🔻 7551.00
  📡 RSI: 62.1 | MACD: 2.17 (prev: 2.13) | ATR: 2.04
  📊 Filled: 0 | Pending: 0 | 5m: strong_bullish
  🔲 Regime: RANGING | Range pos: 93% | RSI: 62.1
  💰 Daily P&L: $+0.00

[2026-06-30 11:18] O:7552.50 H:7552.50 L:7551.25 C:7552.00 V:1272.0
  📈 Trend: strong_bullish | 🌍 Regime: ranging
  🗺️  Grid: 0.080% | 🔺 7553.50 🔻 7552.00
  📡 RSI: 62.1 | MACD: 2.14 (prev: 2.17) | ATR: 2.02
  📊 Filled: 0 | Pending: 0 | 5m: strong_bullish
  🔲 Regime: RANGING | Range pos: 92% | RSI: 62.1
  💰 Daily P&L: $+0.00

[2026-06-30 11:19] O:7552.00 H:7552.00 L:7550.75 C:7551.75 V:1459.0
  📈 Trend: strong_bullish | 🌍 Regime: ranging
  🗺️  Grid: 0.080% | 🔺 7552.50 🔻 7551.25
  📡 RSI: 58.1 | MACD: 2.07 (prev: 2.14) | ATR: 1.96
  📊 Filled: 0 | Pending: 0 | 5m: strong_bullish
  🔲 Regime: RANGING | Range pos: 91% | RSI: 58.1
  💰 Daily P&L: $+0.00

[2026-06-30 11:20] O:7551.75 H:7552.00 L:7550.75 C:7551.25 V:1336.0
  📈 Trend: strong_bullish | 🌍 Regime: ranging
  🗺️  Grid: 0.080% | 🔺 7552.00 🔻 7550.75
  📡 RSI: 46.2 | MACD: 1.95 (prev: 2.07) | ATR: 1.84
  📊 Filled: 0 | Pending: 0 | 5m: strong_bullish
  🔲 Regime: RANGING | Range pos: 90% | RSI: 46.2
  💰 Daily P&L: $+0.00

[2026-06-30 11:21] O:7551.25 H:7551.50 L:7550.00 C:7550.75 V:1229.0
  📈 Trend: strong_bullish | 🌍 Regime: ranging
  🗺️  Grid: 0.080% | 🔺 7552.00 🔻 7550.75
  📡 RSI: 49.0 | MACD: 1.80 (prev: 1.95) | ATR: 1.80
  📊 Filled: 0 | Pending: 0 | 5m: strong_bullish
  🔲 Regime: RANGING | Range pos: 88% | RSI: 49.0
  💰 Daily P&L: $+0.00

[2026-06-30 11:22] O:7550.50 H:7552.75 L:7550.50 C:7552.75 V:1394.0
  📈 Trend: strong_bullish | 🌍 Regime: ranging
  🗺️  Grid: 0.080% | 🔺 7551.50 🔻 7550.00
  📡 RSI: 65.3 | MACD: 1.82 (prev: 1.80) | ATR: 1.80
  📊 Filled: 0 | Pending: 0 | 5m: strong_bullish
  🔲 Regime: RANGING | Range pos: 94% | RSI: 65.3
  💰 Daily P&L: $+0.00

[2026-06-30 11:23] O:7553.00 H:7553.00 L:7551.25 C:7551.50 V:994.0
  📈 Trend: strong_bullish | 🌍 Regime: ranging
  🗺️  Grid: 0.080% | 🔺 7552.75 🔻 7550.50
  📡 RSI: 61.5 | MACD: 1.71 (prev: 1.82) | ATR: 1.84
  📊 Filled: 0 | Pending: 0 | 5m: strong_bullish
  🔲 Regime: RANGING | Range pos: 90% | RSI: 61.5
  💰 Daily P&L: $+0.00

[2026-06-30 11:24] O:7551.25 H:7552.50 L:7551.00 C:7552.00 V:750.0
  📈 Trend: strong_bullish | 🌍 Regime: ranging
  🗺️  Grid: 0.080% | 🔺 7553.00 🔻 7551.25
  📡 RSI: 58.3 | MACD: 1.65 (prev: 1.71) | ATR: 1.84
  📊 Filled: 0 | Pending: 0 | 5m: strong_bullish
  🔲 Regime: RANGING | Range pos: 92% | RSI: 58.3
  💰 Daily P&L: $+0.00

[2026-06-30 11:25] O:7552.00 H:7552.00 L:7550.25 C:7551.00 V:1126.0
  📈 Trend: strong_bullish (raw: moderate_bullish) | 🌍 Regime: ranging
  🗺️  Grid: 0.080% | 🔺 7552.50 🔻 7551.00
  📡 RSI: 56.0 | MACD: 1.50 (prev: 1.65) | ATR: 1.88
  📊 Filled: 0 | Pending: 0 | 5m: strong_bullish
  🔲 Regime: RANGING | Range pos: 89% | RSI: 56.0
  💰 Daily P&L: $+0.00

[2026-06-30 11:26] O:7551.00 H:7552.00 L:7551.00 C:7551.75 V:1050.0
  📈 Trend: strong_bullish | 🌍 Regime: ranging
  🗺️  Grid: 0.080% | 🔺 7552.00 🔻 7550.25
  📡 RSI: 59.6 | MACD: 1.43 (prev: 1.50) | ATR: 1.80
  📊 Filled: 0 | Pending: 0 | 5m: strong_bullish
  🔲 Regime: RANGING | Range pos: 91% | RSI: 59.6
  💰 Daily P&L: $+0.00

[2026-06-30 11:27] O:7551.75 H:7552.00 L:7550.50 C:7551.25 V:1187.0
  📈 Trend: strong_bullish | 🌍 Regime: ranging
  🗺️  Grid: 0.080% | 🔺 7552.00 🔻 7551.00
  📡 RSI: 59.6 | MACD: 1.31 (prev: 1.43) | ATR: 1.80
  📊 Filled: 0 | Pending: 0 | 5m: strong_bullish
  🔲 Regime: RANGING | Range pos: 90% | RSI: 59.6
  💰 Daily P&L: $+0.00

[2026-06-30 11:28] O:7551.25 H:7551.50 L:7550.50 C:7550.50 V:880.0
  📈 Trend: strong_bullish | 🌍 Regime: ranging
  🗺️  Grid: 0.080% | 🔺 7552.00 🔻 7550.50
  📡 RSI: 50.0 | MACD: 1.15 (prev: 1.31) | ATR: 1.68
  📊 Filled: 0 | Pending: 0 | 5m: strong_bullish
  🔲 Regime: RANGING | Range pos: 88% | RSI: 50.0
  💰 Daily P&L: $+0.00

[2026-06-30 11:29] O:7550.75 H:7551.25 L:7550.00 C:7550.50 V:992.0
  📈 Trend: strong_bullish | 🌍 Regime: ranging
  🗺️  Grid: 0.080% | 🔺 7551.50 🔻 7550.50
  📡 RSI: 47.8 | MACD: 1.01 (prev: 1.15) | ATR: 1.64
  📊 Filled: 0 | Pending: 0 | 5m: strong_bullish
  🔲 Regime: RANGING | Range pos: 88% | RSI: 47.8
  💰 Daily P&L: $+0.00

[2026-06-30 11:30] O:7550.75 H:7551.00 L:7549.25 C:7551.00 V:1508.0
  📈 Trend: strong_bullish | 🌍 Regime: trending_bullish
  🗺️  Grid: 0.080% | 🔺 7551.25 🔻 7550.00
  📡 RSI: 38.5 | MACD: 0.93 (prev: 1.01) | ATR: 1.46
  📊 Filled: 0 | Pending: 0 | 5m: strong_bullish
  💰 Daily P&L: $+0.00

[2026-06-30 11:31] O:7551.00 H:7551.75 L:7549.75 C:7550.50 V:1679.0
  📈 Trend: strong_bullish | 🌍 Regime: trending_bullish
  🗺️  Grid: 0.080% | 🔺 7551.00 🔻 7549.25
  📡 RSI: 39.5 | MACD: 0.81 (prev: 0.93) | ATR: 1.50
  📊 Filled: 0 | Pending: 0 | 5m: strong_bullish
  💰 Daily P&L: $+0.00

[2026-06-30 11:32] O:7550.25 H:7550.50 L:7549.00 C:7549.25 V:1343.0
  📈 Trend: strong_bullish | 🌍 Regime: trending_bullish
  🗺️  Grid: 0.080% | 🔺 7551.75 🔻 7549.75
  📡 RSI: 36.6 | MACD: 0.61 (prev: 0.81) | ATR: 1.52
  📊 Filled: 0 | Pending: 0 | 5m: strong_bullish
  💰 Daily P&L: $+0.00

[2026-06-30 11:33] O:7549.50 H:7550.25 L:7549.00 C:7550.00 V:1071.0
  📈 Trend: strong_bullish (raw: moderate_bullish) | 🌍 Regime: trending_bullish
  🗺️  Grid: 0.080% | 🔺 7550.50 🔻 7549.00
  📡 RSI: 41.9 | MACD: 0.51 (prev: 0.61) | ATR: 1.52
  📊 Filled: 0 | Pending: 0 | 5m: strong_bullish
  💰 Daily P&L: $+0.00

[2026-06-30 11:34] O:7550.00 H:7550.25 L:7548.75 C:7549.75 V:1038.0
  📈 Trend: moderate_bullish | 🌍 Regime: trending_bullish
  🗺️  Grid: 0.080% | 🔺 7550.25 🔻 7549.00
  📡 RSI: 42.9 | MACD: 0.40 (prev: 0.51) | ATR: 1.54
  📊 Filled: 0 | Pending: 0 | 5m: strong_bullish
  💰 Daily P&L: $+0.00

[2026-06-30 11:35] O:7549.75 H:7550.75 L:7548.75 C:7549.00 V:1173.0
  📈 Trend: moderate_bullish | 🌍 Regime: trending_bullish
  🗺️  Grid: 0.080% | 🔺 7550.25 🔻 7548.75
  📡 RSI: 41.9 | MACD: 0.25 (prev: 0.40) | ATR: 1.57
  📊 Filled: 0 | Pending: 0 | 5m: strong_bullish
  💰 Daily P&L: $+0.00

[2026-06-30 11:36] O:7549.25 H:7550.50 L:7549.00 C:7550.25 V:900.0
  📈 Trend: moderate_bullish | 🌍 Regime: trending_bullish
  🗺️  Grid: 0.080% | 🔺 7550.75 🔻 7548.75
  📡 RSI: 37.5 | MACD: 0.24 (prev: 0.25) | ATR: 1.52
  📊 Filled: 0 | Pending: 0 | 5m: strong_bullish
  💰 Daily P&L: $+0.00

[2026-06-30 11:37] O:7550.50 H:7550.50 L:7549.25 C:7550.00 V:876.0
  📈 Trend: moderate_bullish | 🌍 Regime: trending_bullish
  🗺️  Grid: 0.080% | 🔺 7550.50 🔻 7549.00
  📡 RSI: 41.7 | MACD: 0.20 (prev: 0.24) | ATR: 1.48
  📊 Filled: 0 | Pending: 0 | 5m: strong_bullish
  💰 Daily P&L: $+0.00

[2026-06-30 11:38] O:7550.00 H:7551.00 L:7549.75 C:7550.50 V:681.0
  📈 Trend: moderate_bullish | 🌍 Regime: trending_bullish
  🗺️  Grid: 0.080% | 🔺 7550.50 🔻 7549.25
  📡 RSI: 41.7 | MACD: 0.21 (prev: 0.20) | ATR: 1.46
  📊 Filled: 0 | Pending: 0 | 5m: strong_bullish
  💰 Daily P&L: $+0.00

[2026-06-30 11:39] O:7550.75 H:7552.00 L:7550.25 C:7551.75 V:949.0
  📈 Trend: moderate_bullish (raw: strong_bullish) | 🌍 Regime: ranging
  🗺️  Grid: 0.080% | 🔺 7551.00 🔻 7549.75
  📡 RSI: 54.1 | MACD: 0.31 (prev: 0.21) | ATR: 1.46
  📊 Filled: 0 | Pending: 0 | 5m: strong_bullish
  🔲 Regime: RANGING | Range pos: 91% | RSI: 54.1
  💰 Daily P&L: $+0.00

[2026-06-30 11:40] O:7552.00 H:7552.75 L:7551.00 C:7551.25 V:937.0
  📈 Trend: strong_bullish | 🌍 Regime: ranging
  🗺️  Grid: 0.080% | 🔺 7552.00 🔻 7550.25
  📡 RSI: 47.2 | MACD: 0.35 (prev: 0.31) | ATR: 1.52
  📊 Filled: 0 | Pending: 0 | 5m: strong_bullish
  🔲 Regime: RANGING | Range pos: 90% | RSI: 47.2
  💰 Daily P&L: $+0.00

[2026-06-30 11:41] O:7551.25 H:7552.50 L:7551.25 C:7552.25 V:811.0
  📈 Trend: strong_bullish | 🌍 Regime: ranging
  🗺️  Grid: 0.080% | 🔺 7552.75 🔻 7551.00
  📡 RSI: 55.3 | MACD: 0.45 (prev: 0.35) | ATR: 1.50
  📊 Filled: 0 | Pending: 0 | 5m: strong_bullish
  🔲 Regime: RANGING | Range pos: 92% | RSI: 55.3
  💰 Daily P&L: $+0.00

[2026-06-30 11:42] O:7552.25 H:7553.75 L:7552.25 C:7553.50 V:1381.0
  📈 Trend: strong_bullish | 🌍 Regime: ranging
  🗺️  Grid: 0.080% | 🔺 7552.50 🔻 7551.25
  📡 RSI: 65.0 | MACD: 0.63 (prev: 0.45) | ATR: 1.54
  📊 Filled: 0 | Pending: 0 | 5m: strong_bullish
  🔲 Regime: RANGING | Range pos: 95% | RSI: 65.0
  💰 Daily P&L: $+0.00

[2026-06-30 11:43] O:7553.50 H:7553.75 L:7552.25 C:7552.50 V:866.0
  📈 Trend: strong_bullish | 🌍 Regime: ranging
  🗺️  Grid: 0.080% | 🔺 7553.75 🔻 7552.25
  📡 RSI: 59.1 | MACD: 0.68 (prev: 0.63) | ATR: 1.55
  📊 Filled: 0 | Pending: 0 | 5m: strong_bullish
  🔲 Regime: RANGING | Range pos: 93% | RSI: 59.1
  💰 Daily P&L: $+0.00

[2026-06-30 11:44] O:7552.50 H:7553.25 L:7552.25 C:7553.00 V:1039.0
  📈 Trend: strong_bullish | 🌍 Regime: trending_bullish
  🗺️  Grid: 0.080% | 🔺 7553.75 🔻 7552.25
  📡 RSI: 59.1 | MACD: 0.76 (prev: 0.68) | ATR: 1.50
  📊 Filled: 0 | Pending: 0 | 5m: strong_bullish
  💰 Daily P&L: $+0.00

[2026-06-30 11:45] O:7553.25 H:7553.50 L:7552.25 C:7553.00 V:1537.0
  📈 Trend: strong_bullish | 🌍 Regime: trending_bullish
  🗺️  Grid: 0.080% | 🔺 7553.25 🔻 7552.25
  📡 RSI: 61.9 | MACD: 0.80 (prev: 0.76) | ATR: 1.45
  📊 Filled: 0 | Pending: 0 | 5m: strong_bullish
  💰 Daily P&L: $+0.00

[2026-06-30 11:46] O:7553.25 H:7554.00 L:7552.75 C:7553.25 V:1066.0
  📈 Trend: strong_bullish | 🌍 Regime: trending_bullish
  🗺️  Grid: 0.080% | 🔺 7553.50 🔻 7552.25
  📡 RSI: 71.1 | MACD: 0.85 (prev: 0.80) | ATR: 1.43
  📊 Filled: 0 | Pending: 0 | 5m: strong_bullish
  💰 Daily P&L: $+0.00

[2026-06-30 11:47] O:7553.50 H:7553.75 L:7552.75 C:7553.00 V:1002.0
  📈 Trend: strong_bullish | 🌍 Regime: trending_bullish
  🗺️  Grid: 0.080% | 🔺 7554.00 🔻 7552.75
  📡 RSI: 66.7 | MACD: 0.86 (prev: 0.85) | ATR: 1.41
  📊 Filled: 0 | Pending: 0 | 5m: strong_bullish
  💰 Daily P&L: $+0.00

[2026-06-30 11:48] O:7553.25 H:7555.75 L:7552.50 C:7555.00 V:2120.0
  📈 Trend: strong_bullish | 🌍 Regime: trending_bullish
  🗺️  Grid: 0.080% | 🔺 7553.75 🔻 7552.75
  📡 RSI: 74.4 | MACD: 1.02 (prev: 0.86) | ATR: 1.54
  📊 Filled: 0 | Pending: 0 | 5m: strong_bullish
  💰 Daily P&L: $+0.00

[2026-06-30 11:49] O:7555.00 H:7555.75 L:7554.75 C:7555.25 V:1357.0
  📈 Trend: strong_bullish | 🌍 Regime: trending_bullish
  🗺️  Grid: 0.080% | 🔺 7555.75 🔻 7552.50
  📡 RSI: 80.5 | MACD: 1.15 (prev: 1.02) | ATR: 1.46
  📊 Filled: 0 | Pending: 0 | 5m: strong_bullish
  💰 Daily P&L: $+0.00
